[nec] step=18 episode=1 return=18.0 length=18 epsilon=1.000 loss=None entries=18
[nec] step=32 episode=2 return=14.0 length=14 epsilon=1.000 loss=None entries=32
[nec] step=44 episode=3 return=12.0 length=12 epsilon=0.999 loss=None entries=44
[nec] step=62 episode=4 return=18.0 length=18 epsilon=0.999 loss=None entries=62
[nec] step=85 episode=5 return=23.0 length=23 epsilon=0.999 loss=None entries=85
[nec] step=277 episode=10 return=17.0 length=17 epsilon=0.997 loss=None entries=277
[nec] step=468 episode=20 return=13.0 length=13 epsilon=0.994 loss=None entries=468
[nec] step=710 episode=30 return=13.0 length=13 epsilon=0.991 loss=None entries=710
[nec] step=893 episode=40 return=13.0 length=13 epsilon=0.989 loss=None entries=893
[nec] step=1133 episode=50 return=14.0 length=14 epsilon=0.986 loss=4.1695637702941895 entries=1133
[nec] step=1388 episode=60 return=40.0 length=40 epsilon=0.982 loss=4.208089351654053 entries=1388
[nec] step=1593 episode=70 return=11.0 length=11 epsilon=0.980 loss=3.790423631668091 entries=1593
[nec] step=1789 episode=80 return=23.0 length=23 epsilon=0.977 loss=3.80268931388855 entries=1789
[nec] step=2056 episode=90 return=64.0 length=64 epsilon=0.974 loss=3.9123761653900146 entries=2056
[nec] step=2351 episode=100 return=34.0 length=34 epsilon=0.970 loss=4.756686210632324 entries=2351
[nec][eval] step=2056 episode=90 candidate_return=64.0 mean_return=500.00 max_return=500.00
[nec][early-stop] step=2351 reason=target_score
[nec] finished profile=fast mean_eval_return=500.00 passed=True run_dir=results/rl/nec_cartpole_20260731_162814_251462
{
  "task": "cartpole",
  "env_id": "CartPole-v1",
  "profile": "fast",
  "seed": 0,
  "total_timesteps": 2351,
  "configured_total_timesteps": 150000,
  "actual_timesteps": 2351,
  "eval_episodes": 20,
  "success_threshold": 475.0,
  "passed": true,
  "final_eval": {
    "episodes": 20,
    "seed": 10000,
    "mean_return": 500.0,
    "std_return": 0.0,
    "min_return": 500.0,
    "max_return": 500.0,
    "mean_length": 500.0
  },
  "last_eval": {
    "episodes": 20,
    "seed": 10000,
    "mean_return": 260.3500061035156,
    "std_return": 38.39697265625,
    "min_return": 222.0,
    "max_return": 386.0,
    "mean_length": 260.3500061035156
  },
  "selected_step": 2056,
  "selected_source": "best_eval",
  "training_efficiency": {
    "best_model_step": 2056,
    "best_model_training_fraction": 0.8745214802211825,
    "first_success_step": 2056,
    "first_success_training_fraction": 0.8745214802211825,
    "best_minus_last_return": 239.64999389648438,
    "budget_interpretation": "regressed_after_best"
  },
  "early_stopping": {
    "enabled": true,
    "patience": 30,
    "min_delta": 1.0,
    "min_steps": 25000,
    "target_score": 500.0,
    "best_mean_return": 500.0,
    "evaluations": 1,
    "evaluations_without_improvement": 0,
    "stopped_early": true,
    "stopping_reason": "target_score",
    "stopping_step": 2351
  },
  "dictionary_entries": 2056,
  "run_dir": "results/rl/nec_cartpole_20260731_162814_251462"
}
Checkpoint: results/rl/nec_cartpole_20260731_162814_251462/checkpoint.pt
