cases trainable: False
labels trainable: False
cases trainable: False
labels trainable: False
Enforcing normalize_over_cases = True for regression task.
[nnknn-rl] step=15 episode=1 return=15.0 length=15 loss=None cases=0
[nnknn-rl] step=33 episode=2 return=18.0 length=18 loss=None cases=0
[nnknn-rl] step=74 episode=3 return=41.0 length=41 loss=None cases=0
[nnknn-rl] step=96 episode=4 return=22.0 length=22 loss=92.37677764892578 cases=96
[nnknn-rl] step=120 episode=5 return=24.0 length=24 loss=None cases=96
[nnknn-rl] step=254 episode=10 return=53.0 length=53 loss=None cases=97
[nnknn-rl] step=504 episode=20 return=13.0 length=13 loss=21.939477920532227 cases=100
[nnknn-rl] step=670 episode=30 return=44.0 length=44 loss=None cases=98
[nnknn-rl] step=883 episode=40 return=11.0 length=11 loss=11.789756774902344 cases=99
[nnknn-rl] step=1087 episode=50 return=11.0 length=11 loss=None cases=100
[nnknn-rl] step=1264 episode=60 return=11.0 length=11 loss=43.64565658569336 cases=100
[nnknn-rl] step=1478 episode=70 return=18.0 length=18 loss=None cases=100
[nnknn-rl] step=1760 episode=80 return=28.0 length=28 loss=90.02400970458984 cases=100
[nnknn-rl] step=1981 episode=90 return=14.0 length=14 loss=None cases=100
[nnknn-rl][critic-holdout] step=2208 episodes=100 mse=207.3564 explained_variance=0.0836
[nnknn-rl] step=2208 episode=100 return=13.0 length=13 loss=24.77584457397461 cases=100
[nnknn-rl][eval] step=2208 mean_return=251.00 max_return=317.00
[nnknn-rl] step=2468 episode=110 return=42.0 length=42 loss=None cases=100
[nnknn-rl] step=2770 episode=120 return=26.0 length=26 loss=56.87557601928711 cases=100
[nnknn-rl] step=2939 episode=130 return=12.0 length=12 loss=None cases=100
[nnknn-rl] step=3213 episode=140 return=33.0 length=33 loss=53.26102828979492 cases=100
[nnknn-rl] step=3425 episode=150 return=11.0 length=11 loss=None cases=100
[nnknn-rl] step=3639 episode=160 return=22.0 length=22 loss=35.21196365356445 cases=100
[nnknn-rl] step=3884 episode=170 return=20.0 length=20 loss=None cases=100
[nnknn-rl] step=4048 episode=180 return=28.0 length=28 loss=11.087655067443848 cases=100
[nnknn-rl] step=4375 episode=190 return=53.0 length=53 loss=None cases=100
[nnknn-rl][critic-holdout] step=4596 episodes=200 mse=10.3444 explained_variance=0.6652
[nnknn-rl] step=4596 episode=200 return=13.0 length=13 loss=60.5107421875 cases=100
[nnknn-rl][eval] step=4596 mean_return=489.05 max_return=500.00
[nnknn-rl] step=4818 episode=210 return=27.0 length=27 loss=None cases=100
[nnknn-rl] step=5015 episode=220 return=20.0 length=20 loss=10.758835792541504 cases=100
[nnknn-rl] step=5304 episode=230 return=31.0 length=31 loss=None cases=100
[nnknn-rl] step=5574 episode=240 return=15.0 length=15 loss=14.257568359375 cases=98
[nnknn-rl] step=5847 episode=250 return=18.0 length=18 loss=None cases=100
[nnknn-rl] step=6129 episode=260 return=59.0 length=59 loss=63.06199645996094 cases=100
[nnknn-rl] step=6378 episode=270 return=13.0 length=13 loss=None cases=96
[nnknn-rl] step=6613 episode=280 return=57.0 length=57 loss=69.13301849365234 cases=100
[nnknn-rl] step=6850 episode=290 return=14.0 length=14 loss=None cases=100
[nnknn-rl][critic-holdout] step=7101 episodes=300 mse=47.7922 explained_variance=0.3089
[nnknn-rl] step=7101 episode=300 return=40.0 length=40 loss=55.34269332885742 cases=93
[nnknn-rl][eval] step=7101 mean_return=456.80 max_return=500.00
[nnknn-rl] step=7383 episode=310 return=18.0 length=18 loss=None cases=100
[nnknn-rl] step=7581 episode=320 return=9.0 length=9 loss=10.6843843460083 cases=100
[nnknn-rl] step=7875 episode=330 return=15.0 length=15 loss=None cases=100
[nnknn-rl] step=8150 episode=340 return=52.0 length=52 loss=38.33860397338867 cases=96
[nnknn-rl] step=8509 episode=350 return=81.0 length=81 loss=None cases=100
[nnknn-rl] step=8780 episode=360 return=23.0 length=23 loss=64.10179138183594 cases=100
[nnknn-rl] step=9064 episode=370 return=29.0 length=29 loss=None cases=95
[nnknn-rl] step=9274 episode=380 return=21.0 length=21 loss=19.641357421875 cases=96
[nnknn-rl] step=9576 episode=390 return=41.0 length=41 loss=None cases=100
[nnknn-rl][critic-holdout] step=9810 episodes=400 mse=29.6089 explained_variance=0.4808
[nnknn-rl] step=9810 episode=400 return=38.0 length=38 loss=20.62176513671875 cases=100
[nnknn-rl][eval] step=9810 mean_return=339.65 max_return=500.00
[nnknn-rl] step=10132 episode=410 return=25.0 length=25 loss=None cases=100
[nnknn-rl] step=10480 episode=420 return=26.0 length=26 loss=33.7840690612793 cases=100
[nnknn-rl] step=10832 episode=430 return=29.0 length=29 loss=None cases=100
[nnknn-rl] step=11221 episode=440 return=15.0 length=15 loss=57.68903350830078 cases=100
[nnknn-rl] step=11429 episode=450 return=16.0 length=16 loss=None cases=100
[nnknn-rl] step=11718 episode=460 return=16.0 length=16 loss=69.55834197998047 cases=100
[nnknn-rl] step=12021 episode=470 return=20.0 length=20 loss=None cases=100
[nnknn-rl] step=12308 episode=480 return=38.0 length=38 loss=26.113224029541016 cases=100
[nnknn-rl] step=12610 episode=490 return=25.0 length=25 loss=None cases=99
[nnknn-rl][critic-holdout] step=12874 episodes=500 mse=57.2447 explained_variance=0.4246
[nnknn-rl] step=12874 episode=500 return=37.0 length=37 loss=27.063819885253906 cases=100
[nnknn-rl][eval] step=12874 mean_return=300.30 max_return=375.00
[nnknn-rl] step=13231 episode=510 return=34.0 length=34 loss=None cases=100
[nnknn-rl] step=13677 episode=520 return=90.0 length=90 loss=95.3165512084961 cases=100
[nnknn-rl] step=13982 episode=530 return=19.0 length=19 loss=None cases=99
[nnknn-rl] step=14171 episode=540 return=13.0 length=13 loss=22.35249900817871 cases=100
[nnknn-rl] step=14428 episode=550 return=33.0 length=33 loss=None cases=99
[nnknn-rl] step=14651 episode=560 return=16.0 length=16 loss=25.995250701904297 cases=100
[nnknn-rl] step=14980 episode=570 return=41.0 length=41 loss=None cases=100
[nnknn-rl] step=15333 episode=580 return=19.0 length=19 loss=28.135709762573242 cases=100
[nnknn-rl] step=15702 episode=590 return=50.0 length=50 loss=None cases=100
[nnknn-rl][critic-holdout] step=16047 episodes=600 mse=37.9202 explained_variance=0.4172
[nnknn-rl] step=16047 episode=600 return=17.0 length=17 loss=81.32892608642578 cases=100
[nnknn-rl][eval] step=16047 mean_return=304.30 max_return=410.00
[nnknn-rl] step=16525 episode=610 return=16.0 length=16 loss=None cases=100
[nnknn-rl] step=16763 episode=620 return=34.0 length=34 loss=34.07903289794922 cases=100
[nnknn-rl] step=17228 episode=630 return=57.0 length=57 loss=None cases=100
[nnknn-rl] step=17526 episode=640 return=20.0 length=20 loss=40.54018020629883 cases=100
[nnknn-rl] step=17856 episode=650 return=19.0 length=19 loss=None cases=100
[nnknn-rl] step=18115 episode=660 return=30.0 length=30 loss=31.383588790893555 cases=100
[nnknn-rl] step=18417 episode=670 return=23.0 length=23 loss=None cases=100
[nnknn-rl] step=18812 episode=680 return=18.0 length=18 loss=69.41372680664062 cases=100
[nnknn-rl] step=19109 episode=690 return=30.0 length=30 loss=None cases=92
[nnknn-rl][critic-holdout] step=19430 episodes=700 mse=66.1948 explained_variance=0.4146
[nnknn-rl] step=19430 episode=700 return=32.0 length=32 loss=28.980998992919922 cases=100
[nnknn-rl][eval] step=19430 mean_return=500.00 max_return=500.00
[nnknn-rl][early-stop] step=19430 reason=target_score
[nnknn-rl] finished profile=fast mean_eval_return=500.00 passed=True run_dir=results/rl/nnknn_rl_cartpole_20260828_011843_317989
{
  "task": "cartpole",
  "env_id": "CartPole-v1",
  "profile": "fast",
  "seed": 3,
  "total_timesteps": 19430,
  "configured_total_timesteps": 150000,
  "actual_timesteps": 19430,
  "eval_episodes": 20,
  "success_threshold": 475.0,
  "passed": true,
  "algorithm": "nnknn_actor_critic_separate_memory_gae",
  "actor_type": "nnknn",
  "critic_type": "nnknn",
  "architecture": {
    "separate_case_bases": true,
    "shared_nnknn_representation": true,
    "critic_target_shared_case_store": true,
    "actor_case_insertion": "raw_positive_advantage_only"
  },
  "gae": {
    "gamma": 0.99,
    "gae_lambda": 0.95,
    "advantage_clip": 5.0
  },
  "exploration": {
    "mode": "epsilon_mixed_policy",
    "applies_to_actor": true,
    "initial_epsilon": 1.0,
    "final_epsilon": 0.05,
    "fraction": 0.5,
    "final_step_epsilon": 0.7538866666666667,
    "readiness": {
      "min_case_entries": 32,
      "min_cases_per_action": 8
    }
  },
  "final_eval": {
    "episodes": 20,
    "seed": 10000,
    "mean_return": 500.0,
    "std_return": 0.0,
    "min_return": 500.0,
    "max_return": 500.0,
    "mean_length": 500.0
  },
  "last_eval": {
    "episodes": 20,
    "seed": 10000,
    "mean_return": 500.0,
    "std_return": 0.0,
    "min_return": 500.0,
    "max_return": 500.0,
    "mean_length": 500.0
  },
  "selected_step": 19430,
  "selected_source": "final",
  "training_efficiency": {
    "best_model_step": 19430,
    "best_model_training_fraction": 1.0,
    "first_success_step": 4596,
    "first_success_training_fraction": 0.23654143077714873,
    "best_minus_last_return": 0.0,
    "budget_interpretation": "final_is_best_check_for_underfit"
  },
  "early_stopping": {
    "enabled": true,
    "patience": 30,
    "min_delta": 1.0,
    "min_steps": 25000,
    "target_score": 500.0,
    "best_mean_return": 500.0,
    "evaluations": 7,
    "evaluations_without_improvement": 0,
    "stopped_early": true,
    "stopping_reason": "target_score",
    "stopping_step": 19430
  },
  "case_entries": 100,
  "critic_case_entries": 100,
  "action_counts": [
    58,
    42
  ],
  "cases_pruned": 5419,
  "cases_replaced": 25560,
  "actor_cases_pruned": 3034,
  "actor_cases_replaced": 8671,
  "critic_cases_pruned": 2385,
  "critic_cases_replaced": 16889,
  "critic_label_updates": 33,
  "critic_label_update_samples": 56,
  "partial_rollout_segments": 0,
  "partial_rollout_samples": 0,
  "critic_target_enabled": true,
  "critic_target_value_mode": "ema",
  "critic_target_sync_interval": 4,
  "critic_target_ema_tau": 0.05,
  "critic_target_value_syncs": 44,
  "critic_holdout_evaluations": 7,
  "latest_critic_holdout": {
    "global_step": 19430,
    "completed_episodes": 700,
    "diagnostic_index": 7,
    "critic_holdout_mse": 66.19482421875,
    "critic_holdout_explained_variance": 0.41456902027130127,
    "critic_holdout_value_mean": 13.848480224609375,
    "critic_holdout_target_mean": 15.936638832092285,
    "critic_holdout_samples": 144,
    "critic_holdout_episodes": 5,
    "critic_holdout_environment_steps": 144,
    "critic_holdout_mean_episode_return": 28.8,
    "critic_holdout_mean_episode_length": 28.8,
    "critic_holdout_behavior_epsilon": 0.7538866666666667,
    "critic_holdout_truncated_bootstraps": 0,
    "critic_holdout_target_method": "discounted_monte_carlo_with_truncation_bootstrap",
    "critic_holdout_bootstrap_source": "target_value_model",
    "critic_holdout_seed": 30030
  },
  "run_dir": "results/rl/nnknn_rl_cartpole_20260828_011843_317989"
}
Checkpoint: results/rl/nnknn_rl_cartpole_20260828_011843_317989/checkpoint.pt
	Command being timed: ".venv/bin/python tools/run_rl_nnknn.py cartpole --profile fast --seed 3 --device cuda --critic-type nnknn --critic-mutable-value-labels --critic-trainable-value-labels --case-capacity 100"
	User time (seconds): 4136.70
	System time (seconds): 3.93
	Percent of CPU this job got: 100%
	Elapsed (wall clock) time (h:mm:ss or m:ss): 1:08:58
	Average shared text size (kbytes): 0
	Average unshared data size (kbytes): 0
	Average stack size (kbytes): 0
	Average total size (kbytes): 0
	Maximum resident set size (kbytes): 2028756
	Average resident set size (kbytes): 0
	Major (requiring I/O) page faults: 0
	Minor (reclaiming a frame) page faults: 1031484
	Voluntary context switches: 83323
	Involuntary context switches: 15298
	Swaps: 0
	File system inputs: 0
	File system outputs: 1280
	Socket messages sent: 0
	Socket messages received: 0
	Signals delivered: 0
	Page size (bytes): 4096
	Exit status: 0
