[ppo] step=16 episode=1 return=1.0 length=16 lr=3.00e-04 entropy=None
[ppo] step=22 episode=2 return=0.0 length=6 lr=3.00e-04 entropy=None
[ppo] step=28 episode=3 return=0.0 length=6 lr=3.00e-04 entropy=None
[ppo] step=34 episode=4 return=0.0 length=6 lr=3.00e-04 entropy=None
[ppo] step=50 episode=5 return=1.0 length=16 lr=3.00e-04 entropy=None
[ppo] step=100 episode=10 return=0.0 length=6 lr=3.00e-04 entropy=None
[ppo] step=212 episode=20 return=0.0 length=6 lr=3.00e-04 entropy=None
[ppo] step=282 episode=30 return=0.0 length=6 lr=3.00e-04 entropy=None
[ppo] step=374 episode=40 return=0.0 length=6 lr=3.00e-04 entropy=None
[ppo] step=474 episode=50 return=0.0 length=6 lr=3.00e-04 entropy=None
[ppo] step=606 episode=60 return=0.0 length=6 lr=3.00e-04 entropy=None
[ppo] step=728 episode=70 return=0.0 length=6 lr=3.00e-04 entropy=None
[ppo] step=838 episode=80 return=0.0 length=6 lr=3.00e-04 entropy=None
[ppo] step=970 episode=90 return=0.0 length=6 lr=3.00e-04 entropy=None
[ppo] step=1070 episode=100 return=0.0 length=6 lr=3.00e-04 entropy=None
[ppo] step=1140 episode=110 return=0.0 length=6 lr=3.00e-04 entropy=None
[ppo] step=1220 episode=120 return=0.0 length=6 lr=3.00e-04 entropy=None
[ppo] step=1290 episode=130 return=0.0 length=6 lr=3.00e-04 entropy=None
[ppo] step=1360 episode=140 return=0.0 length=6 lr=3.00e-04 entropy=None
[ppo] step=1450 episode=150 return=0.0 length=6 lr=3.00e-04 entropy=None
[ppo] step=1530 episode=160 return=0.0 length=6 lr=3.00e-04 entropy=None
[ppo] step=1620 episode=170 return=0.0 length=6 lr=3.00e-04 entropy=None
[ppo] step=1730 episode=180 return=0.0 length=6 lr=3.00e-04 entropy=None
[ppo] step=1810 episode=190 return=1.0 length=16 lr=3.00e-04 entropy=None
[ppo] step=1892 episode=200 return=0.0 length=6 lr=3.00e-04 entropy=None
[ppo] step=1972 episode=210 return=0.0 length=6 lr=3.00e-04 entropy=None
[ppo] step=2072 episode=220 return=0.0 length=6 lr=2.96e-04 entropy=1.0911
[ppo] step=2194 episode=230 return=0.0 length=6 lr=2.96e-04 entropy=1.0911
[ppo] step=2296 episode=240 return=0.0 length=6 lr=2.96e-04 entropy=1.0911
[ppo] step=2396 episode=250 return=1.0 length=16 lr=2.96e-04 entropy=1.0911
[ppo] step=2498 episode=260 return=1.0 length=16 lr=2.96e-04 entropy=1.0911
[ppo] step=2588 episode=270 return=1.0 length=16 lr=2.96e-04 entropy=1.0911
[ppo] step=2698 episode=280 return=1.0 length=16 lr=2.96e-04 entropy=1.0911
[ppo] step=2788 episode=290 return=0.0 length=6 lr=2.96e-04 entropy=1.0911
[ppo] step=2898 episode=300 return=1.0 length=16 lr=2.96e-04 entropy=1.0911
[ppo] step=3010 episode=310 return=1.0 length=16 lr=2.96e-04 entropy=1.0911
[ppo] step=3100 episode=320 return=0.0 length=6 lr=2.96e-04 entropy=1.0911
[ppo] step=3230 episode=330 return=2.0 length=26 lr=2.96e-04 entropy=1.0911
[ppo] step=3310 episode=340 return=0.0 length=6 lr=2.96e-04 entropy=1.0911
[ppo] step=3444 episode=350 return=0.0 length=6 lr=2.96e-04 entropy=1.0911
[ppo] step=3566 episode=360 return=0.0 length=6 lr=2.96e-04 entropy=1.0911
[ppo] step=3688 episode=370 return=0.0 length=6 lr=2.96e-04 entropy=1.0911
[ppo] step=3768 episode=380 return=0.0 length=6 lr=2.96e-04 entropy=1.0911
[ppo] step=3858 episode=390 return=0.0 length=6 lr=2.96e-04 entropy=1.0911
[ppo] step=3982 episode=400 return=0.0 length=6 lr=2.96e-04 entropy=1.0911
[ppo] step=4114 episode=410 return=2.0 length=26 lr=2.92e-04 entropy=1.0883
[ppo] step=4226 episode=420 return=0.0 length=6 lr=2.92e-04 entropy=1.0883
[ppo] step=4358 episode=430 return=0.0 length=6 lr=2.92e-04 entropy=1.0883
[ppo] step=4512 episode=440 return=4.0 length=48 lr=2.92e-04 entropy=1.0883
[ppo] step=4632 episode=450 return=0.0 length=6 lr=2.92e-04 entropy=1.0883
[ppo] step=4712 episode=460 return=0.0 length=6 lr=2.92e-04 entropy=1.0883
[ppo] step=4846 episode=470 return=2.0 length=28 lr=2.92e-04 entropy=1.0883
[ppo] step=4956 episode=480 return=1.0 length=16 lr=2.92e-04 entropy=1.0883
[ppo][eval] step=5000 mean_return=1.45 max_return=5.00
[ppo] step=5160 episode=490 return=2.0 length=26 lr=2.92e-04 entropy=1.0883
[ppo] step=5240 episode=500 return=0.0 length=6 lr=2.92e-04 entropy=1.0883
[ppo] step=5340 episode=510 return=0.0 length=6 lr=2.92e-04 entropy=1.0883
[ppo] step=5474 episode=520 return=3.0 length=38 lr=2.92e-04 entropy=1.0883
[ppo] step=5586 episode=530 return=0.0 length=6 lr=2.92e-04 entropy=1.0883
[ppo] step=5718 episode=540 return=0.0 length=6 lr=2.92e-04 entropy=1.0883
[ppo] step=5858 episode=550 return=1.0 length=16 lr=2.92e-04 entropy=1.0883
[ppo] step=5958 episode=560 return=0.0 length=6 lr=2.92e-04 entropy=1.0883
[ppo] step=6110 episode=570 return=0.0 length=6 lr=2.92e-04 entropy=1.0883
[ppo] step=6230 episode=580 return=0.0 length=6 lr=2.88e-04 entropy=1.0613
[ppo] step=6384 episode=590 return=3.0 length=38 lr=2.88e-04 entropy=1.0613
[ppo] step=6526 episode=600 return=0.0 length=6 lr=2.88e-04 entropy=1.0613
[ppo] step=6636 episode=610 return=1.0 length=16 lr=2.88e-04 entropy=1.0613
[ppo] step=6756 episode=620 return=0.0 length=6 lr=2.88e-04 entropy=1.0613
[ppo] step=6868 episode=630 return=0.0 length=6 lr=2.88e-04 entropy=1.0613
[ppo] step=7000 episode=640 return=1.0 length=16 lr=2.88e-04 entropy=1.0613
[ppo] step=7144 episode=650 return=0.0 length=6 lr=2.88e-04 entropy=1.0613
[ppo] step=7308 episode=660 return=1.0 length=16 lr=2.88e-04 entropy=1.0613
[ppo] step=7504 episode=670 return=1.0 length=16 lr=2.88e-04 entropy=1.0613
[ppo] step=7646 episode=680 return=1.0 length=16 lr=2.88e-04 entropy=1.0613
[ppo] step=7830 episode=690 return=0.0 length=6 lr=2.88e-04 entropy=1.0613
[ppo] step=7920 episode=700 return=0.0 length=6 lr=2.88e-04 entropy=1.0613
[ppo] step=8000 episode=710 return=0.0 length=6 lr=2.88e-04 entropy=1.0613
[ppo] step=8190 episode=720 return=1.0 length=16 lr=2.88e-04 entropy=1.0613
[ppo] step=8280 episode=730 return=0.0 length=6 lr=2.84e-04 entropy=1.0273
[ppo] step=8402 episode=740 return=1.0 length=16 lr=2.84e-04 entropy=1.0273
[ppo] step=8562 episode=750 return=1.0 length=16 lr=2.84e-04 entropy=1.0273
[ppo] step=8778 episode=760 return=2.0 length=28 lr=2.84e-04 entropy=1.0273
[ppo] step=8912 episode=770 return=0.0 length=6 lr=2.84e-04 entropy=1.0273
[ppo] step=9044 episode=780 return=1.0 length=16 lr=2.84e-04 entropy=1.0273
[ppo] step=9164 episode=790 return=0.0 length=6 lr=2.84e-04 entropy=1.0273
[ppo] step=9338 episode=800 return=2.0 length=28 lr=2.84e-04 entropy=1.0273
[ppo] step=9520 episode=810 return=1.0 length=16 lr=2.84e-04 entropy=1.0273
[ppo] step=9674 episode=820 return=1.0 length=16 lr=2.84e-04 entropy=1.0273
[ppo] step=9862 episode=830 return=1.0 length=16 lr=2.84e-04 entropy=1.0273
[ppo] step=9992 episode=840 return=1.0 length=16 lr=2.84e-04 entropy=1.0273
[ppo][eval] step=10000 mean_return=3.45 max_return=6.00
[ppo] step=10102 episode=850 return=0.0 length=6 lr=2.84e-04 entropy=1.0273
[ppo] step=10278 episode=860 return=3.0 length=38 lr=2.80e-04 entropy=0.9799
[ppo] step=10410 episode=870 return=1.0 length=16 lr=2.80e-04 entropy=0.9799
[ppo] step=10616 episode=880 return=0.0 length=6 lr=2.80e-04 entropy=0.9799
[ppo] step=10832 episode=890 return=1.0 length=16 lr=2.80e-04 entropy=0.9799
[ppo] step=11072 episode=900 return=0.0 length=6 lr=2.80e-04 entropy=0.9799
[ppo] step=11280 episode=910 return=0.0 length=6 lr=2.80e-04 entropy=0.9799
[ppo] step=11486 episode=920 return=1.0 length=16 lr=2.80e-04 entropy=0.9799
[ppo] step=11696 episode=930 return=0.0 length=6 lr=2.80e-04 entropy=0.9799
[ppo] step=11884 episode=940 return=2.0 length=28 lr=2.80e-04 entropy=0.9799
[ppo] step=12070 episode=950 return=0.0 length=6 lr=2.80e-04 entropy=0.9799
[ppo] step=12214 episode=960 return=2.0 length=28 lr=2.80e-04 entropy=0.9799
[ppo] step=12430 episode=970 return=4.0 length=48 lr=2.75e-04 entropy=0.9455
[ppo] step=12672 episode=980 return=1.0 length=16 lr=2.75e-04 entropy=0.9455
[ppo] step=12972 episode=990 return=0.0 length=6 lr=2.75e-04 entropy=0.9455
[ppo] step=13160 episode=1000 return=0.0 length=6 lr=2.75e-04 entropy=0.9455
[ppo] step=13312 episode=1010 return=1.0 length=16 lr=2.75e-04 entropy=0.9455
[ppo] step=13498 episode=1020 return=0.0 length=6 lr=2.75e-04 entropy=0.9455
[ppo] step=13704 episode=1030 return=2.0 length=26 lr=2.75e-04 entropy=0.9455
[ppo] step=13926 episode=1040 return=0.0 length=6 lr=2.75e-04 entropy=0.9455
[ppo] step=14120 episode=1050 return=0.0 length=6 lr=2.75e-04 entropy=0.9455
[ppo] step=14244 episode=1060 return=0.0 length=6 lr=2.75e-04 entropy=0.9455
[ppo] step=14334 episode=1070 return=0.0 length=6 lr=2.75e-04 entropy=0.9455
[ppo] step=14672 episode=1080 return=6.0 length=70 lr=2.71e-04 entropy=0.9073
[ppo] step=14912 episode=1090 return=0.0 length=6 lr=2.71e-04 entropy=0.9073
[ppo][eval] step=15000 mean_return=3.60 max_return=6.00
[ppo] step=15132 episode=1100 return=0.0 length=6 lr=2.71e-04 entropy=0.9073
[ppo] step=15340 episode=1110 return=0.0 length=6 lr=2.71e-04 entropy=0.9073
[ppo] step=15670 episode=1120 return=4.0 length=50 lr=2.71e-04 entropy=0.9073
[ppo] step=15896 episode=1130 return=4.0 length=48 lr=2.71e-04 entropy=0.9073
[ppo] step=16142 episode=1140 return=0.0 length=6 lr=2.71e-04 entropy=0.9073
[ppo] step=16414 episode=1150 return=1.0 length=16 lr=2.67e-04 entropy=0.8699
[ppo] step=16730 episode=1160 return=5.0 length=60 lr=2.67e-04 entropy=0.8699
[ppo] step=17012 episode=1170 return=3.0 length=38 lr=2.67e-04 entropy=0.8699
[ppo] step=17274 episode=1180 return=1.0 length=16 lr=2.67e-04 entropy=0.8699
[ppo] step=17578 episode=1190 return=1.0 length=16 lr=2.67e-04 entropy=0.8699
[ppo] step=17840 episode=1200 return=5.0 length=60 lr=2.67e-04 entropy=0.8699
[ppo] step=18156 episode=1210 return=4.0 length=48 lr=2.67e-04 entropy=0.8699
[ppo] step=18342 episode=1220 return=2.0 length=28 lr=2.67e-04 entropy=0.8699
[ppo] step=18616 episode=1230 return=1.0 length=16 lr=2.63e-04 entropy=0.8381
[ppo] step=18816 episode=1240 return=0.0 length=6 lr=2.63e-04 entropy=0.8381
[ppo] step=19098 episode=1250 return=3.0 length=38 lr=2.63e-04 entropy=0.8381
[ppo] step=19524 episode=1260 return=3.0 length=38 lr=2.63e-04 entropy=0.8381
[ppo] step=19910 episode=1270 return=2.0 length=28 lr=2.63e-04 entropy=0.8381
[ppo][eval] step=20000 mean_return=4.35 max_return=5.00
[ppo] step=20248 episode=1280 return=1.0 length=16 lr=2.63e-04 entropy=0.8381
[ppo] step=20522 episode=1290 return=3.0 length=38 lr=2.59e-04 entropy=0.8095
[ppo] step=20806 episode=1300 return=0.0 length=6 lr=2.59e-04 entropy=0.8095
[ppo] step=21138 episode=1310 return=4.0 length=50 lr=2.59e-04 entropy=0.8095
[ppo] step=21496 episode=1320 return=3.0 length=38 lr=2.59e-04 entropy=0.8095
[ppo] step=21812 episode=1330 return=1.0 length=16 lr=2.59e-04 entropy=0.8095
[ppo] step=22114 episode=1340 return=3.0 length=38 lr=2.59e-04 entropy=0.8095
[ppo] step=22388 episode=1350 return=2.0 length=28 lr=2.59e-04 entropy=0.8095
[ppo] step=22764 episode=1360 return=5.0 length=62 lr=2.55e-04 entropy=0.7681
[ppo] step=23144 episode=1370 return=5.0 length=60 lr=2.55e-04 entropy=0.7681
[ppo] step=23438 episode=1380 return=1.0 length=16 lr=2.55e-04 entropy=0.7681
[ppo] step=23802 episode=1390 return=6.0 length=70 lr=2.55e-04 entropy=0.7681
[ppo] step=24174 episode=1400 return=5.0 length=60 lr=2.55e-04 entropy=0.7681
[ppo] step=24512 episode=1410 return=5.0 length=60 lr=2.55e-04 entropy=0.7681
[ppo] step=24952 episode=1420 return=6.0 length=72 lr=2.51e-04 entropy=0.7428
[ppo][eval] step=25000 mean_return=4.10 max_return=5.00
[ppo] step=25294 episode=1430 return=2.0 length=28 lr=2.51e-04 entropy=0.7428
[ppo] step=25558 episode=1440 return=3.0 length=38 lr=2.51e-04 entropy=0.7428
[ppo] step=25850 episode=1450 return=3.0 length=38 lr=2.51e-04 entropy=0.7428
[ppo] step=26252 episode=1460 return=0.0 length=6 lr=2.51e-04 entropy=0.7428
[ppo] step=26512 episode=1470 return=4.0 length=48 lr=2.51e-04 entropy=0.7428
[ppo] step=26794 episode=1480 return=5.0 length=62 lr=2.47e-04 entropy=0.7118
[ppo] step=27212 episode=1490 return=4.0 length=48 lr=2.47e-04 entropy=0.7118
[ppo] step=27560 episode=1500 return=3.0 length=38 lr=2.47e-04 entropy=0.7118
[ppo] step=27912 episode=1510 return=3.0 length=38 lr=2.47e-04 entropy=0.7118
[ppo] step=28330 episode=1520 return=3.0 length=38 lr=2.47e-04 entropy=0.7118
[ppo] step=28660 episode=1530 return=4.0 length=50 lr=2.47e-04 entropy=0.7118
[ppo] step=29110 episode=1540 return=5.0 length=62 lr=2.43e-04 entropy=0.7066
[ppo] step=29524 episode=1550 return=7.0 length=80 lr=2.43e-04 entropy=0.7066
[ppo] step=29988 episode=1560 return=6.0 length=74 lr=2.43e-04 entropy=0.7066
[ppo][eval] step=30000 mean_return=3.90 max_return=6.00
[ppo] step=30426 episode=1570 return=4.0 length=50 lr=2.43e-04 entropy=0.7066
[ppo] step=30788 episode=1580 return=1.0 length=16 lr=2.39e-04 entropy=0.682
[ppo] step=31168 episode=1590 return=5.0 length=60 lr=2.39e-04 entropy=0.682
[ppo] step=31494 episode=1600 return=2.0 length=28 lr=2.39e-04 entropy=0.682
[ppo] step=31924 episode=1610 return=6.0 length=72 lr=2.39e-04 entropy=0.682
[ppo] step=32230 episode=1620 return=0.0 length=6 lr=2.39e-04 entropy=0.682
[ppo] step=32638 episode=1630 return=6.0 length=74 lr=2.39e-04 entropy=0.682
[ppo] step=33124 episode=1640 return=3.0 length=38 lr=2.34e-04 entropy=0.6655
[ppo] step=33420 episode=1650 return=3.0 length=38 lr=2.34e-04 entropy=0.6655
[ppo] step=33724 episode=1660 return=1.0 length=16 lr=2.34e-04 entropy=0.6655
[ppo] step=34100 episode=1670 return=2.0 length=28 lr=2.34e-04 entropy=0.6655
[ppo] step=34514 episode=1680 return=5.0 length=58 lr=2.34e-04 entropy=0.6655
[ppo] step=34864 episode=1690 return=3.0 length=38 lr=2.30e-04 entropy=0.6302
[ppo][eval] step=35000 mean_return=4.90 max_return=6.00
[ppo] step=35312 episode=1700 return=2.0 length=28 lr=2.30e-04 entropy=0.6302
[ppo] step=35778 episode=1710 return=6.0 length=74 lr=2.30e-04 entropy=0.6302
[ppo] step=36160 episode=1720 return=0.0 length=6 lr=2.30e-04 entropy=0.6302
[ppo] step=36522 episode=1730 return=4.0 length=48 lr=2.30e-04 entropy=0.6302
[ppo] step=36998 episode=1740 return=5.0 length=62 lr=2.26e-04 entropy=0.615
[ppo] step=37450 episode=1750 return=0.0 length=6 lr=2.26e-04 entropy=0.615
[ppo] step=37962 episode=1760 return=4.0 length=50 lr=2.26e-04 entropy=0.615
[ppo] step=38436 episode=1770 return=5.0 length=60 lr=2.26e-04 entropy=0.615
[ppo] step=38850 episode=1780 return=3.0 length=38 lr=2.26e-04 entropy=0.615
[ppo] step=39296 episode=1790 return=6.0 length=70 lr=2.22e-04 entropy=0.6145
[ppo] step=39708 episode=1800 return=1.0 length=16 lr=2.22e-04 entropy=0.6145
[ppo][eval] step=40000 mean_return=5.10 max_return=6.00
[ppo] step=40156 episode=1810 return=4.0 length=48 lr=2.22e-04 entropy=0.6145
[ppo] step=40494 episode=1820 return=2.0 length=28 lr=2.22e-04 entropy=0.6145
[ppo] step=40834 episode=1830 return=0.0 length=6 lr=2.22e-04 entropy=0.6145
[ppo] step=41268 episode=1840 return=6.0 length=70 lr=2.18e-04 entropy=0.5787
[ppo] step=41650 episode=1850 return=2.0 length=28 lr=2.18e-04 entropy=0.5787
[ppo] step=42116 episode=1860 return=0.0 length=6 lr=2.18e-04 entropy=0.5787
[ppo] step=42618 episode=1870 return=3.0 length=38 lr=2.18e-04 entropy=0.5787
[ppo] step=42902 episode=1880 return=3.0 length=38 lr=2.18e-04 entropy=0.5787
[ppo] step=43516 episode=1890 return=4.0 length=50 lr=2.14e-04 entropy=0.5626
[ppo] step=44120 episode=1900 return=5.0 length=62 lr=2.14e-04 entropy=0.5626
[ppo] step=44670 episode=1910 return=5.0 length=60 lr=2.14e-04 entropy=0.5626
[ppo][eval] step=45000 mean_return=4.95 max_return=6.00
[ppo] step=45206 episode=1920 return=2.0 length=28 lr=2.10e-04 entropy=0.5542
[ppo] step=45658 episode=1930 return=4.0 length=48 lr=2.10e-04 entropy=0.5542
[ppo] step=46126 episode=1940 return=2.0 length=28 lr=2.10e-04 entropy=0.5542
[ppo] step=46642 episode=1950 return=5.0 length=60 lr=2.10e-04 entropy=0.5542
[ppo] step=47156 episode=1960 return=3.0 length=38 lr=2.06e-04 entropy=0.5597
[ppo] step=47592 episode=1970 return=3.0 length=38 lr=2.06e-04 entropy=0.5597
[ppo] step=48020 episode=1980 return=1.0 length=16 lr=2.06e-04 entropy=0.5597
[ppo] step=48476 episode=1990 return=6.0 length=70 lr=2.06e-04 entropy=0.5597
[ppo] step=48870 episode=2000 return=5.0 length=60 lr=2.06e-04 entropy=0.5597
[ppo] step=49486 episode=2010 return=2.0 length=28 lr=2.02e-04 entropy=0.5369
[ppo] step=49900 episode=2020 return=5.0 length=62 lr=2.02e-04 entropy=0.5369
[ppo][eval] step=50000 mean_return=5.40 max_return=6.00
[ppo] step=50424 episode=2030 return=3.0 length=38 lr=2.02e-04 entropy=0.5369
[ppo] step=50952 episode=2040 return=5.0 length=60 lr=2.02e-04 entropy=0.5369
[ppo] step=51578 episode=2050 return=6.0 length=72 lr=1.98e-04 entropy=0.5151
[ppo] step=52086 episode=2060 return=5.0 length=60 lr=1.98e-04 entropy=0.5151
[ppo] step=52726 episode=2070 return=5.0 length=62 lr=1.98e-04 entropy=0.5151
[ppo] step=53250 episode=2080 return=6.0 length=70 lr=1.94e-04 entropy=0.5177
[ppo] step=53726 episode=2090 return=4.0 length=48 lr=1.94e-04 entropy=0.5177
[ppo] step=54308 episode=2100 return=6.0 length=72 lr=1.94e-04 entropy=0.5177
[ppo] step=54668 episode=2110 return=0.0 length=6 lr=1.94e-04 entropy=0.5177
[ppo][eval] step=55000 mean_return=4.95 max_return=6.00
[ppo] step=55246 episode=2120 return=6.0 length=70 lr=1.94e-04 entropy=0.5177
[ppo] step=55758 episode=2130 return=3.0 length=38 lr=1.89e-04 entropy=0.5146
[ppo] step=56292 episode=2140 return=2.0 length=26 lr=1.89e-04 entropy=0.5146
[ppo] step=56888 episode=2150 return=6.0 length=72 lr=1.89e-04 entropy=0.5146
[ppo] step=57378 episode=2160 return=3.0 length=38 lr=1.85e-04 entropy=0.5047
[ppo] step=57832 episode=2170 return=3.0 length=38 lr=1.85e-04 entropy=0.5047
[ppo] step=58326 episode=2180 return=6.0 length=72 lr=1.85e-04 entropy=0.5047
[ppo] step=58886 episode=2190 return=5.0 length=60 lr=1.85e-04 entropy=0.5047
[ppo] step=59334 episode=2200 return=6.0 length=72 lr=1.85e-04 entropy=0.5047
[ppo] step=59868 episode=2210 return=5.0 length=60 lr=1.81e-04 entropy=0.5168
[ppo][eval] step=60000 mean_return=4.50 max_return=7.00
[ppo] step=60418 episode=2220 return=7.0 length=80 lr=1.81e-04 entropy=0.5168
[ppo] step=61026 episode=2230 return=5.0 length=62 lr=1.81e-04 entropy=0.5168
[ppo] step=61588 episode=2240 return=5.0 length=58 lr=1.77e-04 entropy=0.5313
[ppo] step=62082 episode=2250 return=5.0 length=62 lr=1.77e-04 entropy=0.5313
[ppo] step=62630 episode=2260 return=4.0 length=50 lr=1.77e-04 entropy=0.5313
[ppo] step=63156 episode=2270 return=6.0 length=70 lr=1.77e-04 entropy=0.5313
[ppo] step=63684 episode=2280 return=6.0 length=72 lr=1.73e-04 entropy=0.5055
[ppo] step=64184 episode=2290 return=4.0 length=48 lr=1.73e-04 entropy=0.5055
[ppo] step=64724 episode=2300 return=6.0 length=72 lr=1.73e-04 entropy=0.5055
[ppo][eval] step=65000 mean_return=4.70 max_return=7.00
[ppo] step=65160 episode=2310 return=5.0 length=62 lr=1.73e-04 entropy=0.5055
[ppo] step=65782 episode=2320 return=7.0 length=80 lr=1.69e-04 entropy=0.4987
[ppo] step=66430 episode=2330 return=6.0 length=72 lr=1.69e-04 entropy=0.4987
[ppo] step=66862 episode=2340 return=2.0 length=28 lr=1.69e-04 entropy=0.4987
[ppo] step=67386 episode=2350 return=6.0 length=72 lr=1.69e-04 entropy=0.4987
[ppo] step=67898 episode=2360 return=3.0 length=38 lr=1.65e-04 entropy=0.489
[ppo] step=68314 episode=2370 return=2.0 length=28 lr=1.65e-04 entropy=0.489
[ppo] step=68892 episode=2380 return=7.0 length=80 lr=1.65e-04 entropy=0.489
[ppo] step=69464 episode=2390 return=3.0 length=38 lr=1.65e-04 entropy=0.489
[ppo][eval] step=70000 mean_return=5.50 max_return=7.00
[ppo] step=70042 episode=2400 return=3.0 length=38 lr=1.61e-04 entropy=0.4801
[ppo] step=70632 episode=2410 return=7.0 length=80 lr=1.61e-04 entropy=0.4801
[ppo] step=71230 episode=2420 return=6.0 length=72 lr=1.61e-04 entropy=0.4801
[ppo] step=71828 episode=2430 return=0.0 length=6 lr=1.57e-04 entropy=0.4821
[ppo] step=72416 episode=2440 return=5.0 length=60 lr=1.57e-04 entropy=0.4821
[ppo] step=73116 episode=2450 return=5.0 length=58 lr=1.57e-04 entropy=0.4821
[ppo] step=73642 episode=2460 return=7.0 length=80 lr=1.57e-04 entropy=0.4821
[ppo] step=74250 episode=2470 return=7.0 length=80 lr=1.53e-04 entropy=0.4652
[ppo] step=74816 episode=2480 return=3.0 length=38 lr=1.53e-04 entropy=0.4652
[ppo][eval] step=75000 mean_return=5.15 max_return=7.00
[ppo] step=75366 episode=2490 return=3.0 length=38 lr=1.53e-04 entropy=0.4652
[ppo] step=75844 episode=2500 return=3.0 length=38 lr=1.48e-04 entropy=0.4838
[ppo] step=76326 episode=2510 return=2.0 length=26 lr=1.48e-04 entropy=0.4838
[ppo] step=76944 episode=2520 return=1.0 length=16 lr=1.48e-04 entropy=0.4838
[ppo] step=77456 episode=2530 return=6.0 length=70 lr=1.48e-04 entropy=0.4838
[ppo] step=77960 episode=2540 return=4.0 length=48 lr=1.44e-04 entropy=0.4853
[ppo] step=78488 episode=2550 return=1.0 length=16 lr=1.44e-04 entropy=0.4853
[ppo] step=78954 episode=2560 return=6.0 length=70 lr=1.44e-04 entropy=0.4853
[ppo] step=79462 episode=2570 return=5.0 length=62 lr=1.44e-04 entropy=0.4853
[ppo][eval] step=80000 mean_return=5.35 max_return=7.00
[ppo] step=80062 episode=2580 return=5.0 length=62 lr=1.40e-04 entropy=0.4985
[ppo] step=80588 episode=2590 return=1.0 length=16 lr=1.40e-04 entropy=0.4985
[ppo] step=81124 episode=2600 return=5.0 length=62 lr=1.40e-04 entropy=0.4985
[ppo] step=81576 episode=2610 return=3.0 length=38 lr=1.40e-04 entropy=0.4985
[ppo] step=82074 episode=2620 return=2.0 length=26 lr=1.36e-04 entropy=0.4893
[ppo] step=82626 episode=2630 return=1.0 length=16 lr=1.36e-04 entropy=0.4893
[ppo] step=83122 episode=2640 return=5.0 length=58 lr=1.36e-04 entropy=0.4893
[ppo] step=83708 episode=2650 return=0.0 length=6 lr=1.36e-04 entropy=0.4893
[ppo] step=84254 episode=2660 return=6.0 length=70 lr=1.32e-04 entropy=0.4941
[ppo] step=84844 episode=2670 return=7.0 length=80 lr=1.32e-04 entropy=0.4941
[ppo][eval] step=85000 mean_return=5.50 max_return=7.00
[ppo] step=85370 episode=2680 return=5.0 length=58 lr=1.32e-04 entropy=0.4941
[ppo] step=85788 episode=2690 return=1.0 length=16 lr=1.32e-04 entropy=0.4941
[ppo] step=86434 episode=2700 return=7.0 length=80 lr=1.28e-04 entropy=0.4791
[ppo] step=86980 episode=2710 return=7.0 length=80 lr=1.28e-04 entropy=0.4791
[ppo] step=87446 episode=2720 return=7.0 length=80 lr=1.28e-04 entropy=0.4791
[ppo] step=88064 episode=2730 return=8.0 length=92 lr=1.28e-04 entropy=0.4791
[ppo] step=88522 episode=2740 return=5.0 length=60 lr=1.24e-04 entropy=0.4778
[ppo] step=89134 episode=2750 return=7.0 length=80 lr=1.24e-04 entropy=0.4778
[ppo] step=89624 episode=2760 return=7.0 length=80 lr=1.24e-04 entropy=0.4778
[ppo][eval] step=90000 mean_return=5.55 max_return=7.00
[ppo] step=90210 episode=2770 return=5.0 length=58 lr=1.20e-04 entropy=0.468
[ppo] step=90838 episode=2780 return=2.0 length=28 lr=1.20e-04 entropy=0.468
[ppo] step=91438 episode=2790 return=6.0 length=70 lr=1.20e-04 entropy=0.468
[ppo] step=92050 episode=2800 return=5.0 length=62 lr=1.20e-04 entropy=0.468
[ppo] step=92686 episode=2810 return=2.0 length=28 lr=1.16e-04 entropy=0.4816
[ppo] step=93106 episode=2820 return=2.0 length=28 lr=1.16e-04 entropy=0.4816
[ppo] step=93748 episode=2830 return=6.0 length=70 lr=1.16e-04 entropy=0.4816
[ppo] step=94276 episode=2840 return=6.0 length=70 lr=1.12e-04 entropy=0.4671
[ppo] step=94838 episode=2850 return=4.0 length=48 lr=1.12e-04 entropy=0.4671
[ppo][eval] step=95000 mean_return=5.45 max_return=8.00
[ppo] step=95414 episode=2860 return=5.0 length=60 lr=1.12e-04 entropy=0.4671
[ppo] step=95862 episode=2870 return=5.0 length=62 lr=1.12e-04 entropy=0.4671
[ppo] step=96406 episode=2880 return=4.0 length=50 lr=1.07e-04 entropy=0.4423
[ppo] step=96946 episode=2890 return=7.0 length=80 lr=1.07e-04 entropy=0.4423
[ppo] step=97456 episode=2900 return=6.0 length=70 lr=1.07e-04 entropy=0.4423
[ppo] step=98102 episode=2910 return=7.0 length=82 lr=1.07e-04 entropy=0.4423
[ppo] step=98726 episode=2920 return=7.0 length=80 lr=1.03e-04 entropy=0.4379
[ppo] step=99280 episode=2930 return=2.0 length=26 lr=1.03e-04 entropy=0.4379
[ppo] step=99770 episode=2940 return=5.0 length=62 lr=1.03e-04 entropy=0.4379
[ppo][eval] step=100000 mean_return=5.55 max_return=8.00
[ppo] step=100382 episode=2950 return=6.0 length=70 lr=9.93e-05 entropy=0.4409
[ppo] step=100900 episode=2960 return=6.0 length=70 lr=9.93e-05 entropy=0.4409
[ppo] step=101442 episode=2970 return=7.0 length=82 lr=9.93e-05 entropy=0.4409
[ppo] step=101954 episode=2980 return=6.0 length=70 lr=9.93e-05 entropy=0.4409
[ppo] step=102524 episode=2990 return=3.0 length=38 lr=9.52e-05 entropy=0.4405
[ppo] step=103096 episode=3000 return=2.0 length=28 lr=9.52e-05 entropy=0.4405
[ppo] step=103506 episode=3010 return=1.0 length=16 lr=9.52e-05 entropy=0.4405
[ppo] step=103892 episode=3020 return=2.0 length=28 lr=9.52e-05 entropy=0.4405
[ppo] step=104468 episode=3030 return=3.0 length=38 lr=9.11e-05 entropy=0.4466
[ppo][eval] step=105000 mean_return=5.45 max_return=7.00
[ppo] step=105018 episode=3040 return=2.0 length=26 lr=9.11e-05 entropy=0.4466
[ppo] step=105688 episode=3050 return=7.0 length=82 lr=9.11e-05 entropy=0.4466
[ppo] step=106308 episode=3060 return=6.0 length=70 lr=9.11e-05 entropy=0.4466
[ppo] step=106830 episode=3070 return=2.0 length=26 lr=8.70e-05 entropy=0.4359
[ppo] step=107424 episode=3080 return=2.0 length=28 lr=8.70e-05 entropy=0.4359
[ppo] step=108054 episode=3090 return=6.0 length=70 lr=8.70e-05 entropy=0.4359
[ppo] step=108670 episode=3100 return=5.0 length=60 lr=8.29e-05 entropy=0.4191
[ppo] step=109206 episode=3110 return=5.0 length=62 lr=8.29e-05 entropy=0.4191
[ppo] step=109886 episode=3120 return=4.0 length=50 lr=8.29e-05 entropy=0.4191
[ppo][eval] step=110000 mean_return=5.60 max_return=7.00
[ppo] step=110424 episode=3130 return=3.0 length=38 lr=8.29e-05 entropy=0.4191
[ppo] step=111038 episode=3140 return=3.0 length=38 lr=7.88e-05 entropy=0.4155
[ppo] step=111584 episode=3150 return=6.0 length=70 lr=7.88e-05 entropy=0.4155
[ppo] step=112054 episode=3160 return=1.0 length=16 lr=7.88e-05 entropy=0.4155
[ppo] step=112530 episode=3170 return=3.0 length=38 lr=7.88e-05 entropy=0.4155
[ppo] step=113060 episode=3180 return=0.0 length=6 lr=7.47e-05 entropy=0.4098
[ppo] step=113650 episode=3190 return=6.0 length=72 lr=7.47e-05 entropy=0.4098
[ppo] step=114234 episode=3200 return=6.0 length=70 lr=7.47e-05 entropy=0.4098
[ppo] step=114770 episode=3210 return=3.0 length=38 lr=7.06e-05 entropy=0.4096
[ppo][eval] step=115000 mean_return=6.00 max_return=7.00
[ppo] step=115456 episode=3220 return=6.0 length=72 lr=7.06e-05 entropy=0.4096
[ppo] step=115982 episode=3230 return=6.0 length=74 lr=7.06e-05 entropy=0.4096
[ppo] step=116578 episode=3240 return=2.0 length=28 lr=7.06e-05 entropy=0.4096
[ppo] step=117270 episode=3250 return=6.0 length=74 lr=6.65e-05 entropy=0.4112
[ppo] step=117926 episode=3260 return=7.0 length=84 lr=6.65e-05 entropy=0.4112
[ppo] step=118558 episode=3270 return=7.0 length=84 lr=6.65e-05 entropy=0.4112
[ppo] step=119220 episode=3280 return=5.0 length=58 lr=6.24e-05 entropy=0.4098
[ppo] step=119874 episode=3290 return=7.0 length=84 lr=6.24e-05 entropy=0.4098
[ppo][eval] step=120000 mean_return=5.95 max_return=8.00
[ppo] step=120398 episode=3300 return=5.0 length=60 lr=6.24e-05 entropy=0.4098
[ppo] step=121046 episode=3310 return=7.0 length=84 lr=5.83e-05 entropy=0.4059
[ppo] step=121694 episode=3320 return=5.0 length=62 lr=5.83e-05 entropy=0.4059
[ppo] step=122406 episode=3330 return=5.0 length=60 lr=5.83e-05 entropy=0.4059
[ppo] step=123012 episode=3340 return=6.0 length=70 lr=5.42e-05 entropy=0.4078
[ppo] step=123636 episode=3350 return=7.0 length=84 lr=5.42e-05 entropy=0.4078
[ppo] step=124256 episode=3360 return=5.0 length=60 lr=5.42e-05 entropy=0.4078
[ppo] step=124892 episode=3370 return=6.0 length=70 lr=5.42e-05 entropy=0.4078
[ppo][eval] step=125000 mean_return=6.00 max_return=7.00
[ppo] step=125502 episode=3380 return=4.0 length=48 lr=5.01e-05 entropy=0.408
[ppo] step=126202 episode=3390 return=4.0 length=48 lr=5.01e-05 entropy=0.408
[ppo] step=126848 episode=3400 return=7.0 length=80 lr=5.01e-05 entropy=0.408
[ppo] step=127420 episode=3410 return=7.0 length=80 lr=4.60e-05 entropy=0.4232
[ppo] step=128028 episode=3420 return=5.0 length=60 lr=4.60e-05 entropy=0.4232
[ppo] step=128576 episode=3430 return=6.0 length=74 lr=4.60e-05 entropy=0.4232
[ppo] step=129196 episode=3440 return=6.0 length=74 lr=4.20e-05 entropy=0.4289
[ppo] step=129918 episode=3450 return=6.0 length=70 lr=4.20e-05 entropy=0.4289
[ppo][eval] step=130000 mean_return=6.05 max_return=7.00
[ppo] step=130674 episode=3460 return=7.0 length=82 lr=4.20e-05 entropy=0.4289
[ppo] step=131264 episode=3470 return=0.0 length=6 lr=3.79e-05 entropy=0.4158
[ppo] step=131958 episode=3480 return=6.0 length=70 lr=3.79e-05 entropy=0.4158
[ppo] step=132510 episode=3490 return=1.0 length=16 lr=3.79e-05 entropy=0.4158
[ppo] step=133152 episode=3500 return=5.0 length=60 lr=3.38e-05 entropy=0.4192
[ppo] step=133832 episode=3510 return=6.0 length=70 lr=3.38e-05 entropy=0.4192
[ppo] step=134462 episode=3520 return=6.0 length=72 lr=3.38e-05 entropy=0.4192
[ppo][eval] step=135000 mean_return=5.60 max_return=7.00
[ppo] step=135128 episode=3530 return=6.0 length=70 lr=3.38e-05 entropy=0.4192
[ppo] step=135774 episode=3540 return=5.0 length=62 lr=2.97e-05 entropy=0.4123
[ppo] step=136462 episode=3550 return=7.0 length=84 lr=2.97e-05 entropy=0.4123
[ppo] step=137006 episode=3560 return=6.0 length=70 lr=2.97e-05 entropy=0.4123
[ppo] step=137552 episode=3570 return=3.0 length=38 lr=2.56e-05 entropy=0.4095
[ppo] step=138228 episode=3580 return=4.0 length=48 lr=2.56e-05 entropy=0.4095
[ppo] step=138866 episode=3590 return=5.0 length=60 lr=2.56e-05 entropy=0.4095
[ppo] step=139394 episode=3600 return=2.0 length=26 lr=2.15e-05 entropy=0.4165
[ppo][eval] step=140000 mean_return=6.10 max_return=7.00
[ppo] step=140038 episode=3610 return=7.0 length=80 lr=2.15e-05 entropy=0.4165
[ppo] step=140686 episode=3620 return=6.0 length=74 lr=2.15e-05 entropy=0.4165
[ppo] step=141420 episode=3630 return=7.0 length=84 lr=1.74e-05 entropy=0.3989
[ppo] step=142020 episode=3640 return=0.0 length=6 lr=1.74e-05 entropy=0.3989
[ppo] step=142694 episode=3650 return=7.0 length=82 lr=1.74e-05 entropy=0.3989
[ppo] step=143324 episode=3660 return=6.0 length=72 lr=1.74e-05 entropy=0.3989
[ppo] step=143936 episode=3670 return=6.0 length=72 lr=1.33e-05 entropy=0.4043
[ppo] step=144436 episode=3680 return=0.0 length=6 lr=1.33e-05 entropy=0.4043
[ppo][eval] step=145000 mean_return=6.05 max_return=7.00
[ppo] step=145066 episode=3690 return=6.0 length=74 lr=1.33e-05 entropy=0.4043
[ppo] step=145610 episode=3700 return=6.0 length=72 lr=9.18e-06 entropy=0.4039
[ppo] step=146356 episode=3710 return=6.0 length=70 lr=9.18e-06 entropy=0.4039
[ppo] step=146954 episode=3720 return=5.0 length=60 lr=9.18e-06 entropy=0.4039
[ppo] step=147680 episode=3730 return=7.0 length=84 lr=5.09e-06 entropy=0.4047
[ppo] step=148362 episode=3740 return=7.0 length=82 lr=5.09e-06 entropy=0.4047
[ppo] step=148840 episode=3750 return=7.0 length=82 lr=5.09e-06 entropy=0.4047
[ppo] step=149554 episode=3760 return=6.0 length=74 lr=9.92e-07 entropy=0.4052
[ppo][eval] step=150000 mean_return=6.05 max_return=7.00
[ppo] finished profile=fast mean_eval_return=6.10 passed=False run_dir=results/rl/ppo_minatar_breakout_20260828_012624_871410
{
  "task": "minatar_breakout",
  "env_id": "MinAtar/Breakout-v1",
  "algorithm": "ppo_clipped_surrogate_gae",
  "profile": "fast",
  "seed": 4,
  "total_timesteps": 150000,
  "configured_total_timesteps": 150000,
  "actual_timesteps": 150000,
  "updates": 74,
  "rollout_length": 2048,
  "action_kind": "discrete",
  "eval_episodes": 20,
  "success_threshold": 10.0,
  "passed": false,
  "final_eval": {
    "episodes": 20,
    "seed": 10000,
    "mean_return": 6.099999904632568,
    "std_return": 1.2206555604934692,
    "min_return": 2.0,
    "max_return": 7.0,
    "mean_length": 74.0
  },
  "last_eval": {
    "episodes": 20,
    "seed": 10000,
    "mean_return": 6.050000190734863,
    "std_return": 1.2439855337142944,
    "min_return": 2.0,
    "max_return": 7.0,
    "mean_length": 72.5999984741211
  },
  "selected_step": 140000,
  "selected_source": "best_eval",
  "training_efficiency": {
    "best_model_step": 140000,
    "best_model_training_fraction": 0.9333333333333333,
    "first_success_step": null,
    "first_success_training_fraction": null,
    "best_minus_last_return": 0.04999971389770508,
    "budget_interpretation": "unsolved_or_underfit"
  },
  "early_stopping": {
    "enabled": false,
    "patience": 30,
    "min_delta": 1.0,
    "min_steps": 25000,
    "target_score": 50.0,
    "best_mean_return": 6.0,
    "evaluations": 30,
    "evaluations_without_improvement": 7,
    "stopped_early": false,
    "stopping_reason": "budget_exhausted",
    "stopping_step": 150000
  },
  "run_dir": "results/rl/ppo_minatar_breakout_20260828_012624_871410"
}
Checkpoint: results/rl/ppo_minatar_breakout_20260828_012624_871410/checkpoint.pt
	Command being timed: ".venv/bin/python tools/run_rl_ppo.py minatar_breakout --profile fast --seed 4 --device cpu --no-early-stopping --total-timesteps 150000"
	User time (seconds): 209.97
	System time (seconds): 1.32
	Percent of CPU this job got: 191%
	Elapsed (wall clock) time (h:mm:ss or m:ss): 1:50.51
	Average shared text size (kbytes): 0
	Average unshared data size (kbytes): 0
	Average stack size (kbytes): 0
	Average total size (kbytes): 0
	Maximum resident set size (kbytes): 956324
	Average resident set size (kbytes): 0
	Major (requiring I/O) page faults: 0
	Minor (reclaiming a frame) page faults: 473933
	Voluntary context switches: 173
	Involuntary context switches: 524
	Swaps: 0
	File system inputs: 0
	File system outputs: 1672
	Socket messages sent: 0
	Socket messages received: 0
	Signals delivered: 0
	Page size (bytes): 4096
	Exit status: 0
