[ppo] step=500 episode=1 return=-500.0 length=500 lr=3.00e-04 entropy=None
[ppo] step=1000 episode=2 return=-500.0 length=500 lr=3.00e-04 entropy=None
[ppo] step=1500 episode=3 return=-500.0 length=500 lr=3.00e-04 entropy=None
[ppo] step=2000 episode=4 return=-500.0 length=500 lr=3.00e-04 entropy=None
[ppo] step=2500 episode=5 return=-500.0 length=500 lr=2.96e-04 entropy=1.0909
[ppo] step=5000 episode=10 return=-500.0 length=500 lr=2.92e-04 entropy=1.0757
[ppo][eval] step=5000 mean_return=-500.00 max_return=-500.00
[ppo] step=10000 episode=20 return=-500.0 length=500 lr=2.84e-04 entropy=1.0541
[ppo][eval] step=10000 mean_return=-500.00 max_return=-500.00
[ppo] step=15000 episode=30 return=-500.0 length=500 lr=2.71e-04 entropy=1.0573
[ppo][eval] step=15000 mean_return=-500.00 max_return=-500.00
[ppo] step=20000 episode=40 return=-500.0 length=500 lr=2.63e-04 entropy=1.0238
[ppo][eval] step=20000 mean_return=-500.00 max_return=-500.00
[ppo] step=25000 episode=50 return=-500.0 length=500 lr=2.51e-04 entropy=1.0212
[ppo][eval] step=25000 mean_return=-500.00 max_return=-500.00
[ppo] step=29003 episode=60 return=-311.0 length=312 lr=2.43e-04 entropy=0.9851
[ppo][eval] step=30000 mean_return=-500.00 max_return=-500.00
[ppo] step=31331 episode=70 return=-198.0 length=199 lr=2.39e-04 entropy=0.949
[ppo] step=32953 episode=80 return=-167.0 length=168 lr=2.34e-04 entropy=0.8938
[ppo] step=34507 episode=90 return=-132.0 length=133 lr=2.34e-04 entropy=0.8938
[ppo][eval] step=35000 mean_return=-461.35 max_return=-107.00
[ppo] step=35933 episode=100 return=-131.0 length=132 lr=2.30e-04 entropy=0.8228
[ppo] step=37146 episode=110 return=-98.0 length=99 lr=2.26e-04 entropy=0.7793
[ppo] step=38316 episode=120 return=-142.0 length=143 lr=2.26e-04 entropy=0.7793
[ppo] step=39436 episode=130 return=-88.0 length=89 lr=2.22e-04 entropy=0.7535
[ppo][eval] step=40000 mean_return=-81.30 max_return=-64.00
[ppo] step=40447 episode=140 return=-116.0 length=117 lr=2.22e-04 entropy=0.7535
[ppo] step=41589 episode=150 return=-85.0 length=86 lr=2.18e-04 entropy=0.7108
[ppo] step=42680 episode=160 return=-140.0 length=141 lr=2.18e-04 entropy=0.7108
[ppo] step=43813 episode=170 return=-118.0 length=119 lr=2.14e-04 entropy=0.7013
[ppo] step=44946 episode=180 return=-132.0 length=133 lr=2.14e-04 entropy=0.7013
[ppo][eval] step=45000 mean_return=-293.65 max_return=-72.00
[ppo] step=46059 episode=190 return=-98.0 length=99 lr=2.10e-04 entropy=0.6756
[ppo] step=47093 episode=200 return=-94.0 length=95 lr=2.10e-04 entropy=0.6756
[ppo] step=48134 episode=210 return=-91.0 length=92 lr=2.06e-04 entropy=0.6493
[ppo] step=49113 episode=220 return=-81.0 length=82 lr=2.06e-04 entropy=0.6493
[ppo][eval] step=50000 mean_return=-101.85 max_return=-64.00
[ppo] step=50164 episode=230 return=-124.0 length=125 lr=2.02e-04 entropy=0.6339
[ppo] step=51195 episode=240 return=-79.0 length=80 lr=2.02e-04 entropy=0.6339
[ppo] step=52125 episode=250 return=-92.0 length=93 lr=1.98e-04 entropy=0.6167
[ppo] step=53139 episode=260 return=-79.0 length=80 lr=1.98e-04 entropy=0.6167
[ppo] step=54499 episode=270 return=-157.0 length=158 lr=1.94e-04 entropy=0.6043
[ppo][eval] step=55000 mean_return=-81.75 max_return=-71.00
[ppo] step=55447 episode=280 return=-125.0 length=126 lr=1.89e-04 entropy=0.5475
[ppo] step=56513 episode=290 return=-100.0 length=101 lr=1.89e-04 entropy=0.5475
[ppo] step=57528 episode=300 return=-111.0 length=112 lr=1.85e-04 entropy=0.5887
[ppo] step=58642 episode=310 return=-93.0 length=94 lr=1.85e-04 entropy=0.5887
[ppo] step=59626 episode=320 return=-95.0 length=96 lr=1.81e-04 entropy=0.5448
[ppo][eval] step=60000 mean_return=-83.05 max_return=-71.00
[ppo] step=60771 episode=330 return=-94.0 length=95 lr=1.81e-04 entropy=0.5448
[ppo] step=61805 episode=340 return=-98.0 length=99 lr=1.77e-04 entropy=0.5554
[ppo] step=63089 episode=350 return=-91.0 length=92 lr=1.77e-04 entropy=0.5554
[ppo] step=64066 episode=360 return=-81.0 length=82 lr=1.73e-04 entropy=0.4974
[ppo][eval] step=65000 mean_return=-86.40 max_return=-73.00
[ppo] step=65014 episode=370 return=-82.0 length=83 lr=1.73e-04 entropy=0.4974
[ppo] step=65934 episode=380 return=-84.0 length=85 lr=1.69e-04 entropy=0.5158
[ppo] step=66950 episode=390 return=-123.0 length=124 lr=1.69e-04 entropy=0.5158
[ppo] step=67823 episode=400 return=-85.0 length=86 lr=1.65e-04 entropy=0.5063
[ppo] step=68750 episode=410 return=-96.0 length=97 lr=1.65e-04 entropy=0.5063
[ppo] step=69709 episode=420 return=-118.0 length=119 lr=1.61e-04 entropy=0.4774
[ppo][eval] step=70000 mean_return=-84.10 max_return=-70.00
[ppo] step=70731 episode=430 return=-118.0 length=119 lr=1.61e-04 entropy=0.4774
[ppo] step=71868 episode=440 return=-81.0 length=82 lr=1.57e-04 entropy=0.4203
[ppo] step=73132 episode=450 return=-96.0 length=97 lr=1.57e-04 entropy=0.4203
[ppo] step=74127 episode=460 return=-75.0 length=76 lr=1.53e-04 entropy=0.3939
[ppo][eval] step=75000 mean_return=-86.15 max_return=-70.00
[ppo] step=75086 episode=470 return=-83.0 length=84 lr=1.53e-04 entropy=0.3939
[ppo] step=75969 episode=480 return=-78.0 length=79 lr=1.48e-04 entropy=0.4147
[ppo] step=76883 episode=490 return=-85.0 length=86 lr=1.48e-04 entropy=0.4147
[ppo] step=77826 episode=500 return=-74.0 length=75 lr=1.44e-04 entropy=0.4176
[ppo] step=78825 episode=510 return=-126.0 length=127 lr=1.44e-04 entropy=0.4176
[ppo] step=79992 episode=520 return=-89.0 length=90 lr=1.40e-04 entropy=0.3558
[ppo][eval] step=80000 mean_return=-84.75 max_return=-68.00
[ppo] step=80806 episode=530 return=-97.0 length=98 lr=1.40e-04 entropy=0.3558
[ppo] step=81680 episode=540 return=-86.0 length=87 lr=1.40e-04 entropy=0.3558
[ppo] step=82770 episode=550 return=-77.0 length=78 lr=1.36e-04 entropy=0.3981
[ppo] step=83626 episode=560 return=-82.0 length=83 lr=1.36e-04 entropy=0.3981
[ppo] step=84516 episode=570 return=-61.0 length=62 lr=1.32e-04 entropy=0.38
[ppo][eval] step=85000 mean_return=-80.35 max_return=-68.00
[ppo] step=85506 episode=580 return=-92.0 length=93 lr=1.32e-04 entropy=0.38
[ppo] step=86431 episode=590 return=-84.0 length=85 lr=1.28e-04 entropy=0.4039
[ppo] step=87302 episode=600 return=-76.0 length=77 lr=1.28e-04 entropy=0.4039
[ppo] step=88407 episode=610 return=-84.0 length=85 lr=1.24e-04 entropy=0.3951
[ppo] step=89308 episode=620 return=-92.0 length=93 lr=1.24e-04 entropy=0.3951
[ppo][eval] step=90000 mean_return=-84.10 max_return=-69.00
[ppo] step=90326 episode=630 return=-90.0 length=91 lr=1.20e-04 entropy=0.3879
[ppo] step=91186 episode=640 return=-84.0 length=85 lr=1.20e-04 entropy=0.3879
[ppo] step=92047 episode=650 return=-90.0 length=91 lr=1.20e-04 entropy=0.3879
[ppo] step=93305 episode=660 return=-84.0 length=85 lr=1.16e-04 entropy=0.4098
[ppo] step=94196 episode=670 return=-82.0 length=83 lr=1.16e-04 entropy=0.4098
[ppo][eval] step=95000 mean_return=-88.75 max_return=-69.00
[ppo] step=95245 episode=680 return=-85.0 length=86 lr=1.12e-04 entropy=0.3339
[ppo] step=96224 episode=690 return=-91.0 length=92 lr=1.12e-04 entropy=0.3339
[ppo] step=97108 episode=700 return=-82.0 length=83 lr=1.07e-04 entropy=0.3399
[ppo] step=97992 episode=710 return=-94.0 length=95 lr=1.07e-04 entropy=0.3399
[ppo] step=98914 episode=720 return=-78.0 length=79 lr=1.03e-04 entropy=0.3692
[ppo] step=99776 episode=730 return=-87.0 length=88 lr=1.03e-04 entropy=0.3692
[ppo][eval] step=100000 mean_return=-84.50 max_return=-68.00
[ppo] step=100675 episode=740 return=-97.0 length=98 lr=9.93e-05 entropy=0.3693
[ppo] step=101543 episode=750 return=-81.0 length=82 lr=9.93e-05 entropy=0.3693
[ppo] step=102463 episode=760 return=-105.0 length=106 lr=9.52e-05 entropy=0.3593
[ppo] step=103405 episode=770 return=-76.0 length=77 lr=9.52e-05 entropy=0.3593
[ppo] step=104243 episode=780 return=-95.0 length=96 lr=9.52e-05 entropy=0.3593
[ppo][eval] step=105000 mean_return=-79.95 max_return=-70.00
[ppo] step=105079 episode=790 return=-87.0 length=88 lr=9.11e-05 entropy=0.3347
[ppo] step=105926 episode=800 return=-84.0 length=85 lr=9.11e-05 entropy=0.3347
[ppo] step=106849 episode=810 return=-126.0 length=127 lr=8.70e-05 entropy=0.3721
[ppo] step=107738 episode=820 return=-88.0 length=89 lr=8.70e-05 entropy=0.3721
[ppo] step=108627 episode=830 return=-99.0 length=100 lr=8.29e-05 entropy=0.3631
[ppo] step=109580 episode=840 return=-75.0 length=76 lr=8.29e-05 entropy=0.3631
[ppo][eval] step=110000 mean_return=-89.85 max_return=-68.00
[ppo] step=110450 episode=850 return=-100.0 length=101 lr=8.29e-05 entropy=0.3631
[ppo] step=111446 episode=860 return=-89.0 length=90 lr=7.88e-05 entropy=0.3723
[ppo] step=112397 episode=870 return=-78.0 length=79 lr=7.88e-05 entropy=0.3723
[ppo] step=113330 episode=880 return=-79.0 length=80 lr=7.47e-05 entropy=0.3598
[ppo] step=114272 episode=890 return=-88.0 length=89 lr=7.47e-05 entropy=0.3598
[ppo][eval] step=115000 mean_return=-84.15 max_return=-69.00
[ppo] step=115125 episode=900 return=-81.0 length=82 lr=7.06e-05 entropy=0.3951
[ppo] step=116077 episode=910 return=-97.0 length=98 lr=7.06e-05 entropy=0.3951
[ppo] step=116956 episode=920 return=-81.0 length=82 lr=6.65e-05 entropy=0.3784
[ppo] step=117903 episode=930 return=-83.0 length=84 lr=6.65e-05 entropy=0.3784
[ppo] step=118775 episode=940 return=-94.0 length=95 lr=6.65e-05 entropy=0.3784
[ppo] step=119653 episode=950 return=-95.0 length=96 lr=6.24e-05 entropy=0.3781
[ppo][eval] step=120000 mean_return=-79.25 max_return=-70.00
[ppo] step=120592 episode=960 return=-78.0 length=79 lr=6.24e-05 entropy=0.3781
[ppo] step=121623 episode=970 return=-102.0 length=103 lr=5.83e-05 entropy=0.3485
[ppo] step=122513 episode=980 return=-75.0 length=76 lr=5.83e-05 entropy=0.3485
[ppo] step=123411 episode=990 return=-86.0 length=87 lr=5.42e-05 entropy=0.3562
[ppo] step=124606 episode=1000 return=-88.0 length=89 lr=5.42e-05 entropy=0.3562
[ppo][eval] step=125000 mean_return=-87.20 max_return=-71.00
[ppo] step=125504 episode=1010 return=-78.0 length=79 lr=5.01e-05 entropy=0.309
[ppo] step=126559 episode=1020 return=-83.0 length=84 lr=5.01e-05 entropy=0.309
[ppo] step=127471 episode=1030 return=-99.0 length=100 lr=4.60e-05 entropy=0.3225
[ppo] step=128340 episode=1040 return=-81.0 length=82 lr=4.60e-05 entropy=0.3225
[ppo] step=129305 episode=1050 return=-89.0 length=90 lr=4.20e-05 entropy=0.342
[ppo][eval] step=130000 mean_return=-78.50 max_return=-63.00
[ppo] step=130170 episode=1060 return=-75.0 length=76 lr=4.20e-05 entropy=0.342
[ppo] step=131155 episode=1070 return=-96.0 length=97 lr=3.79e-05 entropy=0.3403
[ppo] step=132211 episode=1080 return=-93.0 length=94 lr=3.79e-05 entropy=0.3403
[ppo] step=133069 episode=1090 return=-93.0 length=94 lr=3.79e-05 entropy=0.3403
[ppo] step=133985 episode=1100 return=-105.0 length=106 lr=3.38e-05 entropy=0.346
[ppo] step=134841 episode=1110 return=-80.0 length=81 lr=3.38e-05 entropy=0.346
[ppo][eval] step=135000 mean_return=-80.55 max_return=-63.00
[ppo] step=135754 episode=1120 return=-77.0 length=78 lr=2.97e-05 entropy=0.3429
[ppo] step=136603 episode=1130 return=-76.0 length=77 lr=2.97e-05 entropy=0.3429
[ppo] step=137586 episode=1140 return=-92.0 length=93 lr=2.56e-05 entropy=0.3153
[ppo] step=138527 episode=1150 return=-87.0 length=88 lr=2.56e-05 entropy=0.3153
[ppo] step=139498 episode=1160 return=-74.0 length=75 lr=2.15e-05 entropy=0.3413
[ppo][eval] step=140000 mean_return=-81.55 max_return=-69.00
[ppo] step=140436 episode=1170 return=-87.0 length=88 lr=2.15e-05 entropy=0.3413
[ppo] step=141295 episode=1180 return=-101.0 length=102 lr=2.15e-05 entropy=0.3413
[ppo] step=142190 episode=1190 return=-85.0 length=86 lr=1.74e-05 entropy=0.341
[ppo] step=143173 episode=1200 return=-112.0 length=113 lr=1.74e-05 entropy=0.341
[ppo] step=144293 episode=1210 return=-109.0 length=110 lr=1.33e-05 entropy=0.3466
[ppo][eval] step=145000 mean_return=-84.20 max_return=-70.00
[ppo] step=145281 episode=1220 return=-94.0 length=95 lr=1.33e-05 entropy=0.3466
[ppo] step=146370 episode=1230 return=-92.0 length=93 lr=9.18e-06 entropy=0.3259
[ppo] step=147471 episode=1240 return=-95.0 length=96 lr=5.09e-06 entropy=0.3196
[ppo] step=148366 episode=1250 return=-85.0 length=86 lr=5.09e-06 entropy=0.3196
[ppo] step=149164 episode=1260 return=-83.0 length=84 lr=5.09e-06 entropy=0.3196
[ppo][eval] step=150000 mean_return=-91.60 max_return=-71.00
[ppo] finished profile=fast mean_eval_return=-78.50 passed=True run_dir=results/rl/ppo_acrobot_20260828_012245_818864
{
  "task": "acrobot",
  "env_id": "Acrobot-v1",
  "algorithm": "ppo_clipped_surrogate_gae",
  "profile": "fast",
  "seed": 3,
  "total_timesteps": 150000,
  "configured_total_timesteps": 150000,
  "actual_timesteps": 150000,
  "updates": 74,
  "rollout_length": 2048,
  "action_kind": "discrete",
  "eval_episodes": 20,
  "success_threshold": -100.0,
  "passed": true,
  "final_eval": {
    "episodes": 20,
    "seed": 10000,
    "mean_return": -78.5,
    "std_return": 10.037429809570312,
    "min_return": -105.0,
    "max_return": -63.0,
    "mean_length": 79.5
  },
  "last_eval": {
    "episodes": 20,
    "seed": 10000,
    "mean_return": -91.5999984741211,
    "std_return": 20.15787696838379,
    "min_return": -160.0,
    "max_return": -71.0,
    "mean_length": 92.5999984741211
  },
  "selected_step": 130000,
  "selected_source": "best_eval",
  "training_efficiency": {
    "best_model_step": 130000,
    "best_model_training_fraction": 0.8666666666666667,
    "first_success_step": 40000,
    "first_success_training_fraction": 0.26666666666666666,
    "best_minus_last_return": 13.099998474121094,
    "budget_interpretation": "regressed_after_best"
  },
  "early_stopping": {
    "enabled": false,
    "patience": 30,
    "min_delta": 1.0,
    "min_steps": 25000,
    "target_score": -60.0,
    "best_mean_return": -78.5,
    "evaluations": 30,
    "evaluations_without_improvement": 4,
    "stopped_early": false,
    "stopping_reason": "budget_exhausted",
    "stopping_step": 150000
  },
  "run_dir": "results/rl/ppo_acrobot_20260828_012245_818864"
}
Checkpoint: results/rl/ppo_acrobot_20260828_012245_818864/checkpoint.pt
	Command being timed: ".venv/bin/python tools/run_rl_ppo.py acrobot --profile fast --seed 3 --device cpu --no-early-stopping --total-timesteps 150000"
	User time (seconds): 155.36
	System time (seconds): 0.60
	Percent of CPU this job got: 137%
	Elapsed (wall clock) time (h:mm:ss or m:ss): 1:53.48
	Average shared text size (kbytes): 0
	Average unshared data size (kbytes): 0
	Average stack size (kbytes): 0
	Average total size (kbytes): 0
	Maximum resident set size (kbytes): 813904
	Average resident set size (kbytes): 0
	Major (requiring I/O) page faults: 0
	Minor (reclaiming a frame) page faults: 323503
	Voluntary context switches: 228
	Involuntary context switches: 654
	Swaps: 0
	File system inputs: 0
	File system outputs: 568
	Socket messages sent: 0
	Socket messages received: 0
	Signals delivered: 0
	Page size (bytes): 4096
	Exit status: 0
