[ppo] step=14 episode=1 return=14.0 length=14 lr=3.00e-04 entropy=None
[ppo] step=34 episode=2 return=20.0 length=20 lr=3.00e-04 entropy=None
[ppo] step=51 episode=3 return=17.0 length=17 lr=3.00e-04 entropy=None
[ppo] step=68 episode=4 return=17.0 length=17 lr=3.00e-04 entropy=None
[ppo] step=82 episode=5 return=14.0 length=14 lr=3.00e-04 entropy=None
[ppo] step=182 episode=10 return=29.0 length=29 lr=3.00e-04 entropy=None
[ppo] step=430 episode=20 return=21.0 length=21 lr=3.00e-04 entropy=None
[ppo] step=658 episode=30 return=17.0 length=17 lr=3.00e-04 entropy=None
[ppo] step=955 episode=40 return=68.0 length=68 lr=3.00e-04 entropy=None
[ppo] step=1144 episode=50 return=14.0 length=14 lr=3.00e-04 entropy=None
[ppo] step=1432 episode=60 return=47.0 length=47 lr=3.00e-04 entropy=None
[ppo] step=1701 episode=70 return=43.0 length=43 lr=3.00e-04 entropy=None
[ppo] step=1947 episode=80 return=29.0 length=29 lr=3.00e-04 entropy=None
[ppo] step=2183 episode=90 return=33.0 length=33 lr=2.96e-04 entropy=0.6857
[ppo] step=2510 episode=100 return=22.0 length=22 lr=2.96e-04 entropy=0.6857
[ppo] step=2726 episode=110 return=9.0 length=9 lr=2.96e-04 entropy=0.6857
[ppo] step=2951 episode=120 return=28.0 length=28 lr=2.96e-04 entropy=0.6857
[ppo] step=3268 episode=130 return=14.0 length=14 lr=2.96e-04 entropy=0.6857
[ppo] step=3532 episode=140 return=43.0 length=43 lr=2.96e-04 entropy=0.6857
[ppo] step=3893 episode=150 return=19.0 length=19 lr=2.96e-04 entropy=0.6857
[ppo] step=4357 episode=160 return=124.0 length=124 lr=2.92e-04 entropy=0.6598
[ppo][eval] step=5000 mean_return=198.20 max_return=500.00
[ppo] step=5051 episode=170 return=36.0 length=36 lr=2.92e-04 entropy=0.6598
[ppo] step=5567 episode=180 return=100.0 length=100 lr=2.92e-04 entropy=0.6598
[ppo] step=6038 episode=190 return=97.0 length=97 lr=2.92e-04 entropy=0.6598
[ppo] step=6795 episode=200 return=36.0 length=36 lr=2.88e-04 entropy=0.6346
[ppo] step=7595 episode=210 return=15.0 length=15 lr=2.88e-04 entropy=0.6346
[ppo] step=8557 episode=220 return=178.0 length=178 lr=2.84e-04 entropy=0.6097
[ppo][eval] step=10000 mean_return=443.15 max_return=500.00
[ppo] step=10217 episode=230 return=175.0 length=175 lr=2.84e-04 entropy=0.6097
[ppo] step=12079 episode=240 return=154.0 length=154 lr=2.80e-04 entropy=0.5963
[ppo] step=14308 episode=250 return=242.0 length=242 lr=2.75e-04 entropy=0.5941
[ppo][eval] step=15000 mean_return=500.00 max_return=500.00
[ppo] step=17800 episode=260 return=500.0 length=500 lr=2.67e-04 entropy=0.5549
[ppo][eval] step=20000 mean_return=497.50 max_return=500.00
[ppo] step=20878 episode=270 return=276.0 length=276 lr=2.59e-04 entropy=0.5677
[ppo] step=23661 episode=280 return=447.0 length=447 lr=2.55e-04 entropy=0.5586
[ppo][eval] step=25000 mean_return=383.95 max_return=500.00
[ppo] step=25815 episode=290 return=123.0 length=123 lr=2.51e-04 entropy=0.5757
[ppo] step=28241 episode=300 return=387.0 length=387 lr=2.47e-04 entropy=0.5957
[ppo][eval] step=30000 mean_return=491.95 max_return=500.00
[ppo] step=30397 episode=310 return=192.0 length=192 lr=2.43e-04 entropy=0.5749
[ppo] step=33262 episode=320 return=451.0 length=451 lr=2.34e-04 entropy=0.567
[ppo][eval] step=35000 mean_return=500.00 max_return=500.00
[ppo] step=36675 episode=330 return=359.0 length=359 lr=2.30e-04 entropy=0.5524
[ppo][eval] step=40000 mean_return=500.00 max_return=500.00
[ppo] step=40229 episode=340 return=262.0 length=262 lr=2.22e-04 entropy=0.5533
[ppo] step=43962 episode=350 return=500.0 length=500 lr=2.14e-04 entropy=0.5589
[ppo][eval] step=45000 mean_return=500.00 max_return=500.00
[ppo] step=48962 episode=360 return=500.0 length=500 lr=2.06e-04 entropy=0.533
[ppo][eval] step=50000 mean_return=500.00 max_return=500.00
[ppo] step=53821 episode=370 return=500.0 length=500 lr=1.94e-04 entropy=0.5505
[ppo][eval] step=55000 mean_return=500.00 max_return=500.00
[ppo] step=58368 episode=380 return=500.0 length=500 lr=1.85e-04 entropy=0.5371
[ppo][eval] step=60000 mean_return=500.00 max_return=500.00
[ppo] step=63087 episode=390 return=500.0 length=500 lr=1.77e-04 entropy=0.5549
[ppo][eval] step=65000 mean_return=500.00 max_return=500.00
[ppo] step=68087 episode=400 return=500.0 length=500 lr=1.65e-04 entropy=0.5635
[ppo][eval] step=70000 mean_return=500.00 max_return=500.00
[ppo] step=72679 episode=410 return=500.0 length=500 lr=1.57e-04 entropy=0.5775
[ppo][eval] step=75000 mean_return=500.00 max_return=500.00
[ppo] step=77443 episode=420 return=500.0 length=500 lr=1.48e-04 entropy=0.5453
[ppo][eval] step=80000 mean_return=500.00 max_return=500.00
[ppo] step=81897 episode=430 return=500.0 length=500 lr=1.40e-04 entropy=0.5584
[ppo][eval] step=85000 mean_return=500.00 max_return=500.00
[ppo] step=86252 episode=440 return=500.0 length=500 lr=1.28e-04 entropy=0.5755
[ppo] step=89787 episode=450 return=393.0 length=393 lr=1.24e-04 entropy=0.5593
[ppo][eval] step=90000 mean_return=499.85 max_return=500.00
[ppo] step=93937 episode=460 return=500.0 length=500 lr=1.16e-04 entropy=0.5606
[ppo][eval] step=95000 mean_return=500.00 max_return=500.00
[ppo] step=98627 episode=470 return=294.0 length=294 lr=1.03e-04 entropy=0.5498
[ppo][eval] step=100000 mean_return=500.00 max_return=500.00
[ppo] step=102929 episode=480 return=500.0 length=500 lr=9.52e-05 entropy=0.5423
[ppo][eval] step=105000 mean_return=500.00 max_return=500.00
[ppo] step=107929 episode=490 return=500.0 length=500 lr=8.70e-05 entropy=0.5283
[ppo][eval] step=110000 mean_return=500.00 max_return=500.00
[ppo] step=112929 episode=500 return=500.0 length=500 lr=7.47e-05 entropy=0.5569
[ppo][eval] step=115000 mean_return=500.00 max_return=500.00
[ppo] step=117635 episode=510 return=500.0 length=500 lr=6.65e-05 entropy=0.5505
[ppo][eval] step=120000 mean_return=500.00 max_return=500.00
[ppo] step=122309 episode=520 return=500.0 length=500 lr=5.83e-05 entropy=0.5768
[ppo][eval] step=125000 mean_return=500.00 max_return=500.00
[ppo] step=127241 episode=530 return=500.0 length=500 lr=4.60e-05 entropy=0.5751
[ppo][eval] step=130000 mean_return=500.00 max_return=500.00
[ppo] step=132070 episode=540 return=500.0 length=500 lr=3.79e-05 entropy=0.5661
[ppo][eval] step=135000 mean_return=500.00 max_return=500.00
[ppo] step=137070 episode=550 return=500.0 length=500 lr=2.97e-05 entropy=0.563
[ppo][eval] step=140000 mean_return=500.00 max_return=500.00
[ppo] step=142070 episode=560 return=500.0 length=500 lr=1.74e-05 entropy=0.5507
[ppo][eval] step=145000 mean_return=500.00 max_return=500.00
[ppo] step=147070 episode=570 return=500.0 length=500 lr=9.18e-06 entropy=0.542
[ppo][eval] step=150000 mean_return=500.00 max_return=500.00
[ppo] finished profile=fast mean_eval_return=500.00 passed=True run_dir=results/rl/ppo_cartpole_20260828_012117_711646
{
  "task": "cartpole",
  "env_id": "CartPole-v1",
  "algorithm": "ppo_clipped_surrogate_gae",
  "profile": "fast",
  "seed": 4,
  "total_timesteps": 150000,
  "configured_total_timesteps": 150000,
  "actual_timesteps": 150000,
  "updates": 74,
  "rollout_length": 2048,
  "action_kind": "discrete",
  "eval_episodes": 20,
  "success_threshold": 475.0,
  "passed": true,
  "final_eval": {
    "episodes": 20,
    "seed": 10000,
    "mean_return": 500.0,
    "std_return": 0.0,
    "min_return": 500.0,
    "max_return": 500.0,
    "mean_length": 500.0
  },
  "last_eval": {
    "episodes": 20,
    "seed": 10000,
    "mean_return": 500.0,
    "std_return": 0.0,
    "min_return": 500.0,
    "max_return": 500.0,
    "mean_length": 500.0
  },
  "selected_step": 150000,
  "selected_source": "final",
  "training_efficiency": {
    "best_model_step": 150000,
    "best_model_training_fraction": 1.0,
    "first_success_step": 15000,
    "first_success_training_fraction": 0.1,
    "best_minus_last_return": 0.0,
    "budget_interpretation": "final_is_best_check_for_underfit"
  },
  "early_stopping": {
    "enabled": false,
    "patience": 30,
    "min_delta": 1.0,
    "min_steps": 25000,
    "target_score": 500.0,
    "best_mean_return": 500.0,
    "evaluations": 30,
    "evaluations_without_improvement": 26,
    "stopped_early": false,
    "stopping_reason": "budget_exhausted",
    "stopping_step": 150000
  },
  "run_dir": "results/rl/ppo_cartpole_20260828_012117_711646"
}
Checkpoint: results/rl/ppo_cartpole_20260828_012117_711646/checkpoint.pt
	Command being timed: ".venv/bin/python tools/run_rl_ppo.py cartpole --profile fast --seed 4 --device cpu --no-early-stopping --total-timesteps 150000"
	User time (seconds): 143.78
	System time (seconds): 0.52
	Percent of CPU this job got: 134%
	Elapsed (wall clock) time (h:mm:ss or m:ss): 1:47.45
	Average shared text size (kbytes): 0
	Average unshared data size (kbytes): 0
	Average stack size (kbytes): 0
	Average total size (kbytes): 0
	Maximum resident set size (kbytes): 804880
	Average resident set size (kbytes): 0
	Major (requiring I/O) page faults: 26
	Minor (reclaiming a frame) page faults: 275289
	Voluntary context switches: 795
	Involuntary context switches: 445
	Swaps: 0
	File system inputs: 0
	File system outputs: 440
	Socket messages sent: 0
	Socket messages received: 0
	Signals delivered: 0
	Page size (bytes): 4096
	Exit status: 0
