[ppo] step=15 episode=1 return=15.0 length=15 lr=3.00e-04 entropy=None
[ppo] step=51 episode=2 return=36.0 length=36 lr=3.00e-04 entropy=None
[ppo] step=62 episode=3 return=11.0 length=11 lr=3.00e-04 entropy=None
[ppo] step=99 episode=4 return=37.0 length=37 lr=3.00e-04 entropy=None
[ppo] step=113 episode=5 return=14.0 length=14 lr=3.00e-04 entropy=None
[ppo] step=250 episode=10 return=33.0 length=33 lr=3.00e-04 entropy=None
[ppo] step=433 episode=20 return=13.0 length=13 lr=3.00e-04 entropy=None
[ppo] step=647 episode=30 return=18.0 length=18 lr=3.00e-04 entropy=None
[ppo] step=865 episode=40 return=13.0 length=13 lr=3.00e-04 entropy=None
[ppo] step=1066 episode=50 return=16.0 length=16 lr=3.00e-04 entropy=None
[ppo] step=1290 episode=60 return=23.0 length=23 lr=3.00e-04 entropy=None
[ppo] step=1520 episode=70 return=26.0 length=26 lr=3.00e-04 entropy=None
[ppo] step=1766 episode=80 return=60.0 length=60 lr=3.00e-04 entropy=None
[ppo] step=2004 episode=90 return=15.0 length=15 lr=3.00e-04 entropy=None
[ppo] step=2234 episode=100 return=21.0 length=21 lr=2.96e-04 entropy=0.6852
[ppo] step=2522 episode=110 return=21.0 length=21 lr=2.96e-04 entropy=0.6852
[ppo] step=2778 episode=120 return=10.0 length=10 lr=2.96e-04 entropy=0.6852
[ppo] step=3041 episode=130 return=13.0 length=13 lr=2.96e-04 entropy=0.6852
[ppo] step=3451 episode=140 return=52.0 length=52 lr=2.96e-04 entropy=0.6852
[ppo] step=3820 episode=150 return=71.0 length=71 lr=2.96e-04 entropy=0.6852
[ppo] step=4238 episode=160 return=63.0 length=63 lr=2.92e-04 entropy=0.6563
[ppo] step=4644 episode=170 return=41.0 length=41 lr=2.92e-04 entropy=0.6563
[ppo][eval] step=5000 mean_return=262.85 max_return=500.00
[ppo] step=5150 episode=180 return=63.0 length=63 lr=2.92e-04 entropy=0.6563
[ppo] step=5685 episode=190 return=107.0 length=107 lr=2.92e-04 entropy=0.6563
[ppo] step=5964 episode=200 return=20.0 length=20 lr=2.92e-04 entropy=0.6563
[ppo] step=6465 episode=210 return=18.0 length=18 lr=2.88e-04 entropy=0.6279
[ppo] step=7172 episode=220 return=67.0 length=67 lr=2.88e-04 entropy=0.6279
[ppo] step=7791 episode=230 return=53.0 length=53 lr=2.88e-04 entropy=0.6279
[ppo] step=8360 episode=240 return=59.0 length=59 lr=2.84e-04 entropy=0.6074
[ppo] step=9155 episode=250 return=64.0 length=64 lr=2.84e-04 entropy=0.6074
[ppo][eval] step=10000 mean_return=435.60 max_return=500.00
[ppo] step=10137 episode=260 return=139.0 length=139 lr=2.84e-04 entropy=0.6074
[ppo] step=11465 episode=270 return=113.0 length=113 lr=2.80e-04 entropy=0.5927
[ppo] step=12894 episode=280 return=261.0 length=261 lr=2.75e-04 entropy=0.585
[ppo] step=14903 episode=290 return=468.0 length=468 lr=2.71e-04 entropy=0.5804
[ppo][eval] step=15000 mean_return=448.15 max_return=500.00
[ppo] step=17908 episode=300 return=386.0 length=386 lr=2.67e-04 entropy=0.5656
[ppo][eval] step=20000 mean_return=500.00 max_return=500.00
[ppo] step=22182 episode=310 return=500.0 length=500 lr=2.59e-04 entropy=0.5421
[ppo][eval] step=25000 mean_return=500.00 max_return=500.00
[ppo] step=26361 episode=320 return=500.0 length=500 lr=2.51e-04 entropy=0.5117
[ppo][eval] step=30000 mean_return=500.00 max_return=500.00
[ppo] step=30876 episode=330 return=500.0 length=500 lr=2.39e-04 entropy=0.5239
[ppo][eval] step=35000 mean_return=500.00 max_return=500.00
[ppo] step=35600 episode=340 return=500.0 length=500 lr=2.30e-04 entropy=0.5551
[ppo] step=39904 episode=350 return=500.0 length=500 lr=2.22e-04 entropy=0.5753
[ppo][eval] step=40000 mean_return=500.00 max_return=500.00
[ppo] step=44489 episode=360 return=500.0 length=500 lr=2.14e-04 entropy=0.552
[ppo][eval] step=45000 mean_return=500.00 max_return=500.00
[ppo] step=49489 episode=370 return=500.0 length=500 lr=2.02e-04 entropy=0.5071
[ppo][eval] step=50000 mean_return=500.00 max_return=500.00
[ppo] step=54489 episode=380 return=500.0 length=500 lr=1.94e-04 entropy=0.4922
[ppo][eval] step=55000 mean_return=500.00 max_return=500.00
[ppo] step=59489 episode=390 return=500.0 length=500 lr=1.81e-04 entropy=0.4897
[ppo][eval] step=60000 mean_return=500.00 max_return=500.00
[ppo] step=64489 episode=400 return=500.0 length=500 lr=1.73e-04 entropy=0.4958
[ppo][eval] step=65000 mean_return=500.00 max_return=500.00
[ppo] step=69070 episode=410 return=389.0 length=389 lr=1.65e-04 entropy=0.4847
[ppo][eval] step=70000 mean_return=500.00 max_return=500.00
[ppo] step=73680 episode=420 return=500.0 length=500 lr=1.57e-04 entropy=0.4877
[ppo][eval] step=75000 mean_return=461.10 max_return=500.00
[ppo] step=78081 episode=430 return=500.0 length=500 lr=1.44e-04 entropy=0.5322
[ppo][eval] step=80000 mean_return=500.00 max_return=500.00
[ppo] step=83057 episode=440 return=500.0 length=500 lr=1.36e-04 entropy=0.504
[ppo][eval] step=85000 mean_return=500.00 max_return=500.00
[ppo] step=87183 episode=450 return=213.0 length=213 lr=1.28e-04 entropy=0.5375
[ppo][eval] step=90000 mean_return=500.00 max_return=500.00
[ppo] step=91906 episode=460 return=500.0 length=500 lr=1.20e-04 entropy=0.5241
[ppo][eval] step=95000 mean_return=500.00 max_return=500.00
[ppo] step=96906 episode=470 return=500.0 length=500 lr=1.07e-04 entropy=0.528
[ppo][eval] step=100000 mean_return=500.00 max_return=500.00
[ppo] step=100988 episode=480 return=140.0 length=140 lr=9.93e-05 entropy=0.5404
[ppo] step=104841 episode=490 return=304.0 length=304 lr=9.11e-05 entropy=0.5586
[ppo][eval] step=105000 mean_return=477.20 max_return=500.00
[ppo] step=107514 episode=500 return=243.0 length=243 lr=8.70e-05 entropy=0.5588
[ppo][eval] step=110000 mean_return=430.15 max_return=500.00
[ppo] step=110108 episode=510 return=300.0 length=300 lr=8.29e-05 entropy=0.5466
[ppo] step=112777 episode=520 return=152.0 length=152 lr=7.47e-05 entropy=0.5567
[ppo][eval] step=115000 mean_return=481.10 max_return=500.00
[ppo] step=115021 episode=530 return=170.0 length=170 lr=7.06e-05 entropy=0.5597
[ppo] step=117313 episode=540 return=244.0 length=244 lr=6.65e-05 entropy=0.5408
[ppo][eval] step=120000 mean_return=500.00 max_return=500.00
[ppo] step=122069 episode=550 return=500.0 length=500 lr=5.83e-05 entropy=0.5424
[ppo][eval] step=125000 mean_return=500.00 max_return=500.00
[ppo] step=126471 episode=560 return=500.0 length=500 lr=5.01e-05 entropy=0.5372
[ppo][eval] step=130000 mean_return=500.00 max_return=500.00
[ppo] step=131471 episode=570 return=500.0 length=500 lr=3.79e-05 entropy=0.5307
[ppo][eval] step=135000 mean_return=500.00 max_return=500.00
[ppo] step=135579 episode=580 return=500.0 length=500 lr=2.97e-05 entropy=0.5239
[ppo][eval] step=140000 mean_return=500.00 max_return=500.00
[ppo] step=140227 episode=590 return=288.0 length=288 lr=2.15e-05 entropy=0.5427
[ppo] step=144718 episode=600 return=458.0 length=458 lr=1.33e-05 entropy=0.5442
[ppo][eval] step=145000 mean_return=500.00 max_return=500.00
[ppo] step=149639 episode=610 return=500.0 length=500 lr=9.92e-07 entropy=0.5461
[ppo][eval] step=150000 mean_return=500.00 max_return=500.00
[ppo] finished profile=fast mean_eval_return=500.00 passed=True run_dir=results/rl/ppo_cartpole_20260828_012117_673599
{
  "task": "cartpole",
  "env_id": "CartPole-v1",
  "algorithm": "ppo_clipped_surrogate_gae",
  "profile": "fast",
  "seed": 1,
  "total_timesteps": 150000,
  "configured_total_timesteps": 150000,
  "actual_timesteps": 150000,
  "updates": 74,
  "rollout_length": 2048,
  "action_kind": "discrete",
  "eval_episodes": 20,
  "success_threshold": 475.0,
  "passed": true,
  "final_eval": {
    "episodes": 20,
    "seed": 10000,
    "mean_return": 500.0,
    "std_return": 0.0,
    "min_return": 500.0,
    "max_return": 500.0,
    "mean_length": 500.0
  },
  "last_eval": {
    "episodes": 20,
    "seed": 10000,
    "mean_return": 500.0,
    "std_return": 0.0,
    "min_return": 500.0,
    "max_return": 500.0,
    "mean_length": 500.0
  },
  "selected_step": 150000,
  "selected_source": "final",
  "training_efficiency": {
    "best_model_step": 150000,
    "best_model_training_fraction": 1.0,
    "first_success_step": 20000,
    "first_success_training_fraction": 0.13333333333333333,
    "best_minus_last_return": 0.0,
    "budget_interpretation": "final_is_best_check_for_underfit"
  },
  "early_stopping": {
    "enabled": false,
    "patience": 30,
    "min_delta": 1.0,
    "min_steps": 25000,
    "target_score": 500.0,
    "best_mean_return": 500.0,
    "evaluations": 30,
    "evaluations_without_improvement": 26,
    "stopped_early": false,
    "stopping_reason": "budget_exhausted",
    "stopping_step": 150000
  },
  "run_dir": "results/rl/ppo_cartpole_20260828_012117_673599"
}
Checkpoint: results/rl/ppo_cartpole_20260828_012117_673599/checkpoint.pt
	Command being timed: ".venv/bin/python tools/run_rl_ppo.py cartpole --profile fast --seed 1 --device cpu --no-early-stopping --total-timesteps 150000"
	User time (seconds): 140.72
	System time (seconds): 0.54
	Percent of CPU this job got: 133%
	Elapsed (wall clock) time (h:mm:ss or m:ss): 1:45.59
	Average shared text size (kbytes): 0
	Average unshared data size (kbytes): 0
	Average stack size (kbytes): 0
	Average total size (kbytes): 0
	Maximum resident set size (kbytes): 813684
	Average resident set size (kbytes): 0
	Major (requiring I/O) page faults: 0
	Minor (reclaiming a frame) page faults: 292896
	Voluntary context switches: 233
	Involuntary context switches: 321
	Swaps: 0
	File system inputs: 0
	File system outputs: 448
	Socket messages sent: 0
	Socket messages received: 0
	Signals delivered: 0
	Page size (bytes): 4096
	Exit status: 0
