[ppo] step=500 episode=1 return=-500.0 length=500 lr=3.00e-04 entropy=None
[ppo] step=1000 episode=2 return=-500.0 length=500 lr=3.00e-04 entropy=None
[ppo] step=1500 episode=3 return=-500.0 length=500 lr=3.00e-04 entropy=None
[ppo] step=2000 episode=4 return=-500.0 length=500 lr=3.00e-04 entropy=None
[ppo] step=2349 episode=5 return=-348.0 length=349 lr=2.96e-04 entropy=1.0929
[ppo] step=4753 episode=10 return=-500.0 length=500 lr=2.92e-04 entropy=1.0851
[ppo][eval] step=5000 mean_return=-126.50 max_return=-65.00
[ppo] step=7972 episode=20 return=-295.0 length=296 lr=2.88e-04 entropy=1.0616
[ppo][eval] step=10000 mean_return=-117.15 max_return=-75.00
[ppo] step=10875 episode=30 return=-287.0 length=288 lr=2.80e-04 entropy=1.0226
[ppo] step=13344 episode=40 return=-321.0 length=322 lr=2.75e-04 entropy=0.9847
[ppo][eval] step=15000 mean_return=-86.90 max_return=-65.00
[ppo] step=15464 episode=50 return=-179.0 length=180 lr=2.71e-04 entropy=0.954
[ppo] step=17180 episode=60 return=-175.0 length=176 lr=2.67e-04 entropy=0.9128
[ppo] step=18968 episode=70 return=-154.0 length=155 lr=2.63e-04 entropy=0.9361
[ppo][eval] step=20000 mean_return=-175.50 max_return=-87.00
[ppo] step=20949 episode=80 return=-175.0 length=176 lr=2.59e-04 entropy=0.869
[ppo] step=22583 episode=90 return=-157.0 length=158 lr=2.55e-04 entropy=0.8643
[ppo] step=24051 episode=100 return=-121.0 length=122 lr=2.55e-04 entropy=0.8643
[ppo][eval] step=25000 mean_return=-282.35 max_return=-76.00
[ppo] step=25444 episode=110 return=-171.0 length=172 lr=2.51e-04 entropy=0.8379
[ppo] step=27213 episode=120 return=-158.0 length=159 lr=2.47e-04 entropy=0.8209
[ppo] step=28799 episode=130 return=-116.0 length=117 lr=2.43e-04 entropy=0.7815
[ppo][eval] step=30000 mean_return=-118.55 max_return=-71.00
[ppo] step=30196 episode=140 return=-148.0 length=149 lr=2.43e-04 entropy=0.7815
[ppo] step=31566 episode=150 return=-103.0 length=104 lr=2.39e-04 entropy=0.7833
[ppo] step=32815 episode=160 return=-141.0 length=142 lr=2.34e-04 entropy=0.7183
[ppo] step=33978 episode=170 return=-102.0 length=103 lr=2.34e-04 entropy=0.7183
[ppo][eval] step=35000 mean_return=-88.70 max_return=-64.00
[ppo] step=35274 episode=180 return=-126.0 length=127 lr=2.30e-04 entropy=0.6783
[ppo] step=36373 episode=190 return=-102.0 length=103 lr=2.30e-04 entropy=0.6783
[ppo] step=37473 episode=200 return=-75.0 length=76 lr=2.26e-04 entropy=0.6941
[ppo] step=38552 episode=210 return=-100.0 length=101 lr=2.26e-04 entropy=0.6941
[ppo] step=39856 episode=220 return=-116.0 length=117 lr=2.22e-04 entropy=0.6856
[ppo][eval] step=40000 mean_return=-80.75 max_return=-63.00
[ppo] step=41264 episode=230 return=-239.0 length=240 lr=2.18e-04 entropy=0.6032
[ppo] step=42443 episode=240 return=-100.0 length=101 lr=2.18e-04 entropy=0.6032
[ppo] step=43687 episode=250 return=-81.0 length=82 lr=2.14e-04 entropy=0.5869
[ppo] step=44682 episode=260 return=-105.0 length=106 lr=2.14e-04 entropy=0.5869
[ppo][eval] step=45000 mean_return=-79.00 max_return=-57.00
[ppo] step=45743 episode=270 return=-123.0 length=124 lr=2.10e-04 entropy=0.6153
[ppo] step=46729 episode=280 return=-86.0 length=87 lr=2.10e-04 entropy=0.6153
[ppo] step=48134 episode=290 return=-129.0 length=130 lr=2.06e-04 entropy=0.628
[ppo] step=49154 episode=300 return=-157.0 length=158 lr=2.02e-04 entropy=0.6215
[ppo][eval] step=50000 mean_return=-90.80 max_return=-72.00
[ppo] step=50532 episode=310 return=-99.0 length=100 lr=2.02e-04 entropy=0.6215
[ppo] step=51520 episode=320 return=-111.0 length=112 lr=1.98e-04 entropy=0.4993
[ppo] step=52503 episode=330 return=-90.0 length=91 lr=1.98e-04 entropy=0.4993
[ppo] step=53480 episode=340 return=-88.0 length=89 lr=1.94e-04 entropy=0.5741
[ppo] step=54666 episode=350 return=-67.0 length=68 lr=1.94e-04 entropy=0.5741
[ppo][eval] step=55000 mean_return=-93.45 max_return=-73.00
[ppo] step=55773 episode=360 return=-83.0 length=84 lr=1.89e-04 entropy=0.488
[ppo] step=56666 episode=370 return=-74.0 length=75 lr=1.89e-04 entropy=0.488
[ppo] step=57628 episode=380 return=-85.0 length=86 lr=1.85e-04 entropy=0.5121
[ppo] step=58770 episode=390 return=-94.0 length=95 lr=1.85e-04 entropy=0.5121
[ppo] step=59886 episode=400 return=-96.0 length=97 lr=1.81e-04 entropy=0.4814
[ppo][eval] step=60000 mean_return=-85.80 max_return=-70.00
[ppo] step=60879 episode=410 return=-70.0 length=71 lr=1.81e-04 entropy=0.4814
[ppo] step=61818 episode=420 return=-72.0 length=73 lr=1.77e-04 entropy=0.4628
[ppo] step=62724 episode=430 return=-88.0 length=89 lr=1.77e-04 entropy=0.4628
[ppo] step=63599 episode=440 return=-100.0 length=101 lr=1.73e-04 entropy=0.4549
[ppo] step=64685 episode=450 return=-185.0 length=186 lr=1.73e-04 entropy=0.4549
[ppo][eval] step=65000 mean_return=-80.70 max_return=-64.00
[ppo] step=65672 episode=460 return=-92.0 length=93 lr=1.69e-04 entropy=0.4372
[ppo] step=66677 episode=470 return=-99.0 length=100 lr=1.69e-04 entropy=0.4372
[ppo] step=68075 episode=480 return=-82.0 length=83 lr=1.65e-04 entropy=0.4559
[ppo] step=69167 episode=490 return=-103.0 length=104 lr=1.65e-04 entropy=0.4559
[ppo][eval] step=70000 mean_return=-94.90 max_return=-64.00
[ppo] step=70137 episode=500 return=-84.0 length=85 lr=1.61e-04 entropy=0.4646
[ppo] step=71220 episode=510 return=-99.0 length=100 lr=1.61e-04 entropy=0.4646
[ppo] step=72243 episode=520 return=-95.0 length=96 lr=1.57e-04 entropy=0.4568
[ppo] step=73645 episode=530 return=-85.0 length=86 lr=1.57e-04 entropy=0.4568
[ppo] step=74719 episode=540 return=-93.0 length=94 lr=1.53e-04 entropy=0.447
[ppo][eval] step=75000 mean_return=-87.75 max_return=-64.00
[ppo] step=75803 episode=550 return=-72.0 length=73 lr=1.48e-04 entropy=0.3789
[ppo] step=77047 episode=560 return=-99.0 length=100 lr=1.48e-04 entropy=0.3789
[ppo] step=78202 episode=570 return=-68.0 length=69 lr=1.44e-04 entropy=0.3746
[ppo] step=79277 episode=580 return=-85.0 length=86 lr=1.44e-04 entropy=0.3746
[ppo][eval] step=80000 mean_return=-79.30 max_return=-63.00
[ppo] step=80139 episode=590 return=-86.0 length=87 lr=1.40e-04 entropy=0.3987
[ppo] step=81207 episode=600 return=-89.0 length=90 lr=1.40e-04 entropy=0.3987
[ppo] step=82193 episode=610 return=-122.0 length=123 lr=1.36e-04 entropy=0.4109
[ppo] step=83236 episode=620 return=-91.0 length=92 lr=1.36e-04 entropy=0.4109
[ppo] step=84221 episode=630 return=-90.0 length=91 lr=1.32e-04 entropy=0.4278
[ppo][eval] step=85000 mean_return=-90.30 max_return=-63.00
[ppo] step=85151 episode=640 return=-83.0 length=84 lr=1.32e-04 entropy=0.4278
[ppo] step=86053 episode=650 return=-93.0 length=94 lr=1.28e-04 entropy=0.4154
[ppo] step=86996 episode=660 return=-95.0 length=96 lr=1.28e-04 entropy=0.4154
[ppo] step=87975 episode=670 return=-75.0 length=76 lr=1.28e-04 entropy=0.4154
[ppo] step=88850 episode=680 return=-98.0 length=99 lr=1.24e-04 entropy=0.4059
[ppo] step=89676 episode=690 return=-63.0 length=64 lr=1.24e-04 entropy=0.4059
[ppo][eval] step=90000 mean_return=-91.75 max_return=-63.00
[ppo] step=90662 episode=700 return=-83.0 length=84 lr=1.20e-04 entropy=0.4362
[ppo] step=91642 episode=710 return=-108.0 length=109 lr=1.20e-04 entropy=0.4362
[ppo] step=92803 episode=720 return=-81.0 length=82 lr=1.16e-04 entropy=0.3969
[ppo] step=93708 episode=730 return=-76.0 length=77 lr=1.16e-04 entropy=0.3969
[ppo] step=94736 episode=740 return=-152.0 length=153 lr=1.12e-04 entropy=0.4134
[ppo][eval] step=95000 mean_return=-90.55 max_return=-63.00
[ppo] step=95617 episode=750 return=-84.0 length=85 lr=1.12e-04 entropy=0.4134
[ppo] step=96522 episode=760 return=-77.0 length=78 lr=1.07e-04 entropy=0.3982
[ppo] step=97403 episode=770 return=-102.0 length=103 lr=1.07e-04 entropy=0.3982
[ppo] step=98258 episode=780 return=-83.0 length=84 lr=1.07e-04 entropy=0.3982
[ppo] step=99264 episode=790 return=-94.0 length=95 lr=1.03e-04 entropy=0.4148
[ppo][eval] step=100000 mean_return=-82.15 max_return=-63.00
[ppo] step=100223 episode=800 return=-97.0 length=98 lr=1.03e-04 entropy=0.4148
[ppo] step=101114 episode=810 return=-100.0 length=101 lr=9.93e-05 entropy=0.3665
[ppo] step=102074 episode=820 return=-85.0 length=86 lr=9.93e-05 entropy=0.3665
[ppo] step=103087 episode=830 return=-93.0 length=94 lr=9.52e-05 entropy=0.3825
[ppo] step=104000 episode=840 return=-94.0 length=95 lr=9.52e-05 entropy=0.3825
[ppo][eval] step=105000 mean_return=-107.15 max_return=-64.00
[ppo] step=105085 episode=850 return=-74.0 length=75 lr=9.11e-05 entropy=0.3775
[ppo] step=105966 episode=860 return=-81.0 length=82 lr=9.11e-05 entropy=0.3775
[ppo] step=107120 episode=870 return=-83.0 length=84 lr=8.70e-05 entropy=0.3844
[ppo] step=108009 episode=880 return=-88.0 length=89 lr=8.70e-05 entropy=0.3844
[ppo] step=108985 episode=890 return=-84.0 length=85 lr=8.29e-05 entropy=0.4372
[ppo] step=109989 episode=900 return=-74.0 length=75 lr=8.29e-05 entropy=0.4372
[ppo][eval] step=110000 mean_return=-83.55 max_return=-64.00
[ppo] step=110907 episode=910 return=-92.0 length=93 lr=7.88e-05 entropy=0.3924
[ppo] step=111847 episode=920 return=-81.0 length=82 lr=7.88e-05 entropy=0.3924
[ppo] step=112780 episode=930 return=-83.0 length=84 lr=7.47e-05 entropy=0.3991
[ppo] step=113662 episode=940 return=-93.0 length=94 lr=7.47e-05 entropy=0.3991
[ppo] step=114707 episode=950 return=-158.0 length=159 lr=7.06e-05 entropy=0.3958
[ppo][eval] step=115000 mean_return=-82.40 max_return=-64.00
[ppo] step=115649 episode=960 return=-90.0 length=91 lr=7.06e-05 entropy=0.3958
[ppo] step=116655 episode=970 return=-91.0 length=92 lr=7.06e-05 entropy=0.3958
[ppo] step=117807 episode=980 return=-82.0 length=83 lr=6.65e-05 entropy=0.409
[ppo] step=118868 episode=990 return=-91.0 length=92 lr=6.24e-05 entropy=0.3516
[ppo] step=119788 episode=1000 return=-100.0 length=101 lr=6.24e-05 entropy=0.3516
[ppo][eval] step=120000 mean_return=-85.15 max_return=-63.00
[ppo] step=120694 episode=1010 return=-81.0 length=82 lr=6.24e-05 entropy=0.3516
[ppo] step=121613 episode=1020 return=-94.0 length=95 lr=5.83e-05 entropy=0.4206
[ppo] step=122536 episode=1030 return=-97.0 length=98 lr=5.83e-05 entropy=0.4206
[ppo] step=123536 episode=1040 return=-103.0 length=104 lr=5.42e-05 entropy=0.4138
[ppo] step=124428 episode=1050 return=-84.0 length=85 lr=5.42e-05 entropy=0.4138
[ppo][eval] step=125000 mean_return=-84.80 max_return=-63.00
[ppo] step=125397 episode=1060 return=-103.0 length=104 lr=5.01e-05 entropy=0.4384
[ppo] step=126330 episode=1070 return=-85.0 length=86 lr=5.01e-05 entropy=0.4384
[ppo] step=127236 episode=1080 return=-79.0 length=80 lr=4.60e-05 entropy=0.4485
[ppo] step=128454 episode=1090 return=-221.0 length=222 lr=4.60e-05 entropy=0.4485
[ppo] step=129418 episode=1100 return=-96.0 length=97 lr=4.20e-05 entropy=0.4648
[ppo][eval] step=130000 mean_return=-112.85 max_return=-67.00
[ppo] step=130487 episode=1110 return=-96.0 length=97 lr=4.20e-05 entropy=0.4648
[ppo] step=131510 episode=1120 return=-83.0 length=84 lr=3.79e-05 entropy=0.4601
[ppo] step=132496 episode=1130 return=-142.0 length=143 lr=3.79e-05 entropy=0.4601
[ppo] step=133600 episode=1140 return=-96.0 length=97 lr=3.38e-05 entropy=0.4392
[ppo] step=134693 episode=1150 return=-88.0 length=89 lr=3.38e-05 entropy=0.4392
[ppo][eval] step=135000 mean_return=-102.85 max_return=-71.00
[ppo] step=135837 episode=1160 return=-93.0 length=94 lr=2.97e-05 entropy=0.4424
[ppo] step=136795 episode=1170 return=-103.0 length=104 lr=2.97e-05 entropy=0.4424
[ppo] step=137745 episode=1180 return=-76.0 length=77 lr=2.56e-05 entropy=0.4366
[ppo] step=138718 episode=1190 return=-81.0 length=82 lr=2.56e-05 entropy=0.4366
[ppo] step=139664 episode=1200 return=-84.0 length=85 lr=2.15e-05 entropy=0.4159
[ppo][eval] step=140000 mean_return=-173.90 max_return=-71.00
[ppo] step=140686 episode=1210 return=-219.0 length=220 lr=2.15e-05 entropy=0.4159
[ppo] step=141753 episode=1220 return=-86.0 length=87 lr=1.74e-05 entropy=0.4005
[ppo] step=142982 episode=1230 return=-90.0 length=91 lr=1.74e-05 entropy=0.4005
[ppo] step=143914 episode=1240 return=-113.0 length=114 lr=1.33e-05 entropy=0.3636
[ppo] step=144861 episode=1250 return=-85.0 length=86 lr=1.33e-05 entropy=0.3636
[ppo][eval] step=145000 mean_return=-87.70 max_return=-71.00
[ppo] step=145893 episode=1260 return=-90.0 length=91 lr=9.18e-06 entropy=0.4146
[ppo] step=146852 episode=1270 return=-79.0 length=80 lr=9.18e-06 entropy=0.4146
[ppo] step=147797 episode=1280 return=-89.0 length=90 lr=5.09e-06 entropy=0.3871
[ppo] step=148879 episode=1290 return=-76.0 length=77 lr=5.09e-06 entropy=0.3871
[ppo] step=149803 episode=1300 return=-82.0 length=83 lr=9.92e-07 entropy=0.3892
[ppo][eval] step=150000 mean_return=-89.25 max_return=-71.00
[ppo] finished profile=fast mean_eval_return=-79.00 passed=True run_dir=results/rl/ppo_acrobot_20260828_012244_804790
{
  "task": "acrobot",
  "env_id": "Acrobot-v1",
  "algorithm": "ppo_clipped_surrogate_gae",
  "profile": "fast",
  "seed": 2,
  "total_timesteps": 150000,
  "configured_total_timesteps": 150000,
  "actual_timesteps": 150000,
  "updates": 74,
  "rollout_length": 2048,
  "action_kind": "discrete",
  "eval_episodes": 20,
  "success_threshold": -100.0,
  "passed": true,
  "final_eval": {
    "episodes": 20,
    "seed": 10000,
    "mean_return": -79.0,
    "std_return": 10.714476585388184,
    "min_return": -98.0,
    "max_return": -57.0,
    "mean_length": 80.0
  },
  "last_eval": {
    "episodes": 20,
    "seed": 10000,
    "mean_return": -89.25,
    "std_return": 12.238770484924316,
    "min_return": -125.0,
    "max_return": -71.0,
    "mean_length": 90.25
  },
  "selected_step": 45000,
  "selected_source": "best_eval",
  "training_efficiency": {
    "best_model_step": 45000,
    "best_model_training_fraction": 0.3,
    "first_success_step": 15000,
    "first_success_training_fraction": 0.1,
    "best_minus_last_return": 10.25,
    "budget_interpretation": "regressed_after_best"
  },
  "early_stopping": {
    "enabled": false,
    "patience": 30,
    "min_delta": 1.0,
    "min_steps": 25000,
    "target_score": -60.0,
    "best_mean_return": -79.0,
    "evaluations": 30,
    "evaluations_without_improvement": 21,
    "stopped_early": false,
    "stopping_reason": "budget_exhausted",
    "stopping_step": 150000
  },
  "run_dir": "results/rl/ppo_acrobot_20260828_012244_804790"
}
Checkpoint: results/rl/ppo_acrobot_20260828_012244_804790/checkpoint.pt
	Command being timed: ".venv/bin/python tools/run_rl_ppo.py acrobot --profile fast --seed 2 --device cpu --no-early-stopping --total-timesteps 150000"
	User time (seconds): 141.45
	System time (seconds): 0.66
	Percent of CPU this job got: 141%
	Elapsed (wall clock) time (h:mm:ss or m:ss): 1:40.40
	Average shared text size (kbytes): 0
	Average unshared data size (kbytes): 0
	Average stack size (kbytes): 0
	Average total size (kbytes): 0
	Maximum resident set size (kbytes): 814080
	Average resident set size (kbytes): 0
	Major (requiring I/O) page faults: 0
	Minor (reclaiming a frame) page faults: 310999
	Voluntary context switches: 204
	Involuntary context switches: 581
	Swaps: 0
	File system inputs: 0
	File system outputs: 568
	Socket messages sent: 0
	Socket messages received: 0
	Signals delivered: 0
	Page size (bytes): 4096
	Exit status: 0
