[driver] starting task=cartpole seed=1 -> p11_ppo_cartpole_s1.log
[driver] starting task=cartpole seed=2 -> p11_ppo_cartpole_s2.log
[driver] starting task=cartpole seed=3 -> p11_ppo_cartpole_s3.log
[driver] starting task=cartpole seed=4 -> p11_ppo_cartpole_s4.log
[driver] starting task=acrobot seed=0 -> p11_ppo_acrobot_s0.log
[driver] starting task=acrobot seed=1 -> p11_ppo_acrobot_s1.log
[driver] finished task=acrobot seed=1 exit=0
[driver] starting task=acrobot seed=2 -> p11_ppo_acrobot_s2.log
[driver] finished task=acrobot seed=0 exit=0
[driver] starting task=acrobot seed=3 -> p11_ppo_acrobot_s3.log
[driver] finished task=cartpole seed=1 exit=0
[driver] starting task=acrobot seed=4 -> p11_ppo_acrobot_s4.log
[driver] finished task=cartpole seed=3 exit=0
[driver] starting task=lunarlander seed=0 -> p11_ppo_lunarlander_s0.log
[driver] finished task=cartpole seed=4 exit=0
[driver] starting task=lunarlander seed=1 -> p11_ppo_lunarlander_s1.log
[driver] finished task=cartpole seed=2 exit=0
[driver] starting task=lunarlander seed=2 -> p11_ppo_lunarlander_s2.log
[driver] finished task=acrobot seed=2 exit=0
[driver] starting task=lunarlander seed=3 -> p11_ppo_lunarlander_s3.log
[driver] finished task=acrobot seed=3 exit=0
[driver] starting task=lunarlander seed=4 -> p11_ppo_lunarlander_s4.log
[driver] finished task=acrobot seed=4 exit=0
[driver] starting task=minatar_breakout seed=0 -> p11_ppo_minatar_breakout_s0.log
[driver] finished task=lunarlander seed=1 exit=0
[driver] starting task=minatar_breakout seed=1 -> p11_ppo_minatar_breakout_s1.log
[driver] finished task=lunarlander seed=2 exit=0
[driver] starting task=minatar_breakout seed=2 -> p11_ppo_minatar_breakout_s2.log
[driver] finished task=lunarlander seed=0 exit=0
[driver] starting task=minatar_breakout seed=3 -> p11_ppo_minatar_breakout_s3.log
[driver] finished task=minatar_breakout seed=0 exit=0
[driver] starting task=minatar_breakout seed=4 -> p11_ppo_minatar_breakout_s4.log
[driver] finished task=lunarlander seed=4 exit=0
[driver] finished task=minatar_breakout seed=1 exit=0
[driver] finished task=lunarlander seed=3 exit=0
[driver] finished task=minatar_breakout seed=2 exit=0
[driver] finished task=minatar_breakout seed=3 exit=0
[driver] finished task=minatar_breakout seed=4 exit=0
[driver] all jobs complete
