[ppo] step=94 episode=1 return=-114.7 length=94 lr=3.00e-04 entropy=None
[ppo] step=203 episode=2 return=-165.7 length=109 lr=3.00e-04 entropy=None
[ppo] step=293 episode=3 return=-221.4 length=90 lr=3.00e-04 entropy=None
[ppo] step=414 episode=4 return=-251.4 length=121 lr=3.00e-04 entropy=None
[ppo] step=520 episode=5 return=-197.6 length=106 lr=3.00e-04 entropy=None
[ppo] step=929 episode=10 return=-209.4 length=70 lr=3.00e-04 entropy=None
[ppo] step=1836 episode=20 return=-102.5 length=60 lr=3.00e-04 entropy=None
[ppo] step=2709 episode=30 return=-75.1 length=71 lr=2.96e-04 entropy=1.3834
[ppo] step=3621 episode=40 return=-302.3 length=85 lr=2.96e-04 entropy=1.3834
[ppo] step=4577 episode=50 return=-383.4 length=105 lr=2.92e-04 entropy=1.3737
[ppo][eval] step=5000 mean_return=-476.83 max_return=-249.17
[ppo] step=5555 episode=60 return=-108.7 length=108 lr=2.92e-04 entropy=1.3737
[ppo] step=6520 episode=70 return=-91.5 length=106 lr=2.88e-04 entropy=1.3544
[ppo] step=7478 episode=80 return=-150.5 length=123 lr=2.88e-04 entropy=1.3544
[ppo] step=8348 episode=90 return=-105.7 length=117 lr=2.84e-04 entropy=1.3535
[ppo] step=9350 episode=100 return=-29.9 length=76 lr=2.84e-04 entropy=1.3535
[ppo][eval] step=10000 mean_return=-319.88 max_return=-87.70
[ppo] step=10364 episode=110 return=-205.9 length=114 lr=2.80e-04 entropy=1.3479
[ppo] step=11407 episode=120 return=-234.4 length=96 lr=2.80e-04 entropy=1.3479
[ppo] step=12333 episode=130 return=-103.3 length=68 lr=2.75e-04 entropy=1.3249
[ppo] step=13497 episode=140 return=-416.1 length=153 lr=2.75e-04 entropy=1.3249
[ppo] step=14641 episode=150 return=-102.2 length=99 lr=2.71e-04 entropy=1.3188
[ppo][eval] step=15000 mean_return=-528.32 max_return=-399.27
[ppo] step=15906 episode=160 return=-103.2 length=122 lr=2.71e-04 entropy=1.3188
[ppo] step=17053 episode=170 return=-65.6 length=95 lr=2.67e-04 entropy=1.3004
[ppo] step=18370 episode=180 return=-202.1 length=153 lr=2.67e-04 entropy=1.3004
[ppo][eval] step=20000 mean_return=-633.00 max_return=-377.03
[ppo] step=20113 episode=190 return=-244.7 length=129 lr=2.63e-04 entropy=1.2792
[ppo] step=21542 episode=200 return=-50.2 length=86 lr=2.59e-04 entropy=1.2482
[ppo] step=23079 episode=210 return=-150.5 length=185 lr=2.55e-04 entropy=1.2391
[ppo] step=24768 episode=220 return=-37.6 length=118 lr=2.51e-04 entropy=1.225
[ppo][eval] step=25000 mean_return=-1019.65 max_return=-595.16
[ppo] step=28073 episode=230 return=-59.1 length=104 lr=2.47e-04 entropy=1.2438
[ppo] step=29980 episode=240 return=-290.6 length=319 lr=2.43e-04 entropy=1.2374
[ppo][eval] step=30000 mean_return=-881.70 max_return=-146.72
[ppo] step=31836 episode=250 return=27.8 length=101 lr=2.39e-04 entropy=1.1925
[ppo] step=34494 episode=260 return=-246.1 length=312 lr=2.34e-04 entropy=1.2008
[ppo][eval] step=35000 mean_return=-583.61 max_return=-110.74
[ppo] step=36144 episode=270 return=0.1 length=117 lr=2.30e-04 entropy=1.2343
[ppo] step=37818 episode=280 return=-109.1 length=162 lr=2.26e-04 entropy=1.1787
[ppo] step=39477 episode=290 return=-63.5 length=175 lr=2.22e-04 entropy=1.103
[ppo][eval] step=40000 mean_return=-847.50 max_return=-331.57
[ppo] step=42548 episode=300 return=-124.2 length=223 lr=2.18e-04 entropy=1.1237
[ppo] step=44483 episode=310 return=-9.7 length=192 lr=2.14e-04 entropy=1.1599
[ppo][eval] step=45000 mean_return=-929.14 max_return=-587.72
[ppo] step=47116 episode=320 return=19.7 length=243 lr=2.06e-04 entropy=1.1053
[ppo][eval] step=50000 mean_return=-633.62 max_return=-252.58
[ppo] step=51744 episode=330 return=-83.5 length=289 lr=1.98e-04 entropy=1.1184
[ppo][eval] step=55000 mean_return=-507.16 max_return=-134.46
[ppo] step=55848 episode=340 return=77.8 length=1000 lr=1.89e-04 entropy=1.0579
[ppo][eval] step=60000 mean_return=-906.57 max_return=-638.91
[ppo][eval] step=65000 mean_return=-337.89 max_return=-233.93
[ppo] step=65455 episode=350 return=65.7 length=1000 lr=1.73e-04 entropy=1.1187
[ppo][eval] step=70000 mean_return=-380.93 max_return=-41.01
[ppo] step=74402 episode=360 return=18.1 length=1000 lr=1.53e-04 entropy=0.9261
[ppo][eval] step=75000 mean_return=-341.90 max_return=-21.06
[ppo][eval] step=80000 mean_return=-137.22 max_return=-66.95
[ppo] step=83353 episode=370 return=5.1 length=1000 lr=1.36e-04 entropy=0.8415
[ppo][eval] step=85000 mean_return=-112.93 max_return=-22.17
[ppo][eval] step=90000 mean_return=-106.84 max_return=-28.17
[ppo] step=93309 episode=380 return=35.6 length=1000 lr=1.16e-04 entropy=1.0376
[ppo][eval] step=95000 mean_return=-73.88 max_return=-25.50
[ppo][eval] step=100000 mean_return=-44.32 max_return=-8.55
[ppo] step=103309 episode=390 return=73.1 length=1000 lr=9.52e-05 entropy=0.974
[ppo][eval] step=105000 mean_return=-40.00 max_return=0.70
[ppo][eval] step=110000 mean_return=-25.90 max_return=6.33
[ppo] step=111633 episode=400 return=208.6 length=694 lr=7.88e-05 entropy=0.9874
[ppo][eval] step=115000 mean_return=10.00 max_return=160.11
[ppo][eval] step=120000 mean_return=5.43 max_return=134.13
[ppo] step=120219 episode=410 return=116.6 length=1000 lr=6.24e-05 entropy=0.9394
[ppo][eval] step=125000 mean_return=48.58 max_return=166.66
[ppo] step=129337 episode=420 return=121.0 length=1000 lr=4.20e-05 entropy=0.866
[ppo][eval] step=130000 mean_return=64.92 max_return=165.19
[ppo][eval] step=135000 mean_return=47.61 max_return=166.53
[ppo] step=137581 episode=430 return=91.1 length=1000 lr=2.56e-05 entropy=0.9393
[ppo][eval] step=140000 mean_return=57.19 max_return=182.78
[ppo][eval] step=145000 mean_return=57.50 max_return=184.55
[ppo] step=147037 episode=440 return=100.0 length=1000 lr=9.18e-06 entropy=0.9234
[ppo][eval] step=150000 mean_return=51.67 max_return=127.24
[ppo] finished profile=fast mean_eval_return=64.92 passed=False run_dir=results/rl/ppo_lunarlander_20260828_012306_260485
{
  "task": "lunarlander",
  "env_id": "LunarLander-v3",
  "algorithm": "ppo_clipped_surrogate_gae",
  "profile": "fast",
  "seed": 2,
  "total_timesteps": 150000,
  "configured_total_timesteps": 150000,
  "actual_timesteps": 150000,
  "updates": 74,
  "rollout_length": 2048,
  "action_kind": "discrete",
  "eval_episodes": 20,
  "success_threshold": 200.0,
  "passed": false,
  "final_eval": {
    "episodes": 20,
    "seed": 10000,
    "mean_return": 64.92121887207031,
    "std_return": 54.283084869384766,
    "min_return": -62.19134521484375,
    "max_return": 165.18710327148438,
    "mean_length": 933.7999877929688
  },
  "last_eval": {
    "episodes": 20,
    "seed": 10000,
    "mean_return": 45.06237030029297,
    "std_return": 50.11518478393555,
    "min_return": -75.8435287475586,
    "max_return": 119.20809936523438,
    "mean_length": 949.7000122070312
  },
  "selected_step": 130000,
  "selected_source": "best_eval",
  "training_efficiency": {
    "best_model_step": 130000,
    "best_model_training_fraction": 0.8666666666666667,
    "first_success_step": null,
    "first_success_training_fraction": null,
    "best_minus_last_return": 19.858848571777344,
    "budget_interpretation": "unsolved_or_underfit"
  },
  "early_stopping": {
    "enabled": false,
    "patience": 30,
    "min_delta": 1.0,
    "min_steps": 25000,
    "target_score": 280.0,
    "best_mean_return": 64.92121887207031,
    "evaluations": 30,
    "evaluations_without_improvement": 4,
    "stopped_early": false,
    "stopping_reason": "budget_exhausted",
    "stopping_step": 150000
  },
  "run_dir": "results/rl/ppo_lunarlander_20260828_012306_260485"
}
Checkpoint: results/rl/ppo_lunarlander_20260828_012306_260485/checkpoint.pt
	Command being timed: ".venv/bin/python tools/run_rl_ppo.py lunarlander --profile fast --seed 2 --device cpu --no-early-stopping --total-timesteps 150000"
	User time (seconds): 219.74
	System time (seconds): 0.76
	Percent of CPU this job got: 124%
	Elapsed (wall clock) time (h:mm:ss or m:ss): 2:57.53
	Average shared text size (kbytes): 0
	Average unshared data size (kbytes): 0
	Average stack size (kbytes): 0
	Average total size (kbytes): 0
	Maximum resident set size (kbytes): 824960
	Average resident set size (kbytes): 0
	Major (requiring I/O) page faults: 0
	Minor (reclaiming a frame) page faults: 296916
	Voluntary context switches: 252
	Involuntary context switches: 1090
	Swaps: 0
	File system inputs: 0
	File system outputs: 456
	Socket messages sent: 0
	Socket messages received: 0
	Signals delivered: 0
	Page size (bytes): 4096
	Exit status: 0
