[ppo] step=500 episode=1 return=-500.0 length=500 lr=3.00e-04 entropy=None
[ppo] step=1000 episode=2 return=-500.0 length=500 lr=3.00e-04 entropy=None
[ppo] step=1500 episode=3 return=-500.0 length=500 lr=3.00e-04 entropy=None
[ppo] step=2000 episode=4 return=-500.0 length=500 lr=3.00e-04 entropy=None
[ppo] step=2500 episode=5 return=-500.0 length=500 lr=2.96e-04 entropy=1.093
[ppo] step=5000 episode=10 return=-500.0 length=500 lr=2.92e-04 entropy=1.0817
[ppo][eval] step=5000 mean_return=-500.00 max_return=-500.00
[ppo] step=9120 episode=20 return=-255.0 length=256 lr=2.84e-04 entropy=1.0403
[ppo][eval] step=10000 mean_return=-500.00 max_return=-500.00
[ppo] step=11999 episode=30 return=-253.0 length=254 lr=2.80e-04 entropy=1.0313
[ppo] step=14738 episode=40 return=-129.0 length=130 lr=2.71e-04 entropy=1.0261
[ppo][eval] step=15000 mean_return=-98.30 max_return=-81.00
[ppo] step=17353 episode=50 return=-195.0 length=196 lr=2.67e-04 entropy=1.0007
[ppo] step=19340 episode=60 return=-176.0 length=177 lr=2.63e-04 entropy=0.9766
[ppo][eval] step=20000 mean_return=-460.05 max_return=-89.00
[ppo] step=21112 episode=70 return=-121.0 length=122 lr=2.59e-04 entropy=0.9416
[ppo] step=22567 episode=80 return=-100.0 length=101 lr=2.55e-04 entropy=0.9046
[ppo] step=24387 episode=90 return=-119.0 length=120 lr=2.55e-04 entropy=0.9046
[ppo][eval] step=25000 mean_return=-86.05 max_return=-72.00
[ppo] step=25944 episode=100 return=-181.0 length=182 lr=2.51e-04 entropy=0.8873
[ppo] step=27383 episode=110 return=-154.0 length=155 lr=2.47e-04 entropy=0.8712
[ppo] step=28784 episode=120 return=-149.0 length=150 lr=2.43e-04 entropy=0.8452
[ppo][eval] step=30000 mean_return=-105.00 max_return=-71.00
[ppo] step=30271 episode=130 return=-126.0 length=127 lr=2.43e-04 entropy=0.8452
[ppo] step=31897 episode=140 return=-132.0 length=133 lr=2.39e-04 entropy=0.8069
[ppo] step=33165 episode=150 return=-119.0 length=120 lr=2.34e-04 entropy=0.7944
[ppo] step=34401 episode=160 return=-127.0 length=128 lr=2.34e-04 entropy=0.7944
[ppo][eval] step=35000 mean_return=-83.35 max_return=-71.00
[ppo] step=35555 episode=170 return=-85.0 length=86 lr=2.30e-04 entropy=0.7459
[ppo] step=36648 episode=180 return=-111.0 length=112 lr=2.30e-04 entropy=0.7459
[ppo] step=37947 episode=190 return=-109.0 length=110 lr=2.26e-04 entropy=0.712
[ppo] step=39203 episode=200 return=-206.0 length=207 lr=2.22e-04 entropy=0.7104
[ppo][eval] step=40000 mean_return=-100.85 max_return=-74.00
[ppo] step=40295 episode=210 return=-88.0 length=89 lr=2.22e-04 entropy=0.7104
[ppo] step=41425 episode=220 return=-110.0 length=111 lr=2.18e-04 entropy=0.6613
[ppo] step=42796 episode=230 return=-119.0 length=120 lr=2.18e-04 entropy=0.6613
[ppo] step=43809 episode=240 return=-110.0 length=111 lr=2.14e-04 entropy=0.629
[ppo] step=44929 episode=250 return=-100.0 length=101 lr=2.14e-04 entropy=0.629
[ppo][eval] step=45000 mean_return=-95.85 max_return=-63.00
[ppo] step=45949 episode=260 return=-94.0 length=95 lr=2.10e-04 entropy=0.6112
[ppo] step=46972 episode=270 return=-95.0 length=96 lr=2.10e-04 entropy=0.6112
[ppo] step=47900 episode=280 return=-100.0 length=101 lr=2.06e-04 entropy=0.588
[ppo] step=48881 episode=290 return=-100.0 length=101 lr=2.06e-04 entropy=0.588
[ppo] step=49904 episode=300 return=-117.0 length=118 lr=2.02e-04 entropy=0.5758
[ppo][eval] step=50000 mean_return=-115.90 max_return=-72.00
[ppo] step=50862 episode=310 return=-85.0 length=86 lr=2.02e-04 entropy=0.5758
[ppo] step=51970 episode=320 return=-147.0 length=148 lr=1.98e-04 entropy=0.5751
[ppo] step=53184 episode=330 return=-129.0 length=130 lr=1.98e-04 entropy=0.5751
[ppo] step=54194 episode=340 return=-122.0 length=123 lr=1.94e-04 entropy=0.5354
[ppo][eval] step=55000 mean_return=-90.30 max_return=-72.00
[ppo] step=55520 episode=350 return=-103.0 length=104 lr=1.89e-04 entropy=0.4903
[ppo] step=56543 episode=360 return=-84.0 length=85 lr=1.89e-04 entropy=0.4903
[ppo] step=57669 episode=370 return=-79.0 length=80 lr=1.85e-04 entropy=0.5098
[ppo] step=58651 episode=380 return=-104.0 length=105 lr=1.85e-04 entropy=0.5098
[ppo] step=59753 episode=390 return=-113.0 length=114 lr=1.81e-04 entropy=0.5265
[ppo][eval] step=60000 mean_return=-86.00 max_return=-63.00
[ppo] step=60879 episode=400 return=-95.0 length=96 lr=1.81e-04 entropy=0.5265
[ppo] step=62046 episode=410 return=-250.0 length=251 lr=1.77e-04 entropy=0.5142
[ppo] step=63062 episode=420 return=-102.0 length=103 lr=1.77e-04 entropy=0.5142
[ppo] step=63948 episode=430 return=-121.0 length=122 lr=1.73e-04 entropy=0.5164
[ppo][eval] step=65000 mean_return=-124.60 max_return=-71.00
[ppo] step=65138 episode=440 return=-113.0 length=114 lr=1.73e-04 entropy=0.5164
[ppo] step=66202 episode=450 return=-104.0 length=105 lr=1.69e-04 entropy=0.5118
[ppo] step=67131 episode=460 return=-99.0 length=100 lr=1.69e-04 entropy=0.5118
[ppo] step=68026 episode=470 return=-91.0 length=92 lr=1.65e-04 entropy=0.4831
[ppo] step=69038 episode=480 return=-118.0 length=119 lr=1.65e-04 entropy=0.4831
[ppo][eval] step=70000 mean_return=-125.75 max_return=-72.00
[ppo] step=70043 episode=490 return=-93.0 length=94 lr=1.61e-04 entropy=0.4686
[ppo] step=70966 episode=500 return=-82.0 length=83 lr=1.61e-04 entropy=0.4686
[ppo] step=72111 episode=510 return=-108.0 length=109 lr=1.57e-04 entropy=0.4887
[ppo] step=73031 episode=520 return=-69.0 length=70 lr=1.57e-04 entropy=0.4887
[ppo] step=74069 episode=530 return=-76.0 length=77 lr=1.53e-04 entropy=0.4615
[ppo][eval] step=75000 mean_return=-77.70 max_return=-64.00
[ppo] step=75084 episode=540 return=-94.0 length=95 lr=1.53e-04 entropy=0.4615
[ppo] step=75955 episode=550 return=-96.0 length=97 lr=1.48e-04 entropy=0.4554
[ppo] step=76862 episode=560 return=-100.0 length=101 lr=1.48e-04 entropy=0.4554
[ppo] step=77970 episode=570 return=-92.0 length=93 lr=1.44e-04 entropy=0.47
[ppo] step=78957 episode=580 return=-96.0 length=97 lr=1.44e-04 entropy=0.47
[ppo] step=79958 episode=590 return=-109.0 length=110 lr=1.40e-04 entropy=0.467
[ppo][eval] step=80000 mean_return=-129.50 max_return=-72.00
[ppo] step=80909 episode=600 return=-110.0 length=111 lr=1.40e-04 entropy=0.467
[ppo] step=82023 episode=610 return=-106.0 length=107 lr=1.36e-04 entropy=0.4332
[ppo] step=83018 episode=620 return=-89.0 length=90 lr=1.36e-04 entropy=0.4332
[ppo] step=83937 episode=630 return=-88.0 length=89 lr=1.36e-04 entropy=0.4332
[ppo] step=84870 episode=640 return=-81.0 length=82 lr=1.32e-04 entropy=0.4397
[ppo][eval] step=85000 mean_return=-102.65 max_return=-63.00
[ppo] step=85993 episode=650 return=-100.0 length=101 lr=1.32e-04 entropy=0.4397
[ppo] step=87042 episode=660 return=-133.0 length=134 lr=1.28e-04 entropy=0.4623
[ppo] step=87942 episode=670 return=-91.0 length=92 lr=1.28e-04 entropy=0.4623
[ppo] step=88860 episode=680 return=-70.0 length=71 lr=1.24e-04 entropy=0.4593
[ppo] step=89764 episode=690 return=-83.0 length=84 lr=1.24e-04 entropy=0.4593
[ppo][eval] step=90000 mean_return=-80.50 max_return=-69.00
[ppo] step=90593 episode=700 return=-92.0 length=93 lr=1.20e-04 entropy=0.4912
[ppo] step=91657 episode=710 return=-91.0 length=92 lr=1.20e-04 entropy=0.4912
[ppo] step=92607 episode=720 return=-98.0 length=99 lr=1.16e-04 entropy=0.4627
[ppo] step=93609 episode=730 return=-79.0 length=80 lr=1.16e-04 entropy=0.4627
[ppo] step=94826 episode=740 return=-394.0 length=395 lr=1.12e-04 entropy=0.4639
[ppo][eval] step=95000 mean_return=-83.90 max_return=-69.00
[ppo] step=95808 episode=750 return=-63.0 length=64 lr=1.12e-04 entropy=0.4639
[ppo] step=96820 episode=760 return=-104.0 length=105 lr=1.07e-04 entropy=0.3948
[ppo] step=97708 episode=770 return=-85.0 length=86 lr=1.07e-04 entropy=0.3948
[ppo] step=98580 episode=780 return=-97.0 length=98 lr=1.03e-04 entropy=0.4549
[ppo] step=99622 episode=790 return=-163.0 length=164 lr=1.03e-04 entropy=0.4549
[ppo][eval] step=100000 mean_return=-83.35 max_return=-69.00
[ppo] step=100476 episode=800 return=-85.0 length=86 lr=9.93e-05 entropy=0.4092
[ppo] step=101417 episode=810 return=-79.0 length=80 lr=9.93e-05 entropy=0.4092
[ppo] step=102299 episode=820 return=-75.0 length=76 lr=9.93e-05 entropy=0.4092
[ppo] step=103156 episode=830 return=-86.0 length=87 lr=9.52e-05 entropy=0.3992
[ppo] step=104246 episode=840 return=-100.0 length=101 lr=9.52e-05 entropy=0.3992
[ppo][eval] step=105000 mean_return=-80.05 max_return=-68.00
[ppo] step=105178 episode=850 return=-83.0 length=84 lr=9.11e-05 entropy=0.3979
[ppo] step=106130 episode=860 return=-86.0 length=87 lr=9.11e-05 entropy=0.3979
[ppo] step=107202 episode=870 return=-71.0 length=72 lr=8.70e-05 entropy=0.365
[ppo] step=108234 episode=880 return=-171.0 length=172 lr=8.70e-05 entropy=0.365
[ppo] step=109137 episode=890 return=-80.0 length=81 lr=8.29e-05 entropy=0.384
[ppo] step=109984 episode=900 return=-110.0 length=111 lr=8.29e-05 entropy=0.384
[ppo][eval] step=110000 mean_return=-77.15 max_return=-68.00
[ppo] step=111178 episode=910 return=-100.0 length=101 lr=7.88e-05 entropy=0.4072
[ppo] step=112078 episode=920 return=-77.0 length=78 lr=7.88e-05 entropy=0.4072
[ppo] step=112987 episode=930 return=-76.0 length=77 lr=7.47e-05 entropy=0.3749
[ppo] step=113866 episode=940 return=-89.0 length=90 lr=7.47e-05 entropy=0.3749
[ppo] step=114941 episode=950 return=-90.0 length=91 lr=7.06e-05 entropy=0.3968
[ppo][eval] step=115000 mean_return=-87.00 max_return=-63.00
[ppo] step=115927 episode=960 return=-79.0 length=80 lr=7.06e-05 entropy=0.3968
[ppo] step=116766 episode=970 return=-88.0 length=89 lr=6.65e-05 entropy=0.3844
[ppo] step=117663 episode=980 return=-90.0 length=91 lr=6.65e-05 entropy=0.3844
[ppo] step=118695 episode=990 return=-85.0 length=86 lr=6.65e-05 entropy=0.3844
[ppo] step=119550 episode=1000 return=-75.0 length=76 lr=6.24e-05 entropy=0.3767
[ppo][eval] step=120000 mean_return=-81.25 max_return=-70.00
[ppo] step=120524 episode=1010 return=-70.0 length=71 lr=6.24e-05 entropy=0.3767
[ppo] step=121378 episode=1020 return=-80.0 length=81 lr=5.83e-05 entropy=0.3685
[ppo] step=122180 episode=1030 return=-75.0 length=76 lr=5.83e-05 entropy=0.3685
[ppo] step=123139 episode=1040 return=-82.0 length=83 lr=5.42e-05 entropy=0.3628
[ppo] step=124173 episode=1050 return=-98.0 length=99 lr=5.42e-05 entropy=0.3628
[ppo][eval] step=125000 mean_return=-88.30 max_return=-72.00
[ppo] step=125055 episode=1060 return=-86.0 length=87 lr=5.01e-05 entropy=0.3456
[ppo] step=125971 episode=1070 return=-89.0 length=90 lr=5.01e-05 entropy=0.3456
[ppo] step=126823 episode=1080 return=-78.0 length=79 lr=5.01e-05 entropy=0.3456
[ppo] step=127718 episode=1090 return=-134.0 length=135 lr=4.60e-05 entropy=0.3555
[ppo] step=128625 episode=1100 return=-108.0 length=109 lr=4.60e-05 entropy=0.3555
[ppo] step=129705 episode=1110 return=-64.0 length=65 lr=4.20e-05 entropy=0.3395
[ppo][eval] step=130000 mean_return=-80.30 max_return=-64.00
[ppo] step=130773 episode=1120 return=-79.0 length=80 lr=4.20e-05 entropy=0.3395
[ppo] step=131619 episode=1130 return=-70.0 length=71 lr=3.79e-05 entropy=0.3321
[ppo] step=132451 episode=1140 return=-85.0 length=86 lr=3.79e-05 entropy=0.3321
[ppo] step=133374 episode=1150 return=-102.0 length=103 lr=3.38e-05 entropy=0.3639
[ppo] step=134502 episode=1160 return=-153.0 length=154 lr=3.38e-05 entropy=0.3639
[ppo][eval] step=135000 mean_return=-82.70 max_return=-71.00
[ppo] step=135379 episode=1170 return=-88.0 length=89 lr=2.97e-05 entropy=0.3366
[ppo] step=136269 episode=1180 return=-92.0 length=93 lr=2.97e-05 entropy=0.3366
[ppo] step=137224 episode=1190 return=-89.0 length=90 lr=2.56e-05 entropy=0.3423
[ppo] step=138136 episode=1200 return=-85.0 length=86 lr=2.56e-05 entropy=0.3423
[ppo] step=139037 episode=1210 return=-95.0 length=96 lr=2.56e-05 entropy=0.3423
[ppo] step=139881 episode=1220 return=-100.0 length=101 lr=2.15e-05 entropy=0.3366
[ppo][eval] step=140000 mean_return=-84.75 max_return=-71.00
[ppo] step=140720 episode=1230 return=-88.0 length=89 lr=2.15e-05 entropy=0.3366
[ppo] step=141604 episode=1240 return=-85.0 length=86 lr=1.74e-05 entropy=0.3366
[ppo] step=142697 episode=1250 return=-74.0 length=75 lr=1.74e-05 entropy=0.3366
[ppo] step=143606 episode=1260 return=-132.0 length=133 lr=1.33e-05 entropy=0.3295
[ppo] step=144568 episode=1270 return=-94.0 length=95 lr=1.33e-05 entropy=0.3295
[ppo][eval] step=145000 mean_return=-84.40 max_return=-70.00
[ppo] step=145390 episode=1280 return=-74.0 length=75 lr=1.33e-05 entropy=0.3295
[ppo] step=146345 episode=1290 return=-90.0 length=91 lr=9.18e-06 entropy=0.3401
[ppo] step=147265 episode=1300 return=-139.0 length=140 lr=9.18e-06 entropy=0.3401
[ppo] step=148093 episode=1310 return=-77.0 length=78 lr=5.09e-06 entropy=0.3343
[ppo] step=148994 episode=1320 return=-63.0 length=64 lr=5.09e-06 entropy=0.3343
[ppo] step=149912 episode=1330 return=-165.0 length=166 lr=9.92e-07 entropy=0.3321
[ppo][eval] step=150000 mean_return=-85.95 max_return=-70.00
[ppo] finished profile=fast mean_eval_return=-77.15 passed=True run_dir=results/rl/ppo_acrobot_20260828_012303_284141
{
  "task": "acrobot",
  "env_id": "Acrobot-v1",
  "algorithm": "ppo_clipped_surrogate_gae",
  "profile": "fast",
  "seed": 4,
  "total_timesteps": 150000,
  "configured_total_timesteps": 150000,
  "actual_timesteps": 150000,
  "updates": 74,
  "rollout_length": 2048,
  "action_kind": "discrete",
  "eval_episodes": 20,
  "success_threshold": -100.0,
  "passed": true,
  "final_eval": {
    "episodes": 20,
    "seed": 10000,
    "mean_return": -77.1500015258789,
    "std_return": 7.4180521965026855,
    "min_return": -94.0,
    "max_return": -68.0,
    "mean_length": 78.1500015258789
  },
  "last_eval": {
    "episodes": 20,
    "seed": 10000,
    "mean_return": -85.94999694824219,
    "std_return": 18.7015380859375,
    "min_return": -161.0,
    "max_return": -70.0,
    "mean_length": 86.94999694824219
  },
  "selected_step": 110000,
  "selected_source": "best_eval",
  "training_efficiency": {
    "best_model_step": 110000,
    "best_model_training_fraction": 0.7333333333333333,
    "first_success_step": 15000,
    "first_success_training_fraction": 0.1,
    "best_minus_last_return": 8.799995422363281,
    "budget_interpretation": "regressed_after_best"
  },
  "early_stopping": {
    "enabled": false,
    "patience": 30,
    "min_delta": 1.0,
    "min_steps": 25000,
    "target_score": -60.0,
    "best_mean_return": -77.69999694824219,
    "evaluations": 30,
    "evaluations_without_improvement": 15,
    "stopped_early": false,
    "stopping_reason": "budget_exhausted",
    "stopping_step": 150000
  },
  "run_dir": "results/rl/ppo_acrobot_20260828_012303_284141"
}
Checkpoint: results/rl/ppo_acrobot_20260828_012303_284141/checkpoint.pt
	Command being timed: ".venv/bin/python tools/run_rl_ppo.py acrobot --profile fast --seed 4 --device cpu --no-early-stopping --total-timesteps 150000"
	User time (seconds): 137.81
	System time (seconds): 0.57
	Percent of CPU this job got: 139%
	Elapsed (wall clock) time (h:mm:ss or m:ss): 1:38.98
	Average shared text size (kbytes): 0
	Average unshared data size (kbytes): 0
	Average stack size (kbytes): 0
	Average total size (kbytes): 0
	Maximum resident set size (kbytes): 814004
	Average resident set size (kbytes): 0
	Major (requiring I/O) page faults: 0
	Minor (reclaiming a frame) page faults: 267016
	Voluntary context switches: 227
	Involuntary context switches: 608
	Swaps: 0
	File system inputs: 0
	File system outputs: 576
	Socket messages sent: 0
	Socket messages received: 0
	Signals delivered: 0
	Page size (bytes): 4096
	Exit status: 0
