[ppo] step=500 episode=1 return=-500.0 length=500 lr=3.00e-04 entropy=None
[ppo] step=1000 episode=2 return=-500.0 length=500 lr=3.00e-04 entropy=None
[ppo] step=1500 episode=3 return=-500.0 length=500 lr=3.00e-04 entropy=None
[ppo] step=2000 episode=4 return=-500.0 length=500 lr=3.00e-04 entropy=None
[ppo] step=2415 episode=5 return=-414.0 length=415 lr=2.96e-04 entropy=1.0943
[ppo] step=4668 episode=10 return=-377.0 length=378 lr=2.92e-04 entropy=1.0803
[ppo][eval] step=5000 mean_return=-140.45 max_return=-82.00
[ppo] step=7659 episode=20 return=-237.0 length=238 lr=2.88e-04 entropy=1.0437
[ppo][eval] step=10000 mean_return=-90.25 max_return=-64.00
[ppo] step=10452 episode=30 return=-257.0 length=258 lr=2.80e-04 entropy=1.0153
[ppo] step=12287 episode=40 return=-156.0 length=157 lr=2.80e-04 entropy=1.0153
[ppo] step=13869 episode=50 return=-150.0 length=151 lr=2.75e-04 entropy=0.9705
[ppo][eval] step=15000 mean_return=-93.90 max_return=-64.00
[ppo] step=15505 episode=60 return=-159.0 length=160 lr=2.71e-04 entropy=0.9443
[ppo] step=17262 episode=70 return=-210.0 length=211 lr=2.67e-04 entropy=0.9349
[ppo] step=18983 episode=80 return=-150.0 length=151 lr=2.63e-04 entropy=0.9083
[ppo][eval] step=20000 mean_return=-78.35 max_return=-63.00
[ppo] step=20403 episode=90 return=-128.0 length=129 lr=2.63e-04 entropy=0.9083
[ppo] step=21829 episode=100 return=-135.0 length=136 lr=2.59e-04 entropy=0.8749
[ppo] step=23266 episode=110 return=-121.0 length=122 lr=2.55e-04 entropy=0.8651
[ppo] step=24781 episode=120 return=-119.0 length=120 lr=2.51e-04 entropy=0.8412
[ppo][eval] step=25000 mean_return=-112.75 max_return=-72.00
[ppo] step=26261 episode=130 return=-257.0 length=258 lr=2.51e-04 entropy=0.8412
[ppo] step=27654 episode=140 return=-109.0 length=110 lr=2.47e-04 entropy=0.7946
[ppo] step=28864 episode=150 return=-82.0 length=83 lr=2.43e-04 entropy=0.815
[ppo][eval] step=30000 mean_return=-103.50 max_return=-71.00
[ppo] step=30005 episode=160 return=-97.0 length=98 lr=2.43e-04 entropy=0.815
[ppo] step=31263 episode=170 return=-133.0 length=134 lr=2.39e-04 entropy=0.7653
[ppo] step=32375 episode=180 return=-111.0 length=112 lr=2.39e-04 entropy=0.7653
[ppo] step=33535 episode=190 return=-101.0 length=102 lr=2.34e-04 entropy=0.7464
[ppo] step=34643 episode=200 return=-109.0 length=110 lr=2.34e-04 entropy=0.7464
[ppo][eval] step=35000 mean_return=-115.25 max_return=-72.00
[ppo] step=35891 episode=210 return=-164.0 length=165 lr=2.30e-04 entropy=0.739
[ppo] step=37245 episode=220 return=-96.0 length=97 lr=2.26e-04 entropy=0.6284
[ppo] step=38460 episode=230 return=-118.0 length=119 lr=2.26e-04 entropy=0.6284
[ppo] step=39687 episode=240 return=-165.0 length=166 lr=2.22e-04 entropy=0.6723
[ppo][eval] step=40000 mean_return=-258.85 max_return=-79.00
[ppo] step=40829 episode=250 return=-124.0 length=125 lr=2.22e-04 entropy=0.6723
[ppo] step=41914 episode=260 return=-133.0 length=134 lr=2.18e-04 entropy=0.6462
[ppo] step=43246 episode=270 return=-97.0 length=98 lr=2.14e-04 entropy=0.5875
[ppo] step=44434 episode=280 return=-197.0 length=198 lr=2.14e-04 entropy=0.5875
[ppo][eval] step=45000 mean_return=-173.80 max_return=-71.00
[ppo] step=45702 episode=290 return=-163.0 length=164 lr=2.10e-04 entropy=0.5765
[ppo] step=46824 episode=300 return=-93.0 length=94 lr=2.10e-04 entropy=0.5765
[ppo] step=47948 episode=310 return=-106.0 length=107 lr=2.06e-04 entropy=0.5472
[ppo] step=48914 episode=320 return=-84.0 length=85 lr=2.06e-04 entropy=0.5472
[ppo][eval] step=50000 mean_return=-92.55 max_return=-70.00
[ppo] step=50083 episode=330 return=-110.0 length=111 lr=2.02e-04 entropy=0.5622
[ppo] step=51095 episode=340 return=-97.0 length=98 lr=2.02e-04 entropy=0.5622
[ppo] step=52224 episode=350 return=-95.0 length=96 lr=1.98e-04 entropy=0.5048
[ppo] step=53342 episode=360 return=-85.0 length=86 lr=1.94e-04 entropy=0.4314
[ppo] step=54275 episode=370 return=-85.0 length=86 lr=1.94e-04 entropy=0.4314
[ppo][eval] step=55000 mean_return=-93.90 max_return=-63.00
[ppo] step=55183 episode=380 return=-98.0 length=99 lr=1.94e-04 entropy=0.4314
[ppo] step=56361 episode=390 return=-148.0 length=149 lr=1.89e-04 entropy=0.454
[ppo] step=57329 episode=400 return=-81.0 length=82 lr=1.89e-04 entropy=0.454
[ppo] step=58257 episode=410 return=-78.0 length=79 lr=1.85e-04 entropy=0.3882
[ppo] step=59152 episode=420 return=-118.0 length=119 lr=1.85e-04 entropy=0.3882
[ppo][eval] step=60000 mean_return=-93.35 max_return=-69.00
[ppo] step=60080 episode=430 return=-87.0 length=88 lr=1.81e-04 entropy=0.4057
[ppo] step=60937 episode=440 return=-84.0 length=85 lr=1.81e-04 entropy=0.4057
[ppo] step=61895 episode=450 return=-103.0 length=104 lr=1.77e-04 entropy=0.4147
[ppo] step=62871 episode=460 return=-101.0 length=102 lr=1.77e-04 entropy=0.4147
[ppo] step=63915 episode=470 return=-92.0 length=93 lr=1.73e-04 entropy=0.3825
[ppo] step=64799 episode=480 return=-86.0 length=87 lr=1.73e-04 entropy=0.3825
[ppo][eval] step=65000 mean_return=-88.50 max_return=-69.00
[ppo] step=65845 episode=490 return=-90.0 length=91 lr=1.69e-04 entropy=0.3741
[ppo] step=66734 episode=500 return=-92.0 length=93 lr=1.69e-04 entropy=0.3741
[ppo] step=67614 episode=510 return=-87.0 length=88 lr=1.65e-04 entropy=0.3744
[ppo] step=68972 episode=520 return=-500.0 length=500 lr=1.65e-04 entropy=0.3744
[ppo] step=69742 episode=530 return=-76.0 length=77 lr=1.61e-04 entropy=0.2816
[ppo][eval] step=70000 mean_return=-83.70 max_return=-63.00
[ppo] step=70610 episode=540 return=-84.0 length=85 lr=1.61e-04 entropy=0.2816
[ppo] step=71710 episode=550 return=-83.0 length=84 lr=1.57e-04 entropy=0.3147
[ppo] step=72559 episode=560 return=-94.0 length=95 lr=1.57e-04 entropy=0.3147
[ppo] step=73394 episode=570 return=-105.0 length=106 lr=1.57e-04 entropy=0.3147
[ppo] step=74342 episode=580 return=-89.0 length=90 lr=1.53e-04 entropy=0.3756
[ppo][eval] step=75000 mean_return=-83.40 max_return=-70.00
[ppo] step=75382 episode=590 return=-75.0 length=76 lr=1.53e-04 entropy=0.3756
[ppo] step=76253 episode=600 return=-73.0 length=74 lr=1.48e-04 entropy=0.3275
[ppo] step=77107 episode=610 return=-86.0 length=87 lr=1.48e-04 entropy=0.3275
[ppo] step=77997 episode=620 return=-133.0 length=134 lr=1.44e-04 entropy=0.3435
[ppo] step=79057 episode=630 return=-270.0 length=271 lr=1.44e-04 entropy=0.3435
[ppo][eval] step=80000 mean_return=-82.85 max_return=-71.00
[ppo] step=80132 episode=640 return=-86.0 length=87 lr=1.40e-04 entropy=0.2747
[ppo] step=81419 episode=650 return=-70.0 length=71 lr=1.40e-04 entropy=0.2747
[ppo] step=82297 episode=660 return=-75.0 length=76 lr=1.36e-04 entropy=0.2625
[ppo] step=83138 episode=670 return=-74.0 length=75 lr=1.36e-04 entropy=0.2625
[ppo] step=84025 episode=680 return=-102.0 length=103 lr=1.32e-04 entropy=0.2991
[ppo] step=84806 episode=690 return=-76.0 length=77 lr=1.32e-04 entropy=0.2991
[ppo][eval] step=85000 mean_return=-81.10 max_return=-71.00
[ppo] step=85596 episode=700 return=-79.0 length=80 lr=1.32e-04 entropy=0.2991
[ppo] step=86360 episode=710 return=-73.0 length=74 lr=1.28e-04 entropy=0.2807
[ppo] step=87162 episode=720 return=-80.0 length=81 lr=1.28e-04 entropy=0.2807
[ppo] step=87980 episode=730 return=-81.0 length=82 lr=1.28e-04 entropy=0.2807
[ppo] step=88793 episode=740 return=-81.0 length=82 lr=1.24e-04 entropy=0.2839
[ppo] step=89782 episode=750 return=-73.0 length=74 lr=1.24e-04 entropy=0.2839
[ppo][eval] step=90000 mean_return=-80.55 max_return=-71.00
[ppo] step=90718 episode=760 return=-226.0 length=227 lr=1.20e-04 entropy=0.2628
[ppo] step=91603 episode=770 return=-107.0 length=108 lr=1.20e-04 entropy=0.2628
[ppo] step=92465 episode=780 return=-86.0 length=87 lr=1.16e-04 entropy=0.2731
[ppo] step=93574 episode=790 return=-91.0 length=92 lr=1.16e-04 entropy=0.2731
[ppo] step=94472 episode=800 return=-87.0 length=88 lr=1.12e-04 entropy=0.2671
[ppo][eval] step=95000 mean_return=-84.70 max_return=-70.00
[ppo] step=95289 episode=810 return=-61.0 length=62 lr=1.12e-04 entropy=0.2671
[ppo] step=96246 episode=820 return=-89.0 length=90 lr=1.12e-04 entropy=0.2671
[ppo] step=97167 episode=830 return=-93.0 length=94 lr=1.07e-04 entropy=0.2932
[ppo] step=98099 episode=840 return=-90.0 length=91 lr=1.07e-04 entropy=0.2932
[ppo] step=99023 episode=850 return=-80.0 length=81 lr=1.03e-04 entropy=0.2746
[ppo] step=99816 episode=860 return=-78.0 length=79 lr=1.03e-04 entropy=0.2746
[ppo][eval] step=100000 mean_return=-81.05 max_return=-71.00
[ppo] step=100782 episode=870 return=-74.0 length=75 lr=9.93e-05 entropy=0.2747
[ppo] step=101611 episode=880 return=-78.0 length=79 lr=9.93e-05 entropy=0.2747
[ppo] step=102429 episode=890 return=-94.0 length=95 lr=9.52e-05 entropy=0.2662
[ppo] step=103419 episode=900 return=-72.0 length=73 lr=9.52e-05 entropy=0.2662
[ppo] step=104278 episode=910 return=-65.0 length=66 lr=9.52e-05 entropy=0.2662
[ppo][eval] step=105000 mean_return=-80.80 max_return=-71.00
[ppo] step=105139 episode=920 return=-64.0 length=65 lr=9.11e-05 entropy=0.2432
[ppo] step=105970 episode=930 return=-77.0 length=78 lr=9.11e-05 entropy=0.2432
[ppo] step=106765 episode=940 return=-87.0 length=88 lr=8.70e-05 entropy=0.2522
[ppo] step=107636 episode=950 return=-81.0 length=82 lr=8.70e-05 entropy=0.2522
[ppo] step=108516 episode=960 return=-86.0 length=87 lr=8.70e-05 entropy=0.2522
[ppo] step=109370 episode=970 return=-89.0 length=90 lr=8.29e-05 entropy=0.2688
[ppo][eval] step=110000 mean_return=-81.05 max_return=-70.00
[ppo] step=110266 episode=980 return=-89.0 length=90 lr=8.29e-05 entropy=0.2688
[ppo] step=111087 episode=990 return=-73.0 length=74 lr=7.88e-05 entropy=0.2799
[ppo] step=111928 episode=1000 return=-88.0 length=89 lr=7.88e-05 entropy=0.2799
[ppo] step=112870 episode=1010 return=-93.0 length=94 lr=7.47e-05 entropy=0.2799
[ppo] step=113753 episode=1020 return=-97.0 length=98 lr=7.47e-05 entropy=0.2799
[ppo] step=114687 episode=1030 return=-90.0 length=91 lr=7.47e-05 entropy=0.2799
[ppo][eval] step=115000 mean_return=-93.05 max_return=-76.00
[ppo] step=115706 episode=1040 return=-77.0 length=78 lr=7.06e-05 entropy=0.2714
[ppo] step=116766 episode=1050 return=-86.0 length=87 lr=6.65e-05 entropy=0.2388
[ppo] step=117752 episode=1060 return=-61.0 length=62 lr=6.65e-05 entropy=0.2388
[ppo] step=118660 episode=1070 return=-89.0 length=90 lr=6.65e-05 entropy=0.2388
[ppo] step=119463 episode=1080 return=-74.0 length=75 lr=6.24e-05 entropy=0.2556
[ppo][eval] step=120000 mean_return=-82.10 max_return=-71.00
[ppo] step=120254 episode=1090 return=-80.0 length=81 lr=6.24e-05 entropy=0.2556
[ppo] step=121173 episode=1100 return=-127.0 length=128 lr=5.83e-05 entropy=0.2682
[ppo] step=122152 episode=1110 return=-87.0 length=88 lr=5.83e-05 entropy=0.2682
[ppo] step=122955 episode=1120 return=-74.0 length=75 lr=5.42e-05 entropy=0.2586
[ppo] step=123775 episode=1130 return=-99.0 length=100 lr=5.42e-05 entropy=0.2586
[ppo] step=124663 episode=1140 return=-86.0 length=87 lr=5.42e-05 entropy=0.2586
[ppo][eval] step=125000 mean_return=-80.40 max_return=-70.00
[ppo] step=125631 episode=1150 return=-78.0 length=79 lr=5.01e-05 entropy=0.2562
[ppo] step=126439 episode=1160 return=-106.0 length=107 lr=5.01e-05 entropy=0.2562
[ppo] step=127518 episode=1170 return=-81.0 length=82 lr=4.60e-05 entropy=0.2728
[ppo] step=128498 episode=1180 return=-88.0 length=89 lr=4.60e-05 entropy=0.2728
[ppo] step=129340 episode=1190 return=-70.0 length=71 lr=4.20e-05 entropy=0.256
[ppo][eval] step=130000 mean_return=-79.70 max_return=-70.00
[ppo] step=130167 episode=1200 return=-72.0 length=73 lr=4.20e-05 entropy=0.256
[ppo] step=131138 episode=1210 return=-93.0 length=94 lr=3.79e-05 entropy=0.2659
[ppo] step=131967 episode=1220 return=-74.0 length=75 lr=3.79e-05 entropy=0.2659
[ppo] step=132839 episode=1230 return=-90.0 length=91 lr=3.79e-05 entropy=0.2659
[ppo] step=133703 episode=1240 return=-92.0 length=93 lr=3.38e-05 entropy=0.2795
[ppo] step=134597 episode=1250 return=-83.0 length=84 lr=3.38e-05 entropy=0.2795
[ppo][eval] step=135000 mean_return=-84.15 max_return=-63.00
[ppo] step=135473 episode=1260 return=-87.0 length=88 lr=2.97e-05 entropy=0.2797
[ppo] step=136574 episode=1270 return=-71.0 length=72 lr=2.97e-05 entropy=0.2797
[ppo] step=137442 episode=1280 return=-71.0 length=72 lr=2.56e-05 entropy=0.2288
[ppo] step=138335 episode=1290 return=-75.0 length=76 lr=2.56e-05 entropy=0.2288
[ppo] step=139250 episode=1300 return=-77.0 length=78 lr=2.56e-05 entropy=0.2288
[ppo][eval] step=140000 mean_return=-83.95 max_return=-63.00
[ppo] step=140100 episode=1310 return=-111.0 length=112 lr=2.15e-05 entropy=0.281
[ppo] step=141041 episode=1320 return=-93.0 length=94 lr=2.15e-05 entropy=0.281
[ppo] step=142123 episode=1330 return=-87.0 length=88 lr=1.74e-05 entropy=0.254
[ppo] step=143014 episode=1340 return=-89.0 length=90 lr=1.74e-05 entropy=0.254
[ppo] step=143830 episode=1350 return=-86.0 length=87 lr=1.33e-05 entropy=0.2445
[ppo] step=144694 episode=1360 return=-99.0 length=100 lr=1.33e-05 entropy=0.2445
[ppo][eval] step=145000 mean_return=-84.00 max_return=-63.00
[ppo] step=145566 episode=1370 return=-108.0 length=109 lr=9.18e-06 entropy=0.2652
[ppo] step=146480 episode=1380 return=-71.0 length=72 lr=9.18e-06 entropy=0.2652
[ppo] step=147460 episode=1390 return=-61.0 length=62 lr=5.09e-06 entropy=0.243
[ppo] step=148400 episode=1400 return=-77.0 length=78 lr=5.09e-06 entropy=0.243
[ppo] step=149276 episode=1410 return=-77.0 length=78 lr=5.09e-06 entropy=0.243
[ppo][eval] step=150000 mean_return=-83.95 max_return=-63.00
[ppo] finished profile=fast mean_eval_return=-78.35 passed=True run_dir=results/rl/ppo_acrobot_20260828_012117_711955
{
  "task": "acrobot",
  "env_id": "Acrobot-v1",
  "algorithm": "ppo_clipped_surrogate_gae",
  "profile": "fast",
  "seed": 1,
  "total_timesteps": 150000,
  "configured_total_timesteps": 150000,
  "actual_timesteps": 150000,
  "updates": 74,
  "rollout_length": 2048,
  "action_kind": "discrete",
  "eval_episodes": 20,
  "success_threshold": -100.0,
  "passed": true,
  "final_eval": {
    "episodes": 20,
    "seed": 10000,
    "mean_return": -78.3499984741211,
    "std_return": 10.330900192260742,
    "min_return": -94.0,
    "max_return": -63.0,
    "mean_length": 79.3499984741211
  },
  "last_eval": {
    "episodes": 20,
    "seed": 10000,
    "mean_return": -83.94999694824219,
    "std_return": 22.948802947998047,
    "min_return": -179.0,
    "max_return": -63.0,
    "mean_length": 84.94999694824219
  },
  "selected_step": 20000,
  "selected_source": "best_eval",
  "training_efficiency": {
    "best_model_step": 20000,
    "best_model_training_fraction": 0.13333333333333333,
    "first_success_step": 10000,
    "first_success_training_fraction": 0.06666666666666667,
    "best_minus_last_return": 5.599998474121094,
    "budget_interpretation": "regressed_after_best"
  },
  "early_stopping": {
    "enabled": false,
    "patience": 30,
    "min_delta": 1.0,
    "min_steps": 25000,
    "target_score": -60.0,
    "best_mean_return": -78.3499984741211,
    "evaluations": 30,
    "evaluations_without_improvement": 26,
    "stopped_early": false,
    "stopping_reason": "budget_exhausted",
    "stopping_step": 150000
  },
  "run_dir": "results/rl/ppo_acrobot_20260828_012117_711955"
}
Checkpoint: results/rl/ppo_acrobot_20260828_012117_711955/checkpoint.pt
	Command being timed: ".venv/bin/python tools/run_rl_ppo.py acrobot --profile fast --seed 1 --device cpu --no-early-stopping --total-timesteps 150000"
	User time (seconds): 123.11
	System time (seconds): 0.49
	Percent of CPU this job got: 141%
	Elapsed (wall clock) time (h:mm:ss or m:ss): 1:27.10
	Average shared text size (kbytes): 0
	Average unshared data size (kbytes): 0
	Average stack size (kbytes): 0
	Average total size (kbytes): 0
	Maximum resident set size (kbytes): 806812
	Average resident set size (kbytes): 0
	Major (requiring I/O) page faults: 21
	Minor (reclaiming a frame) page faults: 280045
	Voluntary context switches: 612
	Involuntary context switches: 398
	Swaps: 0
	File system inputs: 0
	File system outputs: 680
	Socket messages sent: 0
	Socket messages received: 0
	Signals delivered: 0
	Page size (bytes): 4096
	Exit status: 0
