[ppo] step=11 episode=1 return=11.0 length=11 lr=3.00e-04 entropy=None
[ppo] step=23 episode=2 return=12.0 length=12 lr=3.00e-04 entropy=None
[ppo] step=42 episode=3 return=19.0 length=19 lr=3.00e-04 entropy=None
[ppo] step=59 episode=4 return=17.0 length=17 lr=3.00e-04 entropy=None
[ppo] step=91 episode=5 return=32.0 length=32 lr=3.00e-04 entropy=None
[ppo] step=258 episode=10 return=22.0 length=22 lr=3.00e-04 entropy=None
[ppo] step=484 episode=20 return=12.0 length=12 lr=3.00e-04 entropy=None
[ppo] step=715 episode=30 return=20.0 length=20 lr=3.00e-04 entropy=None
[ppo] step=997 episode=40 return=28.0 length=28 lr=3.00e-04 entropy=None
[ppo] step=1249 episode=50 return=37.0 length=37 lr=3.00e-04 entropy=None
[ppo] step=1513 episode=60 return=11.0 length=11 lr=3.00e-04 entropy=None
[ppo] step=1785 episode=70 return=31.0 length=31 lr=3.00e-04 entropy=None
[ppo] step=2153 episode=80 return=63.0 length=63 lr=2.96e-04 entropy=0.6856
[ppo] step=2427 episode=90 return=23.0 length=23 lr=2.96e-04 entropy=0.6856
[ppo] step=2821 episode=100 return=48.0 length=48 lr=2.96e-04 entropy=0.6856
[ppo] step=3203 episode=110 return=39.0 length=39 lr=2.96e-04 entropy=0.6856
[ppo] step=3466 episode=120 return=29.0 length=29 lr=2.96e-04 entropy=0.6856
[ppo] step=3797 episode=130 return=23.0 length=23 lr=2.96e-04 entropy=0.6856
[ppo] step=4031 episode=140 return=48.0 length=48 lr=2.96e-04 entropy=0.6856
[ppo] step=4426 episode=150 return=51.0 length=51 lr=2.92e-04 entropy=0.6554
[ppo] step=4978 episode=160 return=89.0 length=89 lr=2.92e-04 entropy=0.6554
[ppo][eval] step=5000 mean_return=450.40 max_return=500.00
[ppo] step=5409 episode=170 return=32.0 length=32 lr=2.92e-04 entropy=0.6554
[ppo] step=5830 episode=180 return=75.0 length=75 lr=2.92e-04 entropy=0.6554
[ppo] step=6298 episode=190 return=41.0 length=41 lr=2.88e-04 entropy=0.6155
[ppo] step=6959 episode=200 return=80.0 length=80 lr=2.88e-04 entropy=0.6155
[ppo] step=7828 episode=210 return=93.0 length=93 lr=2.88e-04 entropy=0.6155
[ppo] step=9166 episode=220 return=72.0 length=72 lr=2.84e-04 entropy=0.5912
[ppo][eval] step=10000 mean_return=470.95 max_return=500.00
[ppo] step=10564 episode=230 return=186.0 length=186 lr=2.80e-04 entropy=0.5703
[ppo] step=12533 episode=240 return=500.0 length=500 lr=2.75e-04 entropy=0.555
[ppo] step=14983 episode=250 return=149.0 length=149 lr=2.71e-04 entropy=0.5573
[ppo][eval] step=15000 mean_return=493.55 max_return=500.00
[ppo] step=17981 episode=260 return=461.0 length=461 lr=2.67e-04 entropy=0.5748
[ppo][eval] step=20000 mean_return=500.00 max_return=500.00
[ppo] step=21950 episode=270 return=500.0 length=500 lr=2.59e-04 entropy=0.5362
[ppo][eval] step=25000 mean_return=500.00 max_return=500.00
[ppo] step=25360 episode=280 return=106.0 length=106 lr=2.51e-04 entropy=0.5615
[ppo] step=28624 episode=290 return=271.0 length=271 lr=2.47e-04 entropy=0.5377
[ppo][eval] step=30000 mean_return=497.70 max_return=500.00
[ppo] step=31117 episode=300 return=500.0 length=500 lr=2.39e-04 entropy=0.5561
[ppo] step=34989 episode=310 return=482.0 length=482 lr=2.30e-04 entropy=0.5679
[ppo][eval] step=35000 mean_return=499.40 max_return=500.00
[ppo] step=37624 episode=320 return=248.0 length=248 lr=2.26e-04 entropy=0.5577
[ppo][eval] step=40000 mean_return=499.80 max_return=500.00
[ppo] step=40519 episode=330 return=110.0 length=110 lr=2.22e-04 entropy=0.5689
[ppo] step=43822 episode=340 return=267.0 length=267 lr=2.14e-04 entropy=0.546
[ppo][eval] step=45000 mean_return=491.80 max_return=500.00
[ppo] step=46684 episode=350 return=141.0 length=141 lr=2.10e-04 entropy=0.5531
[ppo][eval] step=50000 mean_return=500.00 max_return=500.00
[ppo] step=50915 episode=360 return=500.0 length=500 lr=2.02e-04 entropy=0.5469
[ppo][eval] step=55000 mean_return=500.00 max_return=500.00
[ppo] step=55293 episode=370 return=500.0 length=500 lr=1.94e-04 entropy=0.5347
[ppo][eval] step=60000 mean_return=500.00 max_return=500.00
[ppo] step=60207 episode=380 return=500.0 length=500 lr=1.81e-04 entropy=0.5501
[ppo] step=64139 episode=390 return=313.0 length=313 lr=1.73e-04 entropy=0.5497
[ppo][eval] step=65000 mean_return=500.00 max_return=500.00
[ppo] step=67842 episode=400 return=427.0 length=427 lr=1.65e-04 entropy=0.5568
[ppo][eval] step=70000 mean_return=500.00 max_return=500.00
[ppo] step=72842 episode=410 return=500.0 length=500 lr=1.57e-04 entropy=0.5339
[ppo][eval] step=75000 mean_return=500.00 max_return=500.00
[ppo] step=77636 episode=420 return=500.0 length=500 lr=1.48e-04 entropy=0.5338
[ppo][eval] step=80000 mean_return=500.00 max_return=500.00
[ppo] step=82636 episode=430 return=500.0 length=500 lr=1.36e-04 entropy=0.5246
[ppo][eval] step=85000 mean_return=500.00 max_return=500.00
[ppo] step=87353 episode=440 return=500.0 length=500 lr=1.28e-04 entropy=0.5056
[ppo] step=89932 episode=450 return=151.0 length=151 lr=1.24e-04 entropy=0.5314
[ppo][eval] step=90000 mean_return=459.15 max_return=500.00
[ppo] step=94353 episode=460 return=500.0 length=500 lr=1.12e-04 entropy=0.5334
[ppo][eval] step=95000 mean_return=500.00 max_return=500.00
[ppo] step=97141 episode=470 return=148.0 length=148 lr=1.07e-04 entropy=0.5452
[ppo] step=99466 episode=480 return=195.0 length=195 lr=1.03e-04 entropy=0.5542
[ppo][eval] step=100000 mean_return=430.60 max_return=500.00
[ppo] step=102095 episode=490 return=333.0 length=333 lr=9.93e-05 entropy=0.5425
[ppo][eval] step=105000 mean_return=500.00 max_return=500.00
[ppo] step=105118 episode=500 return=216.0 length=216 lr=9.11e-05 entropy=0.5392
[ppo] step=109015 episode=510 return=354.0 length=354 lr=8.29e-05 entropy=0.548
[ppo][eval] step=110000 mean_return=500.00 max_return=500.00
[ppo] step=113007 episode=520 return=500.0 length=500 lr=7.47e-05 entropy=0.5565
[ppo][eval] step=115000 mean_return=500.00 max_return=500.00
[ppo] step=117386 episode=530 return=500.0 length=500 lr=6.65e-05 entropy=0.535
[ppo][eval] step=120000 mean_return=500.00 max_return=500.00
[ppo] step=121360 episode=540 return=500.0 length=500 lr=5.83e-05 entropy=0.5402
[ppo] step=124058 episode=550 return=202.0 length=202 lr=5.42e-05 entropy=0.5656
[ppo][eval] step=125000 mean_return=500.00 max_return=500.00
[ppo] step=127320 episode=560 return=331.0 length=331 lr=4.60e-05 entropy=0.5693
[ppo][eval] step=130000 mean_return=500.00 max_return=500.00
[ppo] step=130471 episode=570 return=500.0 length=500 lr=4.20e-05 entropy=0.5656
[ppo] step=134235 episode=580 return=500.0 length=500 lr=3.38e-05 entropy=0.5524
[ppo][eval] step=135000 mean_return=500.00 max_return=500.00
[ppo] step=138752 episode=590 return=500.0 length=500 lr=2.56e-05 entropy=0.538
[ppo][eval] step=140000 mean_return=500.00 max_return=500.00
[ppo] step=143579 episode=600 return=500.0 length=500 lr=1.33e-05 entropy=0.5599
[ppo][eval] step=145000 mean_return=500.00 max_return=500.00
[ppo] step=147876 episode=610 return=500.0 length=500 lr=5.09e-06 entropy=0.5537
[ppo][eval] step=150000 mean_return=500.00 max_return=500.00
[ppo] finished profile=fast mean_eval_return=500.00 passed=True run_dir=results/rl/ppo_cartpole_20260828_012117_726888
{
  "task": "cartpole",
  "env_id": "CartPole-v1",
  "algorithm": "ppo_clipped_surrogate_gae",
  "profile": "fast",
  "seed": 3,
  "total_timesteps": 150000,
  "configured_total_timesteps": 150000,
  "actual_timesteps": 150000,
  "updates": 74,
  "rollout_length": 2048,
  "action_kind": "discrete",
  "eval_episodes": 20,
  "success_threshold": 475.0,
  "passed": true,
  "final_eval": {
    "episodes": 20,
    "seed": 10000,
    "mean_return": 500.0,
    "std_return": 0.0,
    "min_return": 500.0,
    "max_return": 500.0,
    "mean_length": 500.0
  },
  "last_eval": {
    "episodes": 20,
    "seed": 10000,
    "mean_return": 500.0,
    "std_return": 0.0,
    "min_return": 500.0,
    "max_return": 500.0,
    "mean_length": 500.0
  },
  "selected_step": 150000,
  "selected_source": "final",
  "training_efficiency": {
    "best_model_step": 150000,
    "best_model_training_fraction": 1.0,
    "first_success_step": 15000,
    "first_success_training_fraction": 0.1,
    "best_minus_last_return": 0.0,
    "budget_interpretation": "final_is_best_check_for_underfit"
  },
  "early_stopping": {
    "enabled": false,
    "patience": 30,
    "min_delta": 1.0,
    "min_steps": 25000,
    "target_score": 500.0,
    "best_mean_return": 500.0,
    "evaluations": 30,
    "evaluations_without_improvement": 26,
    "stopped_early": false,
    "stopping_reason": "budget_exhausted",
    "stopping_step": 150000
  },
  "run_dir": "results/rl/ppo_cartpole_20260828_012117_726888"
}
Checkpoint: results/rl/ppo_cartpole_20260828_012117_726888/checkpoint.pt
	Command being timed: ".venv/bin/python tools/run_rl_ppo.py cartpole --profile fast --seed 3 --device cpu --no-early-stopping --total-timesteps 150000"
	User time (seconds): 141.24
	System time (seconds): 0.46
	Percent of CPU this job got: 133%
	Elapsed (wall clock) time (h:mm:ss or m:ss): 1:45.97
	Average shared text size (kbytes): 0
	Average unshared data size (kbytes): 0
	Average stack size (kbytes): 0
	Average total size (kbytes): 0
	Maximum resident set size (kbytes): 804796
	Average resident set size (kbytes): 0
	Major (requiring I/O) page faults: 21
	Minor (reclaiming a frame) page faults: 260759
	Voluntary context switches: 838
	Involuntary context switches: 345
	Swaps: 0
	File system inputs: 0
	File system outputs: 448
	Socket messages sent: 0
	Socket messages received: 0
	Signals delivered: 0
	Page size (bytes): 4096
	Exit status: 0
