[ppo] step=6 episode=1 return=0.0 length=6 lr=3.00e-04 entropy=None
[ppo] step=12 episode=2 return=0.0 length=6 lr=3.00e-04 entropy=None
[ppo] step=28 episode=3 return=1.0 length=16 lr=3.00e-04 entropy=None
[ppo] step=34 episode=4 return=0.0 length=6 lr=3.00e-04 entropy=None
[ppo] step=40 episode=5 return=0.0 length=6 lr=3.00e-04 entropy=None
[ppo] step=90 episode=10 return=1.0 length=16 lr=3.00e-04 entropy=None
[ppo] step=190 episode=20 return=0.0 length=6 lr=3.00e-04 entropy=None
[ppo] step=300 episode=30 return=0.0 length=6 lr=3.00e-04 entropy=None
[ppo] step=390 episode=40 return=0.0 length=6 lr=3.00e-04 entropy=None
[ppo] step=480 episode=50 return=1.0 length=16 lr=3.00e-04 entropy=None
[ppo] step=540 episode=60 return=0.0 length=6 lr=3.00e-04 entropy=None
[ppo] step=620 episode=70 return=0.0 length=6 lr=3.00e-04 entropy=None
[ppo] step=798 episode=80 return=0.0 length=6 lr=3.00e-04 entropy=None
[ppo] step=900 episode=90 return=0.0 length=6 lr=3.00e-04 entropy=None
[ppo] step=1022 episode=100 return=1.0 length=16 lr=3.00e-04 entropy=None
[ppo] step=1144 episode=110 return=0.0 length=6 lr=3.00e-04 entropy=None
[ppo] step=1234 episode=120 return=1.0 length=16 lr=3.00e-04 entropy=None
[ppo] step=1314 episode=130 return=0.0 length=6 lr=3.00e-04 entropy=None
[ppo] step=1404 episode=140 return=0.0 length=6 lr=3.00e-04 entropy=None
[ppo] step=1494 episode=150 return=0.0 length=6 lr=3.00e-04 entropy=None
[ppo] step=1616 episode=160 return=0.0 length=6 lr=3.00e-04 entropy=None
[ppo] step=1728 episode=170 return=2.0 length=28 lr=3.00e-04 entropy=None
[ppo] step=1818 episode=180 return=0.0 length=6 lr=3.00e-04 entropy=None
[ppo] step=1898 episode=190 return=0.0 length=6 lr=3.00e-04 entropy=None
[ppo] step=1978 episode=200 return=1.0 length=16 lr=3.00e-04 entropy=None
[ppo] step=2100 episode=210 return=1.0 length=16 lr=2.96e-04 entropy=1.0942
[ppo] step=2212 episode=220 return=0.0 length=6 lr=2.96e-04 entropy=1.0942
[ppo] step=2364 episode=230 return=0.0 length=6 lr=2.96e-04 entropy=1.0942
[ppo] step=2496 episode=240 return=0.0 length=6 lr=2.96e-04 entropy=1.0942
[ppo] step=2636 episode=250 return=0.0 length=6 lr=2.96e-04 entropy=1.0942
[ppo] step=2790 episode=260 return=1.0 length=16 lr=2.96e-04 entropy=1.0942
[ppo] step=2902 episode=270 return=0.0 length=6 lr=2.96e-04 entropy=1.0942
[ppo] step=2992 episode=280 return=0.0 length=6 lr=2.96e-04 entropy=1.0942
[ppo] step=3112 episode=290 return=0.0 length=6 lr=2.96e-04 entropy=1.0942
[ppo] step=3224 episode=300 return=0.0 length=6 lr=2.96e-04 entropy=1.0942
[ppo] step=3344 episode=310 return=1.0 length=16 lr=2.96e-04 entropy=1.0942
[ppo] step=3466 episode=320 return=1.0 length=16 lr=2.96e-04 entropy=1.0942
[ppo] step=3536 episode=330 return=0.0 length=6 lr=2.96e-04 entropy=1.0942
[ppo] step=3658 episode=340 return=0.0 length=6 lr=2.96e-04 entropy=1.0942
[ppo] step=3758 episode=350 return=0.0 length=6 lr=2.96e-04 entropy=1.0942
[ppo] step=3860 episode=360 return=0.0 length=6 lr=2.96e-04 entropy=1.0942
[ppo] step=3940 episode=370 return=1.0 length=16 lr=2.96e-04 entropy=1.0942
[ppo] step=4050 episode=380 return=0.0 length=6 lr=2.96e-04 entropy=1.0942
[ppo] step=4192 episode=390 return=2.0 length=26 lr=2.92e-04 entropy=1.0737
[ppo] step=4292 episode=400 return=0.0 length=6 lr=2.92e-04 entropy=1.0737
[ppo] step=4404 episode=410 return=4.0 length=48 lr=2.92e-04 entropy=1.0737
[ppo] step=4514 episode=420 return=1.0 length=16 lr=2.92e-04 entropy=1.0737
[ppo] step=4574 episode=430 return=0.0 length=6 lr=2.92e-04 entropy=1.0737
[ppo] step=4714 episode=440 return=0.0 length=6 lr=2.92e-04 entropy=1.0737
[ppo] step=4828 episode=450 return=0.0 length=6 lr=2.92e-04 entropy=1.0737
[ppo] step=4908 episode=460 return=0.0 length=6 lr=2.92e-04 entropy=1.0737
[ppo][eval] step=5000 mean_return=2.15 max_return=5.00
[ppo] step=5008 episode=470 return=0.0 length=6 lr=2.92e-04 entropy=1.0737
[ppo] step=5140 episode=480 return=1.0 length=16 lr=2.92e-04 entropy=1.0737
[ppo] step=5240 episode=490 return=1.0 length=16 lr=2.92e-04 entropy=1.0737
[ppo] step=5350 episode=500 return=0.0 length=6 lr=2.92e-04 entropy=1.0737
[ppo] step=5508 episode=510 return=2.0 length=28 lr=2.92e-04 entropy=1.0737
[ppo] step=5598 episode=520 return=1.0 length=16 lr=2.92e-04 entropy=1.0737
[ppo] step=5720 episode=530 return=0.0 length=6 lr=2.92e-04 entropy=1.0737
[ppo] step=5830 episode=540 return=1.0 length=16 lr=2.92e-04 entropy=1.0737
[ppo] step=5932 episode=550 return=0.0 length=6 lr=2.92e-04 entropy=1.0737
[ppo] step=6054 episode=560 return=1.0 length=16 lr=2.92e-04 entropy=1.0737
[ppo] step=6164 episode=570 return=1.0 length=16 lr=2.88e-04 entropy=1.0343
[ppo] step=6372 episode=580 return=3.0 length=38 lr=2.88e-04 entropy=1.0343
[ppo] step=6592 episode=590 return=2.0 length=26 lr=2.88e-04 entropy=1.0343
[ppo] step=6734 episode=600 return=0.0 length=6 lr=2.88e-04 entropy=1.0343
[ppo] step=6884 episode=610 return=0.0 length=6 lr=2.88e-04 entropy=1.0343
[ppo] step=7092 episode=620 return=3.0 length=38 lr=2.88e-04 entropy=1.0343
[ppo] step=7246 episode=630 return=1.0 length=16 lr=2.88e-04 entropy=1.0343
[ppo] step=7356 episode=640 return=0.0 length=6 lr=2.88e-04 entropy=1.0343
[ppo] step=7488 episode=650 return=2.0 length=28 lr=2.88e-04 entropy=1.0343
[ppo] step=7684 episode=660 return=0.0 length=6 lr=2.88e-04 entropy=1.0343
[ppo] step=7900 episode=670 return=0.0 length=6 lr=2.88e-04 entropy=1.0343
[ppo] step=8054 episode=680 return=0.0 length=6 lr=2.88e-04 entropy=1.0343
[ppo] step=8164 episode=690 return=0.0 length=6 lr=2.88e-04 entropy=1.0343
[ppo] step=8298 episode=700 return=2.0 length=28 lr=2.84e-04 entropy=0.9901
[ppo] step=8494 episode=710 return=1.0 length=16 lr=2.84e-04 entropy=0.9901
[ppo] step=8678 episode=720 return=1.0 length=16 lr=2.84e-04 entropy=0.9901
[ppo] step=8920 episode=730 return=4.0 length=50 lr=2.84e-04 entropy=0.9901
[ppo] step=9096 episode=740 return=5.0 length=60 lr=2.84e-04 entropy=0.9901
[ppo] step=9258 episode=750 return=1.0 length=16 lr=2.84e-04 entropy=0.9901
[ppo] step=9422 episode=760 return=0.0 length=6 lr=2.84e-04 entropy=0.9901
[ppo] step=9586 episode=770 return=1.0 length=16 lr=2.84e-04 entropy=0.9901
[ppo] step=9762 episode=780 return=4.0 length=48 lr=2.84e-04 entropy=0.9901
[ppo] step=9958 episode=790 return=2.0 length=26 lr=2.84e-04 entropy=0.9901
[ppo][eval] step=10000 mean_return=1.60 max_return=3.00
[ppo] step=10080 episode=800 return=2.0 length=26 lr=2.84e-04 entropy=0.9901
[ppo] step=10232 episode=810 return=0.0 length=6 lr=2.84e-04 entropy=0.9901
[ppo] step=10444 episode=820 return=2.0 length=28 lr=2.80e-04 entropy=0.9445
[ppo] step=10642 episode=830 return=3.0 length=38 lr=2.80e-04 entropy=0.9445
[ppo] step=10848 episode=840 return=0.0 length=6 lr=2.80e-04 entropy=0.9445
[ppo] step=11066 episode=850 return=1.0 length=16 lr=2.80e-04 entropy=0.9445
[ppo] step=11296 episode=860 return=6.0 length=72 lr=2.80e-04 entropy=0.9445
[ppo] step=11452 episode=870 return=3.0 length=38 lr=2.80e-04 entropy=0.9445
[ppo] step=11608 episode=880 return=2.0 length=28 lr=2.80e-04 entropy=0.9445
[ppo] step=11748 episode=890 return=1.0 length=16 lr=2.80e-04 entropy=0.9445
[ppo] step=11958 episode=900 return=2.0 length=28 lr=2.80e-04 entropy=0.9445
[ppo] step=12112 episode=910 return=0.0 length=6 lr=2.80e-04 entropy=0.9445
[ppo] step=12266 episode=920 return=1.0 length=16 lr=2.80e-04 entropy=0.9445
[ppo] step=12380 episode=930 return=2.0 length=28 lr=2.75e-04 entropy=0.8951
[ppo] step=12598 episode=940 return=1.0 length=16 lr=2.75e-04 entropy=0.8951
[ppo] step=12794 episode=950 return=0.0 length=6 lr=2.75e-04 entropy=0.8951
[ppo] step=13100 episode=960 return=0.0 length=6 lr=2.75e-04 entropy=0.8951
[ppo] step=13402 episode=970 return=1.0 length=16 lr=2.75e-04 entropy=0.8951
[ppo] step=13602 episode=980 return=2.0 length=28 lr=2.75e-04 entropy=0.8951
[ppo] step=13842 episode=990 return=2.0 length=28 lr=2.75e-04 entropy=0.8951
[ppo] step=14040 episode=1000 return=2.0 length=28 lr=2.75e-04 entropy=0.8951
[ppo] step=14326 episode=1010 return=5.0 length=62 lr=2.75e-04 entropy=0.8951
[ppo] step=14520 episode=1020 return=0.0 length=6 lr=2.71e-04 entropy=0.8597
[ppo] step=14780 episode=1030 return=3.0 length=38 lr=2.71e-04 entropy=0.8597
[ppo][eval] step=15000 mean_return=3.35 max_return=5.00
[ppo] step=15096 episode=1040 return=3.0 length=38 lr=2.71e-04 entropy=0.8597
[ppo] step=15316 episode=1050 return=0.0 length=6 lr=2.71e-04 entropy=0.8597
[ppo] step=15504 episode=1060 return=1.0 length=16 lr=2.71e-04 entropy=0.8597
[ppo] step=15788 episode=1070 return=0.0 length=6 lr=2.71e-04 entropy=0.8597
[ppo] step=16040 episode=1080 return=2.0 length=26 lr=2.71e-04 entropy=0.8597
[ppo] step=16430 episode=1090 return=2.0 length=28 lr=2.67e-04 entropy=0.8207
[ppo] step=16734 episode=1100 return=2.0 length=28 lr=2.67e-04 entropy=0.8207
[ppo] step=16968 episode=1110 return=4.0 length=50 lr=2.67e-04 entropy=0.8207
[ppo] step=17196 episode=1120 return=0.0 length=6 lr=2.67e-04 entropy=0.8207
[ppo] step=17502 episode=1130 return=0.0 length=6 lr=2.67e-04 entropy=0.8207
[ppo] step=17766 episode=1140 return=2.0 length=28 lr=2.67e-04 entropy=0.8207
[ppo] step=18036 episode=1150 return=0.0 length=6 lr=2.67e-04 entropy=0.8207
[ppo] step=18274 episode=1160 return=0.0 length=6 lr=2.67e-04 entropy=0.8207
[ppo] step=18560 episode=1170 return=4.0 length=48 lr=2.63e-04 entropy=0.7921
[ppo] step=18858 episode=1180 return=4.0 length=50 lr=2.63e-04 entropy=0.7921
[ppo] step=19208 episode=1190 return=5.0 length=60 lr=2.63e-04 entropy=0.7921
[ppo] step=19504 episode=1200 return=2.0 length=28 lr=2.63e-04 entropy=0.7921
[ppo] step=19736 episode=1210 return=0.0 length=6 lr=2.63e-04 entropy=0.7921
[ppo][eval] step=20000 mean_return=3.85 max_return=6.00
[ppo] step=20052 episode=1220 return=2.0 length=28 lr=2.63e-04 entropy=0.7921
[ppo] step=20374 episode=1230 return=3.0 length=38 lr=2.63e-04 entropy=0.7921
[ppo] step=20720 episode=1240 return=5.0 length=62 lr=2.59e-04 entropy=0.7509
[ppo] step=21136 episode=1250 return=2.0 length=26 lr=2.59e-04 entropy=0.7509
[ppo] step=21450 episode=1260 return=4.0 length=48 lr=2.59e-04 entropy=0.7509
[ppo] step=21714 episode=1270 return=4.0 length=50 lr=2.59e-04 entropy=0.7509
[ppo] step=22110 episode=1280 return=2.0 length=28 lr=2.59e-04 entropy=0.7509
[ppo] step=22560 episode=1290 return=5.0 length=58 lr=2.55e-04 entropy=0.7341
[ppo] step=22878 episode=1300 return=3.0 length=38 lr=2.55e-04 entropy=0.7341
[ppo] step=23240 episode=1310 return=1.0 length=16 lr=2.55e-04 entropy=0.7341
[ppo] step=23676 episode=1320 return=3.0 length=38 lr=2.55e-04 entropy=0.7341
[ppo] step=23930 episode=1330 return=0.0 length=6 lr=2.55e-04 entropy=0.7341
[ppo] step=24186 episode=1340 return=2.0 length=28 lr=2.55e-04 entropy=0.7341
[ppo] step=24570 episode=1350 return=3.0 length=38 lr=2.55e-04 entropy=0.7341
[ppo] step=24928 episode=1360 return=3.0 length=38 lr=2.51e-04 entropy=0.6952
[ppo][eval] step=25000 mean_return=3.45 max_return=6.00
[ppo] step=25244 episode=1370 return=1.0 length=16 lr=2.51e-04 entropy=0.6952
[ppo] step=25594 episode=1380 return=2.0 length=28 lr=2.51e-04 entropy=0.6952
[ppo] step=25934 episode=1390 return=5.0 length=62 lr=2.51e-04 entropy=0.6952
[ppo] step=26218 episode=1400 return=2.0 length=28 lr=2.51e-04 entropy=0.6952
[ppo] step=26558 episode=1410 return=4.0 length=50 lr=2.51e-04 entropy=0.6952
[ppo] step=26932 episode=1420 return=1.0 length=16 lr=2.47e-04 entropy=0.6746
[ppo] step=27258 episode=1430 return=0.0 length=6 lr=2.47e-04 entropy=0.6746
[ppo] step=27620 episode=1440 return=0.0 length=6 lr=2.47e-04 entropy=0.6746
[ppo] step=28044 episode=1450 return=5.0 length=60 lr=2.47e-04 entropy=0.6746
[ppo] step=28428 episode=1460 return=4.0 length=48 lr=2.47e-04 entropy=0.6746
[ppo] step=28840 episode=1470 return=4.0 length=48 lr=2.43e-04 entropy=0.6442
[ppo] step=29070 episode=1480 return=1.0 length=16 lr=2.43e-04 entropy=0.6442
[ppo] step=29472 episode=1490 return=2.0 length=28 lr=2.43e-04 entropy=0.6442
[ppo] step=29910 episode=1500 return=4.0 length=48 lr=2.43e-04 entropy=0.6442
[ppo][eval] step=30000 mean_return=3.50 max_return=5.00
[ppo] step=30358 episode=1510 return=2.0 length=28 lr=2.43e-04 entropy=0.6442
[ppo] step=30686 episode=1520 return=0.0 length=6 lr=2.43e-04 entropy=0.6442
[ppo] step=31120 episode=1530 return=3.0 length=38 lr=2.39e-04 entropy=0.6401
[ppo] step=31500 episode=1540 return=2.0 length=28 lr=2.39e-04 entropy=0.6401
[ppo] step=31916 episode=1550 return=1.0 length=16 lr=2.39e-04 entropy=0.6401
[ppo] step=32316 episode=1560 return=3.0 length=38 lr=2.39e-04 entropy=0.6401
[ppo] step=32788 episode=1570 return=4.0 length=48 lr=2.34e-04 entropy=0.6207
[ppo] step=33180 episode=1580 return=4.0 length=48 lr=2.34e-04 entropy=0.6207
[ppo] step=33630 episode=1590 return=3.0 length=38 lr=2.34e-04 entropy=0.6207
[ppo] step=34020 episode=1600 return=2.0 length=26 lr=2.34e-04 entropy=0.6207
[ppo] step=34422 episode=1610 return=4.0 length=50 lr=2.34e-04 entropy=0.6207
[ppo] step=34758 episode=1620 return=0.0 length=6 lr=2.34e-04 entropy=0.6207
[ppo][eval] step=35000 mean_return=4.65 max_return=6.00
[ppo] step=35180 episode=1630 return=6.0 length=72 lr=2.30e-04 entropy=0.61
[ppo] step=35540 episode=1640 return=6.0 length=70 lr=2.30e-04 entropy=0.61
[ppo] step=35974 episode=1650 return=5.0 length=60 lr=2.30e-04 entropy=0.61
[ppo] step=36336 episode=1660 return=5.0 length=60 lr=2.30e-04 entropy=0.61
[ppo] step=36730 episode=1670 return=4.0 length=48 lr=2.30e-04 entropy=0.61
[ppo] step=37176 episode=1680 return=2.0 length=28 lr=2.26e-04 entropy=0.6056
[ppo] step=37616 episode=1690 return=3.0 length=38 lr=2.26e-04 entropy=0.6056
[ppo] step=38118 episode=1700 return=0.0 length=6 lr=2.26e-04 entropy=0.6056
[ppo] step=38604 episode=1710 return=7.0 length=82 lr=2.26e-04 entropy=0.6056
[ppo] step=39094 episode=1720 return=6.0 length=70 lr=2.22e-04 entropy=0.585
[ppo] step=39654 episode=1730 return=5.0 length=60 lr=2.22e-04 entropy=0.585
[ppo][eval] step=40000 mean_return=4.80 max_return=6.00
[ppo] step=40094 episode=1740 return=0.0 length=6 lr=2.22e-04 entropy=0.585
[ppo] step=40474 episode=1750 return=0.0 length=6 lr=2.22e-04 entropy=0.585
[ppo] step=41040 episode=1760 return=5.0 length=60 lr=2.18e-04 entropy=0.5877
[ppo] step=41576 episode=1770 return=4.0 length=50 lr=2.18e-04 entropy=0.5877
[ppo] step=42164 episode=1780 return=5.0 length=60 lr=2.18e-04 entropy=0.5877
[ppo] step=42676 episode=1790 return=3.0 length=38 lr=2.18e-04 entropy=0.5877
[ppo] step=43188 episode=1800 return=1.0 length=16 lr=2.14e-04 entropy=0.5747
[ppo] step=43576 episode=1810 return=3.0 length=38 lr=2.14e-04 entropy=0.5747
[ppo] step=43912 episode=1820 return=3.0 length=38 lr=2.14e-04 entropy=0.5747
[ppo] step=44362 episode=1830 return=3.0 length=38 lr=2.14e-04 entropy=0.5747
[ppo] step=44782 episode=1840 return=5.0 length=62 lr=2.14e-04 entropy=0.5747
[ppo][eval] step=45000 mean_return=4.00 max_return=8.00
[ppo] step=45188 episode=1850 return=6.0 length=72 lr=2.10e-04 entropy=0.5659
[ppo] step=45656 episode=1860 return=5.0 length=60 lr=2.10e-04 entropy=0.5659
[ppo] step=46186 episode=1870 return=5.0 length=60 lr=2.10e-04 entropy=0.5659
[ppo] step=46576 episode=1880 return=0.0 length=6 lr=2.10e-04 entropy=0.5659
[ppo] step=47084 episode=1890 return=4.0 length=48 lr=2.10e-04 entropy=0.5659
[ppo] step=47500 episode=1900 return=2.0 length=28 lr=2.06e-04 entropy=0.5769
[ppo] step=48090 episode=1910 return=5.0 length=62 lr=2.06e-04 entropy=0.5769
[ppo] step=48484 episode=1920 return=6.0 length=72 lr=2.06e-04 entropy=0.5769
[ppo] step=48996 episode=1930 return=6.0 length=72 lr=2.06e-04 entropy=0.5769
[ppo] step=49484 episode=1940 return=6.0 length=72 lr=2.02e-04 entropy=0.5695
[ppo] step=49920 episode=1950 return=4.0 length=48 lr=2.02e-04 entropy=0.5695
[ppo][eval] step=50000 mean_return=5.05 max_return=7.00
[ppo] step=50464 episode=1960 return=3.0 length=38 lr=2.02e-04 entropy=0.5695
[ppo] step=50900 episode=1970 return=2.0 length=28 lr=2.02e-04 entropy=0.5695
[ppo] step=51410 episode=1980 return=3.0 length=38 lr=1.98e-04 entropy=0.5339
[ppo] step=51884 episode=1990 return=2.0 length=26 lr=1.98e-04 entropy=0.5339
[ppo] step=52338 episode=2000 return=5.0 length=62 lr=1.98e-04 entropy=0.5339
[ppo] step=52856 episode=2010 return=6.0 length=70 lr=1.98e-04 entropy=0.5339
[ppo] step=53218 episode=2020 return=0.0 length=6 lr=1.98e-04 entropy=0.5339
[ppo] step=53702 episode=2030 return=2.0 length=28 lr=1.94e-04 entropy=0.5289
[ppo] step=54204 episode=2040 return=6.0 length=72 lr=1.94e-04 entropy=0.5289
[ppo] step=54666 episode=2050 return=2.0 length=28 lr=1.94e-04 entropy=0.5289
[ppo][eval] step=55000 mean_return=5.05 max_return=7.00
[ppo] step=55126 episode=2060 return=0.0 length=6 lr=1.94e-04 entropy=0.5289
[ppo] step=55720 episode=2070 return=6.0 length=72 lr=1.89e-04 entropy=0.4956
[ppo] step=56344 episode=2080 return=6.0 length=72 lr=1.89e-04 entropy=0.4956
[ppo] step=56812 episode=2090 return=6.0 length=70 lr=1.89e-04 entropy=0.4956
[ppo] step=57250 episode=2100 return=6.0 length=72 lr=1.89e-04 entropy=0.4956
[ppo] step=57710 episode=2110 return=5.0 length=60 lr=1.85e-04 entropy=0.4898
[ppo] step=58188 episode=2120 return=2.0 length=28 lr=1.85e-04 entropy=0.4898
[ppo] step=58782 episode=2130 return=4.0 length=48 lr=1.85e-04 entropy=0.4898
[ppo] step=59284 episode=2140 return=4.0 length=48 lr=1.85e-04 entropy=0.4898
[ppo] step=59872 episode=2150 return=6.0 length=70 lr=1.81e-04 entropy=0.4868
[ppo][eval] step=60000 mean_return=4.45 max_return=7.00
[ppo] step=60408 episode=2160 return=6.0 length=72 lr=1.81e-04 entropy=0.4868
[ppo] step=60994 episode=2170 return=3.0 length=38 lr=1.81e-04 entropy=0.4868
[ppo] step=61524 episode=2180 return=6.0 length=70 lr=1.77e-04 entropy=0.5147
[ppo] step=61964 episode=2190 return=6.0 length=70 lr=1.77e-04 entropy=0.5147
[ppo] step=62598 episode=2200 return=6.0 length=70 lr=1.77e-04 entropy=0.5147
[ppo] step=63102 episode=2210 return=6.0 length=70 lr=1.77e-04 entropy=0.5147
[ppo] step=63440 episode=2220 return=3.0 length=38 lr=1.77e-04 entropy=0.5147
[ppo] step=64032 episode=2230 return=5.0 length=62 lr=1.73e-04 entropy=0.4889
[ppo] step=64496 episode=2240 return=3.0 length=38 lr=1.73e-04 entropy=0.4889
[ppo] step=64900 episode=2250 return=0.0 length=6 lr=1.73e-04 entropy=0.4889
[ppo][eval] step=65000 mean_return=5.15 max_return=7.00
[ppo] step=65514 episode=2260 return=7.0 length=82 lr=1.73e-04 entropy=0.4889
[ppo] step=66050 episode=2270 return=6.0 length=72 lr=1.69e-04 entropy=0.4783
[ppo] step=66400 episode=2280 return=1.0 length=16 lr=1.69e-04 entropy=0.4783
[ppo] step=66904 episode=2290 return=6.0 length=72 lr=1.69e-04 entropy=0.4783
[ppo] step=67370 episode=2300 return=3.0 length=38 lr=1.69e-04 entropy=0.4783
[ppo] step=67974 episode=2310 return=5.0 length=60 lr=1.65e-04 entropy=0.4746
[ppo] step=68554 episode=2320 return=2.0 length=28 lr=1.65e-04 entropy=0.4746
[ppo] step=69092 episode=2330 return=5.0 length=60 lr=1.65e-04 entropy=0.4746
[ppo] step=69614 episode=2340 return=2.0 length=28 lr=1.65e-04 entropy=0.4746
[ppo][eval] step=70000 mean_return=5.20 max_return=6.00
[ppo] step=70170 episode=2350 return=0.0 length=6 lr=1.61e-04 entropy=0.4841
[ppo] step=70704 episode=2360 return=6.0 length=72 lr=1.61e-04 entropy=0.4841
[ppo] step=71222 episode=2370 return=5.0 length=60 lr=1.61e-04 entropy=0.4841
[ppo] step=71668 episode=2380 return=0.0 length=6 lr=1.61e-04 entropy=0.4841
[ppo] step=72288 episode=2390 return=5.0 length=60 lr=1.57e-04 entropy=0.4763
[ppo] step=72852 episode=2400 return=6.0 length=74 lr=1.57e-04 entropy=0.4763
[ppo] step=73266 episode=2410 return=0.0 length=6 lr=1.57e-04 entropy=0.4763
[ppo] step=73838 episode=2420 return=6.0 length=72 lr=1.53e-04 entropy=0.479
[ppo] step=74412 episode=2430 return=5.0 length=60 lr=1.53e-04 entropy=0.479
[ppo] step=74922 episode=2440 return=6.0 length=70 lr=1.53e-04 entropy=0.479
[ppo][eval] step=75000 mean_return=4.55 max_return=6.00
[ppo] step=75580 episode=2450 return=6.0 length=72 lr=1.53e-04 entropy=0.479
[ppo] step=76052 episode=2460 return=6.0 length=72 lr=1.48e-04 entropy=0.4861
[ppo] step=76626 episode=2470 return=0.0 length=6 lr=1.48e-04 entropy=0.4861
[ppo] step=77184 episode=2480 return=4.0 length=48 lr=1.48e-04 entropy=0.4861
[ppo] step=77798 episode=2490 return=6.0 length=72 lr=1.48e-04 entropy=0.4861
[ppo] step=78356 episode=2500 return=4.0 length=48 lr=1.44e-04 entropy=0.4711
[ppo] step=78886 episode=2510 return=6.0 length=72 lr=1.44e-04 entropy=0.4711
[ppo] step=79554 episode=2520 return=3.0 length=38 lr=1.44e-04 entropy=0.4711
[ppo][eval] step=80000 mean_return=5.00 max_return=6.00
[ppo] step=80054 episode=2530 return=6.0 length=70 lr=1.40e-04 entropy=0.468
[ppo] step=80546 episode=2540 return=2.0 length=26 lr=1.40e-04 entropy=0.468
[ppo] step=81122 episode=2550 return=6.0 length=72 lr=1.40e-04 entropy=0.468
[ppo] step=81616 episode=2560 return=7.0 length=82 lr=1.40e-04 entropy=0.468
[ppo] step=82094 episode=2570 return=0.0 length=6 lr=1.36e-04 entropy=0.4579
[ppo] step=82734 episode=2580 return=6.0 length=72 lr=1.36e-04 entropy=0.4579
[ppo] step=83330 episode=2590 return=2.0 length=26 lr=1.36e-04 entropy=0.4579
[ppo] step=83894 episode=2600 return=5.0 length=60 lr=1.36e-04 entropy=0.4579
[ppo] step=84524 episode=2610 return=6.0 length=74 lr=1.32e-04 entropy=0.4633
[ppo][eval] step=85000 mean_return=4.60 max_return=7.00
[ppo] step=85104 episode=2620 return=0.0 length=6 lr=1.32e-04 entropy=0.4633
[ppo] step=85686 episode=2630 return=3.0 length=38 lr=1.32e-04 entropy=0.4633
[ppo] step=86230 episode=2640 return=5.0 length=62 lr=1.28e-04 entropy=0.4441
[ppo] step=86860 episode=2650 return=6.0 length=70 lr=1.28e-04 entropy=0.4441
[ppo] step=87542 episode=2660 return=7.0 length=82 lr=1.28e-04 entropy=0.4441
[ppo] step=88166 episode=2670 return=6.0 length=72 lr=1.24e-04 entropy=0.446
[ppo] step=88712 episode=2680 return=7.0 length=82 lr=1.24e-04 entropy=0.446
[ppo] step=89238 episode=2690 return=4.0 length=48 lr=1.24e-04 entropy=0.446
[ppo] step=89722 episode=2700 return=6.0 length=70 lr=1.24e-04 entropy=0.446
[ppo][eval] step=90000 mean_return=5.45 max_return=7.00
[ppo] step=90330 episode=2710 return=3.0 length=38 lr=1.20e-04 entropy=0.4095
[ppo] step=90894 episode=2720 return=6.0 length=70 lr=1.20e-04 entropy=0.4095
[ppo] step=91406 episode=2730 return=6.0 length=72 lr=1.20e-04 entropy=0.4095
[ppo] step=92050 episode=2740 return=3.0 length=38 lr=1.20e-04 entropy=0.4095
[ppo] step=92530 episode=2750 return=4.0 length=48 lr=1.16e-04 entropy=0.4217
[ppo] step=93000 episode=2760 return=6.0 length=72 lr=1.16e-04 entropy=0.4217
[ppo] step=93696 episode=2770 return=7.0 length=82 lr=1.16e-04 entropy=0.4217
[ppo] step=94370 episode=2780 return=6.0 length=70 lr=1.12e-04 entropy=0.3973
[ppo] step=94870 episode=2790 return=0.0 length=6 lr=1.12e-04 entropy=0.3973
[ppo][eval] step=95000 mean_return=6.00 max_return=9.00
[ppo] step=95500 episode=2800 return=5.0 length=58 lr=1.12e-04 entropy=0.3973
[ppo] step=95976 episode=2810 return=3.0 length=38 lr=1.12e-04 entropy=0.3973
[ppo] step=96652 episode=2820 return=9.0 length=104 lr=1.07e-04 entropy=0.3916
[ppo] step=97326 episode=2830 return=3.0 length=38 lr=1.07e-04 entropy=0.3916
[ppo] step=98040 episode=2840 return=6.0 length=70 lr=1.07e-04 entropy=0.3916
[ppo] step=98632 episode=2850 return=6.0 length=74 lr=1.03e-04 entropy=0.3936
[ppo] step=99252 episode=2860 return=2.0 length=26 lr=1.03e-04 entropy=0.3936
[ppo] step=99776 episode=2870 return=6.0 length=72 lr=1.03e-04 entropy=0.3936
[ppo][eval] step=100000 mean_return=7.20 max_return=9.00
[ppo] step=100452 episode=2880 return=6.0 length=72 lr=9.93e-05 entropy=0.3832
[ppo] step=101160 episode=2890 return=0.0 length=6 lr=9.93e-05 entropy=0.3832
[ppo] step=101920 episode=2900 return=9.0 length=104 lr=9.93e-05 entropy=0.3832
[ppo] step=102550 episode=2910 return=2.0 length=26 lr=9.52e-05 entropy=0.3594
[ppo] step=103168 episode=2920 return=1.0 length=16 lr=9.52e-05 entropy=0.3594
[ppo] step=103910 episode=2930 return=2.0 length=28 lr=9.52e-05 entropy=0.3594
[ppo] step=104478 episode=2940 return=9.0 length=104 lr=9.11e-05 entropy=0.3626
[ppo][eval] step=105000 mean_return=7.05 max_return=11.00
[ppo] step=105176 episode=2950 return=6.0 length=70 lr=9.11e-05 entropy=0.3626
[ppo] step=105728 episode=2960 return=6.0 length=72 lr=9.11e-05 entropy=0.3626
[ppo] step=106432 episode=2970 return=8.0 length=92 lr=9.11e-05 entropy=0.3626
[ppo] step=107054 episode=2980 return=0.0 length=6 lr=8.70e-05 entropy=0.3487
[ppo] step=107634 episode=2990 return=5.0 length=60 lr=8.70e-05 entropy=0.3487
[ppo] step=108234 episode=3000 return=0.0 length=6 lr=8.70e-05 entropy=0.3487
[ppo] step=108858 episode=3010 return=5.0 length=58 lr=8.29e-05 entropy=0.3443
[ppo] step=109422 episode=3020 return=4.0 length=48 lr=8.29e-05 entropy=0.3443
[ppo][eval] step=110000 mean_return=7.00 max_return=9.00
[ppo] step=110152 episode=3030 return=5.0 length=58 lr=8.29e-05 entropy=0.3443
[ppo] step=110818 episode=3040 return=6.0 length=74 lr=7.88e-05 entropy=0.3452
[ppo] step=111534 episode=3050 return=6.0 length=70 lr=7.88e-05 entropy=0.3452
[ppo] step=112202 episode=3060 return=6.0 length=70 lr=7.88e-05 entropy=0.3452
[ppo] step=112878 episode=3070 return=5.0 length=60 lr=7.47e-05 entropy=0.3496
[ppo] step=113486 episode=3080 return=2.0 length=26 lr=7.47e-05 entropy=0.3496
[ppo] step=114164 episode=3090 return=8.0 length=92 lr=7.47e-05 entropy=0.3496
[ppo] step=114896 episode=3100 return=7.0 length=82 lr=7.06e-05 entropy=0.3304
[ppo][eval] step=115000 mean_return=7.05 max_return=10.00
[ppo] step=115610 episode=3110 return=7.0 length=82 lr=7.06e-05 entropy=0.3304
[ppo] step=116210 episode=3120 return=7.0 length=82 lr=7.06e-05 entropy=0.3304
[ppo] step=116876 episode=3130 return=6.0 length=70 lr=6.65e-05 entropy=0.3297
[ppo] step=117662 episode=3140 return=6.0 length=72 lr=6.65e-05 entropy=0.3297
[ppo] step=118300 episode=3150 return=7.0 length=82 lr=6.65e-05 entropy=0.3297
[ppo] step=118924 episode=3160 return=7.0 length=82 lr=6.24e-05 entropy=0.348
[ppo] step=119556 episode=3170 return=6.0 length=70 lr=6.24e-05 entropy=0.348
[ppo][eval] step=120000 mean_return=6.95 max_return=12.00
[ppo] step=120234 episode=3180 return=6.0 length=70 lr=6.24e-05 entropy=0.348
[ppo] step=120856 episode=3190 return=1.0 length=16 lr=5.83e-05 entropy=0.3301
[ppo] step=121570 episode=3200 return=8.0 length=94 lr=5.83e-05 entropy=0.3301
[ppo] step=122296 episode=3210 return=5.0 length=60 lr=5.83e-05 entropy=0.3301
[ppo] step=123162 episode=3220 return=9.0 length=104 lr=5.42e-05 entropy=0.3513
[ppo] step=123746 episode=3230 return=1.0 length=16 lr=5.42e-05 entropy=0.3513
[ppo] step=124390 episode=3240 return=6.0 length=72 lr=5.42e-05 entropy=0.3513
[ppo][eval] step=125000 mean_return=7.10 max_return=11.00
[ppo] step=125148 episode=3250 return=7.0 length=82 lr=5.01e-05 entropy=0.3406
[ppo] step=125694 episode=3260 return=2.0 length=28 lr=5.01e-05 entropy=0.3406
[ppo] step=126466 episode=3270 return=6.0 length=74 lr=5.01e-05 entropy=0.3406
[ppo] step=127156 episode=3280 return=9.0 length=104 lr=4.60e-05 entropy=0.3376
[ppo] step=127766 episode=3290 return=4.0 length=48 lr=4.60e-05 entropy=0.3376
[ppo] step=128220 episode=3300 return=1.0 length=16 lr=4.60e-05 entropy=0.3376
[ppo] step=128788 episode=3310 return=3.0 length=38 lr=4.60e-05 entropy=0.3376
[ppo] step=129576 episode=3320 return=9.0 length=104 lr=4.20e-05 entropy=0.3359
[ppo][eval] step=130000 mean_return=7.00 max_return=10.00
[ppo] step=130398 episode=3330 return=6.0 length=72 lr=4.20e-05 entropy=0.3359
[ppo] step=131138 episode=3340 return=5.0 length=60 lr=3.79e-05 entropy=0.325
[ppo] step=131892 episode=3350 return=6.0 length=70 lr=3.79e-05 entropy=0.325
[ppo] step=132680 episode=3360 return=6.0 length=72 lr=3.79e-05 entropy=0.325
[ppo] step=133546 episode=3370 return=4.0 length=48 lr=3.38e-05 entropy=0.3276
[ppo] step=134104 episode=3380 return=6.0 length=72 lr=3.38e-05 entropy=0.3276
[ppo] step=134918 episode=3390 return=7.0 length=82 lr=3.38e-05 entropy=0.3276
[ppo][eval] step=135000 mean_return=7.15 max_return=10.00
[ppo] step=135602 episode=3400 return=9.0 length=104 lr=2.97e-05 entropy=0.3286
[ppo] step=136260 episode=3410 return=1.0 length=16 lr=2.97e-05 entropy=0.3286
[ppo] step=137012 episode=3420 return=6.0 length=72 lr=2.97e-05 entropy=0.3286
[ppo] step=137922 episode=3430 return=7.0 length=80 lr=2.56e-05 entropy=0.3249
[ppo] step=138686 episode=3440 return=7.0 length=82 lr=2.56e-05 entropy=0.3249
[ppo] step=139488 episode=3450 return=5.0 length=60 lr=2.15e-05 entropy=0.3212
[ppo][eval] step=140000 mean_return=6.75 max_return=9.00
[ppo] step=140146 episode=3460 return=7.0 length=82 lr=2.15e-05 entropy=0.3212
[ppo] step=140858 episode=3470 return=5.0 length=60 lr=2.15e-05 entropy=0.3212
[ppo] step=141760 episode=3480 return=8.0 length=94 lr=1.74e-05 entropy=0.3167
[ppo] step=142636 episode=3490 return=6.0 length=70 lr=1.74e-05 entropy=0.3167
[ppo] step=143368 episode=3500 return=8.0 length=94 lr=1.33e-05 entropy=0.3164
[ppo] step=144120 episode=3510 return=9.0 length=104 lr=1.33e-05 entropy=0.3164
[ppo][eval] step=145000 mean_return=7.05 max_return=10.00
[ppo] step=145012 episode=3520 return=8.0 length=94 lr=1.33e-05 entropy=0.3164
[ppo] step=145568 episode=3530 return=5.0 length=60 lr=9.18e-06 entropy=0.31
[ppo] step=146348 episode=3540 return=2.0 length=28 lr=9.18e-06 entropy=0.31
[ppo] step=147086 episode=3550 return=9.0 length=104 lr=9.18e-06 entropy=0.31
[ppo] step=147876 episode=3560 return=6.0 length=70 lr=5.09e-06 entropy=0.3023
[ppo] step=148678 episode=3570 return=12.0 length=142 lr=5.09e-06 entropy=0.3023
[ppo] step=149424 episode=3580 return=7.0 length=82 lr=5.09e-06 entropy=0.3023
[ppo][eval] step=150000 mean_return=6.90 max_return=10.00
[ppo] finished profile=fast mean_eval_return=7.20 passed=False run_dir=results/rl/ppo_minatar_breakout_20260828_012621_889452
{
  "task": "minatar_breakout",
  "env_id": "MinAtar/Breakout-v1",
  "algorithm": "ppo_clipped_surrogate_gae",
  "profile": "fast",
  "seed": 3,
  "total_timesteps": 150000,
  "configured_total_timesteps": 150000,
  "actual_timesteps": 150000,
  "updates": 74,
  "rollout_length": 2048,
  "action_kind": "discrete",
  "eval_episodes": 20,
  "success_threshold": 10.0,
  "passed": false,
  "final_eval": {
    "episodes": 20,
    "seed": 10000,
    "mean_return": 7.199999809265137,
    "std_return": 2.420743703842163,
    "min_return": 1.0,
    "max_return": 9.0,
    "mean_length": 83.9000015258789
  },
  "last_eval": {
    "episodes": 20,
    "seed": 10000,
    "mean_return": 7.099999904632568,
    "std_return": 2.0223748683929443,
    "min_return": 2.0,
    "max_return": 10.0,
    "mean_length": 83.5999984741211
  },
  "selected_step": 100000,
  "selected_source": "best_eval",
  "training_efficiency": {
    "best_model_step": 100000,
    "best_model_training_fraction": 0.6666666666666666,
    "first_success_step": null,
    "first_success_training_fraction": null,
    "best_minus_last_return": 0.09999990463256836,
    "budget_interpretation": "unsolved_or_underfit"
  },
  "early_stopping": {
    "enabled": false,
    "patience": 30,
    "min_delta": 1.0,
    "min_steps": 25000,
    "target_score": 50.0,
    "best_mean_return": 7.199999809265137,
    "evaluations": 30,
    "evaluations_without_improvement": 10,
    "stopped_early": false,
    "stopping_reason": "budget_exhausted",
    "stopping_step": 150000
  },
  "run_dir": "results/rl/ppo_minatar_breakout_20260828_012621_889452"
}
Checkpoint: results/rl/ppo_minatar_breakout_20260828_012621_889452/checkpoint.pt
	Command being timed: ".venv/bin/python tools/run_rl_ppo.py minatar_breakout --profile fast --seed 3 --device cpu --no-early-stopping --total-timesteps 150000"
	User time (seconds): 196.29
	System time (seconds): 0.94
	Percent of CPU this job got: 191%
	Elapsed (wall clock) time (h:mm:ss or m:ss): 1:43.20
	Average shared text size (kbytes): 0
	Average unshared data size (kbytes): 0
	Average stack size (kbytes): 0
	Average total size (kbytes): 0
	Maximum resident set size (kbytes): 975832
	Average resident set size (kbytes): 0
	Major (requiring I/O) page faults: 0
	Minor (reclaiming a frame) page faults: 327029
	Voluntary context switches: 170
	Involuntary context switches: 1076
	Swaps: 0
	File system inputs: 0
	File system outputs: 1616
	Socket messages sent: 0
	Socket messages received: 0
	Signals delivered: 0
	Page size (bytes): 4096
	Exit status: 0
