[ppo] step=6 episode=1 return=0.0 length=6 lr=3.00e-04 entropy=None
[ppo] step=22 episode=2 return=1.0 length=16 lr=3.00e-04 entropy=None
[ppo] step=28 episode=3 return=0.0 length=6 lr=3.00e-04 entropy=None
[ppo] step=34 episode=4 return=0.0 length=6 lr=3.00e-04 entropy=None
[ppo] step=40 episode=5 return=0.0 length=6 lr=3.00e-04 entropy=None
[ppo] step=80 episode=10 return=0.0 length=6 lr=3.00e-04 entropy=None
[ppo] step=170 episode=20 return=0.0 length=6 lr=3.00e-04 entropy=None
[ppo] step=292 episode=30 return=1.0 length=16 lr=3.00e-04 entropy=None
[ppo] step=422 episode=40 return=0.0 length=6 lr=3.00e-04 entropy=None
[ppo] step=556 episode=50 return=0.0 length=6 lr=3.00e-04 entropy=None
[ppo] step=656 episode=60 return=0.0 length=6 lr=3.00e-04 entropy=None
[ppo] step=726 episode=70 return=0.0 length=6 lr=3.00e-04 entropy=None
[ppo] step=816 episode=80 return=0.0 length=6 lr=3.00e-04 entropy=None
[ppo] step=916 episode=90 return=0.0 length=6 lr=3.00e-04 entropy=None
[ppo] step=976 episode=100 return=0.0 length=6 lr=3.00e-04 entropy=None
[ppo] step=1066 episode=110 return=0.0 length=6 lr=3.00e-04 entropy=None
[ppo] step=1136 episode=120 return=0.0 length=6 lr=3.00e-04 entropy=None
[ppo] step=1216 episode=130 return=0.0 length=6 lr=3.00e-04 entropy=None
[ppo] step=1296 episode=140 return=0.0 length=6 lr=3.00e-04 entropy=None
[ppo] step=1366 episode=150 return=0.0 length=6 lr=3.00e-04 entropy=None
[ppo] step=1478 episode=160 return=0.0 length=6 lr=3.00e-04 entropy=None
[ppo] step=1568 episode=170 return=0.0 length=6 lr=3.00e-04 entropy=None
[ppo] step=1638 episode=180 return=0.0 length=6 lr=3.00e-04 entropy=None
[ppo] step=1728 episode=190 return=1.0 length=16 lr=3.00e-04 entropy=None
[ppo] step=1798 episode=200 return=0.0 length=6 lr=3.00e-04 entropy=None
[ppo] step=1898 episode=210 return=0.0 length=6 lr=3.00e-04 entropy=None
[ppo] step=1988 episode=220 return=0.0 length=6 lr=3.00e-04 entropy=None
[ppo] step=2068 episode=230 return=0.0 length=6 lr=2.96e-04 entropy=1.0954
[ppo] step=2148 episode=240 return=0.0 length=6 lr=2.96e-04 entropy=1.0954
[ppo] step=2248 episode=250 return=0.0 length=6 lr=2.96e-04 entropy=1.0954
[ppo] step=2380 episode=260 return=1.0 length=16 lr=2.96e-04 entropy=1.0954
[ppo] step=2490 episode=270 return=1.0 length=16 lr=2.96e-04 entropy=1.0954
[ppo] step=2622 episode=280 return=0.0 length=6 lr=2.96e-04 entropy=1.0954
[ppo] step=2742 episode=290 return=0.0 length=6 lr=2.96e-04 entropy=1.0954
[ppo] step=2842 episode=300 return=0.0 length=6 lr=2.96e-04 entropy=1.0954
[ppo] step=2932 episode=310 return=1.0 length=16 lr=2.96e-04 entropy=1.0954
[ppo] step=3042 episode=320 return=0.0 length=6 lr=2.96e-04 entropy=1.0954
[ppo] step=3132 episode=330 return=0.0 length=6 lr=2.96e-04 entropy=1.0954
[ppo] step=3286 episode=340 return=3.0 length=38 lr=2.96e-04 entropy=1.0954
[ppo] step=3398 episode=350 return=0.0 length=6 lr=2.96e-04 entropy=1.0954
[ppo] step=3498 episode=360 return=1.0 length=16 lr=2.96e-04 entropy=1.0954
[ppo] step=3578 episode=370 return=0.0 length=6 lr=2.96e-04 entropy=1.0954
[ppo] step=3678 episode=380 return=0.0 length=6 lr=2.96e-04 entropy=1.0954
[ppo] step=3820 episode=390 return=0.0 length=6 lr=2.96e-04 entropy=1.0954
[ppo] step=3910 episode=400 return=0.0 length=6 lr=2.96e-04 entropy=1.0954
[ppo] step=4040 episode=410 return=1.0 length=16 lr=2.96e-04 entropy=1.0954
[ppo] step=4204 episode=420 return=2.0 length=28 lr=2.92e-04 entropy=1.0786
[ppo] step=4316 episode=430 return=0.0 length=6 lr=2.92e-04 entropy=1.0786
[ppo] step=4452 episode=440 return=2.0 length=28 lr=2.92e-04 entropy=1.0786
[ppo] step=4616 episode=450 return=2.0 length=28 lr=2.92e-04 entropy=1.0786
[ppo] step=4758 episode=460 return=1.0 length=16 lr=2.92e-04 entropy=1.0786
[ppo] step=4888 episode=470 return=1.0 length=16 lr=2.92e-04 entropy=1.0786
[ppo][eval] step=5000 mean_return=1.50 max_return=5.00
[ppo] step=5074 episode=480 return=0.0 length=6 lr=2.92e-04 entropy=1.0786
[ppo] step=5154 episode=490 return=0.0 length=6 lr=2.92e-04 entropy=1.0786
[ppo] step=5286 episode=500 return=0.0 length=6 lr=2.92e-04 entropy=1.0786
[ppo] step=5398 episode=510 return=1.0 length=16 lr=2.92e-04 entropy=1.0786
[ppo] step=5520 episode=520 return=0.0 length=6 lr=2.92e-04 entropy=1.0786
[ppo] step=5600 episode=530 return=0.0 length=6 lr=2.92e-04 entropy=1.0786
[ppo] step=5690 episode=540 return=0.0 length=6 lr=2.92e-04 entropy=1.0786
[ppo] step=5780 episode=550 return=0.0 length=6 lr=2.92e-04 entropy=1.0786
[ppo] step=5916 episode=560 return=5.0 length=62 lr=2.92e-04 entropy=1.0786
[ppo] step=6006 episode=570 return=1.0 length=16 lr=2.92e-04 entropy=1.0786
[ppo] step=6108 episode=580 return=2.0 length=28 lr=2.92e-04 entropy=1.0786
[ppo] step=6200 episode=590 return=0.0 length=6 lr=2.88e-04 entropy=1.0488
[ppo] step=6330 episode=600 return=1.0 length=16 lr=2.88e-04 entropy=1.0488
[ppo] step=6548 episode=610 return=1.0 length=16 lr=2.88e-04 entropy=1.0488
[ppo] step=6722 episode=620 return=0.0 length=6 lr=2.88e-04 entropy=1.0488
[ppo] step=6822 episode=630 return=1.0 length=16 lr=2.88e-04 entropy=1.0488
[ppo] step=7058 episode=640 return=1.0 length=16 lr=2.88e-04 entropy=1.0488
[ppo] step=7220 episode=650 return=1.0 length=16 lr=2.88e-04 entropy=1.0488
[ppo] step=7350 episode=660 return=1.0 length=16 lr=2.88e-04 entropy=1.0488
[ppo] step=7506 episode=670 return=0.0 length=6 lr=2.88e-04 entropy=1.0488
[ppo] step=7618 episode=680 return=0.0 length=6 lr=2.88e-04 entropy=1.0488
[ppo] step=7748 episode=690 return=1.0 length=16 lr=2.88e-04 entropy=1.0488
[ppo] step=7868 episode=700 return=1.0 length=16 lr=2.88e-04 entropy=1.0488
[ppo] step=8030 episode=710 return=1.0 length=16 lr=2.88e-04 entropy=1.0488
[ppo] step=8130 episode=720 return=0.0 length=6 lr=2.88e-04 entropy=1.0488
[ppo] step=8220 episode=730 return=0.0 length=6 lr=2.84e-04 entropy=1.0017
[ppo] step=8404 episode=740 return=2.0 length=28 lr=2.84e-04 entropy=1.0017
[ppo] step=8504 episode=750 return=0.0 length=6 lr=2.84e-04 entropy=1.0017
[ppo] step=8644 episode=760 return=1.0 length=16 lr=2.84e-04 entropy=1.0017
[ppo] step=8802 episode=770 return=0.0 length=6 lr=2.84e-04 entropy=1.0017
[ppo] step=8914 episode=780 return=1.0 length=16 lr=2.84e-04 entropy=1.0017
[ppo] step=8994 episode=790 return=0.0 length=6 lr=2.84e-04 entropy=1.0017
[ppo] step=9116 episode=800 return=1.0 length=16 lr=2.84e-04 entropy=1.0017
[ppo] step=9248 episode=810 return=0.0 length=6 lr=2.84e-04 entropy=1.0017
[ppo] step=9414 episode=820 return=0.0 length=6 lr=2.84e-04 entropy=1.0017
[ppo] step=9536 episode=830 return=0.0 length=6 lr=2.84e-04 entropy=1.0017
[ppo] step=9680 episode=840 return=0.0 length=6 lr=2.84e-04 entropy=1.0017
[ppo] step=9876 episode=850 return=2.0 length=28 lr=2.84e-04 entropy=1.0017
[ppo] step=9996 episode=860 return=1.0 length=16 lr=2.84e-04 entropy=1.0017
[ppo][eval] step=10000 mean_return=2.85 max_return=4.00
[ppo] step=10138 episode=870 return=1.0 length=16 lr=2.84e-04 entropy=1.0017
[ppo] step=10278 episode=880 return=1.0 length=16 lr=2.80e-04 entropy=0.9471
[ppo] step=10464 episode=890 return=0.0 length=6 lr=2.80e-04 entropy=0.9471
[ppo] step=10672 episode=900 return=0.0 length=6 lr=2.80e-04 entropy=0.9471
[ppo] step=10912 episode=910 return=1.0 length=16 lr=2.80e-04 entropy=0.9471
[ppo] step=11134 episode=920 return=4.0 length=50 lr=2.80e-04 entropy=0.9471
[ppo] step=11322 episode=930 return=0.0 length=6 lr=2.80e-04 entropy=0.9471
[ppo] step=11532 episode=940 return=2.0 length=28 lr=2.80e-04 entropy=0.9471
[ppo] step=11762 episode=950 return=1.0 length=16 lr=2.80e-04 entropy=0.9471
[ppo] step=11984 episode=960 return=3.0 length=38 lr=2.80e-04 entropy=0.9471
[ppo] step=12184 episode=970 return=2.0 length=28 lr=2.80e-04 entropy=0.9471
[ppo] step=12370 episode=980 return=0.0 length=6 lr=2.75e-04 entropy=0.9102
[ppo] step=12620 episode=990 return=6.0 length=72 lr=2.75e-04 entropy=0.9102
[ppo] step=12894 episode=1000 return=1.0 length=16 lr=2.75e-04 entropy=0.9102
[ppo] step=13082 episode=1010 return=2.0 length=28 lr=2.75e-04 entropy=0.9102
[ppo] step=13258 episode=1020 return=4.0 length=48 lr=2.75e-04 entropy=0.9102
[ppo] step=13640 episode=1030 return=4.0 length=50 lr=2.75e-04 entropy=0.9102
[ppo] step=13968 episode=1040 return=2.0 length=26 lr=2.75e-04 entropy=0.9102
[ppo] step=14176 episode=1050 return=2.0 length=28 lr=2.75e-04 entropy=0.9102
[ppo] step=14332 episode=1060 return=1.0 length=16 lr=2.75e-04 entropy=0.9102
[ppo] step=14628 episode=1070 return=0.0 length=6 lr=2.71e-04 entropy=0.8744
[ppo] step=14828 episode=1080 return=0.0 length=6 lr=2.71e-04 entropy=0.8744
[ppo][eval] step=15000 mean_return=2.15 max_return=4.00
[ppo] step=15058 episode=1090 return=2.0 length=28 lr=2.71e-04 entropy=0.8744
[ppo] step=15246 episode=1100 return=0.0 length=6 lr=2.71e-04 entropy=0.8744
[ppo] step=15540 episode=1110 return=2.0 length=26 lr=2.71e-04 entropy=0.8744
[ppo] step=15762 episode=1120 return=2.0 length=28 lr=2.71e-04 entropy=0.8744
[ppo] step=16034 episode=1130 return=1.0 length=16 lr=2.71e-04 entropy=0.8744
[ppo] step=16306 episode=1140 return=0.0 length=6 lr=2.71e-04 entropy=0.8744
[ppo] step=16558 episode=1150 return=2.0 length=28 lr=2.67e-04 entropy=0.8158
[ppo] step=16820 episode=1160 return=2.0 length=28 lr=2.67e-04 entropy=0.8158
[ppo] step=17110 episode=1170 return=5.0 length=60 lr=2.67e-04 entropy=0.8158
[ppo] step=17330 episode=1180 return=2.0 length=28 lr=2.67e-04 entropy=0.8158
[ppo] step=17646 episode=1190 return=2.0 length=26 lr=2.67e-04 entropy=0.8158
[ppo] step=18008 episode=1200 return=2.0 length=26 lr=2.67e-04 entropy=0.8158
[ppo] step=18260 episode=1210 return=2.0 length=28 lr=2.67e-04 entropy=0.8158
[ppo] step=18536 episode=1220 return=2.0 length=28 lr=2.63e-04 entropy=0.8039
[ppo] step=18814 episode=1230 return=0.0 length=6 lr=2.63e-04 entropy=0.8039
[ppo] step=19124 episode=1240 return=2.0 length=28 lr=2.63e-04 entropy=0.8039
[ppo] step=19534 episode=1250 return=5.0 length=62 lr=2.63e-04 entropy=0.8039
[ppo] step=19862 episode=1260 return=4.0 length=48 lr=2.63e-04 entropy=0.8039
[ppo][eval] step=20000 mean_return=2.35 max_return=5.00
[ppo] step=20126 episode=1270 return=1.0 length=16 lr=2.63e-04 entropy=0.8039
[ppo] step=20388 episode=1280 return=3.0 length=38 lr=2.63e-04 entropy=0.8039
[ppo] step=20652 episode=1290 return=2.0 length=28 lr=2.59e-04 entropy=0.7706
[ppo] step=20896 episode=1300 return=2.0 length=28 lr=2.59e-04 entropy=0.7706
[ppo] step=21170 episode=1310 return=2.0 length=28 lr=2.59e-04 entropy=0.7706
[ppo] step=21556 episode=1320 return=1.0 length=16 lr=2.59e-04 entropy=0.7706
[ppo] step=21884 episode=1330 return=2.0 length=28 lr=2.59e-04 entropy=0.7706
[ppo] step=22148 episode=1340 return=3.0 length=38 lr=2.59e-04 entropy=0.7706
[ppo] step=22370 episode=1350 return=0.0 length=6 lr=2.59e-04 entropy=0.7706
[ppo] step=22698 episode=1360 return=2.0 length=28 lr=2.55e-04 entropy=0.733
[ppo] step=22982 episode=1370 return=3.0 length=38 lr=2.55e-04 entropy=0.733
[ppo] step=23422 episode=1380 return=1.0 length=16 lr=2.55e-04 entropy=0.733
[ppo] step=23816 episode=1390 return=3.0 length=38 lr=2.55e-04 entropy=0.733
[ppo] step=24206 episode=1400 return=3.0 length=38 lr=2.55e-04 entropy=0.733
[ppo] step=24514 episode=1410 return=2.0 length=28 lr=2.55e-04 entropy=0.733
[ppo] step=24906 episode=1420 return=1.0 length=16 lr=2.51e-04 entropy=0.6983
[ppo][eval] step=25000 mean_return=3.75 max_return=6.00
[ppo] step=25248 episode=1430 return=2.0 length=28 lr=2.51e-04 entropy=0.6983
[ppo] step=25646 episode=1440 return=1.0 length=16 lr=2.51e-04 entropy=0.6983
[ppo] step=26048 episode=1450 return=4.0 length=48 lr=2.51e-04 entropy=0.6983
[ppo] step=26464 episode=1460 return=2.0 length=28 lr=2.51e-04 entropy=0.6983
[ppo] step=26864 episode=1470 return=4.0 length=48 lr=2.47e-04 entropy=0.7
[ppo] step=27242 episode=1480 return=6.0 length=72 lr=2.47e-04 entropy=0.7
[ppo] step=27600 episode=1490 return=3.0 length=38 lr=2.47e-04 entropy=0.7
[ppo] step=28004 episode=1500 return=1.0 length=16 lr=2.47e-04 entropy=0.7
[ppo] step=28412 episode=1510 return=6.0 length=74 lr=2.47e-04 entropy=0.7
[ppo] step=28832 episode=1520 return=6.0 length=74 lr=2.43e-04 entropy=0.6682
[ppo] step=29224 episode=1530 return=3.0 length=38 lr=2.43e-04 entropy=0.6682
[ppo] step=29542 episode=1540 return=5.0 length=58 lr=2.43e-04 entropy=0.6682
[ppo] step=29978 episode=1550 return=4.0 length=48 lr=2.43e-04 entropy=0.6682
[ppo][eval] step=30000 mean_return=4.15 max_return=6.00
[ppo] step=30374 episode=1560 return=6.0 length=70 lr=2.43e-04 entropy=0.6682
[ppo] step=30832 episode=1570 return=6.0 length=72 lr=2.39e-04 entropy=0.6359
[ppo] step=31234 episode=1580 return=4.0 length=50 lr=2.39e-04 entropy=0.6359
[ppo] step=31574 episode=1590 return=0.0 length=6 lr=2.39e-04 entropy=0.6359
[ppo] step=31998 episode=1600 return=5.0 length=60 lr=2.39e-04 entropy=0.6359
[ppo] step=32360 episode=1610 return=1.0 length=16 lr=2.39e-04 entropy=0.6359
[ppo] step=32778 episode=1620 return=3.0 length=38 lr=2.34e-04 entropy=0.6427
[ppo] step=33238 episode=1630 return=3.0 length=38 lr=2.34e-04 entropy=0.6427
[ppo] step=33712 episode=1640 return=5.0 length=60 lr=2.34e-04 entropy=0.6427
[ppo] step=34170 episode=1650 return=2.0 length=26 lr=2.34e-04 entropy=0.6427
[ppo] step=34532 episode=1660 return=2.0 length=28 lr=2.34e-04 entropy=0.6427
[ppo] step=34980 episode=1670 return=5.0 length=62 lr=2.30e-04 entropy=0.6315
[ppo][eval] step=35000 mean_return=4.30 max_return=6.00
[ppo] step=35404 episode=1680 return=2.0 length=28 lr=2.30e-04 entropy=0.6315
[ppo] step=35966 episode=1690 return=1.0 length=16 lr=2.30e-04 entropy=0.6315
[ppo] step=36486 episode=1700 return=2.0 length=28 lr=2.30e-04 entropy=0.6315
[ppo] step=36848 episode=1710 return=2.0 length=28 lr=2.30e-04 entropy=0.6315
[ppo] step=37234 episode=1720 return=4.0 length=48 lr=2.26e-04 entropy=0.6152
[ppo] step=37572 episode=1730 return=3.0 length=38 lr=2.26e-04 entropy=0.6152
[ppo] step=38086 episode=1740 return=7.0 length=80 lr=2.26e-04 entropy=0.6152
[ppo] step=38474 episode=1750 return=4.0 length=50 lr=2.26e-04 entropy=0.6152
[ppo] step=38950 episode=1760 return=3.0 length=38 lr=2.22e-04 entropy=0.5936
[ppo] step=39192 episode=1770 return=0.0 length=6 lr=2.22e-04 entropy=0.5936
[ppo] step=39562 episode=1780 return=5.0 length=62 lr=2.22e-04 entropy=0.5936
[ppo][eval] step=40000 mean_return=4.25 max_return=6.00
[ppo] step=40038 episode=1790 return=6.0 length=72 lr=2.22e-04 entropy=0.5936
[ppo] step=40568 episode=1800 return=5.0 length=62 lr=2.22e-04 entropy=0.5936
[ppo] step=41054 episode=1810 return=3.0 length=38 lr=2.18e-04 entropy=0.5733
[ppo] step=41462 episode=1820 return=2.0 length=28 lr=2.18e-04 entropy=0.5733
[ppo] step=41950 episode=1830 return=2.0 length=28 lr=2.18e-04 entropy=0.5733
[ppo] step=42392 episode=1840 return=2.0 length=28 lr=2.18e-04 entropy=0.5733
[ppo] step=42850 episode=1850 return=3.0 length=38 lr=2.18e-04 entropy=0.5733
[ppo] step=43356 episode=1860 return=6.0 length=74 lr=2.14e-04 entropy=0.5491
[ppo] step=43806 episode=1870 return=6.0 length=72 lr=2.14e-04 entropy=0.5491
[ppo] step=44274 episode=1880 return=6.0 length=70 lr=2.14e-04 entropy=0.5491
[ppo] step=44712 episode=1890 return=2.0 length=28 lr=2.14e-04 entropy=0.5491
[ppo][eval] step=45000 mean_return=4.80 max_return=6.00
[ppo] step=45160 episode=1900 return=6.0 length=70 lr=2.10e-04 entropy=0.5293
[ppo] step=45682 episode=1910 return=5.0 length=60 lr=2.10e-04 entropy=0.5293
[ppo] step=46124 episode=1920 return=2.0 length=28 lr=2.10e-04 entropy=0.5293
[ppo] step=46642 episode=1930 return=6.0 length=70 lr=2.10e-04 entropy=0.5293
[ppo] step=47298 episode=1940 return=6.0 length=72 lr=2.06e-04 entropy=0.5146
[ppo] step=47780 episode=1950 return=2.0 length=28 lr=2.06e-04 entropy=0.5146
[ppo] step=48326 episode=1960 return=4.0 length=48 lr=2.06e-04 entropy=0.5146
[ppo] step=48790 episode=1970 return=3.0 length=38 lr=2.06e-04 entropy=0.5146
[ppo] step=49314 episode=1980 return=6.0 length=74 lr=2.02e-04 entropy=0.5132
[ppo] step=49758 episode=1990 return=3.0 length=38 lr=2.02e-04 entropy=0.5132
[ppo][eval] step=50000 mean_return=4.75 max_return=7.00
[ppo] step=50224 episode=2000 return=3.0 length=38 lr=2.02e-04 entropy=0.5132
[ppo] step=50750 episode=2010 return=4.0 length=50 lr=2.02e-04 entropy=0.5132
[ppo] step=51302 episode=2020 return=5.0 length=60 lr=1.98e-04 entropy=0.5181
[ppo] step=51728 episode=2030 return=6.0 length=70 lr=1.98e-04 entropy=0.5181
[ppo] step=52222 episode=2040 return=6.0 length=72 lr=1.98e-04 entropy=0.5181
[ppo] step=52804 episode=2050 return=3.0 length=38 lr=1.98e-04 entropy=0.5181
[ppo] step=53310 episode=2060 return=6.0 length=70 lr=1.94e-04 entropy=0.505
[ppo] step=53802 episode=2070 return=2.0 length=28 lr=1.94e-04 entropy=0.505
[ppo] step=54266 episode=2080 return=7.0 length=84 lr=1.94e-04 entropy=0.505
[ppo] step=54770 episode=2090 return=2.0 length=28 lr=1.94e-04 entropy=0.505
[ppo][eval] step=55000 mean_return=4.65 max_return=7.00
[ppo] step=55330 episode=2100 return=6.0 length=70 lr=1.89e-04 entropy=0.496
[ppo] step=55836 episode=2110 return=6.0 length=74 lr=1.89e-04 entropy=0.496
[ppo] step=56324 episode=2120 return=0.0 length=6 lr=1.89e-04 entropy=0.496
[ppo] step=56758 episode=2130 return=5.0 length=58 lr=1.89e-04 entropy=0.496
[ppo] step=57296 episode=2140 return=3.0 length=38 lr=1.89e-04 entropy=0.496
[ppo] step=57878 episode=2150 return=3.0 length=38 lr=1.85e-04 entropy=0.4897
[ppo] step=58458 episode=2160 return=3.0 length=38 lr=1.85e-04 entropy=0.4897
[ppo] step=58952 episode=2170 return=3.0 length=38 lr=1.85e-04 entropy=0.4897
[ppo] step=59370 episode=2180 return=6.0 length=72 lr=1.85e-04 entropy=0.4897
[ppo] step=59962 episode=2190 return=4.0 length=48 lr=1.81e-04 entropy=0.4608
[ppo][eval] step=60000 mean_return=4.15 max_return=7.00
[ppo] step=60504 episode=2200 return=6.0 length=74 lr=1.81e-04 entropy=0.4608
[ppo] step=60930 episode=2210 return=6.0 length=70 lr=1.81e-04 entropy=0.4608
[ppo] step=61442 episode=2220 return=6.0 length=70 lr=1.77e-04 entropy=0.4715
[ppo] step=62012 episode=2230 return=2.0 length=28 lr=1.77e-04 entropy=0.4715
[ppo] step=62480 episode=2240 return=5.0 length=60 lr=1.77e-04 entropy=0.4715
[ppo] step=63084 episode=2250 return=5.0 length=60 lr=1.77e-04 entropy=0.4715
[ppo] step=63512 episode=2260 return=6.0 length=70 lr=1.73e-04 entropy=0.4761
[ppo] step=64006 episode=2270 return=6.0 length=72 lr=1.73e-04 entropy=0.4761
[ppo] step=64656 episode=2280 return=6.0 length=70 lr=1.73e-04 entropy=0.4761
[ppo][eval] step=65000 mean_return=4.55 max_return=7.00
[ppo] step=65194 episode=2290 return=3.0 length=38 lr=1.73e-04 entropy=0.4761
[ppo] step=65738 episode=2300 return=7.0 length=84 lr=1.69e-04 entropy=0.4503
[ppo] step=66208 episode=2310 return=4.0 length=48 lr=1.69e-04 entropy=0.4503
[ppo] step=66806 episode=2320 return=6.0 length=70 lr=1.69e-04 entropy=0.4503
[ppo] step=67226 episode=2330 return=3.0 length=38 lr=1.69e-04 entropy=0.4503
[ppo] step=67918 episode=2340 return=6.0 length=74 lr=1.65e-04 entropy=0.4477
[ppo] step=68566 episode=2350 return=6.0 length=70 lr=1.65e-04 entropy=0.4477
[ppo] step=69088 episode=2360 return=2.0 length=28 lr=1.65e-04 entropy=0.4477
[ppo] step=69536 episode=2370 return=1.0 length=16 lr=1.65e-04 entropy=0.4477
[ppo][eval] step=70000 mean_return=4.90 max_return=7.00
[ppo] step=70044 episode=2380 return=1.0 length=16 lr=1.61e-04 entropy=0.4548
[ppo] step=70548 episode=2390 return=3.0 length=38 lr=1.61e-04 entropy=0.4548
[ppo] step=71024 episode=2400 return=2.0 length=28 lr=1.61e-04 entropy=0.4548
[ppo] step=71526 episode=2410 return=2.0 length=28 lr=1.61e-04 entropy=0.4548
[ppo] step=72108 episode=2420 return=2.0 length=28 lr=1.57e-04 entropy=0.4481
[ppo] step=72632 episode=2430 return=6.0 length=70 lr=1.57e-04 entropy=0.4481
[ppo] step=73160 episode=2440 return=2.0 length=28 lr=1.57e-04 entropy=0.4481
[ppo] step=73706 episode=2450 return=6.0 length=70 lr=1.57e-04 entropy=0.4481
[ppo] step=74288 episode=2460 return=7.0 length=84 lr=1.53e-04 entropy=0.4449
[ppo] step=74766 episode=2470 return=2.0 length=26 lr=1.53e-04 entropy=0.4449
[ppo][eval] step=75000 mean_return=4.80 max_return=7.00
[ppo] step=75390 episode=2480 return=5.0 length=58 lr=1.53e-04 entropy=0.4449
[ppo] step=75944 episode=2490 return=3.0 length=38 lr=1.48e-04 entropy=0.4418
[ppo] step=76394 episode=2500 return=2.0 length=28 lr=1.48e-04 entropy=0.4418
[ppo] step=76864 episode=2510 return=3.0 length=38 lr=1.48e-04 entropy=0.4418
[ppo] step=77424 episode=2520 return=5.0 length=58 lr=1.48e-04 entropy=0.4418
[ppo] step=77988 episode=2530 return=7.0 length=84 lr=1.44e-04 entropy=0.4491
[ppo] step=78446 episode=2540 return=3.0 length=38 lr=1.44e-04 entropy=0.4491
[ppo] step=79016 episode=2550 return=5.0 length=60 lr=1.44e-04 entropy=0.4491
[ppo] step=79580 episode=2560 return=6.0 length=74 lr=1.44e-04 entropy=0.4491
[ppo][eval] step=80000 mean_return=4.85 max_return=7.00
[ppo] step=80024 episode=2570 return=3.0 length=38 lr=1.40e-04 entropy=0.4373
[ppo] step=80558 episode=2580 return=7.0 length=80 lr=1.40e-04 entropy=0.4373
[ppo] step=81126 episode=2590 return=3.0 length=38 lr=1.40e-04 entropy=0.4373
[ppo] step=81684 episode=2600 return=7.0 length=84 lr=1.40e-04 entropy=0.4373
[ppo] step=82252 episode=2610 return=6.0 length=74 lr=1.36e-04 entropy=0.4335
[ppo] step=82830 episode=2620 return=6.0 length=74 lr=1.36e-04 entropy=0.4335
[ppo] step=83486 episode=2630 return=6.0 length=72 lr=1.36e-04 entropy=0.4335
[ppo] step=83952 episode=2640 return=5.0 length=60 lr=1.36e-04 entropy=0.4335
[ppo] step=84594 episode=2650 return=6.0 length=72 lr=1.32e-04 entropy=0.4488
[ppo][eval] step=85000 mean_return=4.95 max_return=7.00
[ppo] step=85232 episode=2660 return=6.0 length=74 lr=1.32e-04 entropy=0.4488
[ppo] step=85694 episode=2670 return=6.0 length=72 lr=1.32e-04 entropy=0.4488
[ppo] step=86276 episode=2680 return=7.0 length=84 lr=1.28e-04 entropy=0.4376
[ppo] step=86926 episode=2690 return=6.0 length=72 lr=1.28e-04 entropy=0.4376
[ppo] step=87366 episode=2700 return=6.0 length=72 lr=1.28e-04 entropy=0.4376
[ppo] step=87850 episode=2710 return=2.0 length=26 lr=1.28e-04 entropy=0.4376
[ppo] step=88350 episode=2720 return=6.0 length=72 lr=1.24e-04 entropy=0.4437
[ppo] step=89002 episode=2730 return=3.0 length=38 lr=1.24e-04 entropy=0.4437
[ppo] step=89692 episode=2740 return=3.0 length=38 lr=1.24e-04 entropy=0.4437
[ppo][eval] step=90000 mean_return=4.50 max_return=7.00
[ppo] step=90218 episode=2750 return=2.0 length=26 lr=1.20e-04 entropy=0.4407
[ppo] step=90794 episode=2760 return=6.0 length=72 lr=1.20e-04 entropy=0.4407
[ppo] step=91400 episode=2770 return=5.0 length=62 lr=1.20e-04 entropy=0.4407
[ppo] step=92026 episode=2780 return=6.0 length=74 lr=1.20e-04 entropy=0.4407
[ppo] step=92600 episode=2790 return=7.0 length=84 lr=1.16e-04 entropy=0.4413
[ppo] step=93238 episode=2800 return=2.0 length=26 lr=1.16e-04 entropy=0.4413
[ppo] step=93798 episode=2810 return=7.0 length=84 lr=1.16e-04 entropy=0.4413
[ppo] step=94306 episode=2820 return=3.0 length=38 lr=1.12e-04 entropy=0.4435
[ppo] step=94858 episode=2830 return=7.0 length=80 lr=1.12e-04 entropy=0.4435
[ppo][eval] step=95000 mean_return=4.15 max_return=7.00
[ppo] step=95494 episode=2840 return=4.0 length=48 lr=1.12e-04 entropy=0.4435
[ppo] step=96028 episode=2850 return=3.0 length=38 lr=1.12e-04 entropy=0.4435
[ppo] step=96600 episode=2860 return=5.0 length=60 lr=1.07e-04 entropy=0.445
[ppo] step=97180 episode=2870 return=6.0 length=72 lr=1.07e-04 entropy=0.445
[ppo] step=97688 episode=2880 return=3.0 length=38 lr=1.07e-04 entropy=0.445
[ppo] step=98292 episode=2890 return=6.0 length=72 lr=1.07e-04 entropy=0.445
[ppo] step=98808 episode=2900 return=6.0 length=74 lr=1.03e-04 entropy=0.4493
[ppo] step=99340 episode=2910 return=2.0 length=28 lr=1.03e-04 entropy=0.4493
[ppo] step=99982 episode=2920 return=7.0 length=84 lr=1.03e-04 entropy=0.4493
[ppo][eval] step=100000 mean_return=4.75 max_return=7.00
[ppo] step=100488 episode=2930 return=5.0 length=60 lr=9.93e-05 entropy=0.4511
[ppo] step=101080 episode=2940 return=6.0 length=74 lr=9.93e-05 entropy=0.4511
[ppo] step=101680 episode=2950 return=6.0 length=72 lr=9.93e-05 entropy=0.4511
[ppo] step=102346 episode=2960 return=6.0 length=74 lr=9.93e-05 entropy=0.4511
[ppo] step=102828 episode=2970 return=2.0 length=28 lr=9.52e-05 entropy=0.4534
[ppo] step=103378 episode=2980 return=6.0 length=70 lr=9.52e-05 entropy=0.4534
[ppo] step=103878 episode=2990 return=1.0 length=16 lr=9.52e-05 entropy=0.4534
[ppo] step=104484 episode=3000 return=7.0 length=80 lr=9.11e-05 entropy=0.4501
[ppo][eval] step=105000 mean_return=4.95 max_return=7.00
[ppo] step=105036 episode=3010 return=3.0 length=38 lr=9.11e-05 entropy=0.4501
[ppo] step=105554 episode=3020 return=7.0 length=84 lr=9.11e-05 entropy=0.4501
[ppo] step=106016 episode=3030 return=2.0 length=28 lr=9.11e-05 entropy=0.4501
[ppo] step=106678 episode=3040 return=2.0 length=28 lr=8.70e-05 entropy=0.4468
[ppo] step=107314 episode=3050 return=7.0 length=80 lr=8.70e-05 entropy=0.4468
[ppo] step=107950 episode=3060 return=2.0 length=26 lr=8.70e-05 entropy=0.4468
[ppo] step=108408 episode=3070 return=6.0 length=74 lr=8.70e-05 entropy=0.4468
[ppo] step=108996 episode=3080 return=6.0 length=74 lr=8.29e-05 entropy=0.4606
[ppo] step=109526 episode=3090 return=5.0 length=62 lr=8.29e-05 entropy=0.4606
[ppo][eval] step=110000 mean_return=4.85 max_return=7.00
[ppo] step=110010 episode=3100 return=0.0 length=6 lr=8.29e-05 entropy=0.4606
[ppo] step=110472 episode=3110 return=1.0 length=16 lr=8.29e-05 entropy=0.4606
[ppo] step=111008 episode=3120 return=2.0 length=28 lr=7.88e-05 entropy=0.4372
[ppo] step=111544 episode=3130 return=4.0 length=48 lr=7.88e-05 entropy=0.4372
[ppo] step=112032 episode=3140 return=3.0 length=38 lr=7.88e-05 entropy=0.4372
[ppo] step=112530 episode=3150 return=4.0 length=48 lr=7.88e-05 entropy=0.4372
[ppo] step=113004 episode=3160 return=4.0 length=50 lr=7.47e-05 entropy=0.4398
[ppo] step=113380 episode=3170 return=6.0 length=72 lr=7.47e-05 entropy=0.4398
[ppo] step=113964 episode=3180 return=5.0 length=62 lr=7.47e-05 entropy=0.4398
[ppo] step=114574 episode=3190 return=3.0 length=38 lr=7.47e-05 entropy=0.4398
[ppo][eval] step=115000 mean_return=4.90 max_return=7.00
[ppo] step=115210 episode=3200 return=4.0 length=48 lr=7.06e-05 entropy=0.4413
[ppo] step=115670 episode=3210 return=4.0 length=48 lr=7.06e-05 entropy=0.4413
[ppo] step=116240 episode=3220 return=5.0 length=60 lr=7.06e-05 entropy=0.4413
[ppo] step=116848 episode=3230 return=3.0 length=38 lr=6.65e-05 entropy=0.4307
[ppo] step=117400 episode=3240 return=7.0 length=80 lr=6.65e-05 entropy=0.4307
[ppo] step=117998 episode=3250 return=7.0 length=80 lr=6.65e-05 entropy=0.4307
[ppo] step=118494 episode=3260 return=4.0 length=50 lr=6.65e-05 entropy=0.4307
[ppo] step=119184 episode=3270 return=6.0 length=74 lr=6.24e-05 entropy=0.4278
[ppo] step=119710 episode=3280 return=6.0 length=72 lr=6.24e-05 entropy=0.4278
[ppo][eval] step=120000 mean_return=5.15 max_return=7.00
[ppo] step=120266 episode=3290 return=6.0 length=74 lr=6.24e-05 entropy=0.4278
[ppo] step=120748 episode=3300 return=3.0 length=38 lr=6.24e-05 entropy=0.4278
[ppo] step=121292 episode=3310 return=6.0 length=74 lr=5.83e-05 entropy=0.4314
[ppo] step=121882 episode=3320 return=4.0 length=48 lr=5.83e-05 entropy=0.4314
[ppo] step=122406 episode=3330 return=6.0 length=70 lr=5.83e-05 entropy=0.4314
[ppo] step=123026 episode=3340 return=3.0 length=38 lr=5.42e-05 entropy=0.4146
[ppo] step=123618 episode=3350 return=6.0 length=74 lr=5.42e-05 entropy=0.4146
[ppo] step=124142 episode=3360 return=2.0 length=28 lr=5.42e-05 entropy=0.4146
[ppo] step=124768 episode=3370 return=7.0 length=80 lr=5.42e-05 entropy=0.4146
[ppo][eval] step=125000 mean_return=5.10 max_return=7.00
[ppo] step=125298 episode=3380 return=6.0 length=72 lr=5.01e-05 entropy=0.4238
[ppo] step=125806 episode=3390 return=6.0 length=72 lr=5.01e-05 entropy=0.4238
[ppo] step=126276 episode=3400 return=6.0 length=72 lr=5.01e-05 entropy=0.4238
[ppo] step=126862 episode=3410 return=3.0 length=38 lr=5.01e-05 entropy=0.4238
[ppo] step=127374 episode=3420 return=3.0 length=38 lr=4.60e-05 entropy=0.4288
[ppo] step=127946 episode=3430 return=3.0 length=38 lr=4.60e-05 entropy=0.4288
[ppo] step=128450 episode=3440 return=6.0 length=72 lr=4.60e-05 entropy=0.4288
[ppo] step=128988 episode=3450 return=6.0 length=70 lr=4.60e-05 entropy=0.4288
[ppo] step=129506 episode=3460 return=3.0 length=38 lr=4.20e-05 entropy=0.4266
[ppo][eval] step=130000 mean_return=4.95 max_return=7.00
[ppo] step=130068 episode=3470 return=6.0 length=70 lr=4.20e-05 entropy=0.4266
[ppo] step=130622 episode=3480 return=5.0 length=60 lr=4.20e-05 entropy=0.4266
[ppo] step=131138 episode=3490 return=3.0 length=38 lr=3.79e-05 entropy=0.414
[ppo] step=131716 episode=3500 return=6.0 length=72 lr=3.79e-05 entropy=0.414
[ppo] step=132276 episode=3510 return=5.0 length=60 lr=3.79e-05 entropy=0.414
[ppo] step=132898 episode=3520 return=7.0 length=84 lr=3.79e-05 entropy=0.414
[ppo] step=133542 episode=3530 return=6.0 length=72 lr=3.38e-05 entropy=0.4197
[ppo] step=134174 episode=3540 return=6.0 length=72 lr=3.38e-05 entropy=0.4197
[ppo] step=134704 episode=3550 return=3.0 length=38 lr=3.38e-05 entropy=0.4197
[ppo][eval] step=135000 mean_return=5.20 max_return=7.00
[ppo] step=135356 episode=3560 return=6.0 length=72 lr=2.97e-05 entropy=0.4131
[ppo] step=135958 episode=3570 return=6.0 length=74 lr=2.97e-05 entropy=0.4131
[ppo] step=136532 episode=3580 return=7.0 length=84 lr=2.97e-05 entropy=0.4131
[ppo] step=137156 episode=3590 return=6.0 length=72 lr=2.97e-05 entropy=0.4131
[ppo] step=137704 episode=3600 return=1.0 length=16 lr=2.56e-05 entropy=0.4087
[ppo] step=138122 episode=3610 return=6.0 length=70 lr=2.56e-05 entropy=0.4087
[ppo] step=138838 episode=3620 return=2.0 length=28 lr=2.56e-05 entropy=0.4087
[ppo] step=139524 episode=3630 return=5.0 length=60 lr=2.15e-05 entropy=0.4297
[ppo][eval] step=140000 mean_return=5.25 max_return=7.00
[ppo] step=140132 episode=3640 return=6.0 length=72 lr=2.15e-05 entropy=0.4297
[ppo] step=140742 episode=3650 return=6.0 length=72 lr=2.15e-05 entropy=0.4297
[ppo] step=141366 episode=3660 return=5.0 length=62 lr=1.74e-05 entropy=0.4158
[ppo] step=142010 episode=3670 return=6.0 length=74 lr=1.74e-05 entropy=0.4158
[ppo] step=142474 episode=3680 return=0.0 length=6 lr=1.74e-05 entropy=0.4158
[ppo] step=143010 episode=3690 return=7.0 length=80 lr=1.74e-05 entropy=0.4158
[ppo] step=143604 episode=3700 return=2.0 length=28 lr=1.33e-05 entropy=0.4222
[ppo] step=144282 episode=3710 return=7.0 length=84 lr=1.33e-05 entropy=0.4222
[ppo] step=144860 episode=3720 return=6.0 length=72 lr=1.33e-05 entropy=0.4222
[ppo][eval] step=145000 mean_return=5.30 max_return=7.00
[ppo] step=145402 episode=3730 return=2.0 length=28 lr=1.33e-05 entropy=0.4222
[ppo] step=145900 episode=3740 return=7.0 length=84 lr=9.18e-06 entropy=0.4019
[ppo] step=146376 episode=3750 return=0.0 length=6 lr=9.18e-06 entropy=0.4019
[ppo] step=146932 episode=3760 return=6.0 length=72 lr=9.18e-06 entropy=0.4019
[ppo] step=147490 episode=3770 return=3.0 length=38 lr=5.09e-06 entropy=0.392
[ppo] step=148080 episode=3780 return=3.0 length=38 lr=5.09e-06 entropy=0.392
[ppo] step=148708 episode=3790 return=2.0 length=28 lr=5.09e-06 entropy=0.392
[ppo] step=149304 episode=3800 return=5.0 length=62 lr=5.09e-06 entropy=0.392
[ppo] step=149890 episode=3810 return=2.0 length=28 lr=9.92e-07 entropy=0.3985
[ppo][eval] step=150000 mean_return=5.30 max_return=7.00
[ppo] finished profile=fast mean_eval_return=5.30 passed=False run_dir=results/rl/ppo_minatar_breakout_20260828_012550_960402
{
  "task": "minatar_breakout",
  "env_id": "MinAtar/Breakout-v1",
  "algorithm": "ppo_clipped_surrogate_gae",
  "profile": "fast",
  "seed": 1,
  "total_timesteps": 150000,
  "configured_total_timesteps": 150000,
  "actual_timesteps": 150000,
  "updates": 74,
  "rollout_length": 2048,
  "action_kind": "discrete",
  "eval_episodes": 20,
  "success_threshold": 10.0,
  "passed": false,
  "final_eval": {
    "episodes": 20,
    "seed": 10000,
    "mean_return": 5.300000190734863,
    "std_return": 2.027313470840454,
    "min_return": 1.0,
    "max_return": 7.0,
    "mean_length": 63.400001525878906
  },
  "last_eval": {
    "episodes": 20,
    "seed": 10000,
    "mean_return": 5.300000190734863,
    "std_return": 2.027313470840454,
    "min_return": 1.0,
    "max_return": 7.0,
    "mean_length": 63.400001525878906
  },
  "selected_step": 150000,
  "selected_source": "final",
  "training_efficiency": {
    "best_model_step": 150000,
    "best_model_training_fraction": 1.0,
    "first_success_step": null,
    "first_success_training_fraction": null,
    "best_minus_last_return": 0.0,
    "budget_interpretation": "unsolved_or_underfit"
  },
  "early_stopping": {
    "enabled": false,
    "patience": 30,
    "min_delta": 1.0,
    "min_steps": 25000,
    "target_score": 50.0,
    "best_mean_return": 5.150000095367432,
    "evaluations": 30,
    "evaluations_without_improvement": 6,
    "stopped_early": false,
    "stopping_reason": "budget_exhausted",
    "stopping_step": 150000
  },
  "run_dir": "results/rl/ppo_minatar_breakout_20260828_012550_960402"
}
Checkpoint: results/rl/ppo_minatar_breakout_20260828_012550_960402/checkpoint.pt
	Command being timed: ".venv/bin/python tools/run_rl_ppo.py minatar_breakout --profile fast --seed 1 --device cpu --no-early-stopping --total-timesteps 150000"
	User time (seconds): 221.98
	System time (seconds): 1.05
	Percent of CPU this job got: 192%
	Elapsed (wall clock) time (h:mm:ss or m:ss): 1:55.95
	Average shared text size (kbytes): 0
	Average unshared data size (kbytes): 0
	Average stack size (kbytes): 0
	Average total size (kbytes): 0
	Maximum resident set size (kbytes): 972992
	Average resident set size (kbytes): 0
	Major (requiring I/O) page faults: 0
	Minor (reclaiming a frame) page faults: 423082
	Voluntary context switches: 206
	Involuntary context switches: 759
	Swaps: 0
	File system inputs: 0
	File system outputs: 1696
	Socket messages sent: 0
	Socket messages received: 0
	Signals delivered: 0
	Page size (bytes): 4096
	Exit status: 0
