[ppo] step=63 episode=1 return=-165.4 length=63 lr=3.00e-04 entropy=None
[ppo] step=172 episode=2 return=-126.2 length=109 lr=3.00e-04 entropy=None
[ppo] step=284 episode=3 return=-254.3 length=112 lr=3.00e-04 entropy=None
[ppo] step=375 episode=4 return=-210.3 length=91 lr=3.00e-04 entropy=None
[ppo] step=514 episode=5 return=-223.0 length=139 lr=3.00e-04 entropy=None
[ppo] step=1009 episode=10 return=-141.3 length=120 lr=3.00e-04 entropy=None
[ppo] step=2036 episode=20 return=-182.2 length=107 lr=3.00e-04 entropy=None
[ppo] step=2849 episode=30 return=-402.6 length=86 lr=2.96e-04 entropy=1.381
[ppo] step=3752 episode=40 return=-54.4 length=93 lr=2.96e-04 entropy=1.381
[ppo] step=4775 episode=50 return=-315.4 length=172 lr=2.92e-04 entropy=1.3676
[ppo][eval] step=5000 mean_return=-1659.34 max_return=-489.26
[ppo] step=5630 episode=60 return=-114.3 length=82 lr=2.92e-04 entropy=1.3676
[ppo] step=6706 episode=70 return=-173.0 length=109 lr=2.88e-04 entropy=1.354
[ppo] step=7755 episode=80 return=-108.9 length=61 lr=2.88e-04 entropy=1.354
[ppo] step=8724 episode=90 return=-264.2 length=109 lr=2.84e-04 entropy=1.3331
[ppo] step=9883 episode=100 return=-74.6 length=94 lr=2.84e-04 entropy=1.3331
[ppo][eval] step=10000 mean_return=-1015.81 max_return=51.12
[ppo] step=10822 episode=110 return=-89.5 length=92 lr=2.80e-04 entropy=1.3334
[ppo] step=11900 episode=120 return=-76.1 length=121 lr=2.80e-04 entropy=1.3334
[ppo] step=12952 episode=130 return=-86.1 length=120 lr=2.75e-04 entropy=1.2965
[ppo] step=14202 episode=140 return=-32.7 length=153 lr=2.75e-04 entropy=1.2965
[ppo][eval] step=15000 mean_return=-738.85 max_return=-437.60
[ppo] step=15297 episode=150 return=-202.8 length=113 lr=2.71e-04 entropy=1.2837
[ppo] step=16582 episode=160 return=-13.4 length=178 lr=2.67e-04 entropy=1.2388
[ppo] step=18061 episode=170 return=-64.7 length=149 lr=2.67e-04 entropy=1.2388
[ppo] step=19469 episode=180 return=-55.0 length=149 lr=2.63e-04 entropy=1.1903
[ppo][eval] step=20000 mean_return=-798.60 max_return=-266.31
[ppo] step=21345 episode=190 return=-29.8 length=144 lr=2.59e-04 entropy=1.2101
[ppo] step=23149 episode=200 return=-272.5 length=236 lr=2.55e-04 entropy=1.1883
[ppo] step=24716 episode=210 return=13.3 length=143 lr=2.51e-04 entropy=1.0941
[ppo][eval] step=25000 mean_return=-1391.50 max_return=-685.00
[ppo] step=27897 episode=220 return=34.2 length=1000 lr=2.47e-04 entropy=1.1208
[ppo][eval] step=30000 mean_return=-1267.02 max_return=-763.70
[ppo] step=31968 episode=230 return=-264.9 length=327 lr=2.39e-04 entropy=1.1788
[ppo][eval] step=35000 mean_return=-713.16 max_return=-480.53
[ppo] step=36459 episode=240 return=-166.2 length=273 lr=2.30e-04 entropy=1.2223
[ppo][eval] step=40000 mean_return=-778.75 max_return=-275.95
[ppo] step=41651 episode=250 return=-210.4 length=408 lr=2.18e-04 entropy=1.1336
[ppo][eval] step=45000 mean_return=-840.24 max_return=-175.41
[ppo] step=48650 episode=260 return=7.6 length=1000 lr=2.06e-04 entropy=1.1416
[ppo][eval] step=50000 mean_return=-292.94 max_return=-192.03
[ppo][eval] step=55000 mean_return=-307.48 max_return=-207.86
[ppo] step=56966 episode=270 return=65.0 length=1000 lr=1.89e-04 entropy=1.0996
[ppo][eval] step=60000 mean_return=-138.55 max_return=80.46
[ppo][eval] step=65000 mean_return=-161.75 max_return=-105.43
[ppo] step=65467 episode=280 return=-52.1 length=355 lr=1.73e-04 entropy=1.0615
[ppo][eval] step=70000 mean_return=-110.49 max_return=41.15
[ppo] step=73478 episode=290 return=-104.1 length=633 lr=1.57e-04 entropy=0.9787
[ppo][eval] step=75000 mean_return=-130.10 max_return=-76.58
[ppo] step=79523 episode=300 return=-53.6 length=410 lr=1.44e-04 entropy=1.0238
[ppo][eval] step=80000 mean_return=-123.53 max_return=-71.51
[ppo][eval] step=85000 mean_return=-112.32 max_return=-37.94
[ppo] step=86055 episode=310 return=-50.4 length=351 lr=1.28e-04 entropy=0.8672
[ppo][eval] step=90000 mean_return=-111.44 max_return=-26.31
[ppo] step=92958 episode=320 return=186.8 length=448 lr=1.16e-04 entropy=0.9675
[ppo][eval] step=95000 mean_return=-106.49 max_return=-42.56
[ppo][eval] step=100000 mean_return=-119.07 max_return=-40.09
[ppo] step=101322 episode=330 return=9.9 length=1000 lr=9.93e-05 entropy=0.9423
[ppo][eval] step=105000 mean_return=-97.05 max_return=-36.49
[ppo] step=108988 episode=340 return=71.3 length=1000 lr=8.29e-05 entropy=0.9419
[ppo][eval] step=110000 mean_return=-90.02 max_return=-14.54
[ppo][eval] step=115000 mean_return=-66.53 max_return=-8.73
[ppo] step=116763 episode=350 return=51.6 length=1000 lr=6.65e-05 entropy=0.9827
[ppo][eval] step=120000 mean_return=-31.67 max_return=93.71
[ppo] step=123809 episode=360 return=203.0 length=497 lr=5.42e-05 entropy=0.9618
[ppo][eval] step=125000 mean_return=-11.33 max_return=133.91
[ppo][eval] step=130000 mean_return=6.85 max_return=135.17
[ppo] step=132304 episode=370 return=80.9 length=1000 lr=3.79e-05 entropy=0.8581
[ppo][eval] step=135000 mean_return=41.21 max_return=141.50
[ppo][eval] step=140000 mean_return=61.79 max_return=178.12
[ppo] step=140068 episode=380 return=194.0 length=419 lr=2.15e-05 entropy=0.9808
[ppo][eval] step=145000 mean_return=64.46 max_return=163.88
[ppo] step=147060 episode=390 return=74.1 length=1000 lr=9.18e-06 entropy=0.9596
[ppo][eval] step=150000 mean_return=68.09 max_return=178.65
[ppo] finished profile=fast mean_eval_return=69.22 passed=False run_dir=results/rl/ppo_lunarlander_20260828_012303_674084
{
  "task": "lunarlander",
  "env_id": "LunarLander-v3",
  "algorithm": "ppo_clipped_surrogate_gae",
  "profile": "fast",
  "seed": 0,
  "total_timesteps": 150000,
  "configured_total_timesteps": 150000,
  "actual_timesteps": 150000,
  "updates": 74,
  "rollout_length": 2048,
  "action_kind": "discrete",
  "eval_episodes": 20,
  "success_threshold": 200.0,
  "passed": false,
  "final_eval": {
    "episodes": 20,
    "seed": 10000,
    "mean_return": 69.21865844726562,
    "std_return": 111.8750991821289,
    "min_return": -200.75234985351562,
    "max_return": 167.60861206054688,
    "mean_length": 708.5999755859375
  },
  "last_eval": {
    "episodes": 20,
    "seed": 10000,
    "mean_return": 69.21865844726562,
    "std_return": 111.8750991821289,
    "min_return": -200.75234985351562,
    "max_return": 167.60861206054688,
    "mean_length": 708.5999755859375
  },
  "selected_step": 150000,
  "selected_source": "final",
  "training_efficiency": {
    "best_model_step": 150000,
    "best_model_training_fraction": 1.0,
    "first_success_step": null,
    "first_success_training_fraction": null,
    "best_minus_last_return": 0.0,
    "budget_interpretation": "unsolved_or_underfit"
  },
  "early_stopping": {
    "enabled": false,
    "patience": 30,
    "min_delta": 1.0,
    "min_steps": 25000,
    "target_score": 280.0,
    "best_mean_return": 68.08769226074219,
    "evaluations": 30,
    "evaluations_without_improvement": 0,
    "stopped_early": false,
    "stopping_reason": "budget_exhausted",
    "stopping_step": 150000
  },
  "run_dir": "results/rl/ppo_lunarlander_20260828_012303_674084"
}
Checkpoint: results/rl/ppo_lunarlander_20260828_012303_674084/checkpoint.pt
	Command being timed: ".venv/bin/python tools/run_rl_ppo.py lunarlander --profile fast --seed 0 --device cpu --no-early-stopping --total-timesteps 150000"
	User time (seconds): 241.84
	System time (seconds): 0.60
	Percent of CPU this job got: 122%
	Elapsed (wall clock) time (h:mm:ss or m:ss): 3:17.88
	Average shared text size (kbytes): 0
	Average unshared data size (kbytes): 0
	Average stack size (kbytes): 0
	Average total size (kbytes): 0
	Maximum resident set size (kbytes): 826868
	Average resident set size (kbytes): 0
	Major (requiring I/O) page faults: 0
	Minor (reclaiming a frame) page faults: 242593
	Voluntary context switches: 231
	Involuntary context switches: 684
	Swaps: 0
	File system inputs: 0
	File system outputs: 440
	Socket messages sent: 0
	Socket messages received: 0
	Signals delivered: 0
	Page size (bytes): 4096
	Exit status: 0
