[ppo] step=19 episode=1 return=19.0 length=19 lr=3.00e-04 entropy=None
[ppo] step=36 episode=2 return=17.0 length=17 lr=3.00e-04 entropy=None
[ppo] step=49 episode=3 return=13.0 length=13 lr=3.00e-04 entropy=None
[ppo] step=63 episode=4 return=14.0 length=14 lr=3.00e-04 entropy=None
[ppo] step=79 episode=5 return=16.0 length=16 lr=3.00e-04 entropy=None
[ppo] step=192 episode=10 return=18.0 length=18 lr=3.00e-04 entropy=None
[ppo] step=415 episode=20 return=18.0 length=18 lr=3.00e-04 entropy=None
[ppo] step=662 episode=30 return=42.0 length=42 lr=3.00e-04 entropy=None
[ppo] step=848 episode=40 return=13.0 length=13 lr=3.00e-04 entropy=None
[ppo] step=1034 episode=50 return=20.0 length=20 lr=3.00e-04 entropy=None
[ppo] step=1281 episode=60 return=25.0 length=25 lr=3.00e-04 entropy=None
[ppo] step=1547 episode=70 return=24.0 length=24 lr=3.00e-04 entropy=None
[ppo] step=1791 episode=80 return=46.0 length=46 lr=3.00e-04 entropy=None
[ppo] step=2043 episode=90 return=9.0 length=9 lr=3.00e-04 entropy=None
[ppo] step=2404 episode=100 return=33.0 length=33 lr=2.96e-04 entropy=0.684
[ppo] step=2751 episode=110 return=37.0 length=37 lr=2.96e-04 entropy=0.684
[ppo] step=3063 episode=120 return=12.0 length=12 lr=2.96e-04 entropy=0.684
[ppo] step=3308 episode=130 return=23.0 length=23 lr=2.96e-04 entropy=0.684
[ppo] step=3574 episode=140 return=21.0 length=21 lr=2.96e-04 entropy=0.684
[ppo] step=3895 episode=150 return=67.0 length=67 lr=2.96e-04 entropy=0.684
[ppo] step=4225 episode=160 return=40.0 length=40 lr=2.92e-04 entropy=0.6591
[ppo] step=4585 episode=170 return=50.0 length=50 lr=2.92e-04 entropy=0.6591
[ppo] step=4964 episode=180 return=13.0 length=13 lr=2.92e-04 entropy=0.6591
[ppo][eval] step=5000 mean_return=335.70 max_return=500.00
[ppo] step=5385 episode=190 return=74.0 length=74 lr=2.92e-04 entropy=0.6591
[ppo] step=5681 episode=200 return=22.0 length=22 lr=2.92e-04 entropy=0.6591
[ppo] step=6054 episode=210 return=39.0 length=39 lr=2.92e-04 entropy=0.6591
[ppo] step=6798 episode=220 return=142.0 length=142 lr=2.88e-04 entropy=0.6269
[ppo] step=7395 episode=230 return=37.0 length=37 lr=2.88e-04 entropy=0.6269
[ppo] step=8098 episode=240 return=73.0 length=73 lr=2.88e-04 entropy=0.6269
[ppo] step=9168 episode=250 return=82.0 length=82 lr=2.84e-04 entropy=0.6
[ppo][eval] step=10000 mean_return=360.45 max_return=500.00
[ppo] step=10366 episode=260 return=63.0 length=63 lr=2.80e-04 entropy=0.5868
[ppo] step=11820 episode=270 return=40.0 length=40 lr=2.80e-04 entropy=0.5868
[ppo] step=13710 episode=280 return=301.0 length=301 lr=2.75e-04 entropy=0.5768
[ppo][eval] step=15000 mean_return=455.05 max_return=500.00
[ppo] step=16018 episode=290 return=335.0 length=335 lr=2.71e-04 entropy=0.5723
[ppo] step=19381 episode=300 return=378.0 length=378 lr=2.63e-04 entropy=0.5457
[ppo][eval] step=20000 mean_return=482.60 max_return=500.00
[ppo] step=22534 episode=310 return=340.0 length=340 lr=2.55e-04 entropy=0.55
[ppo][eval] step=25000 mean_return=481.90 max_return=500.00
[ppo] step=26591 episode=320 return=500.0 length=500 lr=2.51e-04 entropy=0.5568
[ppo][eval] step=30000 mean_return=500.00 max_return=500.00
[ppo] step=30835 episode=330 return=449.0 length=449 lr=2.39e-04 entropy=0.5536
[ppo] step=34360 episode=340 return=413.0 length=413 lr=2.34e-04 entropy=0.5477
[ppo][eval] step=35000 mean_return=500.00 max_return=500.00
[ppo] step=39036 episode=350 return=500.0 length=500 lr=2.22e-04 entropy=0.5443
[ppo][eval] step=40000 mean_return=500.00 max_return=500.00
[ppo] step=44036 episode=360 return=500.0 length=500 lr=2.14e-04 entropy=0.523
[ppo][eval] step=45000 mean_return=500.00 max_return=500.00
[ppo] step=49036 episode=370 return=500.0 length=500 lr=2.06e-04 entropy=0.5302
[ppo][eval] step=50000 mean_return=371.95 max_return=500.00
[ppo] step=51913 episode=380 return=201.0 length=201 lr=1.98e-04 entropy=0.5579
[ppo][eval] step=55000 mean_return=479.55 max_return=500.00
[ppo] step=55111 episode=390 return=436.0 length=436 lr=1.94e-04 entropy=0.5543
[ppo] step=59534 episode=400 return=500.0 length=500 lr=1.81e-04 entropy=0.5388
[ppo][eval] step=60000 mean_return=500.00 max_return=500.00
[ppo] step=64343 episode=410 return=500.0 length=500 lr=1.73e-04 entropy=0.5171
[ppo][eval] step=65000 mean_return=500.00 max_return=500.00
[ppo] step=68411 episode=420 return=500.0 length=500 lr=1.65e-04 entropy=0.5421
[ppo][eval] step=70000 mean_return=500.00 max_return=500.00
[ppo] step=73179 episode=430 return=500.0 length=500 lr=1.57e-04 entropy=0.5346
[ppo][eval] step=75000 mean_return=494.50 max_return=500.00
[ppo] step=78139 episode=440 return=500.0 length=500 lr=1.44e-04 entropy=0.5451
[ppo][eval] step=80000 mean_return=500.00 max_return=500.00
[ppo] step=83139 episode=450 return=500.0 length=500 lr=1.36e-04 entropy=0.5183
[ppo][eval] step=85000 mean_return=500.00 max_return=500.00
[ppo] step=87727 episode=460 return=500.0 length=500 lr=1.28e-04 entropy=0.5483
[ppo][eval] step=90000 mean_return=500.00 max_return=500.00
[ppo] step=92618 episode=470 return=500.0 length=500 lr=1.16e-04 entropy=0.5603
[ppo][eval] step=95000 mean_return=500.00 max_return=500.00
[ppo] step=96986 episode=480 return=500.0 length=500 lr=1.07e-04 entropy=0.5597
[ppo][eval] step=100000 mean_return=500.00 max_return=500.00
[ppo] step=101704 episode=490 return=500.0 length=500 lr=9.93e-05 entropy=0.5359
[ppo][eval] step=105000 mean_return=500.00 max_return=500.00
[ppo] step=106704 episode=500 return=500.0 length=500 lr=8.70e-05 entropy=0.5567
[ppo][eval] step=110000 mean_return=500.00 max_return=500.00
[ppo] step=111050 episode=510 return=500.0 length=500 lr=7.88e-05 entropy=0.5485
[ppo][eval] step=115000 mean_return=500.00 max_return=500.00
[ppo] step=115840 episode=520 return=500.0 length=500 lr=7.06e-05 entropy=0.5286
[ppo][eval] step=120000 mean_return=500.00 max_return=500.00
[ppo] step=120840 episode=530 return=500.0 length=500 lr=5.83e-05 entropy=0.5253
[ppo][eval] step=125000 mean_return=500.00 max_return=500.00
[ppo] step=125840 episode=540 return=500.0 length=500 lr=5.01e-05 entropy=0.5325
[ppo][eval] step=130000 mean_return=500.00 max_return=500.00
[ppo] step=130840 episode=550 return=500.0 length=500 lr=4.20e-05 entropy=0.543
[ppo][eval] step=135000 mean_return=500.00 max_return=500.00
[ppo] step=135840 episode=560 return=500.0 length=500 lr=2.97e-05 entropy=0.5423
[ppo][eval] step=140000 mean_return=500.00 max_return=500.00
[ppo] step=140840 episode=570 return=500.0 length=500 lr=2.15e-05 entropy=0.5546
[ppo][eval] step=145000 mean_return=500.00 max_return=500.00
[ppo] step=145475 episode=580 return=500.0 length=500 lr=9.18e-06 entropy=0.5408
[ppo][eval] step=150000 mean_return=500.00 max_return=500.00
[ppo] finished profile=fast mean_eval_return=500.00 passed=True run_dir=results/rl/ppo_cartpole_20260828_012117_686042
{
  "task": "cartpole",
  "env_id": "CartPole-v1",
  "algorithm": "ppo_clipped_surrogate_gae",
  "profile": "fast",
  "seed": 2,
  "total_timesteps": 150000,
  "configured_total_timesteps": 150000,
  "actual_timesteps": 150000,
  "updates": 74,
  "rollout_length": 2048,
  "action_kind": "discrete",
  "eval_episodes": 20,
  "success_threshold": 475.0,
  "passed": true,
  "final_eval": {
    "episodes": 20,
    "seed": 10000,
    "mean_return": 500.0,
    "std_return": 0.0,
    "min_return": 500.0,
    "max_return": 500.0,
    "mean_length": 500.0
  },
  "last_eval": {
    "episodes": 20,
    "seed": 10000,
    "mean_return": 500.0,
    "std_return": 0.0,
    "min_return": 500.0,
    "max_return": 500.0,
    "mean_length": 500.0
  },
  "selected_step": 150000,
  "selected_source": "final",
  "training_efficiency": {
    "best_model_step": 150000,
    "best_model_training_fraction": 1.0,
    "first_success_step": 20000,
    "first_success_training_fraction": 0.13333333333333333,
    "best_minus_last_return": 0.0,
    "budget_interpretation": "final_is_best_check_for_underfit"
  },
  "early_stopping": {
    "enabled": false,
    "patience": 30,
    "min_delta": 1.0,
    "min_steps": 25000,
    "target_score": 500.0,
    "best_mean_return": 500.0,
    "evaluations": 30,
    "evaluations_without_improvement": 24,
    "stopped_early": false,
    "stopping_reason": "budget_exhausted",
    "stopping_step": 150000
  },
  "run_dir": "results/rl/ppo_cartpole_20260828_012117_686042"
}
Checkpoint: results/rl/ppo_cartpole_20260828_012117_686042/checkpoint.pt
	Command being timed: ".venv/bin/python tools/run_rl_ppo.py cartpole --profile fast --seed 2 --device cpu --no-early-stopping --total-timesteps 150000"
	User time (seconds): 145.62
	System time (seconds): 0.56
	Percent of CPU this job got: 134%
	Elapsed (wall clock) time (h:mm:ss or m:ss): 1:48.57
	Average shared text size (kbytes): 0
	Average unshared data size (kbytes): 0
	Average stack size (kbytes): 0
	Average total size (kbytes): 0
	Maximum resident set size (kbytes): 803548
	Average resident set size (kbytes): 0
	Major (requiring I/O) page faults: 1
	Minor (reclaiming a frame) page faults: 293667
	Voluntary context switches: 390
	Involuntary context switches: 492
	Swaps: 0
	File system inputs: 0
	File system outputs: 440
	Socket messages sent: 0
	Socket messages received: 0
	Signals delivered: 0
	Page size (bytes): 4096
	Exit status: 0
