[td3] step=200 episode=1 return=-1071.9 length=200 critic_loss=None actor_loss=None
[td3] step=400 episode=2 return=-903.4 length=200 critic_loss=None actor_loss=None
[td3] step=600 episode=3 return=-1268.1 length=200 critic_loss=None actor_loss=None
[td3] step=800 episode=4 return=-1502.9 length=200 critic_loss=None actor_loss=None
[td3] step=1000 episode=5 return=-1638.7 length=200 critic_loss=114.8252 actor_loss=0.2347
[td3] step=2000 episode=10 return=-1596.6 length=200 critic_loss=0.3657 actor_loss=20.038
[td3] step=4000 episode=20 return=-1123.3 length=200 critic_loss=0.2748 actor_loss=50.4253
[td3][eval] step=5000 mean_return=-875.54 max_return=-639.56
[td3] step=6000 episode=30 return=-1510.9 length=200 critic_loss=0.371 actor_loss=75.0431
[td3] step=8000 episode=40 return=-0.4 length=200 critic_loss=0.6317 actor_loss=75.8879
[td3] step=10000 episode=50 return=-127.7 length=200 critic_loss=1.3623 actor_loss=73.4419
[td3][eval] step=10000 mean_return=-123.92 max_return=-0.67
[td3] step=12000 episode=60 return=-126.1 length=200 critic_loss=2.0773 actor_loss=72.3778
[td3] step=14000 episode=70 return=-126.8 length=200 critic_loss=1.8845 actor_loss=79.7243
[td3][eval] step=15000 mean_return=-120.86 max_return=-0.77
[td3] step=16000 episode=80 return=-268.2 length=200 critic_loss=2.0779 actor_loss=61.2505
[td3] step=18000 episode=90 return=-125.7 length=200 critic_loss=4.2904 actor_loss=72.704
[td3] step=20000 episode=100 return=-0.4 length=200 critic_loss=3.4314 actor_loss=72.3109
[td3][eval] step=20000 mean_return=-120.23 max_return=-0.45
[td3] step=22000 episode=110 return=-126.1 length=200 critic_loss=9.332 actor_loss=61.186
[td3] step=24000 episode=120 return=-231.8 length=200 critic_loss=4.1818 actor_loss=54.0019
[td3][eval] step=25000 mean_return=-119.05 max_return=-0.47
[td3] step=26000 episode=130 return=-124.8 length=200 critic_loss=4.6552 actor_loss=51.4225
[td3] step=28000 episode=140 return=-128.5 length=200 critic_loss=4.8795 actor_loss=47.1461
[td3] step=30000 episode=150 return=-230.3 length=200 critic_loss=2.3535 actor_loss=37.5677
[td3][eval] step=30000 mean_return=-118.58 max_return=-0.47
[td3] step=32000 episode=160 return=-116.6 length=200 critic_loss=4.1753 actor_loss=39.5476
[td3] step=34000 episode=170 return=-1.0 length=200 critic_loss=2.755 actor_loss=39.6317
[td3][eval] step=35000 mean_return=-118.27 max_return=-1.13
[td3] step=36000 episode=180 return=-225.4 length=200 critic_loss=3.0749 actor_loss=34.1288
[td3] step=38000 episode=190 return=-1.9 length=200 critic_loss=2.7023 actor_loss=43.5793
[td3] step=40000 episode=200 return=-122.7 length=200 critic_loss=2.3454 actor_loss=37.2088
[td3][eval] step=40000 mean_return=-120.01 max_return=-2.22
[td3] step=42000 episode=210 return=-120.9 length=200 critic_loss=4.1155 actor_loss=38.5477
[td3] step=44000 episode=220 return=-124.1 length=200 critic_loss=3.8091 actor_loss=36.9721
[td3][eval] step=45000 mean_return=-119.36 max_return=-1.54
[td3] step=46000 episode=230 return=-227.3 length=200 critic_loss=2.2129 actor_loss=35.0347
[td3] step=48000 episode=240 return=-348.9 length=200 critic_loss=1.8151 actor_loss=41.7921
[td3] step=50000 episode=250 return=-227.6 length=200 critic_loss=1.7522 actor_loss=41.0353
[td3][eval] step=50000 mean_return=-122.93 max_return=-5.61
[td3] step=52000 episode=260 return=-131.2 length=200 critic_loss=2.1928 actor_loss=43.4902
[td3] step=54000 episode=270 return=-131.2 length=200 critic_loss=3.0378 actor_loss=38.5906
[td3][eval] step=55000 mean_return=-127.63 max_return=-11.77
[td3] step=56000 episode=280 return=-259.4 length=200 critic_loss=1.5739 actor_loss=43.1776
[td3] step=58000 episode=290 return=-253.1 length=200 critic_loss=2.2759 actor_loss=41.7674
[td3] step=60000 episode=300 return=-134.9 length=200 critic_loss=1.7596 actor_loss=38.6987
[td3][eval] step=60000 mean_return=-130.71 max_return=-15.26
[td3] step=62000 episode=310 return=-124.8 length=200 critic_loss=2.2805 actor_loss=33.0767
[td3] step=64000 episode=320 return=-119.2 length=200 critic_loss=3.9493 actor_loss=41.45
[td3][eval] step=65000 mean_return=-118.13 max_return=-0.68
[td3] step=66000 episode=330 return=-116.6 length=200 critic_loss=2.5323 actor_loss=39.7443
[td3] step=68000 episode=340 return=-121.5 length=200 critic_loss=1.6366 actor_loss=36.5292
[td3] step=70000 episode=350 return=-124.7 length=200 critic_loss=1.4749 actor_loss=38.7323
[td3][eval] step=70000 mean_return=-118.70 max_return=-0.74
[td3] step=72000 episode=360 return=-1.6 length=200 critic_loss=4.5489 actor_loss=36.4981
[td3] step=74000 episode=370 return=-118.0 length=200 critic_loss=1.0206 actor_loss=40.5496
[td3][eval] step=75000 mean_return=-118.86 max_return=-0.91
[td3] step=76000 episode=380 return=-124.8 length=200 critic_loss=2.1735 actor_loss=36.8771
[td3] step=78000 episode=390 return=-349.8 length=200 critic_loss=4.0939 actor_loss=37.5923
[td3] step=80000 episode=400 return=-136.1 length=200 critic_loss=3.9059 actor_loss=41.7421
[td3][eval] step=80000 mean_return=-132.48 max_return=-15.90
[td3] step=82000 episode=410 return=-120.8 length=200 critic_loss=2.8684 actor_loss=41.3853
[td3] step=84000 episode=420 return=-344.8 length=200 critic_loss=1.9324 actor_loss=40.1379
[td3][eval] step=85000 mean_return=-119.19 max_return=-0.77
[td3] step=86000 episode=430 return=-1.8 length=200 critic_loss=0.9959 actor_loss=37.0155
[td3] step=88000 episode=440 return=-350.1 length=200 critic_loss=0.7883 actor_loss=30.4759
[td3] step=90000 episode=450 return=-231.7 length=200 critic_loss=1.0725 actor_loss=39.4664
[td3][eval] step=90000 mean_return=-121.39 max_return=-0.96
[td3] step=92000 episode=460 return=-230.9 length=200 critic_loss=0.8246 actor_loss=33.0078
[td3] step=94000 episode=470 return=-1.3 length=200 critic_loss=1.4705 actor_loss=29.9213
[td3][eval] step=95000 mean_return=-120.24 max_return=-1.72
[td3] step=96000 episode=480 return=-118.2 length=200 critic_loss=1.3467 actor_loss=34.4442
[td3] step=98000 episode=490 return=-122.9 length=200 critic_loss=1.1253 actor_loss=34.0524
[td3] step=100000 episode=500 return=-239.5 length=200 critic_loss=1.1968 actor_loss=29.049
[td3][eval] step=100000 mean_return=-119.41 max_return=-1.04
[td3] step=102000 episode=510 return=-127.5 length=200 critic_loss=1.0944 actor_loss=26.2074
[td3] step=104000 episode=520 return=-114.0 length=200 critic_loss=1.3023 actor_loss=17.9584
[td3][eval] step=105000 mean_return=-119.28 max_return=-1.91
[td3] step=106000 episode=530 return=-226.3 length=200 critic_loss=1.0099 actor_loss=21.4262
[td3] step=108000 episode=540 return=-347.3 length=200 critic_loss=0.5216 actor_loss=21.4153
[td3] step=110000 episode=550 return=-237.3 length=200 critic_loss=0.7938 actor_loss=18.8846
[td3][eval] step=110000 mean_return=-119.12 max_return=-1.38
[td3] step=112000 episode=560 return=-116.3 length=200 critic_loss=0.6664 actor_loss=20.0104
[td3] step=114000 episode=570 return=-122.1 length=200 critic_loss=1.3758 actor_loss=20.9843
[td3][eval] step=115000 mean_return=-125.08 max_return=-0.94
[td3] step=116000 episode=580 return=-119.8 length=200 critic_loss=1.2643 actor_loss=19.0674
[td3] step=118000 episode=590 return=-125.0 length=200 critic_loss=0.9028 actor_loss=21.4959
[td3] step=120000 episode=600 return=-119.2 length=200 critic_loss=0.9769 actor_loss=20.3693
[td3][eval] step=120000 mean_return=-119.55 max_return=-1.25
[td3] step=122000 episode=610 return=-122.8 length=200 critic_loss=2.4119 actor_loss=16.6755
[td3] step=124000 episode=620 return=-228.0 length=200 critic_loss=0.456 actor_loss=18.6425
[td3][eval] step=125000 mean_return=-118.98 max_return=-0.92
[td3] step=126000 episode=630 return=-243.4 length=200 critic_loss=0.9784 actor_loss=23.0042
[td3] step=128000 episode=640 return=-230.9 length=200 critic_loss=0.27 actor_loss=16.9982
[td3] step=130000 episode=650 return=-120.2 length=200 critic_loss=1.6784 actor_loss=17.2162
[td3][eval] step=130000 mean_return=-119.98 max_return=-0.79
[td3] step=132000 episode=660 return=-336.3 length=200 critic_loss=1.2947 actor_loss=20.7696
[td3] step=134000 episode=670 return=-228.6 length=200 critic_loss=0.4048 actor_loss=19.2647
[td3][eval] step=135000 mean_return=-119.64 max_return=-0.65
[td3] step=136000 episode=680 return=-124.1 length=200 critic_loss=0.4153 actor_loss=17.4206
[td3] step=138000 episode=690 return=-252.4 length=200 critic_loss=0.5046 actor_loss=22.1247
[td3] step=140000 episode=700 return=-120.7 length=200 critic_loss=1.4941 actor_loss=15.4816
[td3][eval] step=140000 mean_return=-119.78 max_return=-0.92
[td3] step=142000 episode=710 return=-123.7 length=200 critic_loss=0.5711 actor_loss=17.375
[td3] step=144000 episode=720 return=-120.3 length=200 critic_loss=0.4295 actor_loss=18.5004
[td3][eval] step=145000 mean_return=-121.70 max_return=-3.94
[td3] step=146000 episode=730 return=-125.3 length=200 critic_loss=0.4872 actor_loss=16.0723
[td3] step=148000 episode=740 return=-119.8 length=200 critic_loss=0.7765 actor_loss=16.6311
[td3] step=150000 episode=750 return=-269.9 length=200 critic_loss=0.5517 actor_loss=18.6819
[td3][eval] step=150000 mean_return=-122.69 max_return=-5.45
[td3] finished profile=fast mean_eval_return=-118.13 passed=True run_dir=results/rl/td3_pendulum_20260828_012324_142534
{
  "task": "pendulum",
  "env_id": "Pendulum-v1",
  "algorithm": "td3_twin_delayed_ddpg",
  "profile": "fast",
  "seed": 0,
  "total_timesteps": 150000,
  "configured_total_timesteps": 150000,
  "actual_timesteps": 150000,
  "critic_updates": 149001,
  "policy_updates": 74501,
  "action_kind": "continuous",
  "action_dim": 1,
  "eval_episodes": 20,
  "success_threshold": -200.0,
  "passed": true,
  "final_eval": {
    "episodes": 20,
    "seed": 10000,
    "mean_return": -118.12931060791016,
    "std_return": 79.223388671875,
    "min_return": -229.22125244140625,
    "max_return": -0.6831868290901184,
    "mean_length": 200.0
  },
  "last_eval": {
    "episodes": 20,
    "seed": 10000,
    "mean_return": -122.69063568115234,
    "std_return": 79.3558120727539,
    "min_return": -235.15170288085938,
    "max_return": -5.454006195068359,
    "mean_length": 200.0
  },
  "selected_step": 65000,
  "selected_source": "best_eval",
  "training_efficiency": {
    "best_model_step": 65000,
    "best_model_training_fraction": 0.43333333333333335,
    "first_success_step": 10000,
    "first_success_training_fraction": 0.06666666666666667,
    "best_minus_last_return": 4.5613250732421875,
    "budget_interpretation": "regressed_after_best"
  },
  "early_stopping": {
    "enabled": false,
    "patience": 30,
    "min_delta": 1.0,
    "min_steps": 25000,
    "target_score": -140.0,
    "best_mean_return": -119.0497055053711,
    "evaluations": 30,
    "evaluations_without_improvement": 25,
    "stopped_early": false,
    "stopping_reason": "budget_exhausted",
    "stopping_step": 150000
  },
  "run_dir": "results/rl/td3_pendulum_20260828_012324_142534"
}
Checkpoint: results/rl/td3_pendulum_20260828_012324_142534/checkpoint.pt
	Command being timed: ".venv/bin/python tools/run_rl_td3.py pendulum --profile fast --seed 0 --device cpu --no-early-stopping --total-timesteps 150000"
	User time (seconds): 1513.52
	System time (seconds): 5.68
	Percent of CPU this job got: 199%
	Elapsed (wall clock) time (h:mm:ss or m:ss): 12:42.80
	Average shared text size (kbytes): 0
	Average unshared data size (kbytes): 0
	Average stack size (kbytes): 0
	Average total size (kbytes): 0
	Maximum resident set size (kbytes): 813332
	Average resident set size (kbytes): 0
	Major (requiring I/O) page faults: 0
	Minor (reclaiming a frame) page faults: 426027
	Voluntary context switches: 267
	Involuntary context switches: 6494
	Swaps: 0
	File system inputs: 0
	File system outputs: 47408
	Socket messages sent: 0
	Socket messages received: 0
	Signals delivered: 0
	Page size (bytes): 4096
	Exit status: 0
