[ppo] step=200 episode=1 return=-1178.2 length=200 lr=3.00e-04 entropy=None
[ppo] step=400 episode=2 return=-1596.3 length=200 lr=3.00e-04 entropy=None
[ppo] step=600 episode=3 return=-1516.7 length=200 lr=3.00e-04 entropy=None
[ppo] step=800 episode=4 return=-1467.8 length=200 lr=3.00e-04 entropy=None
[ppo] step=1000 episode=5 return=-873.0 length=200 lr=3.00e-04 entropy=None
[ppo] step=2000 episode=10 return=-1575.5 length=200 lr=3.00e-04 entropy=None
[ppo] step=4000 episode=20 return=-1299.6 length=200 lr=2.96e-04 entropy=1.4267
[ppo][eval] step=5000 mean_return=-1106.22 max_return=-749.89
[ppo] step=6000 episode=30 return=-1573.6 length=200 lr=2.92e-04 entropy=1.4272
[ppo] step=8000 episode=40 return=-1548.8 length=200 lr=2.88e-04 entropy=1.4253
[ppo] step=10000 episode=50 return=-1658.8 length=200 lr=2.84e-04 entropy=1.4323
[ppo][eval] step=10000 mean_return=-1092.60 max_return=-801.11
[ppo] step=12000 episode=60 return=-891.8 length=200 lr=2.80e-04 entropy=1.4391
[ppo] step=14000 episode=70 return=-1206.7 length=200 lr=2.75e-04 entropy=1.4474
[ppo][eval] step=15000 mean_return=-1137.57 max_return=-859.47
[ppo] step=16000 episode=80 return=-837.7 length=200 lr=2.71e-04 entropy=1.4452
[ppo] step=18000 episode=90 return=-1147.1 length=200 lr=2.67e-04 entropy=1.4285
[ppo] step=20000 episode=100 return=-1534.2 length=200 lr=2.63e-04 entropy=1.4183
[ppo][eval] step=20000 mean_return=-1147.40 max_return=-794.02
[ppo] step=22000 episode=110 return=-1575.1 length=200 lr=2.59e-04 entropy=1.4153
[ppo] step=24000 episode=120 return=-973.1 length=200 lr=2.55e-04 entropy=1.407
[ppo][eval] step=25000 mean_return=-1068.12 max_return=-898.29
[ppo] step=26000 episode=130 return=-884.3 length=200 lr=2.51e-04 entropy=1.3966
[ppo] step=28000 episode=140 return=-1072.3 length=200 lr=2.47e-04 entropy=1.3902
[ppo] step=30000 episode=150 return=-792.0 length=200 lr=2.43e-04 entropy=1.3896
[ppo][eval] step=30000 mean_return=-1030.92 max_return=-634.62
[ppo] step=32000 episode=160 return=-860.4 length=200 lr=2.39e-04 entropy=1.381
[ppo] step=34000 episode=170 return=-1220.5 length=200 lr=2.34e-04 entropy=1.3701
[ppo][eval] step=35000 mean_return=-1040.11 max_return=-786.46
[ppo] step=36000 episode=180 return=-1178.1 length=200 lr=2.30e-04 entropy=1.3637
[ppo] step=38000 episode=190 return=-1373.7 length=200 lr=2.26e-04 entropy=1.3565
[ppo] step=40000 episode=200 return=-1570.8 length=200 lr=2.22e-04 entropy=1.3415
[ppo][eval] step=40000 mean_return=-1062.40 max_return=-860.91
[ppo] step=42000 episode=210 return=-923.4 length=200 lr=2.18e-04 entropy=1.3405
[ppo] step=44000 episode=220 return=-911.5 length=200 lr=2.14e-04 entropy=1.3497
[ppo][eval] step=45000 mean_return=-1024.73 max_return=-768.89
[ppo] step=46000 episode=230 return=-873.3 length=200 lr=2.10e-04 entropy=1.3565
[ppo] step=48000 episode=240 return=-1273.3 length=200 lr=2.06e-04 entropy=1.3574
[ppo] step=50000 episode=250 return=-699.4 length=200 lr=2.02e-04 entropy=1.356
[ppo][eval] step=50000 mean_return=-1045.05 max_return=-711.02
[ppo] step=52000 episode=260 return=-975.1 length=200 lr=1.98e-04 entropy=1.3525
[ppo] step=54000 episode=270 return=-1076.1 length=200 lr=1.94e-04 entropy=1.356
[ppo][eval] step=55000 mean_return=-1034.14 max_return=-742.71
[ppo] step=56000 episode=280 return=-858.8 length=200 lr=1.89e-04 entropy=1.3566
[ppo] step=58000 episode=290 return=-1010.3 length=200 lr=1.85e-04 entropy=1.365
[ppo] step=60000 episode=300 return=-751.5 length=200 lr=1.81e-04 entropy=1.3777
[ppo][eval] step=60000 mean_return=-970.40 max_return=-619.00
[ppo] step=62000 episode=310 return=-1117.9 length=200 lr=1.77e-04 entropy=1.3803
[ppo] step=64000 episode=320 return=-882.9 length=200 lr=1.73e-04 entropy=1.3729
[ppo][eval] step=65000 mean_return=-978.50 max_return=-658.55
[ppo] step=66000 episode=330 return=-736.6 length=200 lr=1.69e-04 entropy=1.3659
[ppo] step=68000 episode=340 return=-1063.6 length=200 lr=1.65e-04 entropy=1.3657
[ppo] step=70000 episode=350 return=-775.8 length=200 lr=1.61e-04 entropy=1.3734
[ppo][eval] step=70000 mean_return=-989.41 max_return=-865.39
[ppo] step=72000 episode=360 return=-898.2 length=200 lr=1.57e-04 entropy=1.3826
[ppo] step=74000 episode=370 return=-1044.8 length=200 lr=1.53e-04 entropy=1.3842
[ppo][eval] step=75000 mean_return=-1003.75 max_return=-888.87
[ppo] step=76000 episode=380 return=-998.6 length=200 lr=1.48e-04 entropy=1.3837
[ppo] step=78000 episode=390 return=-1497.8 length=200 lr=1.44e-04 entropy=1.3908
[ppo] step=80000 episode=400 return=-1068.2 length=200 lr=1.40e-04 entropy=1.3944
[ppo][eval] step=80000 mean_return=-972.35 max_return=-714.82
[ppo] step=82000 episode=410 return=-1106.6 length=200 lr=1.36e-04 entropy=1.3935
[ppo] step=84000 episode=420 return=-1001.9 length=200 lr=1.32e-04 entropy=1.3912
[ppo][eval] step=85000 mean_return=-955.92 max_return=-630.68
[ppo] step=86000 episode=430 return=-1153.0 length=200 lr=1.32e-04 entropy=1.3912
[ppo] step=88000 episode=440 return=-877.1 length=200 lr=1.28e-04 entropy=1.3969
[ppo] step=90000 episode=450 return=-845.0 length=200 lr=1.24e-04 entropy=1.4007
[ppo][eval] step=90000 mean_return=-949.40 max_return=-646.70
[ppo] step=92000 episode=460 return=-1182.4 length=200 lr=1.20e-04 entropy=1.399
[ppo] step=94000 episode=470 return=-795.1 length=200 lr=1.16e-04 entropy=1.3893
[ppo][eval] step=95000 mean_return=-933.56 max_return=-628.39
[ppo] step=96000 episode=480 return=-1175.0 length=200 lr=1.12e-04 entropy=1.3885
[ppo] step=98000 episode=490 return=-882.7 length=200 lr=1.07e-04 entropy=1.389
[ppo] step=100000 episode=500 return=-1425.5 length=200 lr=1.03e-04 entropy=1.3899
[ppo][eval] step=100000 mean_return=-933.67 max_return=-634.26
[ppo] step=102000 episode=510 return=-1276.1 length=200 lr=9.93e-05 entropy=1.3932
[ppo] step=104000 episode=520 return=-1014.5 length=200 lr=9.52e-05 entropy=1.3929
[ppo][eval] step=105000 mean_return=-931.27 max_return=-619.30
[ppo] step=106000 episode=530 return=-1084.8 length=200 lr=9.11e-05 entropy=1.3935
[ppo] step=108000 episode=540 return=-965.0 length=200 lr=8.70e-05 entropy=1.3896
[ppo] step=110000 episode=550 return=-1218.2 length=200 lr=8.29e-05 entropy=1.3829
[ppo][eval] step=110000 mean_return=-911.96 max_return=-635.74
[ppo] step=112000 episode=560 return=-877.8 length=200 lr=7.88e-05 entropy=1.3764
[ppo] step=114000 episode=570 return=-898.9 length=200 lr=7.47e-05 entropy=1.3696
[ppo][eval] step=115000 mean_return=-947.65 max_return=-764.43
[ppo] step=116000 episode=580 return=-1057.6 length=200 lr=7.06e-05 entropy=1.3648
[ppo] step=118000 episode=590 return=-913.2 length=200 lr=6.65e-05 entropy=1.3616
[ppo] step=120000 episode=600 return=-1032.8 length=200 lr=6.24e-05 entropy=1.3586
[ppo][eval] step=120000 mean_return=-936.85 max_return=-763.56
[ppo] step=122000 episode=610 return=-756.6 length=200 lr=5.83e-05 entropy=1.3564
[ppo] step=124000 episode=620 return=-767.1 length=200 lr=5.42e-05 entropy=1.3572
[ppo][eval] step=125000 mean_return=-974.23 max_return=-766.58
[ppo] step=126000 episode=630 return=-1043.4 length=200 lr=5.01e-05 entropy=1.3574
[ppo] step=128000 episode=640 return=-934.3 length=200 lr=4.60e-05 entropy=1.358
[ppo] step=130000 episode=650 return=-1095.0 length=200 lr=4.20e-05 entropy=1.3601
[ppo][eval] step=130000 mean_return=-957.60 max_return=-778.86
[ppo] step=132000 episode=660 return=-662.6 length=200 lr=3.79e-05 entropy=1.3602
[ppo] step=134000 episode=670 return=-647.6 length=200 lr=3.38e-05 entropy=1.3614
[ppo][eval] step=135000 mean_return=-942.55 max_return=-680.24
[ppo] step=136000 episode=680 return=-987.5 length=200 lr=2.97e-05 entropy=1.3619
[ppo] step=138000 episode=690 return=-948.6 length=200 lr=2.56e-05 entropy=1.3614
[ppo] step=140000 episode=700 return=-1218.6 length=200 lr=2.15e-05 entropy=1.3617
[ppo][eval] step=140000 mean_return=-888.38 max_return=-641.89
[ppo] step=142000 episode=710 return=-900.5 length=200 lr=1.74e-05 entropy=1.3623
[ppo] step=144000 episode=720 return=-888.1 length=200 lr=1.33e-05 entropy=1.3619
[ppo][eval] step=145000 mean_return=-879.36 max_return=-579.01
[ppo] step=146000 episode=730 return=-752.6 length=200 lr=9.18e-06 entropy=1.3615
[ppo] step=148000 episode=740 return=-1148.9 length=200 lr=5.09e-06 entropy=1.3616
[ppo] step=150000 episode=750 return=-1217.6 length=200 lr=9.92e-07 entropy=1.3615
[ppo][eval] step=150000 mean_return=-883.21 max_return=-525.83
[ppo] finished profile=fast mean_eval_return=-879.36 passed=False run_dir=results/rl/ppo_pendulum_20260828_013835_942546
{
  "task": "pendulum",
  "env_id": "Pendulum-v1",
  "algorithm": "ppo_clipped_surrogate_gae",
  "profile": "fast",
  "seed": 2,
  "total_timesteps": 150000,
  "configured_total_timesteps": 150000,
  "actual_timesteps": 150000,
  "updates": 74,
  "rollout_length": 2048,
  "action_kind": "continuous",
  "eval_episodes": 20,
  "success_threshold": -200.0,
  "passed": false,
  "final_eval": {
    "episodes": 20,
    "seed": 10000,
    "mean_return": -879.3619384765625,
    "std_return": 222.000244140625,
    "min_return": -1197.0302734375,
    "max_return": -579.009521484375,
    "mean_length": 200.0
  },
  "last_eval": {
    "episodes": 20,
    "seed": 10000,
    "mean_return": -883.1687622070312,
    "std_return": 194.74522399902344,
    "min_return": -1163.328857421875,
    "max_return": -525.9713745117188,
    "mean_length": 200.0
  },
  "selected_step": 145000,
  "selected_source": "best_eval",
  "training_efficiency": {
    "best_model_step": 145000,
    "best_model_training_fraction": 0.9666666666666667,
    "first_success_step": null,
    "first_success_training_fraction": null,
    "best_minus_last_return": 3.80682373046875,
    "budget_interpretation": "unsolved_or_underfit"
  },
  "early_stopping": {
    "enabled": false,
    "patience": 30,
    "min_delta": 1.0,
    "min_steps": 25000,
    "target_score": -140.0,
    "best_mean_return": -879.3619384765625,
    "evaluations": 30,
    "evaluations_without_improvement": 1,
    "stopped_early": false,
    "stopping_reason": "budget_exhausted",
    "stopping_step": 150000
  },
  "run_dir": "results/rl/ppo_pendulum_20260828_013835_942546"
}
Checkpoint: results/rl/ppo_pendulum_20260828_013835_942546/checkpoint.pt
	Command being timed: ".venv/bin/python tools/run_rl_ppo.py pendulum --profile fast --seed 2 --device cpu --no-early-stopping --total-timesteps 150000"
	User time (seconds): 186.45
	System time (seconds): 1.01
	Percent of CPU this job got: 140%
	Elapsed (wall clock) time (h:mm:ss or m:ss): 2:13.34
	Average shared text size (kbytes): 0
	Average unshared data size (kbytes): 0
	Average stack size (kbytes): 0
	Average total size (kbytes): 0
	Maximum resident set size (kbytes): 812104
	Average resident set size (kbytes): 0
	Major (requiring I/O) page faults: 0
	Minor (reclaiming a frame) page faults: 348346
	Voluntary context switches: 222
	Involuntary context switches: 3689
	Swaps: 0
	File system inputs: 0
	File system outputs: 592
	Socket messages sent: 0
	Socket messages received: 0
	Signals delivered: 0
	Page size (bytes): 4096
	Exit status: 0
