[ppo] step=149 episode=1 return=-356.3 length=149 lr=3.00e-04 entropy=None
[ppo] step=305 episode=2 return=-390.8 length=156 lr=3.00e-04 entropy=None
[ppo] step=454 episode=3 return=-139.9 length=149 lr=3.00e-04 entropy=None
[ppo] step=608 episode=4 return=-386.5 length=154 lr=3.00e-04 entropy=None
[ppo] step=831 episode=5 return=-185.4 length=223 lr=3.00e-04 entropy=None
[ppo] step=1387 episode=10 return=-286.8 length=178 lr=3.00e-04 entropy=None
[ppo] step=2525 episode=20 return=-346.8 length=108 lr=2.96e-04 entropy=2.827
[ppo] step=3542 episode=30 return=-212.3 length=95 lr=2.96e-04 entropy=2.827
[ppo] step=4597 episode=40 return=-33.2 length=77 lr=2.92e-04 entropy=2.8357
[ppo][eval] step=5000 mean_return=-251.69 max_return=-13.71
[ppo] step=5812 episode=50 return=-49.4 length=79 lr=2.92e-04 entropy=2.8357
[ppo] step=6870 episode=60 return=-257.1 length=169 lr=2.88e-04 entropy=2.8532
[ppo] step=7909 episode=70 return=-146.4 length=78 lr=2.88e-04 entropy=2.8532
[ppo] step=9167 episode=80 return=-179.7 length=84 lr=2.84e-04 entropy=2.8608
[ppo][eval] step=10000 mean_return=-223.87 max_return=9.13
[ppo] step=10237 episode=90 return=-191.7 length=142 lr=2.84e-04 entropy=2.8608
[ppo] step=11428 episode=100 return=-206.9 length=131 lr=2.80e-04 entropy=2.8742
[ppo] step=12539 episode=110 return=-139.8 length=116 lr=2.75e-04 entropy=2.891
[ppo] step=13585 episode=120 return=-65.0 length=96 lr=2.75e-04 entropy=2.891
[ppo] step=14745 episode=130 return=-65.5 length=83 lr=2.71e-04 entropy=2.9034
[ppo][eval] step=15000 mean_return=-148.71 max_return=-35.67
[ppo] step=15930 episode=140 return=-86.9 length=104 lr=2.71e-04 entropy=2.9034
[ppo] step=18175 episode=150 return=-137.0 length=195 lr=2.67e-04 entropy=2.9195
[ppo] step=19393 episode=160 return=-159.3 length=110 lr=2.63e-04 entropy=2.9185
[ppo][eval] step=20000 mean_return=-122.26 max_return=-34.42
[ppo] step=20659 episode=170 return=-119.7 length=84 lr=2.59e-04 entropy=2.916
[ppo] step=21772 episode=180 return=44.7 length=129 lr=2.59e-04 entropy=2.916
[ppo] step=23283 episode=190 return=-93.1 length=220 lr=2.55e-04 entropy=2.9176
[ppo] step=24515 episode=200 return=-179.1 length=117 lr=2.55e-04 entropy=2.9176
[ppo][eval] step=25000 mean_return=-149.09 max_return=-19.56
[ppo] step=25626 episode=210 return=-254.0 length=206 lr=2.51e-04 entropy=2.926
[ppo] step=27099 episode=220 return=-51.6 length=148 lr=2.47e-04 entropy=2.9351
[ppo] step=28388 episode=230 return=-54.6 length=107 lr=2.47e-04 entropy=2.9351
[ppo] step=29674 episode=240 return=-26.0 length=174 lr=2.43e-04 entropy=2.9398
[ppo][eval] step=30000 mean_return=-147.85 max_return=17.83
[ppo] step=31119 episode=250 return=-88.0 length=119 lr=2.39e-04 entropy=2.9515
[ppo] step=32614 episode=260 return=-48.8 length=122 lr=2.39e-04 entropy=2.9515
[ppo] step=34540 episode=270 return=-11.2 length=92 lr=2.34e-04 entropy=2.9547
[ppo][eval] step=35000 mean_return=-185.60 max_return=-95.56
[ppo] step=36391 episode=280 return=-45.3 length=267 lr=2.30e-04 entropy=2.957
[ppo] step=38470 episode=290 return=-164.0 length=242 lr=2.26e-04 entropy=2.9644
[ppo][eval] step=40000 mean_return=-169.51 max_return=139.14
[ppo] step=41933 episode=300 return=-129.0 length=370 lr=2.18e-04 entropy=2.9887
[ppo][eval] step=45000 mean_return=-147.99 max_return=162.12
[ppo] step=46335 episode=310 return=41.6 length=1000 lr=2.10e-04 entropy=3.0027
[ppo] step=49704 episode=320 return=-157.4 length=474 lr=2.02e-04 entropy=3.0006
[ppo][eval] step=50000 mean_return=-150.29 max_return=97.97
[ppo][eval] step=55000 mean_return=-135.86 max_return=143.04
[ppo] step=56312 episode=330 return=-103.9 length=242 lr=1.89e-04 entropy=3.0019
[ppo][eval] step=60000 mean_return=-155.27 max_return=136.56
[ppo] step=62063 episode=340 return=-128.8 length=552 lr=1.77e-04 entropy=2.9857
[ppo][eval] step=65000 mean_return=-30.45 max_return=157.87
[ppo][eval] step=70000 mean_return=21.12 max_return=196.80
[ppo] step=70694 episode=350 return=84.1 length=1000 lr=1.61e-04 entropy=2.9622
[ppo][eval] step=75000 mean_return=-48.59 max_return=204.47
[ppo][eval] step=80000 mean_return=-45.32 max_return=119.89
[ppo] step=80694 episode=360 return=115.9 length=1000 lr=1.40e-04 entropy=2.8814
[ppo][eval] step=85000 mean_return=-67.33 max_return=-18.43
[ppo][eval] step=90000 mean_return=-57.08 max_return=-4.49
[ppo] step=90051 episode=370 return=45.0 length=1000 lr=1.24e-04 entropy=2.8481
[ppo][eval] step=95000 mean_return=-45.43 max_return=-12.74
[ppo] step=99989 episode=380 return=25.1 length=1000 lr=1.03e-04 entropy=2.8291
[ppo][eval] step=100000 mean_return=-29.30 max_return=-3.24
[ppo][eval] step=105000 mean_return=-20.26 max_return=21.91
[ppo] step=109419 episode=390 return=67.4 length=703 lr=8.29e-05 entropy=2.7993
[ppo][eval] step=110000 mean_return=31.29 max_return=168.57
[ppo][eval] step=115000 mean_return=86.40 max_return=190.53
[ppo] step=117601 episode=400 return=205.0 length=656 lr=6.65e-05 entropy=2.7772
[ppo][eval] step=120000 mean_return=106.70 max_return=208.95
[ppo][eval] step=125000 mean_return=110.72 max_return=196.35
[ppo] step=125826 episode=410 return=186.3 length=605 lr=5.01e-05 entropy=2.7619
[ppo][eval] step=130000 mean_return=79.63 max_return=203.33
[ppo] step=133786 episode=420 return=78.1 length=1000 lr=3.38e-05 entropy=2.7562
[ppo][eval] step=135000 mean_return=89.18 max_return=202.05
[ppo][eval] step=140000 mean_return=99.38 max_return=202.10
[ppo] step=143055 episode=430 return=73.5 length=1000 lr=1.74e-05 entropy=2.7549
[ppo][eval] step=145000 mean_return=88.48 max_return=212.66
[ppo][eval] step=150000 mean_return=95.96 max_return=191.61
[ppo] finished profile=fast mean_eval_return=110.72 passed=False run_dir=results/rl/ppo_lunarlander_continuous_20260828_014049_098248
{
  "task": "lunarlander_continuous",
  "env_id": "LunarLander-v3",
  "algorithm": "ppo_clipped_surrogate_gae",
  "profile": "fast",
  "seed": 1,
  "total_timesteps": 150000,
  "configured_total_timesteps": 150000,
  "actual_timesteps": 150000,
  "updates": 74,
  "rollout_length": 2048,
  "action_kind": "continuous",
  "eval_episodes": 20,
  "success_threshold": 200.0,
  "passed": false,
  "final_eval": {
    "episodes": 20,
    "seed": 10000,
    "mean_return": 110.71978759765625,
    "std_return": 94.9173812866211,
    "min_return": -131.97825622558594,
    "max_return": 196.3529510498047,
    "mean_length": 759.6500244140625
  },
  "last_eval": {
    "episodes": 20,
    "seed": 10000,
    "mean_return": 88.33125305175781,
    "std_return": 96.04728698730469,
    "min_return": -107.30341339111328,
    "max_return": 190.68408203125,
    "mean_length": 802.0
  },
  "selected_step": 125000,
  "selected_source": "best_eval",
  "training_efficiency": {
    "best_model_step": 125000,
    "best_model_training_fraction": 0.8333333333333334,
    "first_success_step": null,
    "first_success_training_fraction": null,
    "best_minus_last_return": 22.388534545898438,
    "budget_interpretation": "unsolved_or_underfit"
  },
  "early_stopping": {
    "enabled": false,
    "patience": 30,
    "min_delta": 1.0,
    "min_steps": 25000,
    "target_score": 280.0,
    "best_mean_return": 110.71978759765625,
    "evaluations": 30,
    "evaluations_without_improvement": 5,
    "stopped_early": false,
    "stopping_reason": "budget_exhausted",
    "stopping_step": 150000
  },
  "run_dir": "results/rl/ppo_lunarlander_continuous_20260828_014049_098248"
}
Checkpoint: results/rl/ppo_lunarlander_continuous_20260828_014049_098248/checkpoint.pt
	Command being timed: ".venv/bin/python tools/run_rl_ppo.py lunarlander_continuous --profile fast --seed 1 --device cpu --no-early-stopping --total-timesteps 150000"
	User time (seconds): 278.69
	System time (seconds): 1.03
	Percent of CPU this job got: 125%
	Elapsed (wall clock) time (h:mm:ss or m:ss): 3:42.71
	Average shared text size (kbytes): 0
	Average unshared data size (kbytes): 0
	Average stack size (kbytes): 0
	Average total size (kbytes): 0
	Maximum resident set size (kbytes): 824896
	Average resident set size (kbytes): 0
	Major (requiring I/O) page faults: 0
	Minor (reclaiming a frame) page faults: 351830
	Voluntary context switches: 277
	Involuntary context switches: 4385
	Swaps: 0
	File system inputs: 0
	File system outputs: 592
	Socket messages sent: 0
	Socket messages received: 0
	Signals delivered: 0
	Page size (bytes): 4096
	Exit status: 0
