[td3] step=148 episode=1 return=-319.1 length=148 critic_loss=None actor_loss=None
[td3] step=309 episode=2 return=-333.7 length=161 critic_loss=None actor_loss=None
[td3] step=477 episode=3 return=-387.1 length=168 critic_loss=None actor_loss=None
[td3] step=665 episode=4 return=-196.7 length=188 critic_loss=None actor_loss=None
[td3] step=829 episode=5 return=-70.2 length=164 critic_loss=None actor_loss=None
[td3] step=1667 episode=10 return=-422.5 length=131 critic_loss=69.8092 actor_loss=2.351
[td3] step=3060 episode=20 return=-92.3 length=69 critic_loss=14.4087 actor_loss=6.7304
[td3] step=4235 episode=30 return=-140.7 length=122 critic_loss=109.2938 actor_loss=10.0071
[td3][eval] step=5000 mean_return=-255.58 max_return=-174.30
[td3] step=6480 episode=40 return=-107.5 length=248 critic_loss=25.0292 actor_loss=10.6376
[td3] step=9734 episode=50 return=-99.1 length=175 critic_loss=35.938 actor_loss=10.1831
[td3][eval] step=10000 mean_return=-94.31 max_return=20.93
[td3] step=12570 episode=60 return=146.8 length=614 critic_loss=7.9672 actor_loss=12.5348
[td3][eval] step=15000 mean_return=-35.83 max_return=190.44
[td3] step=16499 episode=70 return=-23.4 length=411 critic_loss=11.3207 actor_loss=16.1004
[td3][eval] step=20000 mean_return=-129.32 max_return=-62.15
[td3] step=22796 episode=80 return=-137.8 length=250 critic_loss=22.2394 actor_loss=18.4598
[td3][eval] step=25000 mean_return=-301.40 max_return=238.58
[td3] step=28252 episode=90 return=-516.5 length=1000 critic_loss=26.3392 actor_loss=7.7917
[td3][eval] step=30000 mean_return=-129.44 max_return=59.99
[td3][eval] step=35000 mean_return=-58.91 max_return=135.74
[td3] step=36437 episode=100 return=-43.1 length=314 critic_loss=8.1129 actor_loss=16.9529
[td3][eval] step=40000 mean_return=-110.57 max_return=41.68
[td3] step=40638 episode=110 return=-210.2 length=93 critic_loss=16.8802 actor_loss=14.1869
[td3][eval] step=45000 mean_return=-105.39 max_return=147.07
[td3] step=46330 episode=120 return=-158.0 length=667 critic_loss=20.8539 actor_loss=18.2116
[td3][eval] step=50000 mean_return=-111.15 max_return=-5.18
[td3] step=54293 episode=130 return=-68.8 length=478 critic_loss=55.5841 actor_loss=20.9658
[td3][eval] step=55000 mean_return=-75.14 max_return=194.99
[td3] step=59541 episode=140 return=-234.3 length=616 critic_loss=26.8853 actor_loss=24.9119
[td3][eval] step=60000 mean_return=-103.03 max_return=114.62
[td3] step=64156 episode=150 return=-96.9 length=427 critic_loss=36.5544 actor_loss=27.0301
[td3][eval] step=65000 mean_return=-200.95 max_return=2.59
[td3] step=67306 episode=160 return=-218.8 length=230 critic_loss=21.8431 actor_loss=26.0262
[td3][eval] step=70000 mean_return=-149.72 max_return=178.21
[td3] step=72454 episode=170 return=-137.5 length=340 critic_loss=11.0814 actor_loss=31.2087
[td3][eval] step=75000 mean_return=-42.89 max_return=202.23
[td3] step=79459 episode=180 return=-83.7 length=1000 critic_loss=9.2033 actor_loss=27.2307
[td3][eval] step=80000 mean_return=-132.83 max_return=211.31
[td3][eval] step=85000 mean_return=-36.32 max_return=230.69
[td3] step=87245 episode=190 return=-116.9 length=1000 critic_loss=15.536 actor_loss=26.2301
[td3][eval] step=90000 mean_return=-60.58 max_return=268.37
[td3][eval] step=95000 mean_return=-106.37 max_return=173.52
[td3] step=95623 episode=200 return=225.9 length=282 critic_loss=27.3841 actor_loss=18.9645
[td3][eval] step=100000 mean_return=-71.17 max_return=200.58
[td3] step=104300 episode=210 return=-138.4 length=1000 critic_loss=26.1088 actor_loss=16.502
[td3][eval] step=105000 mean_return=-109.60 max_return=119.94
[td3][eval] step=110000 mean_return=-103.33 max_return=-36.49
[td3] step=113338 episode=220 return=-86.4 length=1000 critic_loss=40.5846 actor_loss=13.3137
[td3][eval] step=115000 mean_return=-158.78 max_return=-44.41
[td3][eval] step=120000 mean_return=0.44 max_return=256.78
[td3] step=121527 episode=230 return=167.1 length=584 critic_loss=21.5136 actor_loss=12.6424
[td3][eval] step=125000 mean_return=-38.20 max_return=187.54
[td3] step=127385 episode=240 return=173.7 length=424 critic_loss=15.6078 actor_loss=14.5266
[td3][eval] step=130000 mean_return=-66.74 max_return=208.14
[td3] step=134758 episode=250 return=-206.4 length=922 critic_loss=17.4427 actor_loss=14.3628
[td3][eval] step=135000 mean_return=-172.90 max_return=-39.89
[td3][eval] step=140000 mean_return=-49.69 max_return=244.76
[td3] step=142280 episode=260 return=-176.1 length=306 critic_loss=11.6397 actor_loss=11.0998
[td3][eval] step=145000 mean_return=-33.27 max_return=222.61
[td3][eval] step=150000 mean_return=0.51 max_return=235.21
[td3] finished profile=fast mean_eval_return=0.51 passed=False run_dir=results/rl/td3_lunarlander_continuous_20260828_013607_528145
{
  "task": "lunarlander_continuous",
  "env_id": "LunarLander-v3",
  "algorithm": "td3_twin_delayed_ddpg",
  "profile": "fast",
  "seed": 2,
  "total_timesteps": 150000,
  "configured_total_timesteps": 150000,
  "actual_timesteps": 150000,
  "critic_updates": 149001,
  "policy_updates": 74501,
  "action_kind": "continuous",
  "action_dim": 2,
  "eval_episodes": 20,
  "success_threshold": 200.0,
  "passed": false,
  "final_eval": {
    "episodes": 20,
    "seed": 10000,
    "mean_return": 0.5054877996444702,
    "std_return": 96.4191665649414,
    "min_return": -128.1440887451172,
    "max_return": 235.20838928222656,
    "mean_length": 876.8499755859375
  },
  "last_eval": {
    "episodes": 20,
    "seed": 10000,
    "mean_return": 0.5054877996444702,
    "std_return": 96.4191665649414,
    "min_return": -128.1440887451172,
    "max_return": 235.20838928222656,
    "mean_length": 876.8499755859375
  },
  "selected_step": 150000,
  "selected_source": "final",
  "training_efficiency": {
    "best_model_step": 150000,
    "best_model_training_fraction": 1.0,
    "first_success_step": null,
    "first_success_training_fraction": null,
    "best_minus_last_return": 0.0,
    "budget_interpretation": "unsolved_or_underfit"
  },
  "early_stopping": {
    "enabled": false,
    "patience": 30,
    "min_delta": 1.0,
    "min_steps": 25000,
    "target_score": 280.0,
    "best_mean_return": 0.441671758890152,
    "evaluations": 30,
    "evaluations_without_improvement": 6,
    "stopped_early": false,
    "stopping_reason": "budget_exhausted",
    "stopping_step": 150000
  },
  "run_dir": "results/rl/td3_lunarlander_continuous_20260828_013607_528145"
}
Checkpoint: results/rl/td3_lunarlander_continuous_20260828_013607_528145/checkpoint.pt
	Command being timed: ".venv/bin/python tools/run_rl_td3.py lunarlander_continuous --profile fast --seed 2 --device cpu --no-early-stopping --total-timesteps 150000"
	User time (seconds): 2044.43
	System time (seconds): 5.99
	Percent of CPU this job got: 199%
	Elapsed (wall clock) time (h:mm:ss or m:ss): 17:09.86
	Average shared text size (kbytes): 0
	Average unshared data size (kbytes): 0
	Average stack size (kbytes): 0
	Average total size (kbytes): 0
	Maximum resident set size (kbytes): 837116
	Average resident set size (kbytes): 0
	Major (requiring I/O) page faults: 0
	Minor (reclaiming a frame) page faults: 609528
	Voluntary context switches: 474
	Involuntary context switches: 13751
	Swaps: 0
	File system inputs: 0
	File system outputs: 47000
	Socket messages sent: 0
	Socket messages received: 0
	Signals delivered: 0
	Page size (bytes): 4096
	Exit status: 0
