[td3] step=184 episode=1 return=-299.2 length=184 critic_loss=None actor_loss=None
[td3] step=306 episode=2 return=-89.2 length=122 critic_loss=None actor_loss=None
[td3] step=434 episode=3 return=-267.9 length=128 critic_loss=None actor_loss=None
[td3] step=583 episode=4 return=-443.7 length=149 critic_loss=None actor_loss=None
[td3] step=751 episode=5 return=-383.8 length=168 critic_loss=None actor_loss=None
[td3] step=1189 episode=10 return=-103.4 length=80 critic_loss=131.1004 actor_loss=2.6686
[td3] step=2293 episode=20 return=-185.2 length=103 critic_loss=48.3277 actor_loss=5.8967
[td3] step=3566 episode=30 return=-217.7 length=102 critic_loss=44.1375 actor_loss=18.264
[td3][eval] step=5000 mean_return=-173.97 max_return=-59.20
[td3] step=6176 episode=40 return=-85.6 length=279 critic_loss=62.6209 actor_loss=16.7108
[td3] step=9598 episode=50 return=-103.3 length=318 critic_loss=11.8761 actor_loss=18.024
[td3][eval] step=10000 mean_return=-148.07 max_return=-20.88
[td3] step=11604 episode=60 return=-93.8 length=196 critic_loss=85.8806 actor_loss=14.2341
[td3] step=13538 episode=70 return=-39.8 length=130 critic_loss=195.2379 actor_loss=15.508
[td3][eval] step=15000 mean_return=-102.17 max_return=15.05
[td3] step=17348 episode=80 return=-55.2 length=326 critic_loss=13.4801 actor_loss=20.3952
[td3][eval] step=20000 mean_return=-117.37 max_return=-3.16
[td3] step=20609 episode=90 return=-66.3 length=370 critic_loss=22.2678 actor_loss=21.5051
[td3] step=23220 episode=100 return=-66.1 length=491 critic_loss=25.1443 actor_loss=20.6121
[td3][eval] step=25000 mean_return=-197.68 max_return=-52.87
[td3] step=26694 episode=110 return=-110.1 length=243 critic_loss=10.1686 actor_loss=27.7768
[td3] step=29962 episode=120 return=-492.7 length=965 critic_loss=14.7945 actor_loss=25.8174
[td3][eval] step=30000 mean_return=-150.88 max_return=-23.33
[td3] step=34921 episode=130 return=-149.6 length=765 critic_loss=18.4692 actor_loss=22.8932
[td3][eval] step=35000 mean_return=-108.88 max_return=14.92
[td3][eval] step=40000 mean_return=-117.88 max_return=0.68
[td3] step=40759 episode=140 return=-101.8 length=374 critic_loss=29.4978 actor_loss=18.8391
[td3][eval] step=45000 mean_return=-153.06 max_return=-24.76
[td3] step=46065 episode=150 return=241.2 length=504 critic_loss=8.2487 actor_loss=20.118
[td3][eval] step=50000 mean_return=-166.44 max_return=13.67
[td3] step=51451 episode=160 return=-142.4 length=356 critic_loss=21.0724 actor_loss=18.1131
[td3][eval] step=55000 mean_return=-163.85 max_return=-46.66
[td3] step=57902 episode=170 return=-186.7 length=606 critic_loss=11.9983 actor_loss=17.6306
[td3][eval] step=60000 mean_return=-152.61 max_return=43.58
[td3] step=63339 episode=180 return=-97.5 length=181 critic_loss=19.3387 actor_loss=19.5638
[td3][eval] step=65000 mean_return=-174.44 max_return=-59.16
[td3] step=66352 episode=190 return=-222.7 length=168 critic_loss=22.4729 actor_loss=21.2892
[td3] step=69253 episode=200 return=-67.2 length=1000 critic_loss=16.2402 actor_loss=20.729
[td3][eval] step=70000 mean_return=-173.75 max_return=-34.44
[td3] step=70630 episode=210 return=-382.1 length=103 critic_loss=20.6075 actor_loss=16.0734
[td3] step=72226 episode=220 return=-139.8 length=76 critic_loss=10.4247 actor_loss=17.3724
[td3][eval] step=75000 mean_return=-105.45 max_return=10.68
[td3] step=77490 episode=230 return=-70.8 length=122 critic_loss=10.5707 actor_loss=19.838
[td3][eval] step=80000 mean_return=-126.25 max_return=11.65
[td3][eval] step=85000 mean_return=-101.14 max_return=-57.33
[td3] step=86713 episode=240 return=-1.4 length=1000 critic_loss=15.8357 actor_loss=20.8306
[td3][eval] step=90000 mean_return=-126.62 max_return=-73.69
[td3][eval] step=95000 mean_return=-38.75 max_return=-6.63
[td3] step=96713 episode=250 return=-32.0 length=1000 critic_loss=7.3247 actor_loss=16.373
[td3][eval] step=100000 mean_return=-89.37 max_return=-50.09
[td3][eval] step=105000 mean_return=-68.81 max_return=2.05
[td3] step=105200 episode=260 return=-76.0 length=1000 critic_loss=9.8885 actor_loss=13.3581
[td3][eval] step=110000 mean_return=-66.49 max_return=-36.29
[td3] step=113964 episode=270 return=-208.3 length=811 critic_loss=5.4177 actor_loss=12.6685
[td3][eval] step=115000 mean_return=-106.76 max_return=17.02
[td3][eval] step=120000 mean_return=-57.87 max_return=16.27
[td3] step=120647 episode=280 return=-153.8 length=432 critic_loss=11.996 actor_loss=13.9137
[td3][eval] step=125000 mean_return=-105.54 max_return=-14.42
[td3] step=127205 episode=290 return=-81.5 length=217 critic_loss=3.9319 actor_loss=12.8571
[td3][eval] step=130000 mean_return=-192.11 max_return=-3.59
[td3][eval] step=135000 mean_return=-26.41 max_return=9.19
[td3] step=137205 episode=300 return=13.2 length=1000 critic_loss=6.6321 actor_loss=14.4327
[td3][eval] step=140000 mean_return=-27.81 max_return=12.06
[td3][eval] step=145000 mean_return=-45.57 max_return=-8.23
[td3] step=147205 episode=310 return=-96.9 length=1000 critic_loss=3.2058 actor_loss=16.8759
[td3][eval] step=150000 mean_return=-50.22 max_return=10.80
[td3] finished profile=fast mean_eval_return=-26.41 passed=False run_dir=results/rl/td3_lunarlander_continuous_20260828_013552_039148
{
  "task": "lunarlander_continuous",
  "env_id": "LunarLander-v3",
  "algorithm": "td3_twin_delayed_ddpg",
  "profile": "fast",
  "seed": 1,
  "total_timesteps": 150000,
  "configured_total_timesteps": 150000,
  "actual_timesteps": 150000,
  "critic_updates": 149001,
  "policy_updates": 74501,
  "action_kind": "continuous",
  "action_dim": 2,
  "eval_episodes": 20,
  "success_threshold": 200.0,
  "passed": false,
  "final_eval": {
    "episodes": 20,
    "seed": 10000,
    "mean_return": -26.409439086914062,
    "std_return": 22.315214157104492,
    "min_return": -83.88328552246094,
    "max_return": 9.19458293914795,
    "mean_length": 1000.0
  },
  "last_eval": {
    "episodes": 20,
    "seed": 10000,
    "mean_return": -50.22052001953125,
    "std_return": 40.1405143737793,
    "min_return": -174.78688049316406,
    "max_return": 10.801929473876953,
    "mean_length": 911.0
  },
  "selected_step": 135000,
  "selected_source": "best_eval",
  "training_efficiency": {
    "best_model_step": 135000,
    "best_model_training_fraction": 0.9,
    "first_success_step": null,
    "first_success_training_fraction": null,
    "best_minus_last_return": 23.811080932617188,
    "budget_interpretation": "unsolved_or_underfit"
  },
  "early_stopping": {
    "enabled": false,
    "patience": 30,
    "min_delta": 1.0,
    "min_steps": 25000,
    "target_score": 280.0,
    "best_mean_return": -26.409439086914062,
    "evaluations": 30,
    "evaluations_without_improvement": 3,
    "stopped_early": false,
    "stopping_reason": "budget_exhausted",
    "stopping_step": 150000
  },
  "run_dir": "results/rl/td3_lunarlander_continuous_20260828_013552_039148"
}
Checkpoint: results/rl/td3_lunarlander_continuous_20260828_013552_039148/checkpoint.pt
	Command being timed: ".venv/bin/python tools/run_rl_td3.py lunarlander_continuous --profile fast --seed 1 --device cpu --no-early-stopping --total-timesteps 150000"
	User time (seconds): 2033.88
	System time (seconds): 5.52
	Percent of CPU this job got: 199%
	Elapsed (wall clock) time (h:mm:ss or m:ss): 17:03.45
	Average shared text size (kbytes): 0
	Average unshared data size (kbytes): 0
	Average stack size (kbytes): 0
	Average total size (kbytes): 0
	Maximum resident set size (kbytes): 841644
	Average resident set size (kbytes): 0
	Major (requiring I/O) page faults: 0
	Minor (reclaiming a frame) page faults: 414331
	Voluntary context switches: 212
	Involuntary context switches: 14211
	Swaps: 0
	File system inputs: 0
	File system outputs: 47048
	Socket messages sent: 0
	Socket messages received: 0
	Signals delivered: 0
	Page size (bytes): 4096
	Exit status: 0
