A.L.E: Arcade Learning Environment (version 0.12.1+8a8fafb)
[Powered by Stella]
cases trainable: False
labels trainable: False
cases trainable: False
labels trainable: False
Enforcing normalize_over_cases = True for regression task.
[nnknn-rl] step=838 episode=1 return=-21.0 length=838 loss=None cases=0
[nnknn-rl] step=1919 episode=2 return=-20.0 length=1081 loss=None cases=0
[nnknn-rl] step=2735 episode=3 return=-21.0 length=816 loss=None cases=0
[nnknn-rl] step=3553 episode=4 return=-21.0 length=818 loss=0.23482629656791687 cases=48
[nnknn-rl] step=4379 episode=5 return=-21.0 length=826 loss=None cases=48
[nnknn-rl] step=8940 episode=10 return=-19.0 length=1021 loss=None cases=128
[nnknn-rl] step=18706 episode=20 return=-18.0 length=1128 loss=0.1096738874912262 cases=128
[nnknn-rl][eval] step=25000 mean_return=-20.80 max_return=-20.00
[nnknn-rl] step=27259 episode=30 return=-19.0 length=937 loss=None cases=128
[nnknn-rl] step=37253 episode=40 return=-19.0 length=1230 loss=0.10202281922101974 cases=128
[nnknn-rl] step=46813 episode=50 return=-19.0 length=1081 loss=None cases=128
[nnknn-rl][eval] step=50000 mean_return=-20.40 max_return=-19.00
[nnknn-rl] step=56367 episode=60 return=-20.0 length=887 loss=0.108157217502594 cases=128
[nnknn-rl] step=66276 episode=70 return=-19.0 length=963 loss=None cases=128
[nnknn-rl][eval] step=75000 mean_return=-20.20 max_return=-20.00
[nnknn-rl] step=76009 episode=80 return=-21.0 length=879 loss=0.11194591224193573 cases=128
[nnknn-rl] step=86192 episode=90 return=-20.0 length=1008 loss=None cases=128
[nnknn-rl][critic-holdout] step=95687 episodes=100 mse=1.9541 explained_variance=0.0033
[nnknn-rl] step=95687 episode=100 return=-20.0 length=900 loss=0.13481852412223816 cases=128
[nnknn-rl][eval] step=95687 mean_return=-20.80 max_return=-20.00
[nnknn-rl][eval] step=100000 mean_return=-21.00 max_return=-21.00
[nnknn-rl] step=105625 episode=110 return=-20.0 length=894 loss=None cases=128
[nnknn-rl] step=115922 episode=120 return=-20.0 length=980 loss=0.10092097520828247 cases=128
[nnknn-rl][eval] step=125000 mean_return=-20.80 max_return=-20.00
[nnknn-rl] step=126525 episode=130 return=-21.0 length=854 loss=None cases=128
[nnknn-rl] step=136830 episode=140 return=-21.0 length=1151 loss=0.0925384908914566 cases=128
[nnknn-rl] step=147748 episode=150 return=-21.0 length=943 loss=None cases=128
[nnknn-rl][eval] step=150000 mean_return=-21.00 max_return=-21.00
[nnknn-rl] step=158304 episode=160 return=-20.0 length=1034 loss=0.10880233347415924 cases=128
[nnknn-rl] step=169315 episode=170 return=-18.0 length=1030 loss=None cases=128
[nnknn-rl][eval] step=175000 mean_return=-20.40 max_return=-19.00
[nnknn-rl] step=179776 episode=180 return=-21.0 length=1084 loss=0.0937964916229248 cases=128
[nnknn-rl] step=190632 episode=190 return=-20.0 length=1130 loss=None cases=128
[nnknn-rl][eval] step=200000 mean_return=-20.20 max_return=-17.00
[nnknn-rl][critic-holdout] step=201771 episodes=200 mse=1.3452 explained_variance=0.0323
[nnknn-rl] step=201771 episode=200 return=-20.0 length=1014 loss=0.09580428153276443 cases=128
[nnknn-rl][eval] step=201771 mean_return=-19.00 max_return=-16.00
[nnknn-rl] step=214761 episode=210 return=-18.0 length=1340 loss=None cases=128
[nnknn-rl][eval] step=225000 mean_return=-20.40 max_return=-18.00
[nnknn-rl] step=226575 episode=220 return=-19.0 length=1254 loss=0.09315553307533264 cases=128
[nnknn-rl] step=238748 episode=230 return=-18.0 length=1568 loss=None cases=128
[nnknn-rl][eval] step=250000 mean_return=-18.20 max_return=-16.00
[nnknn-rl] finished profile=fast mean_eval_return=-18.20 passed=False run_dir=results/rl/nnknn_rl_ale_pong_20260828_013603_084911
{
  "task": "ale_pong",
  "env_id": "ALE/Pong-v5",
  "profile": "fast",
  "seed": 0,
  "total_timesteps": 250000,
  "configured_total_timesteps": 250000,
  "actual_timesteps": 250000,
  "eval_episodes": 5,
  "success_threshold": 0.0,
  "passed": false,
  "algorithm": "nnknn_actor_critic_separate_memory_gae",
  "actor_type": "nnknn",
  "critic_type": "nnknn",
  "architecture": {
    "separate_case_bases": true,
    "shared_nnknn_representation": true,
    "critic_target_shared_case_store": true,
    "actor_case_insertion": "raw_positive_advantage_only"
  },
  "gae": {
    "gamma": 0.99,
    "gae_lambda": 0.95,
    "advantage_clip": 5.0
  },
  "exploration": {
    "mode": "epsilon_mixed_policy",
    "applies_to_actor": true,
    "initial_epsilon": 1.0,
    "final_epsilon": 0.05,
    "fraction": 0.5,
    "final_step_epsilon": 0.05,
    "readiness": {
      "min_case_entries": 32,
      "min_cases_per_action": 8
    }
  },
  "final_eval": {
    "episodes": 5,
    "seed": 10000,
    "mean_return": -18.200000762939453,
    "std_return": 1.469693899154663,
    "min_return": -20.0,
    "max_return": -16.0,
    "mean_length": 2040.0
  },
  "last_eval": {
    "episodes": 5,
    "seed": 10000,
    "mean_return": -19.200000762939453,
    "std_return": 1.1661903858184814,
    "min_return": -21.0,
    "max_return": -18.0,
    "mean_length": 2060.800048828125
  },
  "selected_step": 250000,
  "selected_source": "best_eval",
  "training_efficiency": {
    "best_model_step": 250000,
    "best_model_training_fraction": 1.0,
    "first_success_step": null,
    "first_success_training_fraction": null,
    "best_minus_last_return": 1.0,
    "budget_interpretation": "unsolved_or_underfit"
  },
  "early_stopping": {
    "enabled": false,
    "patience": 30,
    "min_delta": 1.0,
    "min_steps": 25000,
    "target_score": 18.0,
    "best_mean_return": -19.0,
    "evaluations": 12,
    "evaluations_without_improvement": 2,
    "stopped_early": false,
    "stopping_reason": "budget_exhausted",
    "stopping_step": 250000
  },
  "case_entries": 128,
  "critic_case_entries": 128,
  "action_counts": [
    11,
    12,
    28,
    51,
    10,
    16
  ],
  "cases_pruned": 1325,
  "cases_replaced": 65046,
  "actor_cases_pruned": 1047,
  "actor_cases_replaced": 61200,
  "critic_cases_pruned": 278,
  "critic_cases_replaced": 3846,
  "critic_label_updates": 2942,
  "critic_label_update_samples": 245748,
  "partial_rollout_segments": 1,
  "partial_rollout_samples": 1214,
  "critic_target_enabled": true,
  "critic_target_value_mode": "ema",
  "critic_target_sync_interval": 4,
  "critic_target_ema_tau": 0.05,
  "critic_target_value_syncs": 16,
  "critic_holdout_evaluations": 2,
  "latest_critic_holdout": {
    "global_step": 201771,
    "completed_episodes": 200,
    "diagnostic_index": 2,
    "critic_holdout_mse": 1.345189094543457,
    "critic_holdout_explained_variance": 0.03225278854370117,
    "critic_holdout_value_mean": -0.7876028418540955,
    "critic_holdout_target_mean": -1.7528318166732788,
    "critic_holdout_samples": 5280,
    "critic_holdout_episodes": 5,
    "critic_holdout_environment_steps": 5280,
    "critic_holdout_mean_episode_return": -20.0,
    "critic_holdout_mean_episode_length": 1056.0,
    "critic_holdout_behavior_epsilon": 0.05,
    "critic_holdout_truncated_bootstraps": 0,
    "critic_holdout_target_method": "discounted_monte_carlo_with_truncation_bootstrap",
    "critic_holdout_bootstrap_source": "target_value_model",
    "critic_holdout_seed": 30005
  },
  "run_dir": "results/rl/nnknn_rl_ale_pong_20260828_013603_084911"
}
Checkpoint: results/rl/nnknn_rl_ale_pong_20260828_013603_084911/checkpoint.pt
	Command being timed: ".venv/bin/python tools/run_rl_nnknn.py ale_pong --profile fast --seed 0 --device cpu --no-early-stopping --eval-frequency 25000 --total-timesteps 250000 --critic-type nnknn --critic-mutable-value-labels --critic-trainable-value-labels --critic-value-label-activation-threshold -0.05 --case-capacity 128 --critic-case-capacity 128"
	User time (seconds): 23933.62
	System time (seconds): 1629.52
	Percent of CPU this job got: 757%
	Elapsed (wall clock) time (h:mm:ss or m:ss): 56:12.49
	Average shared text size (kbytes): 0
	Average unshared data size (kbytes): 0
	Average stack size (kbytes): 0
	Average total size (kbytes): 0
	Maximum resident set size (kbytes): 15903380
	Average resident set size (kbytes): 0
	Major (requiring I/O) page faults: 13
	Minor (reclaiming a frame) page faults: 573467248
	Voluntary context switches: 291990
	Involuntary context switches: 1153843
	Swaps: 0
	File system inputs: 9744
	File system outputs: 83488
	Socket messages sent: 0
	Socket messages received: 0
	Signals delivered: 0
	Page size (bytes): 4096
	Exit status: 0
