A.L.E: Arcade Learning Environment (version 0.12.1+8a8fafb)
[Powered by Stella]
[ppo] step=1062 episode=1 return=-20.0 length=1062 lr=3.00e-04 entropy=None
[ppo] step=1945 episode=2 return=-21.0 length=883 lr=3.00e-04 entropy=None
[ppo] step=2837 episode=3 return=-20.0 length=892 lr=2.99e-04 entropy=1.7808
[ppo] step=3853 episode=4 return=-20.0 length=1016 lr=2.99e-04 entropy=1.7808
[ppo] step=4724 episode=5 return=-20.0 length=871 lr=2.99e-04 entropy=1.7765
[ppo] step=9333 episode=10 return=-20.0 length=915 lr=2.98e-04 entropy=1.7871
[ppo] step=18622 episode=20 return=-20.0 length=880 lr=2.94e-04 entropy=1.7739
[ppo][eval] step=25000 mean_return=-21.00 max_return=-21.00
[ppo] step=27787 episode=30 return=-21.0 length=1006 lr=2.92e-04 entropy=1.727
[ppo] step=36598 episode=40 return=-21.0 length=927 lr=2.90e-04 entropy=1.705
[ppo] step=46428 episode=50 return=-20.0 length=1041 lr=2.86e-04 entropy=1.5967
[ppo][eval] step=50000 mean_return=-21.00 max_return=-21.00
[ppo] step=55266 episode=60 return=-21.0 length=764 lr=2.84e-04 entropy=1.6586
[ppo] step=64492 episode=70 return=-21.0 length=851 lr=2.81e-04 entropy=1.6312
[ppo] step=73778 episode=80 return=-20.0 length=977 lr=2.78e-04 entropy=1.5531
[ppo][eval] step=75000 mean_return=-20.00 max_return=-19.00
[ppo] step=84830 episode=90 return=-20.0 length=1108 lr=2.75e-04 entropy=1.4355
[ppo] step=97651 episode=100 return=-16.0 length=1575 lr=2.71e-04 entropy=1.3133
[ppo][eval] step=100000 mean_return=-16.40 max_return=-14.00
[ppo] step=112898 episode=110 return=-17.0 length=1574 lr=2.66e-04 entropy=1.136
[ppo][eval] step=125000 mean_return=-13.40 max_return=-12.00
[ppo] step=129308 episode=120 return=-14.0 length=1852 lr=2.61e-04 entropy=1.0079
[ppo] step=145799 episode=130 return=-14.0 length=1906 lr=2.56e-04 entropy=0.9596
[ppo][eval] step=150000 mean_return=-16.00 max_return=-11.00
[ppo] step=162442 episode=140 return=-12.0 length=1947 lr=2.51e-04 entropy=0.8959
[ppo][eval] step=175000 mean_return=-13.20 max_return=-11.00
[ppo] step=181116 episode=150 return=-10.0 length=2186 lr=2.46e-04 entropy=0.8915
[ppo] step=198757 episode=160 return=-17.0 length=1625 lr=2.40e-04 entropy=0.8742
[ppo][eval] step=200000 mean_return=-18.60 max_return=-14.00
[ppo] step=217086 episode=170 return=-13.0 length=2119 lr=2.35e-04 entropy=0.8632
[ppo][eval] step=225000 mean_return=-17.20 max_return=-16.00
[ppo] step=237120 episode=180 return=-16.0 length=2002 lr=2.29e-04 entropy=0.8215
[ppo][eval] step=250000 mean_return=-13.60 max_return=-9.00
[ppo] step=258153 episode=190 return=-14.0 length=2131 lr=2.23e-04 entropy=0.8536
[ppo][eval] step=275000 mean_return=-12.40 max_return=-10.00
[ppo] step=280087 episode=200 return=-10.0 length=2489 lr=2.16e-04 entropy=0.8449
[ppo][eval] step=300000 mean_return=-6.80 max_return=1.00
[ppo] step=302043 episode=210 return=-9.0 length=2881 lr=2.10e-04 entropy=0.7541
[ppo][eval] step=325000 mean_return=-9.60 max_return=-7.00
[ppo] step=325664 episode=220 return=-16.0 length=2303 lr=2.02e-04 entropy=0.7595
[ppo] step=348033 episode=230 return=-15.0 length=2057 lr=1.96e-04 entropy=0.735
[ppo][eval] step=350000 mean_return=-12.80 max_return=-6.00
[ppo] step=371555 episode=240 return=-14.0 length=2284 lr=1.89e-04 entropy=0.7187
[ppo][eval] step=375000 mean_return=-12.20 max_return=-4.00
[ppo] step=395874 episode=250 return=-8.0 length=2871 lr=1.81e-04 entropy=0.7375
[ppo][eval] step=400000 mean_return=-13.00 max_return=-9.00
[ppo] step=418258 episode=260 return=-13.0 length=2188 lr=1.75e-04 entropy=0.6653
[ppo][eval] step=425000 mean_return=-16.60 max_return=-12.00
[ppo] step=439088 episode=270 return=-10.0 length=2162 lr=1.69e-04 entropy=0.6972
[ppo][eval] step=450000 mean_return=-11.60 max_return=-9.00
[ppo] step=459122 episode=280 return=-14.0 length=1638 lr=1.62e-04 entropy=0.7057
[ppo][eval] step=475000 mean_return=-11.40 max_return=-7.00
[ppo] step=482448 episode=290 return=-4.0 length=2750 lr=1.56e-04 entropy=0.6673
[ppo][eval] step=500000 mean_return=-8.00 max_return=-3.00
[ppo] step=505423 episode=300 return=-12.0 length=2191 lr=1.49e-04 entropy=0.7005
[ppo][eval] step=525000 mean_return=-5.80 max_return=7.00
[ppo] step=528261 episode=310 return=-15.0 length=1563 lr=1.42e-04 entropy=0.7028
[ppo][eval] step=550000 mean_return=0.20 max_return=11.00
[ppo] step=552701 episode=320 return=8.0 length=2639 lr=1.35e-04 entropy=0.6845
[ppo][eval] step=575000 mean_return=1.60 max_return=9.00
[ppo] step=575632 episode=330 return=7.0 length=2369 lr=1.27e-04 entropy=0.7274
[ppo][eval] step=600000 mean_return=1.40 max_return=15.00
[ppo] step=601384 episode=340 return=-7.0 length=2283 lr=1.20e-04 entropy=0.7135
[ppo][eval] step=625000 mean_return=8.00 max_return=14.00
[ppo] step=627239 episode=350 return=1.0 length=2886 lr=1.12e-04 entropy=0.7455
[ppo][eval] step=650000 mean_return=10.00 max_return=19.00
[ppo] step=650365 episode=360 return=-16.0 length=1544 lr=1.05e-04 entropy=0.7247
[ppo][eval] step=675000 mean_return=5.40 max_return=10.00
[ppo] step=675323 episode=370 return=1.0 length=2930 lr=9.79e-05 entropy=0.6345
[ppo] step=699339 episode=380 return=-5.0 length=2352 lr=9.05e-05 entropy=0.7363
[ppo][eval] step=700000 mean_return=5.40 max_return=10.00
[ppo] step=724067 episode=390 return=14.0 length=2007 lr=8.31e-05 entropy=0.6919
[ppo][eval] step=725000 mean_return=7.00 max_return=11.00
[ppo] step=747518 episode=400 return=-8.0 length=2513 lr=7.64e-05 entropy=0.6545
[ppo][eval] step=750000 mean_return=0.00 max_return=16.00
[ppo] step=770748 episode=410 return=-11.0 length=2002 lr=6.90e-05 entropy=0.757
[ppo][eval] step=775000 mean_return=3.00 max_return=17.00
[ppo] step=791663 episode=420 return=-11.0 length=2253 lr=6.28e-05 entropy=0.7361
[ppo][eval] step=800000 mean_return=0.00 max_return=3.00
[ppo] step=814523 episode=430 return=2.0 length=2538 lr=5.61e-05 entropy=0.8445
[ppo][eval] step=825000 mean_return=-0.60 max_return=17.00
[ppo] step=837755 episode=440 return=-9.0 length=2256 lr=4.87e-05 entropy=0.7792
[ppo][eval] step=850000 mean_return=5.40 max_return=16.00
[ppo] step=862120 episode=450 return=15.0 length=2123 lr=4.20e-05 entropy=0.7708
[ppo][eval] step=875000 mean_return=7.20 max_return=9.00
[ppo] step=885203 episode=460 return=14.0 length=1995 lr=3.46e-05 entropy=0.759
[ppo][eval] step=900000 mean_return=4.20 max_return=15.00
[ppo] step=909072 episode=470 return=5.0 length=2554 lr=2.78e-05 entropy=0.8029
[ppo][eval] step=925000 mean_return=12.80 max_return=17.00
[ppo] step=932960 episode=480 return=14.0 length=2186 lr=2.04e-05 entropy=0.7518
[ppo][eval] step=950000 mean_return=11.00 max_return=15.00
[ppo] step=957482 episode=490 return=9.0 length=2184 lr=1.31e-05 entropy=0.728
[ppo][eval] step=975000 mean_return=6.40 max_return=11.00
[ppo] step=982114 episode=500 return=-1.0 length=2830 lr=5.70e-06 entropy=0.8519
[ppo][eval] step=1000000 mean_return=10.40 max_return=16.00
[ppo] finished profile=fast mean_eval_return=12.80 passed=True run_dir=results/rl/ppo_ale_pong_20260828_013602_264626
{
  "task": "ale_pong",
  "env_id": "ALE/Pong-v5",
  "algorithm": "ppo_clipped_surrogate_gae",
  "profile": "fast",
  "seed": 0,
  "total_timesteps": 1000000,
  "configured_total_timesteps": 1000000,
  "actual_timesteps": 1000000,
  "updates": 489,
  "rollout_length": 2048,
  "action_kind": "discrete",
  "eval_episodes": 5,
  "success_threshold": 0.0,
  "passed": true,
  "final_eval": {
    "episodes": 5,
    "seed": 10000,
    "mean_return": 12.800000190734863,
    "std_return": 3.6000001430511475,
    "min_return": 9.0,
    "max_return": 17.0,
    "mean_length": 2228.39990234375
  },
  "last_eval": {
    "episodes": 5,
    "seed": 10000,
    "mean_return": 8.800000190734863,
    "std_return": 4.621687889099121,
    "min_return": 2.0,
    "max_return": 16.0,
    "mean_length": 2478.199951171875
  },
  "selected_step": 925000,
  "selected_source": "best_eval",
  "training_efficiency": {
    "best_model_step": 925000,
    "best_model_training_fraction": 0.925,
    "first_success_step": 550000,
    "first_success_training_fraction": 0.55,
    "best_minus_last_return": 4.0,
    "budget_interpretation": "regressed_after_best"
  },
  "early_stopping": {
    "enabled": false,
    "patience": 30,
    "min_delta": 1.0,
    "min_steps": 25000,
    "target_score": 18.0,
    "best_mean_return": 12.800000190734863,
    "evaluations": 40,
    "evaluations_without_improvement": 3,
    "stopped_early": false,
    "stopping_reason": "budget_exhausted",
    "stopping_step": 1000000
  },
  "run_dir": "results/rl/ppo_ale_pong_20260828_013602_264626"
}
Checkpoint: results/rl/ppo_ale_pong_20260828_013602_264626/checkpoint.pt
	Command being timed: ".venv/bin/python tools/run_rl_ppo.py ale_pong --profile fast --seed 0 --device cpu --no-early-stopping --eval-frequency 25000 --total-timesteps 1000000"
	User time (seconds): 58036.72
	System time (seconds): 1021.54
	Percent of CPU this job got: 782%
	Elapsed (wall clock) time (h:mm:ss or m:ss): 2:05:46
	Average shared text size (kbytes): 0
	Average unshared data size (kbytes): 0
	Average stack size (kbytes): 0
	Average total size (kbytes): 0
	Maximum resident set size (kbytes): 2122988
	Average resident set size (kbytes): 0
	Major (requiring I/O) page faults: 0
	Minor (reclaiming a frame) page faults: 424081843
	Voluntary context switches: 100276
	Involuntary context switches: 213098
	Swaps: 0
	File system inputs: 0
	File system outputs: 27552
	Socket messages sent: 0
	Socket messages received: 0
	Signals delivered: 0
	Page size (bytes): 4096
	Exit status: 0
