A.L.E: Arcade Learning Environment (version 0.12.1+8a8fafb)
[Powered by Stella]
[nec] step=994 episode=1 return=-20.0 length=994 epsilon=0.996 loss=None entries=994
[nec] step=1907 episode=2 return=-21.0 length=913 epsilon=0.993 loss=None entries=1907
[nec] step=2779 episode=3 return=-21.0 length=872 epsilon=0.989 loss=0.19261249899864197 entries=2779
[nec] step=3643 episode=4 return=-20.0 length=864 epsilon=0.986 loss=0.1903562843799591 entries=3643
[nec] step=4529 episode=5 return=-21.0 length=886 epsilon=0.983 loss=0.1830148696899414 entries=4529
[nec] step=9063 episode=10 return=-21.0 length=878 epsilon=0.966 loss=0.17077603936195374 entries=9063
[nec] step=18316 episode=20 return=-21.0 length=846 epsilon=0.930 loss=0.22761446237564087 entries=18316
[nec][eval] step=25000 mean_return=-21.00 max_return=-21.00
[nec] step=27403 episode=30 return=-21.0 length=764 epsilon=0.896 loss=0.3443197011947632 entries=27403
[nec] step=36762 episode=40 return=-19.0 length=1017 epsilon=0.860 loss=0.2169315367937088 entries=36762
[nec] step=44973 episode=50 return=-20.0 length=837 epsilon=0.829 loss=0.300260990858078 entries=44973
[nec][eval] step=50000 mean_return=-21.00 max_return=-21.00
[nec] step=54192 episode=60 return=-21.0 length=1011 epsilon=0.794 loss=0.2031567394733429 entries=54192
[nec] step=63180 episode=70 return=-21.0 length=880 epsilon=0.760 loss=0.19664305448532104 entries=60000
[nec] step=71785 episode=80 return=-20.0 length=948 epsilon=0.727 loss=0.18497657775878906 entries=60000
[nec][eval] step=75000 mean_return=-21.00 max_return=-21.00
[nec] step=80599 episode=90 return=-21.0 length=757 epsilon=0.694 loss=0.14384973049163818 entries=60000
[nec] step=88859 episode=100 return=-21.0 length=820 epsilon=0.662 loss=0.17522116005420685 entries=60000
[nec][eval] step=58574 episode=65 candidate_return=-18.0 mean_return=-21.00 max_return=-21.00
[nec] step=97278 episode=110 return=-21.0 length=820 epsilon=0.630 loss=0.31909289956092834 entries=60000
[nec][eval] step=100000 mean_return=-21.00 max_return=-21.00
[nec] step=106306 episode=120 return=-21.0 length=758 epsilon=0.596 loss=0.19553795456886292 entries=60000
[nec] step=114564 episode=130 return=-21.0 length=758 epsilon=0.565 loss=0.18986302614212036 entries=60000
[nec] step=123664 episode=140 return=-21.0 length=757 epsilon=0.530 loss=0.3130413591861725 entries=60000
[nec][eval] step=125000 mean_return=-21.00 max_return=-21.00
[nec] step=131896 episode=150 return=-21.0 length=823 epsilon=0.499 loss=0.18168212473392487 entries=60000
[nec] step=139923 episode=160 return=-21.0 length=757 epsilon=0.468 loss=0.1900075078010559 entries=60000
[nec] step=148588 episode=170 return=-20.0 length=1048 epsilon=0.435 loss=0.37944915890693665 entries=60000
[nec][eval] step=150000 mean_return=-21.00 max_return=-21.00
[nec] step=156827 episode=180 return=-21.0 length=942 epsilon=0.404 loss=0.20664618909358978 entries=60000
[nec] step=164556 episode=190 return=-21.0 length=761 epsilon=0.375 loss=0.18128126859664917 entries=60000
[nec] step=172768 episode=200 return=-21.0 length=760 epsilon=0.343 loss=0.1574167013168335 entries=60000
[nec][eval] step=58574 episode=65 candidate_return=-18.0 mean_return=-21.00 max_return=-21.00
[nec][eval] step=175000 mean_return=-21.00 max_return=-21.00
[nec] step=181054 episode=210 return=-21.0 length=792 epsilon=0.312 loss=0.15077978372573853 entries=60000
[nec] step=189161 episode=220 return=-21.0 length=865 epsilon=0.281 loss=0.15855538845062256 entries=60000
[nec] step=197623 episode=230 return=-20.0 length=839 epsilon=0.249 loss=0.3026939630508423 entries=60000
[nec][eval] step=200000 mean_return=-21.00 max_return=-21.00
[nec] step=205912 episode=240 return=-21.0 length=905 epsilon=0.218 loss=0.16660574078559875 entries=60000
[nec] step=214073 episode=250 return=-21.0 length=792 epsilon=0.187 loss=0.16816547513008118 entries=60000
[nec] step=222271 episode=260 return=-21.0 length=819 epsilon=0.155 loss=0.17292000353336334 entries=60000
[nec][eval] step=225000 mean_return=-21.00 max_return=-21.00
[nec] step=230559 episode=270 return=-21.0 length=822 epsilon=0.124 loss=0.15668725967407227 entries=60000
[nec] step=238884 episode=280 return=-21.0 length=877 epsilon=0.092 loss=0.16411243379116058 entries=60000
[nec] step=247060 episode=290 return=-21.0 length=758 epsilon=0.061 loss=0.14423182606697083 entries=60000
[nec][eval] step=250000 mean_return=-21.00 max_return=-21.00
[nec] step=255043 episode=300 return=-21.0 length=763 epsilon=0.050 loss=0.12181437760591507 entries=60000
[nec][eval] step=194347 episode=226 candidate_return=-18.0 mean_return=-21.00 max_return=-21.00
[nec] step=262816 episode=310 return=-21.0 length=759 epsilon=0.050 loss=0.15413311123847961 entries=60000
[nec] step=270986 episode=320 return=-21.0 length=824 epsilon=0.050 loss=0.1450985223054886 entries=60000
[nec][eval] step=275000 mean_return=-21.00 max_return=-21.00
[nec] step=278931 episode=330 return=-21.0 length=764 epsilon=0.050 loss=0.15831080079078674 entries=60000
[nec] step=286845 episode=340 return=-21.0 length=905 epsilon=0.050 loss=0.17752593755722046 entries=60000
[nec] step=295180 episode=350 return=-20.0 length=839 epsilon=0.050 loss=0.16168805956840515 entries=60000
[nec][eval] step=300000 mean_return=-21.00 max_return=-21.00
[nec] step=303280 episode=360 return=-20.0 length=842 epsilon=0.050 loss=0.16944357752799988 entries=60000
[nec] step=311222 episode=370 return=-21.0 length=760 epsilon=0.050 loss=0.1779293417930603 entries=60000
[nec] step=319460 episode=380 return=-21.0 length=906 epsilon=0.050 loss=0.17747056484222412 entries=60000
[nec][eval] step=325000 mean_return=-21.00 max_return=-21.00
[nec] step=327730 episode=390 return=-21.0 length=764 epsilon=0.050 loss=0.14117026329040527 entries=60000
[nec] step=335648 episode=400 return=-21.0 length=778 epsilon=0.050 loss=0.1864253580570221 entries=60000
[nec][eval] step=194347 episode=226 candidate_return=-18.0 mean_return=-21.00 max_return=-21.00
[nec] step=343643 episode=410 return=-20.0 length=836 epsilon=0.050 loss=0.15951262414455414 entries=60000
[nec][eval] step=350000 mean_return=-21.00 max_return=-21.00
[nec] step=351692 episode=420 return=-21.0 length=763 epsilon=0.050 loss=0.1725941300392151 entries=60000
[nec] step=359501 episode=430 return=-21.0 length=763 epsilon=0.050 loss=0.18705296516418457 entries=60000
[nec] step=367361 episode=440 return=-21.0 length=762 epsilon=0.050 loss=0.18926626443862915 entries=60000
[nec][eval] step=375000 mean_return=-21.00 max_return=-21.00
[nec] step=375154 episode=450 return=-21.0 length=760 epsilon=0.050 loss=0.15197043120861053 entries=60000
[nec] step=383195 episode=460 return=-21.0 length=762 epsilon=0.050 loss=0.16261212527751923 entries=60000
[nec] step=391459 episode=470 return=-21.0 length=758 epsilon=0.050 loss=0.18243959546089172 entries=60000
[nec] step=399520 episode=480 return=-20.0 length=899 epsilon=0.050 loss=0.15198613703250885 entries=60000
[nec][eval] step=400000 mean_return=-21.00 max_return=-21.00
[nec] step=407672 episode=490 return=-20.0 length=867 epsilon=0.050 loss=0.16269715130329132 entries=60000
[nec] step=415870 episode=500 return=-21.0 length=760 epsilon=0.050 loss=0.14624997973442078 entries=60000
[nec][eval] step=378511 episode=454 candidate_return=-18.0 mean_return=-21.00 max_return=-21.00
[nec] step=423707 episode=510 return=-21.0 length=763 epsilon=0.050 loss=0.1602892428636551 entries=60000
[nec][eval] step=425000 mean_return=-21.00 max_return=-21.00
[nec] step=431383 episode=520 return=-21.0 length=764 epsilon=0.050 loss=0.15642963349819183 entries=60000
[nec] step=439152 episode=530 return=-21.0 length=763 epsilon=0.050 loss=0.1721234768629074 entries=60000
[nec] step=447139 episode=540 return=-21.0 length=760 epsilon=0.050 loss=0.1844438761472702 entries=60000
[nec][eval] step=450000 mean_return=-21.00 max_return=-21.00
[nec] step=455005 episode=550 return=-21.0 length=781 epsilon=0.050 loss=0.15793639421463013 entries=60000
[nec] step=462924 episode=560 return=-21.0 length=846 epsilon=0.050 loss=0.1657842993736267 entries=60000
[nec] step=470905 episode=570 return=-21.0 length=758 epsilon=0.050 loss=0.2575744688510895 entries=60000
[nec][eval] step=475000 mean_return=-21.00 max_return=-21.00
[nec] step=478874 episode=580 return=-21.0 length=760 epsilon=0.050 loss=0.14309045672416687 entries=60000
[nec] step=487035 episode=590 return=-21.0 length=819 epsilon=0.050 loss=0.16269837319850922 entries=60000
[nec] step=494906 episode=600 return=-21.0 length=824 epsilon=0.050 loss=0.14202171564102173 entries=60000
[nec][eval] step=378511 episode=454 candidate_return=-18.0 mean_return=-21.00 max_return=-21.00
[nec][eval] step=500000 mean_return=-21.00 max_return=-21.00
[nec] finished profile=fast mean_eval_return=-21.00 passed=False run_dir=results/rl/nec_ale_pong_20260828_023216_349590
{
  "task": "ale_pong",
  "env_id": "ALE/Pong-v5",
  "profile": "fast",
  "seed": 0,
  "total_timesteps": 500000,
  "configured_total_timesteps": 500000,
  "actual_timesteps": 500000,
  "eval_episodes": 5,
  "success_threshold": 0.0,
  "passed": false,
  "final_eval": {
    "episodes": 5,
    "seed": 10000,
    "mean_return": -21.0,
    "std_return": 0.0,
    "min_return": -21.0,
    "max_return": -21.0,
    "mean_length": 760.2000122070312
  },
  "last_eval": {
    "episodes": 5,
    "seed": 10000,
    "mean_return": -21.0,
    "std_return": 0.0,
    "min_return": -21.0,
    "max_return": -21.0,
    "mean_length": 760.2000122070312
  },
  "selected_step": 500000,
  "selected_source": "final",
  "training_efficiency": {
    "best_model_step": 500000,
    "best_model_training_fraction": 1.0,
    "first_success_step": null,
    "first_success_training_fraction": null,
    "best_minus_last_return": 0.0,
    "budget_interpretation": "unsolved_or_underfit"
  },
  "early_stopping": {
    "enabled": false,
    "patience": 30,
    "min_delta": 1.0,
    "min_steps": 25000,
    "target_score": 18.0,
    "best_mean_return": -21.0,
    "evaluations": 26,
    "evaluations_without_improvement": 25,
    "stopped_early": false,
    "stopping_reason": "budget_exhausted",
    "stopping_step": 500000
  },
  "dictionary_entries": 60000,
  "run_dir": "results/rl/nec_ale_pong_20260828_023216_349590"
}
Checkpoint: results/rl/nec_ale_pong_20260828_023216_349590/checkpoint.pt
	Command being timed: ".venv/bin/python tools/run_rl_nec.py ale_pong --profile fast --seed 0 --device cpu --no-early-stopping --eval-frequency 25000 --total-timesteps 500000"
	User time (seconds): 147475.70
	System time (seconds): 5158.20
	Percent of CPU this job got: 794%
	Elapsed (wall clock) time (h:mm:ss or m:ss): 5:20:17
	Average shared text size (kbytes): 0
	Average unshared data size (kbytes): 0
	Average stack size (kbytes): 0
	Average total size (kbytes): 0
	Maximum resident set size (kbytes): 1687116
	Average resident set size (kbytes): 0
	Major (requiring I/O) page faults: 0
	Minor (reclaiming a frame) page faults: 2306229256
	Voluntary context switches: 799069
	Involuntary context switches: 390118
	Swaps: 0
	File system inputs: 0
	File system outputs: 100720
	Socket messages sent: 0
	Socket messages received: 0
	Signals delivered: 0
	Page size (bytes): 4096
	Exit status: 0
