A.L.E: Arcade Learning Environment (version 0.12.1+8a8fafb)
[Powered by Stella]
[dqn] step=994 episode=1 return=-20.0 length=994 epsilon=0.991 loss=None
[dqn] step=1785 episode=2 return=-21.0 length=791 epsilon=0.983 loss=None
[dqn] step=2601 episode=3 return=-21.0 length=816 epsilon=0.975 loss=None
[dqn] step=3573 episode=4 return=-20.0 length=972 epsilon=0.966 loss=None
[dqn] step=4399 episode=5 return=-21.0 length=826 epsilon=0.958 loss=None
[dqn] step=8791 episode=10 return=-19.0 length=931 epsilon=0.916 loss=None
[dqn] step=17504 episode=20 return=-21.0 length=965 epsilon=0.834 loss=None
[dqn][eval] step=25000 mean_return=-21.00 max_return=-21.00
[dqn] step=25997 episode=30 return=-21.0 length=820 epsilon=0.753 loss=0.017812442034482956
[dqn] step=36010 episode=40 return=-20.0 length=958 epsilon=0.658 loss=0.00840417668223381
[dqn] step=44934 episode=50 return=-21.0 length=969 epsilon=0.573 loss=0.001807976746931672
[dqn][eval] step=50000 mean_return=-21.00 max_return=-21.00
[dqn] step=54455 episode=60 return=-21.0 length=810 epsilon=0.483 loss=0.0034314917866140604
[dqn] step=63977 episode=70 return=-21.0 length=790 epsilon=0.392 loss=0.0013808665098622441
[dqn] step=72766 episode=80 return=-21.0 length=780 epsilon=0.309 loss=0.0029259752482175827
[dqn][eval] step=75000 mean_return=-20.60 max_return=-20.00
[dqn] step=81270 episode=90 return=-21.0 length=877 epsilon=0.228 loss=0.002879178151488304
[dqn] step=91086 episode=100 return=-19.0 length=1024 epsilon=0.135 loss=0.0025676777586340904
[dqn][eval] step=100000 mean_return=-20.00 max_return=-18.00
[dqn] step=102173 episode=110 return=-18.0 length=1346 epsilon=0.050 loss=0.0015223893569782376
[dqn] step=115582 episode=120 return=-18.0 length=1578 epsilon=0.050 loss=0.0031086765229701996
[dqn][eval] step=125000 mean_return=-18.40 max_return=-16.00
[dqn] step=129539 episode=130 return=-20.0 length=1495 epsilon=0.050 loss=0.002375250682234764
[dqn] step=145569 episode=140 return=-18.0 length=1317 epsilon=0.050 loss=0.005479177460074425
[dqn][eval] step=150000 mean_return=-16.20 max_return=-15.00
[dqn] step=162741 episode=150 return=-18.0 length=1321 epsilon=0.050 loss=0.002205316675826907
[dqn][eval] step=175000 mean_return=-17.80 max_return=-17.00
[dqn] step=181064 episode=160 return=-17.0 length=1719 epsilon=0.050 loss=0.0039224931970238686
[dqn] step=199697 episode=170 return=-14.0 length=2373 epsilon=0.050 loss=0.003697678679600358
[dqn][eval] step=200000 mean_return=-18.40 max_return=-15.00
[dqn] step=219354 episode=180 return=-20.0 length=1741 epsilon=0.050 loss=0.0033229519613087177
[dqn][eval] step=225000 mean_return=-19.40 max_return=-17.00
[dqn] step=240267 episode=190 return=-17.0 length=1884 epsilon=0.050 loss=0.002792319282889366
[dqn][eval] step=250000 mean_return=-17.00 max_return=-14.00
[dqn] step=260785 episode=200 return=-16.0 length=2131 epsilon=0.050 loss=0.0018152138218283653
[dqn][eval] step=275000 mean_return=-17.40 max_return=-16.00
[dqn] step=282746 episode=210 return=-14.0 length=2396 epsilon=0.050 loss=0.0031833965331315994
[dqn][eval] step=300000 mean_return=-14.80 max_return=-13.00
[dqn] step=307278 episode=220 return=-12.0 length=2617 epsilon=0.050 loss=0.004087548702955246
[dqn][eval] step=325000 mean_return=-11.40 max_return=-1.00
[dqn] step=331582 episode=230 return=-14.0 length=2390 epsilon=0.050 loss=0.0023979349061846733
[dqn][eval] step=350000 mean_return=-14.20 max_return=-12.00
[dqn] step=358352 episode=240 return=-10.0 length=2920 epsilon=0.050 loss=0.0016841646283864975
[dqn][eval] step=375000 mean_return=-14.00 max_return=-10.00
[dqn] step=381894 episode=250 return=-18.0 length=1718 epsilon=0.050 loss=0.0021295968908816576
[dqn][eval] step=400000 mean_return=-12.40 max_return=-9.00
[dqn] step=407271 episode=260 return=-7.0 length=2784 epsilon=0.050 loss=0.002770586870610714
[dqn][eval] step=425000 mean_return=-14.00 max_return=-11.00
[dqn] step=431704 episode=270 return=-13.0 length=2606 epsilon=0.050 loss=0.0021896040998399258
[dqn][eval] step=450000 mean_return=-12.00 max_return=-6.00
[dqn] step=459767 episode=280 return=-16.0 length=2128 epsilon=0.050 loss=0.0022773141972720623
[dqn][eval] step=475000 mean_return=-9.20 max_return=-3.00
[dqn] step=491079 episode=290 return=-13.0 length=2137 epsilon=0.050 loss=0.003172910073772073
[dqn][eval] step=500000 mean_return=-8.80 max_return=-2.00
[dqn] step=518549 episode=300 return=-9.0 length=3325 epsilon=0.050 loss=0.002921290695667267
[dqn][eval] step=525000 mean_return=-2.20 max_return=5.00
[dqn] step=548063 episode=310 return=-3.0 length=3451 epsilon=0.050 loss=0.0026565988082438707
[dqn][eval] step=550000 mean_return=-5.60 max_return=4.00
[dqn][eval] step=575000 mean_return=2.80 max_return=12.00
[dqn] step=580216 episode=320 return=-18.0 length=2145 epsilon=0.050 loss=0.0031033186241984367
[dqn][eval] step=600000 mean_return=-6.20 max_return=2.00
[dqn] step=613795 episode=330 return=-1.0 length=3814 epsilon=0.050 loss=0.0017801241483539343
[dqn][eval] step=625000 mean_return=1.60 max_return=11.00
[dqn] step=646990 episode=340 return=-3.0 length=3719 epsilon=0.050 loss=0.0036539623979479074
[dqn][eval] step=650000 mean_return=0.80 max_return=10.00
[dqn][eval] step=675000 mean_return=9.00 max_return=15.00
[dqn] step=680285 episode=350 return=-3.0 length=3539 epsilon=0.050 loss=0.0026088592130690813
[dqn][eval] step=700000 mean_return=8.40 max_return=13.00
[dqn] step=714353 episode=360 return=-9.0 length=2661 epsilon=0.050 loss=0.001918240450322628
[dqn][eval] step=725000 mean_return=11.60 max_return=16.00
[dqn] step=749375 episode=370 return=6.0 length=3112 epsilon=0.050 loss=0.0018797009252011776
[dqn][eval] step=750000 mean_return=6.60 max_return=12.00
[dqn][eval] step=775000 mean_return=9.40 max_return=15.00
[dqn] step=782878 episode=380 return=-1.0 length=4069 epsilon=0.050 loss=0.0020098770037293434
[dqn][eval] step=800000 mean_return=6.80 max_return=12.00
[dqn] step=814509 episode=390 return=10.0 length=2917 epsilon=0.050 loss=0.0039794049225747585
[dqn][eval] step=825000 mean_return=9.80 max_return=15.00
[dqn] step=847647 episode=400 return=10.0 length=2816 epsilon=0.050 loss=0.0029254513792693615
[dqn][eval] step=850000 mean_return=11.40 max_return=16.00
[dqn][eval] step=875000 mean_return=9.80 max_return=19.00
[dqn] step=879141 episode=410 return=7.0 length=2896 epsilon=0.050 loss=0.002206076867878437
[dqn][eval] step=900000 mean_return=10.40 max_return=16.00
[dqn] step=909577 episode=420 return=-4.0 length=3109 epsilon=0.050 loss=0.0017796765314415097
[dqn][eval] step=925000 mean_return=8.80 max_return=12.00
[dqn] step=941991 episode=430 return=-3.0 length=3968 epsilon=0.050 loss=0.002591893542557955
[dqn][eval] step=950000 mean_return=11.60 max_return=14.00
[dqn] step=971450 episode=440 return=7.0 length=3199 epsilon=0.050 loss=0.0026793652214109898
[dqn][eval] step=975000 mean_return=13.40 max_return=15.00
[dqn] step=999079 episode=450 return=9.0 length=2605 epsilon=0.050 loss=0.0024430127814412117
[dqn][eval] step=1000000 mean_return=7.60 max_return=12.00
[dqn] finished profile=fast mean_eval_return=13.40 passed=True run_dir=results/rl/dqn_ale_pong_20260901_214758_636700
{
  "task": "ale_pong",
  "env_id": "ALE/Pong-v5",
  "profile": "fast",
  "seed": 0,
  "total_timesteps": 1000000,
  "configured_total_timesteps": 1000000,
  "actual_timesteps": 1000000,
  "eval_episodes": 5,
  "success_threshold": 0.0,
  "passed": true,
  "final_eval": {
    "episodes": 5,
    "seed": 10000,
    "mean_return": 13.399999618530273,
    "std_return": 2.332380771636963,
    "min_return": 9.0,
    "max_return": 15.0,
    "mean_length": 2575.199951171875
  },
  "last_eval": {
    "episodes": 5,
    "seed": 10000,
    "mean_return": 7.599999904632568,
    "std_return": 4.58693790435791,
    "min_return": -1.0,
    "max_return": 12.0,
    "mean_length": 2732.0
  },
  "selected_step": 975000,
  "selected_source": "best_eval",
  "training_efficiency": {
    "best_model_step": 975000,
    "best_model_training_fraction": 0.975,
    "first_success_step": 575000,
    "first_success_training_fraction": 0.575,
    "best_minus_last_return": 5.799999713897705,
    "budget_interpretation": "regressed_after_best"
  },
  "early_stopping": {
    "enabled": false,
    "patience": 30,
    "min_delta": 1.0,
    "min_steps": 25000,
    "target_score": 18.0,
    "best_mean_return": 13.399999618530273,
    "evaluations": 40,
    "evaluations_without_improvement": 1,
    "stopped_early": false,
    "stopping_reason": "budget_exhausted",
    "stopping_step": 1000000
  },
  "run_dir": "results/rl/dqn_ale_pong_20260901_214758_636700"
}
Checkpoint: results/rl/dqn_ale_pong_20260901_214758_636700/checkpoint.pt
	Command being timed: ".venv/bin/python tools/run_rl_dqn.py ale_pong --profile fast --seed 0 --device cuda --no-early-stopping --total-timesteps 1000000 --eval-frequency 25000 --buffer-size 100000 --learning-rate 0.0001 --target-network-frequency 1000 --train-frequency 4 --exploration-fraction 0.1 --learning-starts 20000"
	User time (seconds): 5470.79
	System time (seconds): 94.67
	Percent of CPU this job got: 100%
	Elapsed (wall clock) time (h:mm:ss or m:ss): 1:32:34
	Average shared text size (kbytes): 0
	Average unshared data size (kbytes): 0
	Average stack size (kbytes): 0
	Average total size (kbytes): 0
	Maximum resident set size (kbytes): 7132336
	Average resident set size (kbytes): 0
	Major (requiring I/O) page faults: 281
	Minor (reclaiming a frame) page faults: 81976738
	Voluntary context switches: 602024
	Involuntary context switches: 166372
	Swaps: 0
	File system inputs: 468552
	File system outputs: 53400
	Socket messages sent: 0
	Socket messages received: 0
	Signals delivered: 0
	Page size (bytes): 4096
	Exit status: 0
