cases trainable: False
labels trainable: False
cases trainable: False
labels trainable: False
Enforcing normalize_over_cases = True for regression task.
[nnknn-rl] step=18 episode=1 return=18.0 length=18 loss=None cases=0
[nnknn-rl] step=32 episode=2 return=14.0 length=14 loss=None cases=0
[nnknn-rl] step=44 episode=3 return=12.0 length=12 loss=None cases=0
[nnknn-rl] step=62 episode=4 return=18.0 length=18 loss=49.5064582824707 cases=62
[nnknn-rl] step=87 episode=5 return=25.0 length=25 loss=None cases=62
[nnknn-rl] step=212 episode=10 return=35.0 length=35 loss=None cases=138
[nnknn-rl] step=399 episode=20 return=36.0 length=36 loss=24.026826858520508 cases=249
[nnknn-rl] step=695 episode=30 return=20.0 length=20 loss=None cases=360
[nnknn-rl] step=921 episode=40 return=14.0 length=14 loss=30.89148712158203 cases=476
[nnknn-rl] step=1172 episode=50 return=20.0 length=20 loss=None cases=490
[nnknn-rl] step=1372 episode=60 return=22.0 length=22 loss=12.408539772033691 cases=481
[nnknn-rl] step=1543 episode=70 return=25.0 length=25 loss=None cases=493
[nnknn-rl] step=1792 episode=80 return=14.0 length=14 loss=16.665109634399414 cases=477
[nnknn-rl] step=2058 episode=90 return=41.0 length=41 loss=None cases=488
[nnknn-rl][critic-holdout] step=2296 episodes=100 mse=217.2328 explained_variance=0.1847
[nnknn-rl] step=2296 episode=100 return=28.0 length=28 loss=41.40339279174805 cases=490
[nnknn-rl][eval] step=2296 mean_return=255.00 max_return=500.00
[nnknn-rl] step=2500 episode=110 return=23.0 length=23 loss=None cases=489
[nnknn-rl] step=2727 episode=120 return=18.0 length=18 loss=20.64151954650879 cases=490
[nnknn-rl] step=2931 episode=130 return=19.0 length=19 loss=None cases=488
[nnknn-rl] step=3113 episode=140 return=32.0 length=32 loss=14.527375221252441 cases=500
[nnknn-rl] step=3365 episode=150 return=19.0 length=19 loss=None cases=500
[nnknn-rl] step=3638 episode=160 return=33.0 length=33 loss=13.64543342590332 cases=492
[nnknn-rl] step=3941 episode=170 return=41.0 length=41 loss=None cases=500
[nnknn-rl] step=4232 episode=180 return=16.0 length=16 loss=35.74046325683594 cases=500
[nnknn-rl] step=4498 episode=190 return=17.0 length=17 loss=None cases=500
[nnknn-rl][critic-holdout] step=4810 episodes=200 mse=26.2299 explained_variance=0.6227
[nnknn-rl] step=4810 episode=200 return=61.0 length=61 loss=94.61767578125 cases=500
[nnknn-rl][eval] step=4810 mean_return=500.00 max_return=500.00
[nnknn-rl][early-stop] step=4810 reason=target_score
[nnknn-rl] finished profile=fast mean_eval_return=500.00 passed=True run_dir=results/rl/nnknn_rl_cartpole_20260731_164130_755582
{
  "task": "cartpole",
  "env_id": "CartPole-v1",
  "profile": "fast",
  "seed": 0,
  "total_timesteps": 4810,
  "configured_total_timesteps": 150000,
  "actual_timesteps": 4810,
  "eval_episodes": 20,
  "success_threshold": 475.0,
  "passed": true,
  "algorithm": "nnknn_actor_critic_separate_memory_gae",
  "actor_type": "nnknn",
  "critic_type": "nnknn",
  "architecture": {
    "separate_case_bases": true,
    "shared_nnknn_representation": true,
    "critic_target_shared_case_store": true,
    "actor_case_insertion": "raw_positive_advantage_only"
  },
  "gae": {
    "gamma": 0.99,
    "gae_lambda": 0.95,
    "advantage_clip": 5.0
  },
  "exploration": {
    "mode": "epsilon_mixed_policy",
    "applies_to_actor": true,
    "initial_epsilon": 1.0,
    "final_epsilon": 0.05,
    "fraction": 0.5,
    "final_step_epsilon": 0.9390733333333333,
    "readiness": {
      "min_case_entries": 32,
      "min_cases_per_action": 8
    }
  },
  "final_eval": {
    "episodes": 20,
    "seed": 10000,
    "mean_return": 500.0,
    "std_return": 0.0,
    "min_return": 500.0,
    "max_return": 500.0,
    "mean_length": 500.0
  },
  "last_eval": {
    "episodes": 20,
    "seed": 10000,
    "mean_return": 500.0,
    "std_return": 0.0,
    "min_return": 500.0,
    "max_return": 500.0,
    "mean_length": 500.0
  },
  "selected_step": 4810,
  "selected_source": "final",
  "training_efficiency": {
    "best_model_step": 4810,
    "best_model_training_fraction": 1.0,
    "first_success_step": 4810,
    "first_success_training_fraction": 1.0,
    "best_minus_last_return": 0.0,
    "budget_interpretation": "final_is_best_check_for_underfit"
  },
  "early_stopping": {
    "enabled": true,
    "patience": 30,
    "min_delta": 1.0,
    "min_steps": 25000,
    "target_score": 500.0,
    "best_mean_return": 500.0,
    "evaluations": 2,
    "evaluations_without_improvement": 0,
    "stopped_early": true,
    "stopping_reason": "target_score",
    "stopping_step": 4810
  },
  "case_entries": 500,
  "critic_case_entries": 500,
  "action_counts": [
    243,
    257
  ],
  "cases_pruned": 3869,
  "cases_replaced": 2485,
  "actor_cases_pruned": 1589,
  "actor_cases_replaced": 456,
  "critic_cases_pruned": 2280,
  "critic_cases_replaced": 2029,
  "critic_label_updates": 1,
  "critic_label_update_samples": 1,
  "partial_rollout_segments": 0,
  "partial_rollout_samples": 0,
  "critic_target_enabled": true,
  "critic_target_value_mode": "ema",
  "critic_target_sync_interval": 4,
  "critic_target_ema_tau": 0.05,
  "critic_target_value_syncs": 13,
  "critic_holdout_evaluations": 2,
  "latest_critic_holdout": {
    "global_step": 4810,
    "completed_episodes": 200,
    "diagnostic_index": 2,
    "critic_holdout_mse": 26.22990608215332,
    "critic_holdout_explained_variance": 0.6227350234985352,
    "critic_holdout_value_mean": 13.813885688781738,
    "critic_holdout_target_mean": 13.22226333618164,
    "critic_holdout_samples": 119,
    "critic_holdout_episodes": 5,
    "critic_holdout_environment_steps": 119,
    "critic_holdout_mean_episode_return": 23.8,
    "critic_holdout_mean_episode_length": 23.8,
    "critic_holdout_behavior_epsilon": 0.9390733333333333,
    "critic_holdout_truncated_bootstraps": 0,
    "critic_holdout_target_method": "discounted_monte_carlo_with_truncation_bootstrap",
    "critic_holdout_bootstrap_source": "target_value_model",
    "critic_holdout_seed": 30005
  },
  "run_dir": "results/rl/nnknn_rl_cartpole_20260731_164130_755582"
}
Checkpoint: results/rl/nnknn_rl_cartpole_20260731_164130_755582/checkpoint.pt
