cases trainable: False
labels trainable: False
Enforcing normalize_over_cases = True for regression task.
[nnknn-rl] step=32 episode=1 return=32.0 length=32 loss=None cases=None
[nnknn-rl] step=58 episode=2 return=26.0 length=26 loss=None cases=None
[nnknn-rl] step=116 episode=3 return=58.0 length=58 loss=None cases=None
[nnknn-rl] step=139 episode=4 return=23.0 length=23 loss=125.43025207519531 cases=None
[nnknn-rl] step=155 episode=5 return=16.0 length=16 loss=None cases=None
[nnknn-rl] step=245 episode=10 return=17.0 length=17 loss=None cases=None
[nnknn-rl] step=443 episode=20 return=24.0 length=24 loss=12.778558731079102 cases=None
[nnknn-rl] step=724 episode=30 return=25.0 length=25 loss=None cases=None
[nnknn-rl] step=1004 episode=40 return=21.0 length=21 loss=39.734683990478516 cases=None
[nnknn-rl] step=1375 episode=50 return=17.0 length=17 loss=None cases=None
[nnknn-rl] step=1728 episode=60 return=52.0 length=52 loss=74.90108489990234 cases=None
[nnknn-rl] step=2057 episode=70 return=22.0 length=22 loss=None cases=None
[nnknn-rl] step=2345 episode=80 return=20.0 length=20 loss=35.185848236083984 cases=None
[nnknn-rl] step=2634 episode=90 return=19.0 length=19 loss=None cases=None
[nnknn-rl][critic-holdout] step=3002 episodes=100 mse=148.1626 explained_variance=0.2979
[nnknn-rl] step=3002 episode=100 return=36.0 length=36 loss=20.18328857421875 cases=None
[nnknn-rl][eval] step=3002 mean_return=92.60 max_return=146.00
[nnknn-rl] step=3369 episode=110 return=26.0 length=26 loss=None cases=None
[nnknn-rl] step=3805 episode=120 return=22.0 length=22 loss=69.6327896118164 cases=None
[nnknn-rl] step=4341 episode=130 return=39.0 length=39 loss=None cases=None
[nnknn-rl] step=4732 episode=140 return=64.0 length=64 loss=62.761722564697266 cases=None
[nnknn-rl] step=5210 episode=150 return=58.0 length=58 loss=None cases=None
[nnknn-rl] step=5800 episode=160 return=61.0 length=61 loss=47.36473083496094 cases=None
[nnknn-rl] step=6496 episode=170 return=61.0 length=61 loss=None cases=None
[nnknn-rl] step=7081 episode=180 return=23.0 length=23 loss=73.35565948486328 cases=None
[nnknn-rl] step=8060 episode=190 return=192.0 length=192 loss=None cases=None
[nnknn-rl][critic-holdout] step=8817 episodes=200 mse=204.6420 explained_variance=0.2352
[nnknn-rl] step=8817 episode=200 return=47.0 length=47 loss=101.140625 cases=None
[nnknn-rl][eval] step=8817 mean_return=372.35 max_return=500.00
[nnknn-rl] step=9736 episode=210 return=165.0 length=165 loss=None cases=None
[nnknn-rl] step=11162 episode=220 return=137.0 length=137 loss=105.17350006103516 cases=None
[nnknn-rl] step=12032 episode=230 return=106.0 length=106 loss=None cases=None
[nnknn-rl] step=13021 episode=240 return=70.0 length=70 loss=102.85443115234375 cases=None
[nnknn-rl] step=14153 episode=250 return=155.0 length=155 loss=None cases=None
[nnknn-rl] step=15010 episode=260 return=102.0 length=102 loss=74.07246398925781 cases=None
[nnknn-rl] step=16449 episode=270 return=175.0 length=175 loss=None cases=None
[nnknn-rl] step=17964 episode=280 return=209.0 length=209 loss=108.12979888916016 cases=None
[nnknn-rl] step=19266 episode=290 return=114.0 length=114 loss=None cases=None
[nnknn-rl][critic-holdout] step=20912 episodes=300 mse=828.9722 explained_variance=0.0999
[nnknn-rl] step=20912 episode=300 return=221.0 length=221 loss=105.27276611328125 cases=None
[nnknn-rl][eval] step=20912 mean_return=262.70 max_return=356.00
[nnknn-rl] step=22269 episode=310 return=105.0 length=105 loss=None cases=None
[nnknn-rl] step=23612 episode=320 return=79.0 length=79 loss=125.6304702758789 cases=None
[nnknn-rl] step=25702 episode=330 return=133.0 length=133 loss=None cases=None
[nnknn-rl] step=27396 episode=340 return=191.0 length=191 loss=101.99044799804688 cases=None
[nnknn-rl] step=29764 episode=350 return=158.0 length=158 loss=None cases=None
[nnknn-rl] step=31807 episode=360 return=173.0 length=173 loss=95.33694458007812 cases=None
[nnknn-rl] step=33864 episode=370 return=128.0 length=128 loss=None cases=None
[nnknn-rl] step=35975 episode=380 return=223.0 length=223 loss=84.7323226928711 cases=None
[nnknn-rl] step=38319 episode=390 return=164.0 length=164 loss=None cases=None
[nnknn-rl][critic-holdout] step=40812 episodes=400 mse=1641.7017 explained_variance=0.1789
[nnknn-rl] step=40812 episode=400 return=286.0 length=286 loss=103.45993041992188 cases=None
[nnknn-rl][eval] step=40812 mean_return=420.20 max_return=500.00
[nnknn-rl] step=42755 episode=410 return=177.0 length=177 loss=None cases=None
[nnknn-rl] step=44830 episode=420 return=254.0 length=254 loss=80.88941955566406 cases=None
[nnknn-rl] step=47189 episode=430 return=359.0 length=359 loss=None cases=None
[nnknn-rl] step=50057 episode=440 return=155.0 length=155 loss=102.68834686279297 cases=None
[nnknn-rl] step=52663 episode=450 return=50.0 length=50 loss=None cases=None
[nnknn-rl] step=54706 episode=460 return=209.0 length=209 loss=129.4022216796875 cases=None
[nnknn-rl] step=57360 episode=470 return=340.0 length=340 loss=None cases=None
[nnknn-rl] step=59761 episode=480 return=295.0 length=295 loss=93.14884185791016 cases=None
[nnknn-rl] step=62681 episode=490 return=455.0 length=455 loss=None cases=None
[nnknn-rl][critic-holdout] step=65749 episodes=500 mse=1531.6420 explained_variance=0.1239
[nnknn-rl] step=65749 episode=500 return=398.0 length=398 loss=84.74016571044922 cases=None
[nnknn-rl][eval] step=65749 mean_return=488.40 max_return=500.00
[nnknn-rl] step=69060 episode=510 return=316.0 length=316 loss=None cases=None
[nnknn-rl] step=71614 episode=520 return=500.0 length=500 loss=84.81896209716797 cases=None
[nnknn-rl] step=74366 episode=530 return=209.0 length=209 loss=None cases=None
[nnknn-rl] step=76987 episode=540 return=175.0 length=175 loss=93.36770629882812 cases=None
[nnknn-rl] step=79596 episode=550 return=500.0 length=500 loss=None cases=None
[nnknn-rl] step=82732 episode=560 return=204.0 length=204 loss=66.25142669677734 cases=None
[nnknn-rl] step=85216 episode=570 return=192.0 length=192 loss=None cases=None
[nnknn-rl] step=88658 episode=580 return=403.0 length=403 loss=105.4149169921875 cases=None
[nnknn-rl] step=91387 episode=590 return=198.0 length=198 loss=None cases=None
[nnknn-rl][critic-holdout] step=94982 episodes=600 mse=1200.2616 explained_variance=0.2070
[nnknn-rl] step=94982 episode=600 return=500.0 length=500 loss=81.44464111328125 cases=None
[nnknn-rl][eval] step=94982 mean_return=445.50 max_return=500.00
[nnknn-rl] step=98044 episode=610 return=500.0 length=500 loss=None cases=None
[nnknn-rl] step=101942 episode=620 return=325.0 length=325 loss=111.81587982177734 cases=None
[nnknn-rl] step=104670 episode=630 return=249.0 length=249 loss=None cases=None
[nnknn-rl] step=107806 episode=640 return=500.0 length=500 loss=119.5333480834961 cases=None
[nnknn-rl] step=111030 episode=650 return=466.0 length=466 loss=None cases=None
[nnknn-rl] step=114110 episode=660 return=204.0 length=204 loss=80.6866226196289 cases=None
[nnknn-rl] step=117665 episode=670 return=299.0 length=299 loss=None cases=None
[nnknn-rl] step=120062 episode=680 return=265.0 length=265 loss=49.280609130859375 cases=None
[nnknn-rl] step=122510 episode=690 return=312.0 length=312 loss=None cases=None
[nnknn-rl][critic-holdout] step=125277 episodes=700 mse=726.7258 explained_variance=0.6255
[nnknn-rl] step=125277 episode=700 return=232.0 length=232 loss=47.17696762084961 cases=None
[nnknn-rl][eval] step=125277 mean_return=490.25 max_return=500.00
[nnknn-rl] step=128598 episode=710 return=223.0 length=223 loss=None cases=None
[nnknn-rl] step=131223 episode=720 return=500.0 length=500 loss=87.0341796875 cases=None
[nnknn-rl] step=135216 episode=730 return=298.0 length=298 loss=None cases=None
[nnknn-rl] step=138595 episode=740 return=379.0 length=379 loss=67.57758331298828 cases=None
[nnknn-rl] step=141829 episode=750 return=324.0 length=324 loss=None cases=None
[nnknn-rl] step=144822 episode=760 return=400.0 length=400 loss=50.44936752319336 cases=None
[nnknn-rl] step=148899 episode=770 return=500.0 length=500 loss=None cases=None
[nnknn-rl] finished profile=fast mean_eval_return=491.35 passed=True run_dir=results/rl/nnknn_rl_cartpole_20260731_164130_544008
{
  "task": "cartpole",
  "env_id": "CartPole-v1",
  "profile": "fast",
  "seed": 0,
  "total_timesteps": 150000,
  "configured_total_timesteps": 150000,
  "actual_timesteps": 150000,
  "eval_episodes": 20,
  "success_threshold": 475.0,
  "passed": true,
  "algorithm": "nnknn_actor_critic_separate_memory_gae",
  "actor_type": "mlp",
  "critic_type": "nnknn",
  "architecture": {
    "separate_case_bases": true,
    "shared_nnknn_representation": false,
    "critic_target_shared_case_store": true,
    "actor_case_insertion": "raw_positive_advantage_only"
  },
  "gae": {
    "gamma": 0.99,
    "gae_lambda": 0.95,
    "advantage_clip": 5.0
  },
  "exploration": {
    "mode": "standard_stochastic_policy",
    "applies_to_actor": false,
    "initial_epsilon": 0.0,
    "final_epsilon": 0.0,
    "fraction": 0.5,
    "final_step_epsilon": 0.0,
    "readiness": {
      "min_case_entries": 32,
      "min_cases_per_action": 8
    }
  },
  "final_eval": {
    "episodes": 20,
    "seed": 10000,
    "mean_return": 491.3500061035156,
    "std_return": 28.158967971801758,
    "min_return": 375.0,
    "max_return": 500.0,
    "mean_length": 491.3500061035156
  },
  "last_eval": {
    "episodes": 20,
    "seed": 10000,
    "mean_return": 491.3500061035156,
    "std_return": 28.158967971801758,
    "min_return": 375.0,
    "max_return": 500.0,
    "mean_length": 491.3500061035156
  },
  "selected_step": 150000,
  "selected_source": "final",
  "training_efficiency": {
    "best_model_step": 150000,
    "best_model_training_fraction": 1.0,
    "first_success_step": 65749,
    "first_success_training_fraction": 0.43832666666666664,
    "best_minus_last_return": 0.0,
    "budget_interpretation": "final_is_best_check_for_underfit"
  },
  "early_stopping": {
    "enabled": true,
    "patience": 30,
    "min_delta": 1.0,
    "min_steps": 25000,
    "target_score": 500.0,
    "best_mean_return": 490.25,
    "evaluations": 7,
    "evaluations_without_improvement": 0,
    "stopped_early": false,
    "stopping_reason": "budget_exhausted",
    "stopping_step": 150000
  },
  "case_entries": null,
  "critic_case_entries": 500,
  "action_counts": null,
  "cases_pruned": 11349,
  "cases_replaced": 138151,
  "actor_cases_pruned": 0,
  "actor_cases_replaced": 0,
  "critic_cases_pruned": 11349,
  "critic_cases_replaced": 138151,
  "critic_label_updates": 0,
  "critic_label_update_samples": 0,
  "partial_rollout_segments": 1,
  "partial_rollout_samples": 225,
  "critic_target_enabled": true,
  "critic_target_value_mode": "ema",
  "critic_target_sync_interval": 4,
  "critic_target_ema_tau": 0.05,
  "critic_target_value_syncs": 49,
  "critic_holdout_evaluations": 7,
  "latest_critic_holdout": {
    "global_step": 125277,
    "completed_episodes": 700,
    "diagnostic_index": 7,
    "critic_holdout_mse": 726.725830078125,
    "critic_holdout_explained_variance": 0.6255135536193848,
    "critic_holdout_value_mean": 44.803428649902344,
    "critic_holdout_target_mean": 66.5904312133789,
    "critic_holdout_samples": 1364,
    "critic_holdout_episodes": 5,
    "critic_holdout_environment_steps": 1364,
    "critic_holdout_mean_episode_return": 272.8,
    "critic_holdout_mean_episode_length": 272.8,
    "critic_holdout_behavior_epsilon": 0.0,
    "critic_holdout_truncated_bootstraps": 0,
    "critic_holdout_target_method": "discounted_monte_carlo_with_truncation_bootstrap",
    "critic_holdout_bootstrap_source": "target_value_model",
    "critic_holdout_seed": 30030
  },
  "run_dir": "results/rl/nnknn_rl_cartpole_20260731_164130_544008"
}
Checkpoint: results/rl/nnknn_rl_cartpole_20260731_164130_544008/checkpoint.pt
