cases trainable: False
labels trainable: False
cases trainable: False
labels trainable: False
Enforcing normalize_over_cases = True for regression task.
[nnknn-rl] step=14 episode=1 return=14.0 length=14 loss=None cases=0
[nnknn-rl] step=102 episode=2 return=88.0 length=88 loss=None cases=0
[nnknn-rl] step=132 episode=3 return=30.0 length=30 loss=None cases=0
[nnknn-rl] step=169 episode=4 return=37.0 length=37 loss=156.03953552246094 cases=169
[nnknn-rl] step=185 episode=5 return=16.0 length=16 loss=None cases=169
[nnknn-rl] step=272 episode=10 return=12.0 length=12 loss=None cases=200
[nnknn-rl] step=447 episode=20 return=34.0 length=34 loss=20.299083709716797 cases=284
[nnknn-rl] step=644 episode=30 return=12.0 length=12 loss=None cases=364
[nnknn-rl] step=878 episode=40 return=15.0 length=15 loss=22.826034545898438 cases=493
[nnknn-rl] step=1029 episode=50 return=15.0 length=15 loss=None cases=498
[nnknn-rl] step=1298 episode=60 return=12.0 length=12 loss=54.832950592041016 cases=500
[nnknn-rl] step=1495 episode=70 return=38.0 length=38 loss=None cases=481
[nnknn-rl] step=1732 episode=80 return=12.0 length=12 loss=23.917261123657227 cases=476
[nnknn-rl] step=1891 episode=90 return=13.0 length=13 loss=None cases=491
[nnknn-rl][critic-holdout] step=2102 episodes=100 mse=220.9381 explained_variance=0.0989
[nnknn-rl] step=2102 episode=100 return=18.0 length=18 loss=28.109560012817383 cases=499
[nnknn-rl][eval] step=2102 mean_return=495.45 max_return=500.00
[nnknn-rl] step=2304 episode=110 return=19.0 length=19 loss=None cases=495
[nnknn-rl] step=2490 episode=120 return=18.0 length=18 loss=13.970362663269043 cases=483
[nnknn-rl] step=2755 episode=130 return=37.0 length=37 loss=None cases=491
[nnknn-rl] step=2997 episode=140 return=41.0 length=41 loss=22.95140266418457 cases=500
[nnknn-rl] step=3254 episode=150 return=20.0 length=20 loss=None cases=500
[nnknn-rl] step=3492 episode=160 return=37.0 length=37 loss=22.774877548217773 cases=500
[nnknn-rl] step=3803 episode=170 return=12.0 length=12 loss=None cases=500
[nnknn-rl] step=4094 episode=180 return=72.0 length=72 loss=54.56909942626953 cases=500
[nnknn-rl] step=4339 episode=190 return=12.0 length=12 loss=None cases=500
[nnknn-rl][critic-holdout] step=4580 episodes=200 mse=34.7728 explained_variance=0.4936
[nnknn-rl] step=4580 episode=200 return=54.0 length=54 loss=32.911827087402344 cases=500
[nnknn-rl][eval] step=4580 mean_return=500.00 max_return=500.00
[nnknn-rl][early-stop] step=4580 reason=target_score
[nnknn-rl] finished profile=fast mean_eval_return=500.00 passed=True run_dir=results/rl/nnknn_rl_cartpole_20260731_234507_014001
{
  "task": "cartpole",
  "env_id": "CartPole-v1",
  "profile": "fast",
  "seed": 2,
  "total_timesteps": 4580,
  "configured_total_timesteps": 150000,
  "actual_timesteps": 4580,
  "eval_episodes": 20,
  "success_threshold": 475.0,
  "passed": true,
  "algorithm": "nnknn_actor_critic_separate_memory_gae",
  "actor_type": "nnknn",
  "critic_type": "nnknn",
  "architecture": {
    "separate_case_bases": true,
    "shared_nnknn_representation": true,
    "critic_target_shared_case_store": true,
    "actor_case_insertion": "raw_positive_advantage_only"
  },
  "gae": {
    "gamma": 0.99,
    "gae_lambda": 0.95,
    "advantage_clip": 5.0
  },
  "exploration": {
    "mode": "epsilon_mixed_policy",
    "applies_to_actor": true,
    "initial_epsilon": 1.0,
    "final_epsilon": 0.05,
    "fraction": 0.5,
    "final_step_epsilon": 0.9419866666666666,
    "readiness": {
      "min_case_entries": 32,
      "min_cases_per_action": 8
    }
  },
  "final_eval": {
    "episodes": 20,
    "seed": 10000,
    "mean_return": 500.0,
    "std_return": 0.0,
    "min_return": 500.0,
    "max_return": 500.0,
    "mean_length": 500.0
  },
  "last_eval": {
    "episodes": 20,
    "seed": 10000,
    "mean_return": 500.0,
    "std_return": 0.0,
    "min_return": 500.0,
    "max_return": 500.0,
    "mean_length": 500.0
  },
  "selected_step": 4580,
  "selected_source": "final",
  "training_efficiency": {
    "best_model_step": 4580,
    "best_model_training_fraction": 1.0,
    "first_success_step": 2102,
    "first_success_training_fraction": 0.4589519650655022,
    "best_minus_last_return": 0.0,
    "budget_interpretation": "final_is_best_check_for_underfit"
  },
  "early_stopping": {
    "enabled": true,
    "patience": 30,
    "min_delta": 1.0,
    "min_steps": 25000,
    "target_score": 500.0,
    "best_mean_return": 500.0,
    "evaluations": 2,
    "evaluations_without_improvement": 0,
    "stopped_early": true,
    "stopping_reason": "target_score",
    "stopping_step": 4580
  },
  "case_entries": 500,
  "critic_case_entries": 500,
  "action_counts": [
    251,
    249
  ],
  "cases_pruned": 3790,
  "cases_replaced": 2251,
  "actor_cases_pruned": 1496,
  "actor_cases_replaced": 465,
  "critic_cases_pruned": 2294,
  "critic_cases_replaced": 1786,
  "critic_label_updates": 0,
  "critic_label_update_samples": 0,
  "partial_rollout_segments": 0,
  "partial_rollout_samples": 0,
  "critic_target_enabled": true,
  "critic_target_value_mode": "ema",
  "critic_target_sync_interval": 4,
  "critic_target_ema_tau": 0.05,
  "critic_target_value_syncs": 13,
  "critic_holdout_evaluations": 2,
  "latest_critic_holdout": {
    "global_step": 4580,
    "completed_episodes": 200,
    "diagnostic_index": 2,
    "critic_holdout_mse": 34.77277374267578,
    "critic_holdout_explained_variance": 0.49364423751831055,
    "critic_holdout_value_mean": 13.415738105773926,
    "critic_holdout_target_mean": 13.22226333618164,
    "critic_holdout_samples": 119,
    "critic_holdout_episodes": 5,
    "critic_holdout_environment_steps": 119,
    "critic_holdout_mean_episode_return": 23.8,
    "critic_holdout_mean_episode_length": 23.8,
    "critic_holdout_behavior_epsilon": 0.9419866666666666,
    "critic_holdout_truncated_bootstraps": 0,
    "critic_holdout_target_method": "discounted_monte_carlo_with_truncation_bootstrap",
    "critic_holdout_bootstrap_source": "target_value_model",
    "critic_holdout_seed": 30005
  },
  "run_dir": "results/rl/nnknn_rl_cartpole_20260731_234507_014001"
}
Checkpoint: results/rl/nnknn_rl_cartpole_20260731_234507_014001/checkpoint.pt
