cases trainable: False
labels trainable: False
cases trainable: False
labels trainable: False
Enforcing normalize_over_cases = True for regression task.
[nnknn-rl] step=29 episode=1 return=29.0 length=29 loss=None cases=0
[nnknn-rl] step=40 episode=2 return=11.0 length=11 loss=None cases=0
[nnknn-rl] step=52 episode=3 return=12.0 length=12 loss=None cases=0
[nnknn-rl] step=72 episode=4 return=20.0 length=20 loss=68.32059478759766 cases=72
[nnknn-rl] step=84 episode=5 return=12.0 length=12 loss=None cases=72
[nnknn-rl] step=193 episode=10 return=25.0 length=25 loss=None cases=121
[nnknn-rl] step=357 episode=20 return=15.0 length=15 loss=8.914849281311035 cases=224
[nnknn-rl] step=555 episode=30 return=23.0 length=23 loss=None cases=303
[nnknn-rl] step=714 episode=40 return=22.0 length=22 loss=12.184703826904297 cases=389
[nnknn-rl] step=869 episode=50 return=22.0 length=22 loss=None cases=438
[nnknn-rl] step=1099 episode=60 return=13.0 length=13 loss=45.37194061279297 cases=453
[nnknn-rl] step=1335 episode=70 return=33.0 length=33 loss=None cases=491
[nnknn-rl] step=1587 episode=80 return=45.0 length=45 loss=40.75545120239258 cases=495
[nnknn-rl] step=1757 episode=90 return=18.0 length=18 loss=None cases=499
[nnknn-rl][critic-holdout] step=1982 episodes=100 mse=194.4411 explained_variance=0.1778
[nnknn-rl] step=1982 episode=100 return=13.0 length=13 loss=14.825020790100098 cases=484
[nnknn-rl][eval] step=1982 mean_return=335.60 max_return=500.00
[nnknn-rl] step=2213 episode=110 return=21.0 length=21 loss=None cases=497
[nnknn-rl] step=2387 episode=120 return=18.0 length=18 loss=7.9943342208862305 cases=500
[nnknn-rl] step=2623 episode=130 return=18.0 length=18 loss=None cases=500
[nnknn-rl] step=2915 episode=140 return=24.0 length=24 loss=25.465211868286133 cases=500
[nnknn-rl] step=3094 episode=150 return=13.0 length=13 loss=None cases=500
[nnknn-rl] step=3253 episode=160 return=18.0 length=18 loss=8.36662769317627 cases=481
[nnknn-rl] step=3476 episode=170 return=24.0 length=24 loss=None cases=500
[nnknn-rl] step=3675 episode=180 return=12.0 length=12 loss=39.422386169433594 cases=497
[nnknn-rl] step=3875 episode=190 return=21.0 length=21 loss=None cases=500
[nnknn-rl][critic-holdout] step=4186 episodes=200 mse=17.5361 explained_variance=0.5718
[nnknn-rl] step=4186 episode=200 return=30.0 length=30 loss=50.44728469848633 cases=500
[nnknn-rl][eval] step=4186 mean_return=374.90 max_return=500.00
[nnknn-rl] step=4407 episode=210 return=15.0 length=15 loss=None cases=500
[nnknn-rl] step=4682 episode=220 return=16.0 length=16 loss=32.91795349121094 cases=500
[nnknn-rl] step=4933 episode=230 return=22.0 length=22 loss=None cases=500
[nnknn-rl] step=5177 episode=240 return=17.0 length=17 loss=37.6917839050293 cases=500
[nnknn-rl] step=5411 episode=250 return=12.0 length=12 loss=None cases=500
[nnknn-rl] step=5756 episode=260 return=49.0 length=49 loss=39.05572509765625 cases=500
[nnknn-rl] step=6092 episode=270 return=22.0 length=22 loss=None cases=500
[nnknn-rl] step=6349 episode=280 return=34.0 length=34 loss=13.137600898742676 cases=500
[nnknn-rl] step=6544 episode=290 return=30.0 length=30 loss=None cases=489
[nnknn-rl][critic-holdout] step=6757 episodes=300 mse=55.1437 explained_variance=0.1558
[nnknn-rl] step=6757 episode=300 return=32.0 length=32 loss=27.52353858947754 cases=500
[nnknn-rl][eval] step=6757 mean_return=336.60 max_return=432.00
[nnknn-rl] step=7126 episode=310 return=25.0 length=25 loss=None cases=500
[nnknn-rl] step=7550 episode=320 return=62.0 length=62 loss=60.13679122924805 cases=500
[nnknn-rl] step=7758 episode=330 return=12.0 length=12 loss=None cases=500
[nnknn-rl] step=8071 episode=340 return=19.0 length=19 loss=39.53749084472656 cases=500
[nnknn-rl] step=8269 episode=350 return=17.0 length=17 loss=None cases=500
[nnknn-rl] step=8573 episode=360 return=24.0 length=24 loss=11.670500755310059 cases=500
[nnknn-rl] step=8863 episode=370 return=50.0 length=50 loss=None cases=500
[nnknn-rl] step=9138 episode=380 return=33.0 length=33 loss=27.871068954467773 cases=500
[nnknn-rl] step=9366 episode=390 return=22.0 length=22 loss=None cases=500
[nnknn-rl][critic-holdout] step=9722 episodes=400 mse=27.2968 explained_variance=0.5642
[nnknn-rl] step=9722 episode=400 return=33.0 length=33 loss=68.13898468017578 cases=500
[nnknn-rl][eval] step=9722 mean_return=477.95 max_return=500.00
[nnknn-rl] step=9992 episode=410 return=22.0 length=22 loss=None cases=500
[nnknn-rl] step=10351 episode=420 return=11.0 length=11 loss=18.981428146362305 cases=500
[nnknn-rl] step=10866 episode=430 return=23.0 length=23 loss=None cases=500
[nnknn-rl] step=11196 episode=440 return=40.0 length=40 loss=46.951229095458984 cases=500
[nnknn-rl] step=11526 episode=450 return=29.0 length=29 loss=None cases=500
[nnknn-rl] step=11794 episode=460 return=25.0 length=25 loss=19.097116470336914 cases=500
[nnknn-rl] step=12100 episode=470 return=36.0 length=36 loss=None cases=500
[nnknn-rl] step=12385 episode=480 return=26.0 length=26 loss=60.50809097290039 cases=500
[nnknn-rl] step=12781 episode=490 return=11.0 length=11 loss=None cases=500
[nnknn-rl][critic-holdout] step=13156 episodes=500 mse=108.7646 explained_variance=0.3383
[nnknn-rl] step=13156 episode=500 return=26.0 length=26 loss=63.514251708984375 cases=462
[nnknn-rl][eval] step=13156 mean_return=500.00 max_return=500.00
[nnknn-rl][early-stop] step=13156 reason=target_score
[nnknn-rl] finished profile=fast mean_eval_return=500.00 passed=True run_dir=results/rl/nnknn_rl_cartpole_20260731_234506_920011
{
  "task": "cartpole",
  "env_id": "CartPole-v1",
  "profile": "fast",
  "seed": 1,
  "total_timesteps": 13156,
  "configured_total_timesteps": 150000,
  "actual_timesteps": 13156,
  "eval_episodes": 20,
  "success_threshold": 475.0,
  "passed": true,
  "algorithm": "nnknn_actor_critic_separate_memory_gae",
  "actor_type": "nnknn",
  "critic_type": "nnknn",
  "architecture": {
    "separate_case_bases": true,
    "shared_nnknn_representation": true,
    "critic_target_shared_case_store": true,
    "actor_case_insertion": "raw_positive_advantage_only"
  },
  "gae": {
    "gamma": 0.99,
    "gae_lambda": 0.95,
    "advantage_clip": 5.0
  },
  "exploration": {
    "mode": "epsilon_mixed_policy",
    "applies_to_actor": true,
    "initial_epsilon": 1.0,
    "final_epsilon": 0.05,
    "fraction": 0.5,
    "final_step_epsilon": 0.8333573333333333,
    "readiness": {
      "min_case_entries": 32,
      "min_cases_per_action": 8
    }
  },
  "final_eval": {
    "episodes": 20,
    "seed": 10000,
    "mean_return": 500.0,
    "std_return": 0.0,
    "min_return": 500.0,
    "max_return": 500.0,
    "mean_length": 500.0
  },
  "last_eval": {
    "episodes": 20,
    "seed": 10000,
    "mean_return": 500.0,
    "std_return": 0.0,
    "min_return": 500.0,
    "max_return": 500.0,
    "mean_length": 500.0
  },
  "selected_step": 13156,
  "selected_source": "final",
  "training_efficiency": {
    "best_model_step": 13156,
    "best_model_training_fraction": 1.0,
    "first_success_step": 9722,
    "first_success_training_fraction": 0.7389784128914564,
    "best_minus_last_return": 0.0,
    "budget_interpretation": "final_is_best_check_for_underfit"
  },
  "early_stopping": {
    "enabled": true,
    "patience": 30,
    "min_delta": 1.0,
    "min_steps": 25000,
    "target_score": 500.0,
    "best_mean_return": 500.0,
    "evaluations": 5,
    "evaluations_without_improvement": 0,
    "stopped_early": true,
    "stopping_reason": "target_score",
    "stopping_step": 13156
  },
  "case_entries": 462,
  "critic_case_entries": 500,
  "action_counts": [
    217,
    245
  ],
  "cases_pruned": 7436,
  "cases_replaced": 12203,
  "actor_cases_pruned": 3061,
  "actor_cases_replaced": 3925,
  "critic_cases_pruned": 4375,
  "critic_cases_replaced": 8278,
  "critic_label_updates": 3,
  "critic_label_update_samples": 3,
  "partial_rollout_segments": 0,
  "partial_rollout_samples": 0,
  "critic_target_enabled": true,
  "critic_target_value_mode": "ema",
  "critic_target_sync_interval": 4,
  "critic_target_ema_tau": 0.05,
  "critic_target_value_syncs": 32,
  "critic_holdout_evaluations": 5,
  "latest_critic_holdout": {
    "global_step": 13156,
    "completed_episodes": 500,
    "diagnostic_index": 5,
    "critic_holdout_mse": 108.76457977294922,
    "critic_holdout_explained_variance": 0.33833450078964233,
    "critic_holdout_value_mean": 15.059622764587402,
    "critic_holdout_target_mean": 18.573026657104492,
    "critic_holdout_samples": 168,
    "critic_holdout_episodes": 5,
    "critic_holdout_environment_steps": 168,
    "critic_holdout_mean_episode_return": 33.6,
    "critic_holdout_mean_episode_length": 33.6,
    "critic_holdout_behavior_epsilon": 0.8333573333333333,
    "critic_holdout_truncated_bootstraps": 0,
    "critic_holdout_target_method": "discounted_monte_carlo_with_truncation_bootstrap",
    "critic_holdout_bootstrap_source": "target_value_model",
    "critic_holdout_seed": 30020
  },
  "run_dir": "results/rl/nnknn_rl_cartpole_20260731_234506_920011"
}
Checkpoint: results/rl/nnknn_rl_cartpole_20260731_234506_920011/checkpoint.pt
