cases trainable: False
labels trainable: False
cases trainable: False
labels trainable: False
Enforcing normalize_over_cases = True for regression task.
[nnknn-rl] step=11 episode=1 return=11.0 length=11 loss=None cases=0
[nnknn-rl] step=31 episode=2 return=20.0 length=20 loss=None cases=0
[nnknn-rl] step=46 episode=3 return=15.0 length=15 loss=None cases=0
[nnknn-rl] step=60 episode=4 return=14.0 length=14 loss=48.542137145996094 cases=60
[nnknn-rl] step=83 episode=5 return=23.0 length=23 loss=None cases=60
[nnknn-rl] step=202 episode=10 return=29.0 length=29 loss=None cases=122
[nnknn-rl] step=387 episode=20 return=13.0 length=13 loss=29.442529678344727 cases=247
[nnknn-rl] step=594 episode=30 return=15.0 length=15 loss=None cases=311
[nnknn-rl] step=862 episode=40 return=14.0 length=14 loss=39.5087776184082 cases=477
[nnknn-rl] step=1069 episode=50 return=16.0 length=16 loss=None cases=456
[nnknn-rl] step=1328 episode=60 return=39.0 length=39 loss=34.45335006713867 cases=481
[nnknn-rl] step=1576 episode=70 return=71.0 length=71 loss=None cases=479
[nnknn-rl] step=1763 episode=80 return=14.0 length=14 loss=70.43850708007812 cases=491
[nnknn-rl] step=2050 episode=90 return=44.0 length=44 loss=None cases=500
[nnknn-rl][critic-holdout] step=2284 episodes=100 mse=334.0460 explained_variance=0.1624
[nnknn-rl] step=2284 episode=100 return=18.0 length=18 loss=29.418264389038086 cases=494
[nnknn-rl][eval] step=2284 mean_return=396.95 max_return=500.00
[nnknn-rl] step=2580 episode=110 return=16.0 length=16 loss=None cases=500
[nnknn-rl] step=2845 episode=120 return=69.0 length=69 loss=52.46296691894531 cases=500
[nnknn-rl] step=3098 episode=130 return=16.0 length=16 loss=None cases=500
[nnknn-rl] step=3293 episode=140 return=33.0 length=33 loss=32.3870735168457 cases=488
[nnknn-rl] step=3531 episode=150 return=15.0 length=15 loss=None cases=500
[nnknn-rl] step=3891 episode=160 return=13.0 length=13 loss=76.23657989501953 cases=500
[nnknn-rl] step=4080 episode=170 return=24.0 length=24 loss=None cases=495
[nnknn-rl] step=4316 episode=180 return=18.0 length=18 loss=31.177812576293945 cases=500
[nnknn-rl] step=4525 episode=190 return=31.0 length=31 loss=None cases=493
[nnknn-rl][critic-holdout] step=4792 episodes=200 mse=35.3869 explained_variance=0.4847
[nnknn-rl] step=4792 episode=200 return=9.0 length=9 loss=80.86722564697266 cases=500
[nnknn-rl][eval] step=4792 mean_return=409.15 max_return=500.00
[nnknn-rl] step=5026 episode=210 return=17.0 length=17 loss=None cases=500
[nnknn-rl] step=5321 episode=220 return=57.0 length=57 loss=43.905677795410156 cases=500
[nnknn-rl] step=5619 episode=230 return=15.0 length=15 loss=None cases=500
[nnknn-rl] step=5823 episode=240 return=27.0 length=27 loss=16.474090576171875 cases=500
[nnknn-rl] step=6037 episode=250 return=16.0 length=16 loss=None cases=500
[nnknn-rl] step=6371 episode=260 return=12.0 length=12 loss=30.894895553588867 cases=500
[nnknn-rl] step=6717 episode=270 return=39.0 length=39 loss=None cases=500
[nnknn-rl] step=6938 episode=280 return=9.0 length=9 loss=34.32212448120117 cases=500
[nnknn-rl] step=7199 episode=290 return=19.0 length=19 loss=None cases=498
[nnknn-rl][critic-holdout] step=7420 episodes=300 mse=48.7750 explained_variance=0.2282
[nnknn-rl] step=7420 episode=300 return=9.0 length=9 loss=46.57637405395508 cases=500
[nnknn-rl][eval] step=7420 mean_return=447.45 max_return=500.00
[nnknn-rl] step=7665 episode=310 return=60.0 length=60 loss=None cases=500
[nnknn-rl] step=7928 episode=320 return=14.0 length=14 loss=13.032087326049805 cases=500
[nnknn-rl] step=8175 episode=330 return=33.0 length=33 loss=None cases=500
[nnknn-rl] step=8469 episode=340 return=27.0 length=27 loss=108.3403549194336 cases=500
[nnknn-rl] step=8786 episode=350 return=36.0 length=36 loss=None cases=500
[nnknn-rl] step=9024 episode=360 return=27.0 length=27 loss=20.531068801879883 cases=500
[nnknn-rl] step=9337 episode=370 return=32.0 length=32 loss=None cases=500
[nnknn-rl] step=9715 episode=380 return=17.0 length=17 loss=28.488937377929688 cases=500
[nnknn-rl] step=9969 episode=390 return=14.0 length=14 loss=None cases=500
[nnknn-rl][critic-holdout] step=10293 episodes=400 mse=321.5245 explained_variance=0.1142
[nnknn-rl] step=10293 episode=400 return=14.0 length=14 loss=69.41346740722656 cases=500
[nnknn-rl][eval] step=10293 mean_return=418.50 max_return=500.00
[nnknn-rl] step=10655 episode=410 return=48.0 length=48 loss=None cases=500
[nnknn-rl] step=10948 episode=420 return=78.0 length=78 loss=62.26567840576172 cases=500
[nnknn-rl] step=11212 episode=430 return=15.0 length=15 loss=None cases=500
[nnknn-rl] step=11530 episode=440 return=41.0 length=41 loss=27.663267135620117 cases=500
[nnknn-rl] step=11922 episode=450 return=54.0 length=54 loss=None cases=500
[nnknn-rl] step=12197 episode=460 return=28.0 length=28 loss=16.051225662231445 cases=500
[nnknn-rl] step=12453 episode=470 return=20.0 length=20 loss=None cases=500
[nnknn-rl] step=12804 episode=480 return=58.0 length=58 loss=56.988529205322266 cases=500
[nnknn-rl] step=13202 episode=490 return=26.0 length=26 loss=None cases=500
[nnknn-rl][critic-holdout] step=13545 episodes=500 mse=101.6147 explained_variance=0.3845
[nnknn-rl] step=13545 episode=500 return=52.0 length=52 loss=69.4176254272461 cases=500
[nnknn-rl][eval] step=13545 mean_return=320.40 max_return=500.00
[nnknn-rl] step=13817 episode=510 return=18.0 length=18 loss=None cases=500
[nnknn-rl] step=14260 episode=520 return=26.0 length=26 loss=62.98868942260742 cases=500
[nnknn-rl] step=14642 episode=530 return=20.0 length=20 loss=None cases=500
[nnknn-rl] step=14994 episode=540 return=33.0 length=33 loss=35.39791488647461 cases=500
[nnknn-rl] step=15259 episode=550 return=13.0 length=13 loss=None cases=500
[nnknn-rl] step=15629 episode=560 return=38.0 length=38 loss=40.403255462646484 cases=500
[nnknn-rl] step=15939 episode=570 return=9.0 length=9 loss=None cases=481
[nnknn-rl] step=16362 episode=580 return=15.0 length=15 loss=97.05784606933594 cases=500
[nnknn-rl] step=16940 episode=590 return=59.0 length=59 loss=None cases=500
[nnknn-rl][critic-holdout] step=17294 episodes=600 mse=71.4178 explained_variance=0.2688
[nnknn-rl] step=17294 episode=600 return=42.0 length=42 loss=36.3734130859375 cases=500
[nnknn-rl][eval] step=17294 mean_return=400.25 max_return=500.00
[nnknn-rl] step=17610 episode=610 return=10.0 length=10 loss=None cases=500
[nnknn-rl] step=18006 episode=620 return=37.0 length=37 loss=57.30129623413086 cases=500
[nnknn-rl] step=18401 episode=630 return=127.0 length=127 loss=None cases=500
[nnknn-rl] step=18688 episode=640 return=46.0 length=46 loss=55.2873420715332 cases=500
[nnknn-rl] step=19165 episode=650 return=27.0 length=27 loss=None cases=500
[nnknn-rl] step=19536 episode=660 return=15.0 length=15 loss=64.18498992919922 cases=500
[nnknn-rl] step=19955 episode=670 return=50.0 length=50 loss=None cases=500
[nnknn-rl] step=20268 episode=680 return=75.0 length=75 loss=61.86690902709961 cases=500
[nnknn-rl] step=20740 episode=690 return=24.0 length=24 loss=None cases=500
[nnknn-rl][critic-holdout] step=21049 episodes=700 mse=490.1425 explained_variance=0.2269
[nnknn-rl] step=21049 episode=700 return=28.0 length=28 loss=29.28723907470703 cases=500
[nnknn-rl][eval] step=21049 mean_return=382.50 max_return=500.00
[nnknn-rl] step=21444 episode=710 return=40.0 length=40 loss=None cases=497
[nnknn-rl] step=22025 episode=720 return=39.0 length=39 loss=69.23066711425781 cases=500
[nnknn-rl] step=22542 episode=730 return=48.0 length=48 loss=None cases=488
[nnknn-rl] step=22984 episode=740 return=59.0 length=59 loss=53.56390380859375 cases=500
[nnknn-rl] step=23531 episode=750 return=23.0 length=23 loss=None cases=500
[nnknn-rl] step=23894 episode=760 return=22.0 length=22 loss=48.3800048828125 cases=500
[nnknn-rl] step=24496 episode=770 return=36.0 length=36 loss=None cases=500
[nnknn-rl] step=24967 episode=780 return=11.0 length=11 loss=67.5212173461914 cases=500
[nnknn-rl] step=25498 episode=790 return=38.0 length=38 loss=None cases=500
[nnknn-rl][critic-holdout] step=25900 episodes=800 mse=459.2130 explained_variance=0.2447
[nnknn-rl] step=25900 episode=800 return=31.0 length=31 loss=43.535526275634766 cases=500
[nnknn-rl][eval] step=25900 mean_return=370.35 max_return=500.00
[nnknn-rl] step=26545 episode=810 return=136.0 length=136 loss=None cases=500
[nnknn-rl] step=27133 episode=820 return=46.0 length=46 loss=68.41635131835938 cases=500
[nnknn-rl] step=27886 episode=830 return=99.0 length=99 loss=None cases=500
[nnknn-rl] step=28366 episode=840 return=44.0 length=44 loss=66.48094940185547 cases=500
[nnknn-rl] step=28927 episode=850 return=15.0 length=15 loss=None cases=500
[nnknn-rl] step=29732 episode=860 return=177.0 length=177 loss=96.84855651855469 cases=490
[nnknn-rl] step=30276 episode=870 return=34.0 length=34 loss=None cases=466
[nnknn-rl] step=31151 episode=880 return=12.0 length=12 loss=85.08523559570312 cases=500
[nnknn-rl] step=31730 episode=890 return=112.0 length=112 loss=None cases=492
[nnknn-rl][critic-holdout] step=32669 episodes=900 mse=796.2762 explained_variance=0.1332
[nnknn-rl] step=32669 episode=900 return=52.0 length=52 loss=98.74213409423828 cases=500
[nnknn-rl][eval] step=32669 mean_return=408.50 max_return=500.00
[nnknn-rl] step=33385 episode=910 return=32.0 length=32 loss=None cases=457
[nnknn-rl] step=34172 episode=920 return=157.0 length=157 loss=98.49418640136719 cases=500
[nnknn-rl] step=34723 episode=930 return=23.0 length=23 loss=None cases=495
[nnknn-rl] step=35408 episode=940 return=27.0 length=27 loss=72.83850860595703 cases=500
[nnknn-rl] step=36355 episode=950 return=41.0 length=41 loss=None cases=500
[nnknn-rl] step=37464 episode=960 return=271.0 length=271 loss=118.44342041015625 cases=500
[nnknn-rl] step=37915 episode=970 return=36.0 length=36 loss=None cases=500
[nnknn-rl] step=39261 episode=980 return=31.0 length=31 loss=108.5196762084961 cases=455
[nnknn-rl] step=40028 episode=990 return=104.0 length=104 loss=None cases=500
[nnknn-rl][critic-holdout] step=41058 episodes=1000 mse=257.6070 explained_variance=0.1662
[nnknn-rl] step=41058 episode=1000 return=28.0 length=28 loss=102.99695587158203 cases=500
[nnknn-rl][eval] step=41058 mean_return=335.45 max_return=500.00
[nnknn-rl] step=42241 episode=1010 return=268.0 length=268 loss=None cases=483
[nnknn-rl] step=43210 episode=1020 return=65.0 length=65 loss=98.09992980957031 cases=500
[nnknn-rl] step=44311 episode=1030 return=53.0 length=53 loss=None cases=500
[nnknn-rl] step=45695 episode=1040 return=272.0 length=272 loss=93.14445495605469 cases=500
[nnknn-rl] step=47085 episode=1050 return=100.0 length=100 loss=None cases=500
[nnknn-rl] step=48585 episode=1060 return=145.0 length=145 loss=74.21609497070312 cases=500
[nnknn-rl] step=50132 episode=1070 return=243.0 length=243 loss=None cases=500
[nnknn-rl] step=51695 episode=1080 return=114.0 length=114 loss=89.04440307617188 cases=500
[nnknn-rl] step=53348 episode=1090 return=316.0 length=316 loss=None cases=498
[nnknn-rl][critic-holdout] step=55828 episodes=1100 mse=1851.6978 explained_variance=0.2337
[nnknn-rl] step=55828 episode=1100 return=377.0 length=377 loss=84.24102783203125 cases=500
[nnknn-rl][eval] step=55828 mean_return=481.60 max_return=500.00
[nnknn-rl] step=59092 episode=1110 return=490.0 length=490 loss=None cases=500
[nnknn-rl] step=60740 episode=1120 return=186.0 length=186 loss=63.01856994628906 cases=500
[nnknn-rl] step=63449 episode=1130 return=256.0 length=256 loss=None cases=500
[nnknn-rl] step=65781 episode=1140 return=500.0 length=500 loss=53.65034103393555 cases=500
[nnknn-rl] step=68392 episode=1150 return=200.0 length=200 loss=None cases=500
[nnknn-rl] step=71573 episode=1160 return=500.0 length=500 loss=52.76832580566406 cases=500
[nnknn-rl] step=75075 episode=1170 return=500.0 length=500 loss=None cases=500
[nnknn-rl] step=79192 episode=1180 return=460.0 length=460 loss=47.823333740234375 cases=500
[nnknn-rl] step=82753 episode=1190 return=500.0 length=500 loss=None cases=500
[nnknn-rl][critic-holdout] step=86106 episodes=1200 mse=1274.3639 explained_variance=0.4947
[nnknn-rl] step=86106 episode=1200 return=340.0 length=340 loss=47.256656646728516 cases=470
[nnknn-rl][eval] step=86106 mean_return=454.35 max_return=500.00
[nnknn-rl] step=89171 episode=1210 return=500.0 length=500 loss=None cases=500
[nnknn-rl] step=92299 episode=1220 return=341.0 length=341 loss=64.86195373535156 cases=500
[nnknn-rl] step=95192 episode=1230 return=213.0 length=213 loss=None cases=500
[nnknn-rl] step=97882 episode=1240 return=222.0 length=222 loss=72.99197387695312 cases=500
[nnknn-rl] step=100889 episode=1250 return=279.0 length=279 loss=None cases=473
[nnknn-rl] step=103954 episode=1260 return=199.0 length=199 loss=43.648597717285156 cases=463
[nnknn-rl] step=106375 episode=1270 return=251.0 length=251 loss=None cases=500
[nnknn-rl] step=108671 episode=1280 return=142.0 length=142 loss=28.88242530822754 cases=500
[nnknn-rl] step=111152 episode=1290 return=226.0 length=226 loss=None cases=500
[nnknn-rl][critic-holdout] step=114344 episodes=1300 mse=1147.8151 explained_variance=0.5694
[nnknn-rl] step=114344 episode=1300 return=183.0 length=183 loss=38.137393951416016 cases=500
[nnknn-rl][eval] step=114344 mean_return=489.90 max_return=500.00
[nnknn-rl] step=117834 episode=1310 return=388.0 length=388 loss=None cases=500
[nnknn-rl] step=120847 episode=1320 return=434.0 length=434 loss=68.99855041503906 cases=500
[nnknn-rl] step=124291 episode=1330 return=194.0 length=194 loss=None cases=459
[nnknn-rl] step=127605 episode=1340 return=259.0 length=259 loss=48.03055953979492 cases=500
[nnknn-rl] step=130485 episode=1350 return=160.0 length=160 loss=None cases=500
[nnknn-rl] step=133417 episode=1360 return=341.0 length=341 loss=49.03435134887695 cases=500
[nnknn-rl] step=137251 episode=1370 return=431.0 length=431 loss=None cases=500
[nnknn-rl] step=140646 episode=1380 return=306.0 length=306 loss=44.426902770996094 cases=500
[nnknn-rl] step=144900 episode=1390 return=500.0 length=500 loss=None cases=500
[nnknn-rl][critic-holdout] step=148221 episodes=1400 mse=497.5700 explained_variance=0.4458
[nnknn-rl] step=148221 episode=1400 return=222.0 length=222 loss=29.33695411682129 cases=475
[nnknn-rl][eval] step=148221 mean_return=475.05 max_return=500.00
[nnknn-rl] finished profile=fast mean_eval_return=489.90 passed=True run_dir=results/rl/nnknn_rl_cartpole_20260731_234506_952291
{
  "task": "cartpole",
  "env_id": "CartPole-v1",
  "profile": "fast",
  "seed": 4,
  "total_timesteps": 150000,
  "configured_total_timesteps": 150000,
  "actual_timesteps": 150000,
  "eval_episodes": 20,
  "success_threshold": 475.0,
  "passed": true,
  "algorithm": "nnknn_actor_critic_separate_memory_gae",
  "actor_type": "nnknn",
  "critic_type": "nnknn",
  "architecture": {
    "separate_case_bases": true,
    "shared_nnknn_representation": true,
    "critic_target_shared_case_store": true,
    "actor_case_insertion": "raw_positive_advantage_only"
  },
  "gae": {
    "gamma": 0.99,
    "gae_lambda": 0.95,
    "advantage_clip": 5.0
  },
  "exploration": {
    "mode": "epsilon_mixed_policy",
    "applies_to_actor": true,
    "initial_epsilon": 1.0,
    "final_epsilon": 0.05,
    "fraction": 0.5,
    "final_step_epsilon": 0.05,
    "readiness": {
      "min_case_entries": 32,
      "min_cases_per_action": 8
    }
  },
  "final_eval": {
    "episodes": 20,
    "seed": 10000,
    "mean_return": 489.8999938964844,
    "std_return": 30.889963150024414,
    "min_return": 360.0,
    "max_return": 500.0,
    "mean_length": 489.8999938964844
  },
  "last_eval": {
    "episodes": 20,
    "seed": 10000,
    "mean_return": 385.20001220703125,
    "std_return": 98.8724365234375,
    "min_return": 238.0,
    "max_return": 500.0,
    "mean_length": 385.20001220703125
  },
  "selected_step": 114344,
  "selected_source": "best_eval",
  "training_efficiency": {
    "best_model_step": 114344,
    "best_model_training_fraction": 0.7622933333333334,
    "first_success_step": 55828,
    "first_success_training_fraction": 0.37218666666666667,
    "best_minus_last_return": 104.69998168945312,
    "budget_interpretation": "regressed_after_best"
  },
  "early_stopping": {
    "enabled": true,
    "patience": 30,
    "min_delta": 1.0,
    "min_steps": 25000,
    "target_score": 500.0,
    "best_mean_return": 489.8999938964844,
    "evaluations": 14,
    "evaluations_without_improvement": 1,
    "stopped_early": false,
    "stopping_reason": "budget_exhausted",
    "stopping_step": 150000
  },
  "case_entries": 500,
  "critic_case_entries": 500,
  "action_counts": [
    258,
    242
  ],
  "cases_pruned": 47473,
  "cases_replaced": 210952,
  "actor_cases_pruned": 29760,
  "actor_cases_replaced": 94329,
  "critic_cases_pruned": 17713,
  "critic_cases_replaced": 116623,
  "critic_label_updates": 1509,
  "critic_label_update_samples": 15164,
  "partial_rollout_segments": 1,
  "partial_rollout_samples": 119,
  "critic_target_enabled": true,
  "critic_target_value_mode": "ema",
  "critic_target_sync_interval": 4,
  "critic_target_ema_tau": 0.05,
  "critic_target_value_syncs": 89,
  "critic_holdout_evaluations": 14,
  "latest_critic_holdout": {
    "global_step": 148221,
    "completed_episodes": 1400,
    "diagnostic_index": 14,
    "critic_holdout_mse": 497.57000732421875,
    "critic_holdout_explained_variance": 0.44584184885025024,
    "critic_holdout_value_mean": 48.24336624145508,
    "critic_holdout_target_mean": 60.30292892456055,
    "critic_holdout_samples": 1092,
    "critic_holdout_episodes": 5,
    "critic_holdout_environment_steps": 1092,
    "critic_holdout_mean_episode_return": 218.4,
    "critic_holdout_mean_episode_length": 218.4,
    "critic_holdout_behavior_epsilon": 0.05,
    "critic_holdout_truncated_bootstraps": 0,
    "critic_holdout_target_method": "discounted_monte_carlo_with_truncation_bootstrap",
    "critic_holdout_bootstrap_source": "target_value_model",
    "critic_holdout_seed": 30065
  },
  "run_dir": "results/rl/nnknn_rl_cartpole_20260731_234506_952291"
}
Checkpoint: results/rl/nnknn_rl_cartpole_20260731_234506_952291/checkpoint.pt
