[dqn] step=11 episode=1 return=11.0 length=11 epsilon=1.000 loss=None
[dqn] step=31 episode=2 return=20.0 length=20 epsilon=1.000 loss=None
[dqn] step=46 episode=3 return=15.0 length=15 epsilon=0.999 loss=None
[dqn] step=60 episode=4 return=14.0 length=14 epsilon=0.999 loss=None
[dqn] step=72 episode=5 return=12.0 length=12 epsilon=0.999 loss=None
[dqn] step=171 episode=10 return=16.0 length=16 epsilon=0.998 loss=None
[dqn] step=383 episode=20 return=25.0 length=25 epsilon=0.995 loss=None
[dqn] step=571 episode=30 return=19.0 length=19 epsilon=0.993 loss=None
[dqn] step=800 episode=40 return=43.0 length=43 epsilon=0.990 loss=None
[dqn] step=998 episode=50 return=19.0 length=19 epsilon=0.987 loss=None
[dqn] step=1199 episode=60 return=22.0 length=22 epsilon=0.985 loss=0.0009780572727322578
[dqn] step=1354 episode=70 return=13.0 length=13 epsilon=0.983 loss=0.03104403242468834
[dqn] step=1500 episode=80 return=13.0 length=13 epsilon=0.981 loss=0.02404722571372986
[dqn] step=1710 episode=90 return=10.0 length=10 epsilon=0.978 loss=0.05017823725938797
[dqn] step=1952 episode=100 return=17.0 length=17 epsilon=0.975 loss=0.04376325011253357
[dqn] step=2111 episode=110 return=12.0 length=12 epsilon=0.973 loss=0.039294593036174774
[dqn] step=2296 episode=120 return=17.0 length=17 epsilon=0.971 loss=0.05280466377735138
[dqn] step=2544 episode=130 return=21.0 length=21 epsilon=0.968 loss=0.06507797539234161
[dqn] step=2777 episode=140 return=19.0 length=19 epsilon=0.965 loss=0.060234904289245605
[dqn] step=3007 episode=150 return=17.0 length=17 epsilon=0.962 loss=0.2307865023612976
[dqn] step=3232 episode=160 return=14.0 length=14 epsilon=0.959 loss=0.06130678951740265
[dqn] step=3435 episode=170 return=33.0 length=33 epsilon=0.957 loss=0.14380677044391632
[dqn] step=3636 episode=180 return=11.0 length=11 epsilon=0.954 loss=0.033621661365032196
[dqn] step=3828 episode=190 return=37.0 length=37 epsilon=0.952 loss=0.13674980401992798
[dqn] step=4247 episode=200 return=15.0 length=15 epsilon=0.946 loss=0.03222687542438507
[dqn] step=4462 episode=210 return=15.0 length=15 epsilon=0.943 loss=0.11348883807659149
[dqn] step=4725 episode=220 return=30.0 length=30 epsilon=0.940 loss=0.12374280393123627
[dqn] step=4937 episode=230 return=23.0 length=23 epsilon=0.937 loss=0.1793765127658844
[dqn][eval] step=5000 mean_return=271.20 max_return=500.00
[dqn] step=5117 episode=240 return=16.0 length=16 epsilon=0.935 loss=0.2107486128807068
[dqn] step=5281 episode=250 return=10.0 length=10 epsilon=0.933 loss=0.14609810709953308
[dqn] step=5472 episode=260 return=13.0 length=13 epsilon=0.931 loss=0.10801238566637039
[dqn] step=5774 episode=270 return=50.0 length=50 epsilon=0.927 loss=0.0849747285246849
[dqn] step=5970 episode=280 return=14.0 length=14 epsilon=0.924 loss=0.2527713179588318
[dqn] step=6174 episode=290 return=15.0 length=15 epsilon=0.922 loss=0.28614556789398193
[dqn] step=6402 episode=300 return=49.0 length=49 epsilon=0.919 loss=0.07983668148517609
[dqn] step=6632 episode=310 return=21.0 length=21 epsilon=0.916 loss=0.38533300161361694
[dqn] step=6859 episode=320 return=21.0 length=21 epsilon=0.913 loss=0.18315988779067993
[dqn] step=7071 episode=330 return=33.0 length=33 epsilon=0.910 loss=0.3180792033672333
[dqn] step=7333 episode=340 return=31.0 length=31 epsilon=0.907 loss=0.3358105421066284
[dqn] step=7527 episode=350 return=26.0 length=26 epsilon=0.905 loss=0.2352464199066162
[dqn] step=7807 episode=360 return=19.0 length=19 epsilon=0.901 loss=0.3238830864429474
[dqn] step=8036 episode=370 return=32.0 length=32 epsilon=0.898 loss=0.21365149319171906
[dqn] step=8242 episode=380 return=22.0 length=22 epsilon=0.896 loss=0.16431006789207458
[dqn] step=8539 episode=390 return=12.0 length=12 epsilon=0.892 loss=0.13911132514476776
[dqn] step=8762 episode=400 return=14.0 length=14 epsilon=0.889 loss=0.5475049018859863
[dqn] step=9044 episode=410 return=42.0 length=42 epsilon=0.885 loss=0.1551860123872757
[dqn] step=9281 episode=420 return=33.0 length=33 epsilon=0.882 loss=0.2573389708995819
[dqn] step=9507 episode=430 return=39.0 length=39 epsilon=0.880 loss=0.28252723813056946
[dqn] step=9782 episode=440 return=19.0 length=19 epsilon=0.876 loss=0.2705191969871521
[dqn][eval] step=10000 mean_return=487.40 max_return=500.00
[dqn] step=10018 episode=450 return=35.0 length=35 epsilon=0.873 loss=0.06738317012786865
[dqn] step=10295 episode=460 return=29.0 length=29 epsilon=0.870 loss=0.030694082379341125
[dqn] step=10591 episode=470 return=40.0 length=40 epsilon=0.866 loss=0.2748280167579651
[dqn] step=10847 episode=480 return=24.0 length=24 epsilon=0.863 loss=0.32734447717666626
[dqn] step=11146 episode=490 return=11.0 length=11 epsilon=0.859 loss=0.07769372314214706
[dqn] step=11433 episode=500 return=57.0 length=57 epsilon=0.855 loss=0.25430402159690857
[dqn] step=11699 episode=510 return=28.0 length=28 epsilon=0.852 loss=0.3450350761413574
[dqn] step=12131 episode=520 return=47.0 length=47 epsilon=0.846 loss=0.09149613976478577
[dqn] step=12429 episode=530 return=8.0 length=8 epsilon=0.843 loss=0.5451568961143494
[dqn] step=12675 episode=540 return=48.0 length=48 epsilon=0.839 loss=0.349059134721756
[dqn] step=12923 episode=550 return=29.0 length=29 epsilon=0.836 loss=0.1807284951210022
[dqn] step=13159 episode=560 return=18.0 length=18 epsilon=0.833 loss=0.5274311900138855
[dqn] step=13385 episode=570 return=16.0 length=16 epsilon=0.830 loss=0.19439488649368286
[dqn] step=13650 episode=580 return=12.0 length=12 epsilon=0.827 loss=0.761215090751648
[dqn] step=13922 episode=590 return=17.0 length=17 epsilon=0.824 loss=0.9580501914024353
[dqn] step=14095 episode=600 return=38.0 length=38 epsilon=0.821 loss=0.060118548572063446
[dqn] step=14275 episode=610 return=16.0 length=16 epsilon=0.819 loss=0.1533413529396057
[dqn] step=14502 episode=620 return=37.0 length=37 epsilon=0.816 loss=0.6586447954177856
[dqn] step=14721 episode=630 return=15.0 length=15 epsilon=0.814 loss=0.21718856692314148
[dqn] step=14950 episode=640 return=19.0 length=19 epsilon=0.811 loss=0.16435027122497559
[dqn][eval] step=15000 mean_return=120.00 max_return=127.00
[dqn] step=15170 episode=650 return=20.0 length=20 epsilon=0.808 loss=0.11270470172166824
[dqn] step=15398 episode=660 return=16.0 length=16 epsilon=0.805 loss=0.12700864672660828
[dqn] step=15625 episode=670 return=13.0 length=13 epsilon=0.802 loss=0.3112790584564209
[dqn] step=15829 episode=680 return=9.0 length=9 epsilon=0.800 loss=0.17541846632957458
[dqn] step=16013 episode=690 return=16.0 length=16 epsilon=0.797 loss=1.2899819612503052
[dqn] step=16215 episode=700 return=18.0 length=18 epsilon=0.795 loss=0.9251370429992676
[dqn] step=16515 episode=710 return=22.0 length=22 epsilon=0.791 loss=1.5772895812988281
[dqn] step=16727 episode=720 return=44.0 length=44 epsilon=0.788 loss=1.0054782629013062
[dqn] step=16918 episode=730 return=24.0 length=24 epsilon=0.786 loss=0.06310205161571503
[dqn] step=17144 episode=740 return=14.0 length=14 epsilon=0.783 loss=0.547296941280365
[dqn] step=17368 episode=750 return=23.0 length=23 epsilon=0.780 loss=0.2881087064743042
[dqn] step=17564 episode=760 return=15.0 length=15 epsilon=0.778 loss=0.44502851366996765
[dqn] step=17755 episode=770 return=31.0 length=31 epsilon=0.775 loss=0.13155198097229004
[dqn] step=17938 episode=780 return=19.0 length=19 epsilon=0.773 loss=0.07348240911960602
[dqn] step=18173 episode=790 return=24.0 length=24 epsilon=0.770 loss=0.06792427599430084
[dqn] step=18395 episode=800 return=19.0 length=19 epsilon=0.767 loss=0.48323187232017517
[dqn] step=18606 episode=810 return=16.0 length=16 epsilon=0.764 loss=0.3381001651287079
[dqn] step=18846 episode=820 return=25.0 length=25 epsilon=0.761 loss=0.44543755054473877
[dqn] step=19010 episode=830 return=9.0 length=9 epsilon=0.759 loss=1.3710734844207764
[dqn] step=19221 episode=840 return=9.0 length=9 epsilon=0.757 loss=1.0998234748840332
[dqn] step=19463 episode=850 return=31.0 length=31 epsilon=0.753 loss=0.5008442997932434
[dqn] step=19612 episode=860 return=13.0 length=13 epsilon=0.752 loss=0.9120637774467468
[dqn] step=19795 episode=870 return=21.0 length=21 epsilon=0.749 loss=0.15355412662029266
[dqn] step=19936 episode=880 return=12.0 length=12 epsilon=0.747 loss=1.0651496648788452
[dqn][eval] step=20000 mean_return=98.00 max_return=104.00
[dqn] step=20108 episode=890 return=14.0 length=14 epsilon=0.745 loss=0.8186432123184204
[dqn] step=20289 episode=900 return=12.0 length=12 epsilon=0.743 loss=0.5503603219985962
[dqn] step=20466 episode=910 return=16.0 length=16 epsilon=0.741 loss=0.23766207695007324
[dqn] step=20644 episode=920 return=17.0 length=17 epsilon=0.739 loss=0.5819660425186157
[dqn] step=20821 episode=930 return=17.0 length=17 epsilon=0.736 loss=0.6018304824829102
[dqn] step=20991 episode=940 return=12.0 length=12 epsilon=0.734 loss=0.2130809724330902
[dqn] step=21265 episode=950 return=15.0 length=15 epsilon=0.731 loss=1.6865959167480469
[dqn] step=21504 episode=960 return=11.0 length=11 epsilon=0.728 loss=1.6670231819152832
[dqn] step=21656 episode=970 return=12.0 length=12 epsilon=0.726 loss=0.16893349587917328
[dqn] step=21823 episode=980 return=19.0 length=19 epsilon=0.724 loss=0.2173565775156021
[dqn] step=21971 episode=990 return=16.0 length=16 epsilon=0.722 loss=0.9773592948913574
[dqn] step=22375 episode=1000 return=105.0 length=105 epsilon=0.717 loss=1.0959365367889404
[dqn] step=22710 episode=1010 return=23.0 length=23 epsilon=0.712 loss=1.2622309923171997
[dqn] step=22883 episode=1020 return=14.0 length=14 epsilon=0.710 loss=2.390048027038574
[dqn] step=23093 episode=1030 return=58.0 length=58 epsilon=0.708 loss=0.9275790452957153
[dqn] step=23278 episode=1040 return=17.0 length=17 epsilon=0.705 loss=2.3549509048461914
[dqn] step=23475 episode=1050 return=20.0 length=20 epsilon=0.703 loss=0.7950746417045593
[dqn] step=23780 episode=1060 return=44.0 length=44 epsilon=0.699 loss=1.3618980646133423
[dqn] step=23962 episode=1070 return=13.0 length=13 epsilon=0.696 loss=0.9520330429077148
[dqn] step=24182 episode=1080 return=10.0 length=10 epsilon=0.694 loss=0.21562011539936066
[dqn] step=24371 episode=1090 return=12.0 length=12 epsilon=0.691 loss=0.7778118848800659
[dqn] step=24675 episode=1100 return=13.0 length=13 epsilon=0.687 loss=0.27360594272613525
[dqn] step=24983 episode=1110 return=17.0 length=17 epsilon=0.684 loss=1.7290596961975098
[dqn][eval] step=25000 mean_return=126.90 max_return=134.00
[dqn] step=25262 episode=1120 return=27.0 length=27 epsilon=0.680 loss=0.9675276279449463
[dqn] step=25502 episode=1130 return=14.0 length=14 epsilon=0.677 loss=0.8291229605674744
[dqn] step=25701 episode=1140 return=13.0 length=13 epsilon=0.674 loss=1.3594409227371216
[dqn] step=26101 episode=1150 return=25.0 length=25 epsilon=0.669 loss=0.23933376371860504
[dqn] step=26373 episode=1160 return=17.0 length=17 epsilon=0.666 loss=2.1698222160339355
[dqn] step=26681 episode=1170 return=84.0 length=84 epsilon=0.662 loss=2.2948877811431885
[dqn] step=26963 episode=1180 return=23.0 length=23 epsilon=0.658 loss=1.0722250938415527
[dqn] step=27311 episode=1190 return=170.0 length=170 epsilon=0.654 loss=0.2746409773826599
[dqn] step=27562 episode=1200 return=17.0 length=17 epsilon=0.651 loss=0.5536548495292664
[dqn] step=27804 episode=1210 return=10.0 length=10 epsilon=0.648 loss=1.0083048343658447
[dqn] step=28180 episode=1220 return=25.0 length=25 epsilon=0.643 loss=0.4998246431350708
[dqn] step=28412 episode=1230 return=15.0 length=15 epsilon=0.640 loss=0.45457178354263306
[dqn] step=28558 episode=1240 return=24.0 length=24 epsilon=0.638 loss=0.7297710180282593
[dqn] step=28794 episode=1250 return=15.0 length=15 epsilon=0.635 loss=0.6324675679206848
[dqn] step=29017 episode=1260 return=15.0 length=15 epsilon=0.632 loss=2.0054707527160645
[dqn] step=29178 episode=1270 return=13.0 length=13 epsilon=0.630 loss=2.507779836654663
[dqn] step=29340 episode=1280 return=10.0 length=10 epsilon=0.628 loss=0.35803651809692383
[dqn] step=29492 episode=1290 return=13.0 length=13 epsilon=0.626 loss=1.4381322860717773
[dqn] step=29777 episode=1300 return=11.0 length=11 epsilon=0.623 loss=0.21246491372585297
[dqn] step=29978 episode=1310 return=12.0 length=12 epsilon=0.620 loss=0.46396762132644653
[dqn][eval] step=30000 mean_return=131.95 max_return=240.00
[dqn] step=30135 episode=1320 return=12.0 length=12 epsilon=0.618 loss=0.23307150602340698
[dqn] step=30273 episode=1330 return=13.0 length=13 epsilon=0.617 loss=3.638148307800293
[dqn] step=30539 episode=1340 return=9.0 length=9 epsilon=0.613 loss=0.5450369715690613
[dqn] step=30766 episode=1350 return=39.0 length=39 epsilon=0.610 loss=0.49641191959381104
[dqn] step=31010 episode=1360 return=11.0 length=11 epsilon=0.607 loss=0.47834792733192444
[dqn] step=31294 episode=1370 return=15.0 length=15 epsilon=0.604 loss=0.7834046483039856
[dqn] step=31428 episode=1380 return=12.0 length=12 epsilon=0.602 loss=1.9639761447906494
[dqn] step=31572 episode=1390 return=10.0 length=10 epsilon=0.600 loss=0.7186671495437622
[dqn] step=31942 episode=1400 return=71.0 length=71 epsilon=0.595 loss=0.3979710638523102
[dqn] step=32153 episode=1410 return=22.0 length=22 epsilon=0.593 loss=1.1435115337371826
[dqn] step=32431 episode=1420 return=11.0 length=11 epsilon=0.589 loss=2.976968288421631
[dqn] step=32721 episode=1430 return=65.0 length=65 epsilon=0.586 loss=1.520307183265686
[dqn] step=32876 episode=1440 return=15.0 length=15 epsilon=0.584 loss=0.8996689915657043
[dqn] step=33086 episode=1450 return=13.0 length=13 epsilon=0.581 loss=1.3331842422485352
[dqn] step=33374 episode=1460 return=16.0 length=16 epsilon=0.577 loss=1.8018417358398438
[dqn] step=33581 episode=1470 return=25.0 length=25 epsilon=0.575 loss=1.8473252058029175
[dqn] step=33727 episode=1480 return=14.0 length=14 epsilon=0.573 loss=1.5107641220092773
[dqn] step=33873 episode=1490 return=10.0 length=10 epsilon=0.571 loss=0.2972675859928131
[dqn] step=34078 episode=1500 return=13.0 length=13 epsilon=0.568 loss=1.940094232559204
[dqn] step=34304 episode=1510 return=67.0 length=67 epsilon=0.565 loss=1.2587876319885254
[dqn] step=34602 episode=1520 return=15.0 length=15 epsilon=0.562 loss=1.8696184158325195
[dqn] step=34745 episode=1530 return=12.0 length=12 epsilon=0.560 loss=0.2202686071395874
[dqn] step=34920 episode=1540 return=14.0 length=14 epsilon=0.558 loss=2.0255651473999023
[dqn][eval] step=35000 mean_return=90.35 max_return=96.00
[dqn] step=35186 episode=1550 return=19.0 length=19 epsilon=0.554 loss=0.2681869864463806
[dqn] step=35442 episode=1560 return=14.0 length=14 epsilon=0.551 loss=1.5492441654205322
[dqn] step=35646 episode=1570 return=16.0 length=16 epsilon=0.548 loss=0.22514857351779938
[dqn] step=35815 episode=1580 return=15.0 length=15 epsilon=0.546 loss=2.2581257820129395
[dqn] step=36019 episode=1590 return=30.0 length=30 epsilon=0.544 loss=1.4527417421340942
[dqn] step=36214 episode=1600 return=41.0 length=41 epsilon=0.541 loss=1.8185616731643677
[dqn] step=36445 episode=1610 return=17.0 length=17 epsilon=0.538 loss=1.554487943649292
[dqn] step=36679 episode=1620 return=8.0 length=8 epsilon=0.535 loss=1.8222218751907349
[dqn] step=36942 episode=1630 return=20.0 length=20 epsilon=0.532 loss=3.2783432006835938
[dqn] step=37154 episode=1640 return=14.0 length=14 epsilon=0.529 loss=0.6103389263153076
[dqn] step=37310 episode=1650 return=16.0 length=16 epsilon=0.527 loss=1.3929829597473145
[dqn] step=37484 episode=1660 return=19.0 length=19 epsilon=0.525 loss=1.5996639728546143
[dqn] step=37769 episode=1670 return=15.0 length=15 epsilon=0.522 loss=1.179150104522705
[dqn] step=37943 episode=1680 return=17.0 length=17 epsilon=0.519 loss=2.1048970222473145
[dqn] step=38108 episode=1690 return=18.0 length=18 epsilon=0.517 loss=3.1485748291015625
[dqn] step=38271 episode=1700 return=24.0 length=24 epsilon=0.515 loss=0.4138428270816803
[dqn] step=38491 episode=1710 return=11.0 length=11 epsilon=0.512 loss=0.9900159239768982
[dqn] step=38733 episode=1720 return=19.0 length=19 epsilon=0.509 loss=1.3776825666427612
[dqn] step=38934 episode=1730 return=23.0 length=23 epsilon=0.507 loss=2.878049373626709
[dqn] step=39127 episode=1740 return=29.0 length=29 epsilon=0.504 loss=0.3964780271053314
[dqn] step=39306 episode=1750 return=28.0 length=28 epsilon=0.502 loss=3.3221449851989746
[dqn] step=39616 episode=1760 return=15.0 length=15 epsilon=0.498 loss=0.9726267457008362
[dqn] step=39845 episode=1770 return=20.0 length=20 epsilon=0.495 loss=2.5946450233459473
[dqn][eval] step=40000 mean_return=95.45 max_return=208.00
[dqn] step=40011 episode=1780 return=13.0 length=13 epsilon=0.493 loss=2.1189966201782227
[dqn] step=40208 episode=1790 return=13.0 length=13 epsilon=0.491 loss=1.2580974102020264
[dqn] step=40397 episode=1800 return=14.0 length=14 epsilon=0.488 loss=2.059893846511841
[dqn] step=40622 episode=1810 return=17.0 length=17 epsilon=0.485 loss=1.6403977870941162
[dqn] step=40799 episode=1820 return=24.0 length=24 epsilon=0.483 loss=3.211698532104492
[dqn] step=41069 episode=1830 return=48.0 length=48 epsilon=0.480 loss=1.834784984588623
[dqn] step=41282 episode=1840 return=32.0 length=32 epsilon=0.477 loss=2.870728015899658
[dqn] step=41495 episode=1850 return=63.0 length=63 epsilon=0.474 loss=1.9049592018127441
[dqn] step=41757 episode=1860 return=12.0 length=12 epsilon=0.471 loss=2.086960792541504
[dqn] step=42038 episode=1870 return=37.0 length=37 epsilon=0.468 loss=1.7057113647460938
[dqn] step=42244 episode=1880 return=13.0 length=13 epsilon=0.465 loss=1.4917550086975098
[dqn] step=42515 episode=1890 return=15.0 length=15 epsilon=0.461 loss=1.1420358419418335
[dqn] step=42829 episode=1900 return=32.0 length=32 epsilon=0.458 loss=2.4248387813568115
[dqn] step=43066 episode=1910 return=33.0 length=33 epsilon=0.455 loss=1.9212781190872192
[dqn] step=43257 episode=1920 return=19.0 length=19 epsilon=0.452 loss=1.1202151775360107
[dqn] step=43545 episode=1930 return=18.0 length=18 epsilon=0.448 loss=3.538336753845215
[dqn] step=43760 episode=1940 return=21.0 length=21 epsilon=0.446 loss=4.0981221199035645
[dqn] step=43966 episode=1950 return=46.0 length=46 epsilon=0.443 loss=4.7021484375
[dqn] step=44209 episode=1960 return=12.0 length=12 epsilon=0.440 loss=2.959049940109253
[dqn] step=44391 episode=1970 return=19.0 length=19 epsilon=0.438 loss=4.247369766235352
[dqn] step=44568 episode=1980 return=19.0 length=19 epsilon=0.435 loss=0.9646027088165283
[dqn] step=44744 episode=1990 return=16.0 length=16 epsilon=0.433 loss=6.225369930267334
[dqn] step=44945 episode=2000 return=13.0 length=13 epsilon=0.431 loss=0.4362557828426361
[dqn][eval] step=45000 mean_return=89.05 max_return=92.00
[dqn] step=45114 episode=2010 return=15.0 length=15 epsilon=0.429 loss=1.7151691913604736
[dqn] step=45294 episode=2020 return=14.0 length=14 epsilon=0.426 loss=5.996723175048828
[dqn] step=45491 episode=2030 return=10.0 length=10 epsilon=0.424 loss=2.5466418266296387
[dqn] step=45711 episode=2040 return=26.0 length=26 epsilon=0.421 loss=3.075002670288086
[dqn] step=45905 episode=2050 return=19.0 length=19 epsilon=0.419 loss=3.498422384262085
[dqn] step=46184 episode=2060 return=41.0 length=41 epsilon=0.415 loss=2.956735134124756
[dqn] step=46356 episode=2070 return=24.0 length=24 epsilon=0.413 loss=2.082463502883911
[dqn] step=46513 episode=2080 return=12.0 length=12 epsilon=0.411 loss=0.9541166424751282
[dqn] step=46665 episode=2090 return=10.0 length=10 epsilon=0.409 loss=1.7063170671463013
[dqn] step=46898 episode=2100 return=44.0 length=44 epsilon=0.406 loss=1.9439353942871094
[dqn] step=47125 episode=2110 return=43.0 length=43 epsilon=0.403 loss=3.039121150970459
[dqn] step=47345 episode=2120 return=13.0 length=13 epsilon=0.400 loss=4.347716331481934
[dqn] step=47521 episode=2130 return=16.0 length=16 epsilon=0.398 loss=3.2468769550323486
[dqn] step=47694 episode=2140 return=13.0 length=13 epsilon=0.396 loss=0.870526909828186
[dqn] step=47896 episode=2150 return=16.0 length=16 epsilon=0.393 loss=5.578525066375732
[dqn] step=48113 episode=2160 return=15.0 length=15 epsilon=0.391 loss=1.7977715730667114
[dqn] step=48298 episode=2170 return=13.0 length=13 epsilon=0.388 loss=1.2330248355865479
[dqn] step=48476 episode=2180 return=14.0 length=14 epsilon=0.386 loss=0.6419501900672913
[dqn] step=48684 episode=2190 return=17.0 length=17 epsilon=0.383 loss=4.672379493713379
[dqn] step=49016 episode=2200 return=19.0 length=19 epsilon=0.379 loss=5.369691848754883
[dqn] step=49304 episode=2210 return=9.0 length=9 epsilon=0.375 loss=7.779400825500488
[dqn] step=49535 episode=2220 return=51.0 length=51 epsilon=0.373 loss=2.2252259254455566
[dqn] step=49712 episode=2230 return=10.0 length=10 epsilon=0.370 loss=3.9188663959503174
[dqn] step=49923 episode=2240 return=15.0 length=15 epsilon=0.368 loss=2.7866554260253906
[dqn][eval] step=50000 mean_return=89.90 max_return=93.00
[dqn] step=50129 episode=2250 return=32.0 length=32 epsilon=0.365 loss=1.7784721851348877
[dqn] step=50326 episode=2260 return=37.0 length=37 epsilon=0.363 loss=3.6248536109924316
[dqn] step=50568 episode=2270 return=48.0 length=48 epsilon=0.359 loss=1.3989500999450684
[dqn] step=50793 episode=2280 return=23.0 length=23 epsilon=0.357 loss=2.6305489540100098
[dqn] step=50978 episode=2290 return=13.0 length=13 epsilon=0.354 loss=4.067234516143799
[dqn] step=51151 episode=2300 return=18.0 length=18 epsilon=0.352 loss=2.037762403488159
[dqn] step=51398 episode=2310 return=27.0 length=27 epsilon=0.349 loss=1.6418379545211792
[dqn] step=51600 episode=2320 return=39.0 length=39 epsilon=0.346 loss=0.9653544425964355
[dqn] step=51801 episode=2330 return=27.0 length=27 epsilon=0.344 loss=6.696416854858398
[dqn] step=51990 episode=2340 return=12.0 length=12 epsilon=0.341 loss=0.897397518157959
[dqn] step=52174 episode=2350 return=14.0 length=14 epsilon=0.339 loss=1.5666704177856445
[dqn] step=52409 episode=2360 return=15.0 length=15 epsilon=0.336 loss=2.0576820373535156
[dqn] step=52585 episode=2370 return=15.0 length=15 epsilon=0.334 loss=1.5180516242980957
[dqn] step=52765 episode=2380 return=20.0 length=20 epsilon=0.332 loss=1.8165435791015625
[dqn] step=52998 episode=2390 return=18.0 length=18 epsilon=0.329 loss=0.8272939920425415
[dqn] step=53148 episode=2400 return=10.0 length=10 epsilon=0.327 loss=4.122920513153076
[dqn] step=53367 episode=2410 return=16.0 length=16 epsilon=0.324 loss=4.6796722412109375
[dqn] step=53532 episode=2420 return=37.0 length=37 epsilon=0.322 loss=3.3754689693450928
[dqn] step=53763 episode=2430 return=39.0 length=39 epsilon=0.319 loss=1.649857521057129
[dqn] step=53958 episode=2440 return=14.0 length=14 epsilon=0.317 loss=3.526247024536133
[dqn] step=54135 episode=2450 return=15.0 length=15 epsilon=0.314 loss=3.2109851837158203
[dqn] step=54390 episode=2460 return=15.0 length=15 epsilon=0.311 loss=5.51172399520874
[dqn] step=54544 episode=2470 return=15.0 length=15 epsilon=0.309 loss=2.2422914505004883
[dqn] step=54816 episode=2480 return=11.0 length=11 epsilon=0.306 loss=2.0408191680908203
[dqn][eval] step=55000 mean_return=91.55 max_return=95.00
[dqn] step=55040 episode=2490 return=13.0 length=13 epsilon=0.303 loss=2.0421714782714844
[dqn] step=55201 episode=2500 return=16.0 length=16 epsilon=0.301 loss=2.8964579105377197
[dqn] step=55391 episode=2510 return=24.0 length=24 epsilon=0.298 loss=7.483634948730469
[dqn] step=55534 episode=2520 return=12.0 length=12 epsilon=0.297 loss=3.240457534790039
[dqn] step=55778 episode=2530 return=25.0 length=25 epsilon=0.293 loss=2.6967833042144775
[dqn] step=55967 episode=2540 return=26.0 length=26 epsilon=0.291 loss=0.9616187810897827
[dqn] step=56219 episode=2550 return=19.0 length=19 epsilon=0.288 loss=6.571268558502197
[dqn] step=56478 episode=2560 return=23.0 length=23 epsilon=0.285 loss=6.749222755432129
[dqn] step=56678 episode=2570 return=15.0 length=15 epsilon=0.282 loss=5.5882487297058105
[dqn] step=56948 episode=2580 return=51.0 length=51 epsilon=0.279 loss=4.167148590087891
[dqn] step=57191 episode=2590 return=21.0 length=21 epsilon=0.276 loss=4.056606292724609
[dqn] step=57388 episode=2600 return=15.0 length=15 epsilon=0.273 loss=0.8695640563964844
[dqn] step=57624 episode=2610 return=12.0 length=12 epsilon=0.270 loss=3.0180840492248535
[dqn] step=57811 episode=2620 return=46.0 length=46 epsilon=0.268 loss=3.695457696914673
[dqn] step=58035 episode=2630 return=21.0 length=21 epsilon=0.265 loss=8.486812591552734
[dqn] step=58183 episode=2640 return=14.0 length=14 epsilon=0.263 loss=1.0757999420166016
[dqn] step=58373 episode=2650 return=13.0 length=13 epsilon=0.261 loss=3.4587714672088623
[dqn] step=58557 episode=2660 return=68.0 length=68 epsilon=0.258 loss=2.9100496768951416
[dqn] step=58751 episode=2670 return=11.0 length=11 epsilon=0.256 loss=5.389243125915527
[dqn] step=58938 episode=2680 return=13.0 length=13 epsilon=0.253 loss=2.552685499191284
[dqn] step=59205 episode=2690 return=29.0 length=29 epsilon=0.250 loss=0.9122872948646545
[dqn] step=59516 episode=2700 return=60.0 length=60 epsilon=0.246 loss=4.589027404785156
[dqn] step=59796 episode=2710 return=18.0 length=18 epsilon=0.243 loss=2.92476487159729
[dqn][eval] step=60000 mean_return=88.75 max_return=92.00
[dqn] step=60106 episode=2720 return=12.0 length=12 epsilon=0.239 loss=4.720650672912598
[dqn] step=60364 episode=2730 return=34.0 length=34 epsilon=0.235 loss=12.047000885009766
[dqn] step=60591 episode=2740 return=16.0 length=16 epsilon=0.233 loss=2.028749942779541
[dqn] step=60932 episode=2750 return=22.0 length=22 epsilon=0.228 loss=5.760471343994141
[dqn] step=61109 episode=2760 return=25.0 length=25 epsilon=0.226 loss=4.3610920906066895
[dqn] step=61369 episode=2770 return=41.0 length=41 epsilon=0.223 loss=3.178312301635742
[dqn] step=61564 episode=2780 return=11.0 length=11 epsilon=0.220 loss=5.330516338348389
[dqn] step=61782 episode=2790 return=16.0 length=16 epsilon=0.217 loss=4.771719932556152
[dqn] step=62035 episode=2800 return=13.0 length=13 epsilon=0.214 loss=5.346051216125488
[dqn] step=62348 episode=2810 return=33.0 length=33 epsilon=0.210 loss=4.324639797210693
[dqn] step=62684 episode=2820 return=43.0 length=43 epsilon=0.206 loss=5.111642837524414
[dqn] step=62992 episode=2830 return=13.0 length=13 epsilon=0.202 loss=5.213226318359375
[dqn] step=63315 episode=2840 return=14.0 length=14 epsilon=0.198 loss=5.918668746948242
[dqn] step=63611 episode=2850 return=28.0 length=28 epsilon=0.194 loss=4.203695297241211
[dqn] step=63973 episode=2860 return=21.0 length=21 epsilon=0.190 loss=2.305319309234619
[dqn] step=64146 episode=2870 return=11.0 length=11 epsilon=0.187 loss=10.492729187011719
[dqn] step=64449 episode=2880 return=20.0 length=20 epsilon=0.184 loss=2.5987348556518555
[dqn] step=64853 episode=2890 return=49.0 length=49 epsilon=0.179 loss=3.0489325523376465
[dqn][eval] step=65000 mean_return=89.00 max_return=92.00
[dqn] step=65206 episode=2900 return=63.0 length=63 epsilon=0.174 loss=5.861069679260254
[dqn] step=65716 episode=2910 return=92.0 length=92 epsilon=0.168 loss=1.6891653537750244
[dqn] step=66028 episode=2920 return=11.0 length=11 epsilon=0.164 loss=4.154382705688477
[dqn] step=66419 episode=2930 return=52.0 length=52 epsilon=0.159 loss=7.403861045837402
[dqn] step=66652 episode=2940 return=22.0 length=22 epsilon=0.156 loss=2.8282017707824707
[dqn] step=66880 episode=2950 return=59.0 length=59 epsilon=0.153 loss=5.123689651489258
[dqn] step=67172 episode=2960 return=12.0 length=12 epsilon=0.149 loss=1.2102830410003662
[dqn] step=67520 episode=2970 return=14.0 length=14 epsilon=0.145 loss=1.8110177516937256
[dqn] step=67879 episode=2980 return=45.0 length=45 epsilon=0.140 loss=1.4133930206298828
[dqn] step=68431 episode=2990 return=89.0 length=89 epsilon=0.133 loss=9.161231994628906
[dqn] step=68884 episode=3000 return=14.0 length=14 epsilon=0.127 loss=0.6330519914627075
[dqn] step=69205 episode=3010 return=76.0 length=76 epsilon=0.123 loss=0.6430745720863342
[dqn] step=69481 episode=3020 return=19.0 length=19 epsilon=0.120 loss=6.006137847900391
[dqn][eval] step=70000 mean_return=89.20 max_return=92.00
[dqn] step=70013 episode=3030 return=12.0 length=12 epsilon=0.113 loss=1.0912867784500122
[dqn] step=70374 episode=3040 return=43.0 length=43 epsilon=0.109 loss=3.1820805072784424
[dqn] step=70765 episode=3050 return=38.0 length=38 epsilon=0.104 loss=2.8875184059143066
[dqn] step=71128 episode=3060 return=11.0 length=11 epsilon=0.099 loss=2.9531917572021484
[dqn] step=71683 episode=3070 return=57.0 length=57 epsilon=0.092 loss=4.479947090148926
[dqn] step=72111 episode=3080 return=91.0 length=91 epsilon=0.087 loss=7.254951477050781
[dqn] step=72506 episode=3090 return=46.0 length=46 epsilon=0.082 loss=3.5692453384399414
[dqn] step=73104 episode=3100 return=48.0 length=48 epsilon=0.074 loss=1.404504656791687
[dqn] step=73739 episode=3110 return=54.0 length=54 epsilon=0.066 loss=3.232250928878784
[dqn] step=74304 episode=3120 return=69.0 length=69 epsilon=0.059 loss=1.6284624338150024
[dqn] step=74927 episode=3130 return=90.0 length=90 epsilon=0.051 loss=2.704029083251953
[dqn][eval] step=75000 mean_return=89.00 max_return=92.00
[dqn] step=75588 episode=3140 return=87.0 length=87 epsilon=0.050 loss=4.459641456604004
[dqn] step=76152 episode=3150 return=45.0 length=45 epsilon=0.050 loss=5.1815314292907715
[dqn] step=76916 episode=3160 return=88.0 length=88 epsilon=0.050 loss=3.0139098167419434
[dqn] step=77560 episode=3170 return=68.0 length=68 epsilon=0.050 loss=0.49783337116241455
[dqn] step=78143 episode=3180 return=90.0 length=90 epsilon=0.050 loss=0.2672848105430603
[dqn] step=78815 episode=3190 return=87.0 length=87 epsilon=0.050 loss=2.898098945617676
[dqn] step=79497 episode=3200 return=91.0 length=91 epsilon=0.050 loss=0.6588459610939026
[dqn][eval] step=80000 mean_return=92.75 max_return=100.00
[dqn] step=80187 episode=3210 return=62.0 length=62 epsilon=0.050 loss=1.382343053817749
[dqn] step=80662 episode=3220 return=28.0 length=28 epsilon=0.050 loss=1.9776482582092285
[dqn] step=81374 episode=3230 return=90.0 length=90 epsilon=0.050 loss=0.9261736869812012
[dqn] step=82165 episode=3240 return=101.0 length=101 epsilon=0.050 loss=0.34469157457351685
[dqn] step=83041 episode=3250 return=72.0 length=72 epsilon=0.050 loss=0.38138172030448914
[dqn] step=83868 episode=3260 return=18.0 length=18 epsilon=0.050 loss=0.13652729988098145
[dqn] step=84554 episode=3270 return=35.0 length=35 epsilon=0.050 loss=1.6241992712020874
[dqn] step=84924 episode=3280 return=26.0 length=26 epsilon=0.050 loss=0.39361417293548584
[dqn][eval] step=85000 mean_return=24.70 max_return=134.00
[dqn] step=85579 episode=3290 return=102.0 length=102 epsilon=0.050 loss=0.3678438067436218
[dqn] step=86762 episode=3300 return=89.0 length=89 epsilon=0.050 loss=0.8354916572570801
[dqn] step=87190 episode=3310 return=52.0 length=52 epsilon=0.050 loss=0.31749486923217773
[dqn] step=87539 episode=3320 return=26.0 length=26 epsilon=0.050 loss=0.41336554288864136
[dqn] step=87759 episode=3330 return=26.0 length=26 epsilon=0.050 loss=0.7896280288696289
[dqn] step=88189 episode=3340 return=25.0 length=25 epsilon=0.050 loss=0.2107771337032318
[dqn] step=88638 episode=3350 return=12.0 length=12 epsilon=0.050 loss=0.6108370423316956
[dqn] step=88972 episode=3360 return=16.0 length=16 epsilon=0.050 loss=0.7138205170631409
[dqn] step=89433 episode=3370 return=88.0 length=88 epsilon=0.050 loss=4.971462249755859
[dqn] step=89930 episode=3380 return=23.0 length=23 epsilon=0.050 loss=2.804032802581787
[dqn][eval] step=90000 mean_return=66.35 max_return=95.00
[dqn] step=90369 episode=3390 return=70.0 length=70 epsilon=0.050 loss=0.5307058095932007
[dqn] step=90840 episode=3400 return=87.0 length=87 epsilon=0.050 loss=3.3099863529205322
[dqn] step=91316 episode=3410 return=85.0 length=85 epsilon=0.050 loss=7.16668176651001
[dqn] step=91838 episode=3420 return=60.0 length=60 epsilon=0.050 loss=8.655241012573242
[dqn] step=92246 episode=3430 return=15.0 length=15 epsilon=0.050 loss=0.6669114828109741
[dqn] step=92834 episode=3440 return=88.0 length=88 epsilon=0.050 loss=3.270200490951538
[dqn] step=93371 episode=3450 return=93.0 length=93 epsilon=0.050 loss=1.625000238418579
[dqn] step=94179 episode=3460 return=90.0 length=90 epsilon=0.050 loss=13.263256072998047
[dqn] step=94976 episode=3470 return=94.0 length=94 epsilon=0.050 loss=2.681551456451416
[dqn][eval] step=95000 mean_return=95.80 max_return=101.00
[dqn] step=95647 episode=3480 return=88.0 length=88 epsilon=0.050 loss=3.4300546646118164
[dqn] step=96056 episode=3490 return=29.0 length=29 epsilon=0.050 loss=8.189329147338867
[dqn] step=96686 episode=3500 return=89.0 length=89 epsilon=0.050 loss=8.451156616210938
[dqn] step=97299 episode=3510 return=33.0 length=33 epsilon=0.050 loss=3.761669874191284
[dqn] step=97932 episode=3520 return=22.0 length=22 epsilon=0.050 loss=7.798211097717285
[dqn] step=98564 episode=3530 return=28.0 length=28 epsilon=0.050 loss=3.6788926124572754
[dqn] step=99244 episode=3540 return=49.0 length=49 epsilon=0.050 loss=5.493197917938232
[dqn] step=99913 episode=3550 return=87.0 length=87 epsilon=0.050 loss=4.178278923034668
[dqn][eval] step=100000 mean_return=88.10 max_return=92.00
[dqn] step=100614 episode=3560 return=92.0 length=92 epsilon=0.050 loss=1.9697849750518799
[dqn] step=101278 episode=3570 return=88.0 length=88 epsilon=0.050 loss=3.4622304439544678
[dqn] step=101796 episode=3580 return=91.0 length=91 epsilon=0.050 loss=4.650684356689453
[dqn] step=102379 episode=3590 return=85.0 length=85 epsilon=0.050 loss=1.3703349828720093
[dqn] step=103026 episode=3600 return=21.0 length=21 epsilon=0.050 loss=3.5031371116638184
[dqn] step=103581 episode=3610 return=21.0 length=21 epsilon=0.050 loss=0.22038370370864868
[dqn] step=104205 episode=3620 return=90.0 length=90 epsilon=0.050 loss=2.1896135807037354
[dqn] step=104801 episode=3630 return=25.0 length=25 epsilon=0.050 loss=2.4364583492279053
[dqn][eval] step=105000 mean_return=49.75 max_return=80.00
[dqn] step=105350 episode=3640 return=87.0 length=87 epsilon=0.050 loss=2.5581231117248535
[dqn] step=105842 episode=3650 return=21.0 length=21 epsilon=0.050 loss=4.300152778625488
[dqn] step=106329 episode=3660 return=12.0 length=12 epsilon=0.050 loss=0.6090870499610901
[dqn] step=106865 episode=3670 return=43.0 length=43 epsilon=0.050 loss=3.415018081665039
[dqn] step=107430 episode=3680 return=95.0 length=95 epsilon=0.050 loss=6.765994071960449
[dqn] step=108084 episode=3690 return=87.0 length=87 epsilon=0.050 loss=2.304161548614502
[dqn] step=108589 episode=3700 return=30.0 length=30 epsilon=0.050 loss=4.281733989715576
[dqn] step=109207 episode=3710 return=95.0 length=95 epsilon=0.050 loss=8.804733276367188
[dqn][eval] step=110000 mean_return=94.70 max_return=99.00
[dqn] step=110026 episode=3720 return=90.0 length=90 epsilon=0.050 loss=5.1875901222229
[dqn] step=110612 episode=3730 return=91.0 length=91 epsilon=0.050 loss=3.4931716918945312
[dqn] step=111270 episode=3740 return=97.0 length=97 epsilon=0.050 loss=3.2703628540039062
[dqn] step=111968 episode=3750 return=94.0 length=94 epsilon=0.050 loss=4.664719581604004
[dqn] step=112453 episode=3760 return=95.0 length=95 epsilon=0.050 loss=2.2666516304016113
[dqn] step=113003 episode=3770 return=93.0 length=93 epsilon=0.050 loss=3.1530823707580566
[dqn] step=113735 episode=3780 return=89.0 length=89 epsilon=0.050 loss=1.8839097023010254
[dqn][eval] step=115000 mean_return=500.00 max_return=500.00
[dqn] step=116315 episode=3790 return=360.0 length=360 epsilon=0.050 loss=3.191676139831543
[dqn] step=119266 episode=3800 return=165.0 length=165 epsilon=0.050 loss=2.1231136322021484
[dqn][eval] step=120000 mean_return=238.95 max_return=378.00
[dqn] step=122322 episode=3810 return=500.0 length=500 epsilon=0.050 loss=0.16670584678649902
[dqn][eval] step=125000 mean_return=500.00 max_return=500.00
[dqn] step=126787 episode=3820 return=500.0 length=500 epsilon=0.050 loss=0.3526463806629181
[dqn][eval] step=130000 mean_return=500.00 max_return=500.00
[dqn] step=130192 episode=3830 return=133.0 length=133 epsilon=0.050 loss=0.08283843100070953
[dqn] step=131395 episode=3840 return=117.0 length=117 epsilon=0.050 loss=0.14441519975662231
[dqn] step=132371 episode=3850 return=130.0 length=130 epsilon=0.050 loss=0.09543207287788391
[dqn] step=133757 episode=3860 return=131.0 length=131 epsilon=0.050 loss=0.11431749165058136
[dqn] step=134999 episode=3870 return=32.0 length=32 epsilon=0.050 loss=2.0390491485595703
[dqn][eval] step=135000 mean_return=56.45 max_return=103.00
[dqn] step=135709 episode=3880 return=20.0 length=20 epsilon=0.050 loss=0.13486741483211517
[dqn] step=136554 episode=3890 return=94.0 length=94 epsilon=0.050 loss=2.4492921829223633
[dqn] step=137439 episode=3900 return=90.0 length=90 epsilon=0.050 loss=0.2108275294303894
[dqn] step=137791 episode=3910 return=20.0 length=20 epsilon=0.050 loss=2.2325494289398193
[dqn] step=138358 episode=3920 return=95.0 length=95 epsilon=0.050 loss=2.2234208583831787
[dqn] step=139116 episode=3930 return=98.0 length=98 epsilon=0.050 loss=6.706930160522461
[dqn] step=139918 episode=3940 return=93.0 length=93 epsilon=0.050 loss=2.131486415863037
[dqn][eval] step=140000 mean_return=96.55 max_return=100.00
[dqn] step=140598 episode=3950 return=93.0 length=93 epsilon=0.050 loss=2.2492549419403076
[dqn] step=141285 episode=3960 return=12.0 length=12 epsilon=0.050 loss=0.36487752199172974
[dqn] step=141981 episode=3970 return=94.0 length=94 epsilon=0.050 loss=1.9349802732467651
[dqn] step=142544 episode=3980 return=29.0 length=29 epsilon=0.050 loss=4.125518798828125
[dqn] step=142925 episode=3990 return=25.0 length=25 epsilon=0.050 loss=1.8634717464447021
[dqn] step=143423 episode=4000 return=14.0 length=14 epsilon=0.050 loss=3.980011224746704
[dqn] step=143805 episode=4010 return=26.0 length=26 epsilon=0.050 loss=3.857560157775879
[dqn] step=144378 episode=4020 return=22.0 length=22 epsilon=0.050 loss=5.805272102355957
[dqn] step=144960 episode=4030 return=46.0 length=46 epsilon=0.050 loss=7.294296741485596
[dqn][eval] step=145000 mean_return=82.65 max_return=95.00
[dqn] step=145537 episode=4040 return=12.0 length=12 epsilon=0.050 loss=2.271782636642456
[dqn] step=146234 episode=4050 return=55.0 length=55 epsilon=0.050 loss=1.618957281112671
[dqn] step=146688 episode=4060 return=40.0 length=40 epsilon=0.050 loss=2.1764817237854004
[dqn] step=147261 episode=4070 return=82.0 length=82 epsilon=0.050 loss=4.66049861907959
[dqn] step=147845 episode=4080 return=44.0 length=44 epsilon=0.050 loss=4.018766403198242
[dqn] step=148574 episode=4090 return=34.0 length=34 epsilon=0.050 loss=3.616797685623169
[dqn] step=149179 episode=4100 return=44.0 length=44 epsilon=0.050 loss=0.4666898250579834
[dqn] step=149979 episode=4110 return=86.0 length=86 epsilon=0.050 loss=4.191610336303711
[dqn][eval] step=150000 mean_return=107.90 max_return=111.00
[dqn] finished profile=fast mean_eval_return=500.00 passed=True run_dir=results/rl/dqn_cartpole_20260801_100615_956106
{
  "task": "cartpole",
  "env_id": "CartPole-v1",
  "profile": "fast",
  "seed": 4,
  "total_timesteps": 150000,
  "configured_total_timesteps": 150000,
  "actual_timesteps": 150000,
  "eval_episodes": 20,
  "success_threshold": 475.0,
  "passed": true,
  "final_eval": {
    "episodes": 20,
    "seed": 10000,
    "mean_return": 500.0,
    "std_return": 0.0,
    "min_return": 500.0,
    "max_return": 500.0,
    "mean_length": 500.0
  },
  "last_eval": {
    "episodes": 20,
    "seed": 10000,
    "mean_return": 107.9000015258789,
    "std_return": 1.9209372997283936,
    "min_return": 105.0,
    "max_return": 111.0,
    "mean_length": 107.9000015258789
  },
  "selected_step": 115000,
  "selected_source": "best_eval",
  "training_efficiency": {
    "best_model_step": 115000,
    "best_model_training_fraction": 0.7666666666666667,
    "first_success_step": 10000,
    "first_success_training_fraction": 0.06666666666666667,
    "best_minus_last_return": 392.0999984741211,
    "budget_interpretation": "regressed_after_best"
  },
  "early_stopping": {
    "enabled": false,
    "patience": 30,
    "min_delta": 1.0,
    "min_steps": 25000,
    "target_score": 500.0,
    "best_mean_return": 500.0,
    "evaluations": 30,
    "evaluations_without_improvement": 7,
    "stopped_early": false,
    "stopping_reason": "budget_exhausted",
    "stopping_step": 150000
  },
  "run_dir": "results/rl/dqn_cartpole_20260801_100615_956106"
}
Checkpoint: results/rl/dqn_cartpole_20260801_100615_956106/checkpoint.pt
