[dqn] step=18 episode=1 return=18.0 length=18 epsilon=1.000 loss=None
[dqn] step=32 episode=2 return=14.0 length=14 epsilon=1.000 loss=None
[dqn] step=44 episode=3 return=12.0 length=12 epsilon=0.999 loss=None
[dqn] step=62 episode=4 return=18.0 length=18 epsilon=0.999 loss=None
[dqn] step=85 episode=5 return=23.0 length=23 epsilon=0.999 loss=None
[dqn] step=277 episode=10 return=17.0 length=17 epsilon=0.997 loss=None
[dqn] step=468 episode=20 return=13.0 length=13 epsilon=0.994 loss=None
[dqn] step=710 episode=30 return=13.0 length=13 epsilon=0.991 loss=None
[dqn] step=893 episode=40 return=13.0 length=13 epsilon=0.989 loss=None
[dqn] step=1102 episode=50 return=15.0 length=15 epsilon=0.986 loss=0.0023413761518895626
[dqn] step=1350 episode=60 return=49.0 length=49 epsilon=0.983 loss=0.022664256393909454
[dqn] step=1593 episode=70 return=11.0 length=11 epsilon=0.980 loss=0.05289733409881592
[dqn] step=1788 episode=80 return=25.0 length=25 epsilon=0.977 loss=0.04997418075799942
[dqn] step=2056 episode=90 return=52.0 length=52 epsilon=0.974 loss=0.0732627660036087
[dqn] step=2300 episode=100 return=18.0 length=18 epsilon=0.971 loss=0.040744587779045105
[dqn] step=2530 episode=110 return=31.0 length=31 epsilon=0.968 loss=0.04529554769396782
[dqn] step=2817 episode=120 return=29.0 length=29 epsilon=0.964 loss=0.05705970525741577
[dqn] step=3069 episode=130 return=18.0 length=18 epsilon=0.961 loss=0.06800496578216553
[dqn] step=3343 episode=140 return=13.0 length=13 epsilon=0.958 loss=0.043265774846076965
[dqn] step=3631 episode=150 return=15.0 length=15 epsilon=0.954 loss=0.12079303711652756
[dqn] step=3830 episode=160 return=13.0 length=13 epsilon=0.951 loss=0.05010311305522919
[dqn] step=4027 episode=170 return=28.0 length=28 epsilon=0.949 loss=0.0946434736251831
[dqn] step=4239 episode=180 return=9.0 length=9 epsilon=0.946 loss=0.07448745518922806
[dqn] step=4419 episode=190 return=18.0 length=18 epsilon=0.944 loss=0.06343910843133926
[dqn] step=4691 episode=200 return=22.0 length=22 epsilon=0.941 loss=0.13130296766757965
[dqn] step=4934 episode=210 return=18.0 length=18 epsilon=0.938 loss=0.0382971465587616
[dqn][eval] step=5000 mean_return=83.35 max_return=191.00
[dqn] step=5138 episode=220 return=18.0 length=18 epsilon=0.935 loss=0.1478082537651062
[dqn] step=5416 episode=230 return=11.0 length=11 epsilon=0.931 loss=0.19644799828529358
[dqn] step=5606 episode=240 return=17.0 length=17 epsilon=0.929 loss=0.23176249861717224
[dqn] step=5835 episode=250 return=11.0 length=11 epsilon=0.926 loss=0.26605093479156494
[dqn] step=6024 episode=260 return=30.0 length=30 epsilon=0.924 loss=0.21706576645374298
[dqn] step=6221 episode=270 return=28.0 length=28 epsilon=0.921 loss=0.21739518642425537
[dqn] step=6389 episode=280 return=15.0 length=15 epsilon=0.919 loss=0.22892478108406067
[dqn] step=6545 episode=290 return=29.0 length=29 epsilon=0.917 loss=0.27443474531173706
[dqn] step=6759 episode=300 return=14.0 length=14 epsilon=0.914 loss=0.13376928865909576
[dqn] step=6974 episode=310 return=20.0 length=20 epsilon=0.912 loss=0.13696901500225067
[dqn] step=7228 episode=320 return=15.0 length=15 epsilon=0.908 loss=0.16182160377502441
[dqn] step=7442 episode=330 return=26.0 length=26 epsilon=0.906 loss=0.0483243390917778
[dqn] step=7625 episode=340 return=21.0 length=21 epsilon=0.903 loss=0.026859181001782417
[dqn] step=7827 episode=350 return=12.0 length=12 epsilon=0.901 loss=0.2163120061159134
[dqn] step=8071 episode=360 return=11.0 length=11 epsilon=0.898 loss=0.3932982087135315
[dqn] step=8304 episode=370 return=17.0 length=17 epsilon=0.895 loss=0.18294429779052734
[dqn] step=8528 episode=380 return=21.0 length=21 epsilon=0.892 loss=0.2171488106250763
[dqn] step=8772 episode=390 return=12.0 length=12 epsilon=0.889 loss=0.25065556168556213
[dqn] step=9093 episode=400 return=19.0 length=19 epsilon=0.885 loss=0.25686120986938477
[dqn] step=9300 episode=410 return=24.0 length=24 epsilon=0.882 loss=0.40578198432922363
[dqn] step=9530 episode=420 return=16.0 length=16 epsilon=0.879 loss=0.6522766947746277
[dqn] step=9710 episode=430 return=18.0 length=18 epsilon=0.877 loss=0.36295753717422485
[dqn] step=9925 episode=440 return=12.0 length=12 epsilon=0.874 loss=0.43739140033721924
[dqn][eval] step=10000 mean_return=170.95 max_return=286.00
[dqn] step=10195 episode=450 return=11.0 length=11 epsilon=0.871 loss=0.4122564494609833
[dqn] step=10414 episode=460 return=17.0 length=17 epsilon=0.868 loss=0.7148202657699585
[dqn] step=10615 episode=470 return=18.0 length=18 epsilon=0.866 loss=0.3121202290058136
[dqn] step=10820 episode=480 return=15.0 length=15 epsilon=0.863 loss=0.15248307585716248
[dqn] step=11033 episode=490 return=14.0 length=14 epsilon=0.860 loss=0.46827298402786255
[dqn] step=11277 episode=500 return=20.0 length=20 epsilon=0.857 loss=0.19532491266727448
[dqn] step=11584 episode=510 return=18.0 length=18 epsilon=0.853 loss=0.09135819226503372
[dqn] step=11830 episode=520 return=24.0 length=24 epsilon=0.850 loss=0.09787427634000778
[dqn] step=12095 episode=530 return=49.0 length=49 epsilon=0.847 loss=0.5480825901031494
[dqn] step=12385 episode=540 return=21.0 length=21 epsilon=0.843 loss=0.5503015518188477
[dqn] step=12639 episode=550 return=10.0 length=10 epsilon=0.840 loss=0.3395327925682068
[dqn] step=12835 episode=560 return=14.0 length=14 epsilon=0.837 loss=0.9194933772087097
[dqn] step=13072 episode=570 return=29.0 length=29 epsilon=0.834 loss=0.08506958186626434
[dqn] step=13296 episode=580 return=48.0 length=48 epsilon=0.832 loss=0.14668264985084534
[dqn] step=13523 episode=590 return=17.0 length=17 epsilon=0.829 loss=0.14008623361587524
[dqn] step=13735 episode=600 return=13.0 length=13 epsilon=0.826 loss=0.10275481641292572
[dqn] step=14031 episode=610 return=19.0 length=19 epsilon=0.822 loss=0.07351763546466827
[dqn] step=14228 episode=620 return=13.0 length=13 epsilon=0.820 loss=0.34338438510894775
[dqn] step=14466 episode=630 return=20.0 length=20 epsilon=0.817 loss=0.23310920596122742
[dqn] step=14688 episode=640 return=17.0 length=17 epsilon=0.814 loss=0.3790987432003021
[dqn] step=14927 episode=650 return=20.0 length=20 epsilon=0.811 loss=0.5017237663269043
[dqn][eval] step=15000 mean_return=48.45 max_return=57.00
[dqn] step=15173 episode=660 return=24.0 length=24 epsilon=0.808 loss=0.313734769821167
[dqn] step=15464 episode=670 return=18.0 length=18 epsilon=0.804 loss=0.04111792892217636
[dqn] step=15679 episode=680 return=10.0 length=10 epsilon=0.801 loss=0.2921794652938843
[dqn] step=15958 episode=690 return=18.0 length=18 epsilon=0.798 loss=0.38271456956863403
[dqn] step=16205 episode=700 return=13.0 length=13 epsilon=0.795 loss=0.22285035252571106
[dqn] step=16472 episode=710 return=29.0 length=29 epsilon=0.791 loss=1.3656911849975586
[dqn] step=16638 episode=720 return=16.0 length=16 epsilon=0.789 loss=0.16393248736858368
[dqn] step=16980 episode=730 return=18.0 length=18 epsilon=0.785 loss=0.09743994474411011
[dqn] step=17177 episode=740 return=12.0 length=12 epsilon=0.782 loss=0.22561176121234894
[dqn] step=17381 episode=750 return=19.0 length=19 epsilon=0.780 loss=0.41361111402511597
[dqn] step=17590 episode=760 return=20.0 length=20 epsilon=0.777 loss=0.20437248051166534
[dqn] step=17833 episode=770 return=13.0 length=13 epsilon=0.774 loss=0.6033141613006592
[dqn] step=18074 episode=780 return=13.0 length=13 epsilon=0.771 loss=0.2778972387313843
[dqn] step=18421 episode=790 return=60.0 length=60 epsilon=0.767 loss=0.3169311583042145
[dqn] step=18624 episode=800 return=12.0 length=12 epsilon=0.764 loss=0.5977306962013245
[dqn] step=18867 episode=810 return=19.0 length=19 epsilon=0.761 loss=0.1392301619052887
[dqn] step=19141 episode=820 return=22.0 length=22 epsilon=0.758 loss=0.06098055839538574
[dqn] step=19319 episode=830 return=16.0 length=16 epsilon=0.755 loss=0.3262781500816345
[dqn] step=19509 episode=840 return=21.0 length=21 epsilon=0.753 loss=0.979084312915802
[dqn] step=19666 episode=850 return=16.0 length=16 epsilon=0.751 loss=0.7717022895812988
[dqn] step=19859 episode=860 return=18.0 length=18 epsilon=0.748 loss=0.6763814687728882
[dqn][eval] step=20000 mean_return=89.00 max_return=95.00
[dqn] step=20050 episode=870 return=28.0 length=28 epsilon=0.746 loss=0.22842079401016235
[dqn] step=20255 episode=880 return=16.0 length=16 epsilon=0.743 loss=0.5460758805274963
[dqn] step=20402 episode=890 return=15.0 length=15 epsilon=0.742 loss=1.0431649684906006
[dqn] step=20584 episode=900 return=20.0 length=20 epsilon=0.739 loss=0.2625305950641632
[dqn] step=20777 episode=910 return=12.0 length=12 epsilon=0.737 loss=0.21195513010025024
[dqn] step=20930 episode=920 return=23.0 length=23 epsilon=0.735 loss=0.9620975255966187
[dqn] step=21146 episode=930 return=13.0 length=13 epsilon=0.732 loss=0.24399873614311218
[dqn] step=21339 episode=940 return=11.0 length=11 epsilon=0.730 loss=0.9297562837600708
[dqn] step=21541 episode=950 return=13.0 length=13 epsilon=0.727 loss=0.23623816668987274
[dqn] step=21757 episode=960 return=23.0 length=23 epsilon=0.724 loss=0.7852484583854675
[dqn] step=21922 episode=970 return=20.0 length=20 epsilon=0.722 loss=0.567584753036499
[dqn] step=22146 episode=980 return=33.0 length=33 epsilon=0.719 loss=0.22348004579544067
[dqn] step=22336 episode=990 return=12.0 length=12 epsilon=0.717 loss=0.5301609039306641
[dqn] step=22507 episode=1000 return=22.0 length=22 epsilon=0.715 loss=0.25586041808128357
[dqn] step=22756 episode=1010 return=34.0 length=34 epsilon=0.712 loss=1.1692571640014648
[dqn] step=22931 episode=1020 return=26.0 length=26 epsilon=0.710 loss=0.22043275833129883
[dqn] step=23099 episode=1030 return=9.0 length=9 epsilon=0.707 loss=0.11424076557159424
[dqn] step=23338 episode=1040 return=23.0 length=23 epsilon=0.704 loss=0.13888241350650787
[dqn] step=23537 episode=1050 return=18.0 length=18 epsilon=0.702 loss=1.6032546758651733
[dqn] step=23709 episode=1060 return=19.0 length=19 epsilon=0.700 loss=0.7991859316825867
[dqn] step=23993 episode=1070 return=11.0 length=11 epsilon=0.696 loss=0.12607944011688232
[dqn] step=24251 episode=1080 return=16.0 length=16 epsilon=0.693 loss=0.27067339420318604
[dqn] step=24400 episode=1090 return=18.0 length=18 epsilon=0.691 loss=0.09910812973976135
[dqn] step=24612 episode=1100 return=14.0 length=14 epsilon=0.688 loss=0.6522592306137085
[dqn] step=24799 episode=1110 return=13.0 length=13 epsilon=0.686 loss=1.3025593757629395
[dqn][eval] step=25000 mean_return=91.30 max_return=96.00
[dqn] step=25072 episode=1120 return=28.0 length=28 epsilon=0.682 loss=0.42555350065231323
[dqn] step=25300 episode=1130 return=27.0 length=27 epsilon=0.680 loss=1.1219956874847412
[dqn] step=25514 episode=1140 return=13.0 length=13 epsilon=0.677 loss=0.6810182332992554
[dqn] step=25667 episode=1150 return=13.0 length=13 epsilon=0.675 loss=1.5349472761154175
[dqn] step=25884 episode=1160 return=16.0 length=16 epsilon=0.672 loss=0.7935141921043396
[dqn] step=26108 episode=1170 return=37.0 length=37 epsilon=0.669 loss=0.479646772146225
[dqn] step=26357 episode=1180 return=44.0 length=44 epsilon=0.666 loss=0.4679509997367859
[dqn] step=26504 episode=1190 return=16.0 length=16 epsilon=0.664 loss=0.5616313219070435
[dqn] step=26687 episode=1200 return=19.0 length=19 epsilon=0.662 loss=1.8886362314224243
[dqn] step=26885 episode=1210 return=22.0 length=22 epsilon=0.659 loss=0.0985005646944046
[dqn] step=27049 episode=1220 return=13.0 length=13 epsilon=0.657 loss=0.5047171711921692
[dqn] step=27261 episode=1230 return=20.0 length=20 epsilon=0.655 loss=1.1280955076217651
[dqn] step=27474 episode=1240 return=19.0 length=19 epsilon=0.652 loss=0.2562698721885681
[dqn] step=27669 episode=1250 return=31.0 length=31 epsilon=0.650 loss=0.8723932504653931
[dqn] step=27922 episode=1260 return=33.0 length=33 epsilon=0.646 loss=0.5964214205741882
[dqn] step=28064 episode=1270 return=11.0 length=11 epsilon=0.645 loss=0.2281915247440338
[dqn] step=28321 episode=1280 return=22.0 length=22 epsilon=0.641 loss=1.3045251369476318
[dqn] step=28504 episode=1290 return=21.0 length=21 epsilon=0.639 loss=0.2222212553024292
[dqn] step=28666 episode=1300 return=21.0 length=21 epsilon=0.637 loss=0.9161036610603333
[dqn] step=28857 episode=1310 return=12.0 length=12 epsilon=0.634 loss=0.6213944554328918
[dqn] step=29037 episode=1320 return=20.0 length=20 epsilon=0.632 loss=1.1871750354766846
[dqn] step=29213 episode=1330 return=12.0 length=12 epsilon=0.630 loss=1.0105082988739014
[dqn] step=29439 episode=1340 return=14.0 length=14 epsilon=0.627 loss=0.6115990281105042
[dqn] step=29621 episode=1350 return=9.0 length=9 epsilon=0.625 loss=1.0901107788085938
[dqn] step=29790 episode=1360 return=19.0 length=19 epsilon=0.623 loss=0.45918726921081543
[dqn][eval] step=30000 mean_return=91.85 max_return=95.00
[dqn] step=30004 episode=1370 return=37.0 length=37 epsilon=0.620 loss=1.4658976793289185
[dqn] step=30332 episode=1380 return=11.0 length=11 epsilon=0.616 loss=1.1420397758483887
[dqn] step=30527 episode=1390 return=40.0 length=40 epsilon=0.613 loss=0.7570632100105286
[dqn] step=30695 episode=1400 return=16.0 length=16 epsilon=0.611 loss=0.4344148337841034
[dqn] step=30866 episode=1410 return=12.0 length=12 epsilon=0.609 loss=0.1024547666311264
[dqn] step=31096 episode=1420 return=33.0 length=33 epsilon=0.606 loss=0.5900433659553528
[dqn] step=31284 episode=1430 return=14.0 length=14 epsilon=0.604 loss=1.438586950302124
[dqn] step=31501 episode=1440 return=21.0 length=21 epsilon=0.601 loss=2.3826608657836914
[dqn] step=31738 episode=1450 return=21.0 length=21 epsilon=0.598 loss=0.22228413820266724
[dqn] step=31917 episode=1460 return=12.0 length=12 epsilon=0.596 loss=0.7545125484466553
[dqn] step=32129 episode=1470 return=11.0 length=11 epsilon=0.593 loss=2.0323166847229004
[dqn] step=32354 episode=1480 return=9.0 length=9 epsilon=0.590 loss=0.8099180459976196
[dqn] step=32517 episode=1490 return=12.0 length=12 epsilon=0.588 loss=1.145650863647461
[dqn] step=32725 episode=1500 return=12.0 length=12 epsilon=0.585 loss=0.566084623336792
[dqn] step=32907 episode=1510 return=34.0 length=34 epsilon=0.583 loss=1.6572898626327515
[dqn] step=33142 episode=1520 return=17.0 length=17 epsilon=0.580 loss=1.3465585708618164
[dqn] step=33338 episode=1530 return=17.0 length=17 epsilon=0.578 loss=0.29076460003852844
[dqn] step=33509 episode=1540 return=13.0 length=13 epsilon=0.576 loss=1.3822216987609863
[dqn] step=33678 episode=1550 return=15.0 length=15 epsilon=0.573 loss=2.1950550079345703
[dqn] step=33847 episode=1560 return=18.0 length=18 epsilon=0.571 loss=1.0733997821807861
[dqn] step=34003 episode=1570 return=12.0 length=12 epsilon=0.569 loss=3.3203444480895996
[dqn] step=34224 episode=1580 return=70.0 length=70 epsilon=0.567 loss=2.290191411972046
[dqn] step=34369 episode=1590 return=13.0 length=13 epsilon=0.565 loss=1.9081437587738037
[dqn] step=34542 episode=1600 return=28.0 length=28 epsilon=0.562 loss=1.3611555099487305
[dqn] step=34701 episode=1610 return=21.0 length=21 epsilon=0.560 loss=0.42290961742401123
[dqn] step=34905 episode=1620 return=20.0 length=20 epsilon=0.558 loss=1.2417007684707642
[dqn][eval] step=35000 mean_return=88.55 max_return=92.00
[dqn] step=35094 episode=1630 return=19.0 length=19 epsilon=0.555 loss=1.4069654941558838
[dqn] step=35238 episode=1640 return=14.0 length=14 epsilon=0.554 loss=0.2954833209514618
[dqn] step=35398 episode=1650 return=25.0 length=25 epsilon=0.552 loss=0.23269754648208618
[dqn] step=35578 episode=1660 return=12.0 length=12 epsilon=0.549 loss=0.5487059354782104
[dqn] step=35764 episode=1670 return=37.0 length=37 epsilon=0.547 loss=2.725799083709717
[dqn] step=35939 episode=1680 return=29.0 length=29 epsilon=0.545 loss=0.6478880643844604
[dqn] step=36152 episode=1690 return=29.0 length=29 epsilon=0.542 loss=1.4810346364974976
[dqn] step=36338 episode=1700 return=17.0 length=17 epsilon=0.540 loss=1.2936404943466187
[dqn] step=36524 episode=1710 return=17.0 length=17 epsilon=0.537 loss=1.2689430713653564
[dqn] step=36681 episode=1720 return=21.0 length=21 epsilon=0.535 loss=1.9103407859802246
[dqn] step=36867 episode=1730 return=13.0 length=13 epsilon=0.533 loss=1.1485953330993652
[dqn] step=37220 episode=1740 return=70.0 length=70 epsilon=0.529 loss=0.9939500093460083
[dqn] step=37454 episode=1750 return=21.0 length=21 epsilon=0.526 loss=1.2752383947372437
[dqn] step=37661 episode=1760 return=13.0 length=13 epsilon=0.523 loss=1.1757915019989014
[dqn] step=37818 episode=1770 return=19.0 length=19 epsilon=0.521 loss=0.7985087037086487
[dqn] step=37979 episode=1780 return=12.0 length=12 epsilon=0.519 loss=0.854403555393219
[dqn] step=38159 episode=1790 return=17.0 length=17 epsilon=0.517 loss=1.0123238563537598
[dqn] step=38339 episode=1800 return=29.0 length=29 epsilon=0.514 loss=0.7547023892402649
[dqn] step=38481 episode=1810 return=17.0 length=17 epsilon=0.513 loss=1.4725046157836914
[dqn] step=38661 episode=1820 return=16.0 length=16 epsilon=0.510 loss=0.19651134312152863
[dqn] step=38821 episode=1830 return=12.0 length=12 epsilon=0.508 loss=2.035991668701172
[dqn] step=39019 episode=1840 return=16.0 length=16 epsilon=0.506 loss=1.587453007698059
[dqn] step=39160 episode=1850 return=14.0 length=14 epsilon=0.504 loss=3.0485079288482666
[dqn] step=39336 episode=1860 return=24.0 length=24 epsilon=0.502 loss=1.8334269523620605
[dqn] step=39547 episode=1870 return=14.0 length=14 epsilon=0.499 loss=0.3070318102836609
[dqn] step=39752 episode=1880 return=29.0 length=29 epsilon=0.496 loss=4.202380180358887
[dqn] step=39905 episode=1890 return=15.0 length=15 epsilon=0.495 loss=0.9537857174873352
[dqn][eval] step=40000 mean_return=92.15 max_return=96.00
[dqn] step=40087 episode=1900 return=20.0 length=20 epsilon=0.492 loss=2.776461362838745
[dqn] step=40302 episode=1910 return=13.0 length=13 epsilon=0.490 loss=1.1849743127822876
[dqn] step=40474 episode=1920 return=15.0 length=15 epsilon=0.487 loss=0.4647713899612427
[dqn] step=40648 episode=1930 return=18.0 length=18 epsilon=0.485 loss=2.8908934593200684
[dqn] step=40798 episode=1940 return=16.0 length=16 epsilon=0.483 loss=0.3266492486000061
[dqn] step=41063 episode=1950 return=21.0 length=21 epsilon=0.480 loss=0.27517667412757874
[dqn] step=41221 episode=1960 return=19.0 length=19 epsilon=0.478 loss=2.280886173248291
[dqn] step=41401 episode=1970 return=19.0 length=19 epsilon=0.476 loss=1.7131290435791016
[dqn] step=41602 episode=1980 return=18.0 length=18 epsilon=0.473 loss=1.4518952369689941
[dqn] step=41825 episode=1990 return=16.0 length=16 epsilon=0.470 loss=3.4119718074798584
[dqn] step=42026 episode=2000 return=16.0 length=16 epsilon=0.468 loss=2.15453839302063
[dqn] step=42210 episode=2010 return=20.0 length=20 epsilon=0.465 loss=2.80397891998291
[dqn] step=42416 episode=2020 return=65.0 length=65 epsilon=0.463 loss=2.305732250213623
[dqn] step=42632 episode=2030 return=12.0 length=12 epsilon=0.460 loss=2.175647497177124
[dqn] step=42813 episode=2040 return=24.0 length=24 epsilon=0.458 loss=1.0587130784988403
[dqn] step=42970 episode=2050 return=14.0 length=14 epsilon=0.456 loss=1.884958267211914
[dqn] step=43158 episode=2060 return=12.0 length=12 epsilon=0.453 loss=2.929539918899536
[dqn] step=43335 episode=2070 return=14.0 length=14 epsilon=0.451 loss=4.080459117889404
[dqn] step=43520 episode=2080 return=12.0 length=12 epsilon=0.449 loss=2.958756446838379
[dqn] step=43701 episode=2090 return=24.0 length=24 epsilon=0.446 loss=1.4279048442840576
[dqn] step=43853 episode=2100 return=13.0 length=13 epsilon=0.445 loss=1.4118925333023071
[dqn] step=44054 episode=2110 return=12.0 length=12 epsilon=0.442 loss=0.5967339277267456
[dqn] step=44259 episode=2120 return=19.0 length=19 epsilon=0.439 loss=0.5644224882125854
[dqn] step=44419 episode=2130 return=20.0 length=20 epsilon=0.437 loss=1.8553876876831055
[dqn] step=44623 episode=2140 return=13.0 length=13 epsilon=0.435 loss=0.6538683176040649
[dqn] step=44811 episode=2150 return=14.0 length=14 epsilon=0.432 loss=2.9436259269714355
[dqn] step=44962 episode=2160 return=14.0 length=14 epsilon=0.430 loss=1.4219040870666504
[dqn][eval] step=45000 mean_return=88.50 max_return=91.00
[dqn] step=45177 episode=2170 return=20.0 length=20 epsilon=0.428 loss=3.55342960357666
[dqn] step=45483 episode=2180 return=31.0 length=31 epsilon=0.424 loss=3.4092302322387695
[dqn] step=45655 episode=2190 return=19.0 length=19 epsilon=0.422 loss=1.5818461179733276
[dqn] step=45854 episode=2200 return=11.0 length=11 epsilon=0.419 loss=1.6675994396209717
[dqn] step=46110 episode=2210 return=35.0 length=35 epsilon=0.416 loss=1.8518770933151245
[dqn] step=46332 episode=2220 return=32.0 length=32 epsilon=0.413 loss=2.161597490310669
[dqn] step=46625 episode=2230 return=14.0 length=14 epsilon=0.409 loss=1.7137510776519775
[dqn] step=46865 episode=2240 return=14.0 length=14 epsilon=0.406 loss=0.9836536049842834
[dqn] step=47072 episode=2250 return=23.0 length=23 epsilon=0.404 loss=2.3756346702575684
[dqn] step=47258 episode=2260 return=36.0 length=36 epsilon=0.401 loss=1.193678617477417
[dqn] step=47463 episode=2270 return=19.0 length=19 epsilon=0.399 loss=0.9921061992645264
[dqn] step=47620 episode=2280 return=12.0 length=12 epsilon=0.397 loss=0.3457794785499573
[dqn] step=47887 episode=2290 return=53.0 length=53 epsilon=0.393 loss=0.5020098686218262
[dqn] step=48069 episode=2300 return=18.0 length=18 epsilon=0.391 loss=1.3971620798110962
[dqn] step=48287 episode=2310 return=57.0 length=57 epsilon=0.388 loss=2.322538137435913
[dqn] step=48442 episode=2320 return=12.0 length=12 epsilon=0.386 loss=3.7014291286468506
[dqn] step=48672 episode=2330 return=17.0 length=17 epsilon=0.384 loss=0.9231652021408081
[dqn] step=48863 episode=2340 return=17.0 length=17 epsilon=0.381 loss=5.303018093109131
[dqn] step=49083 episode=2350 return=38.0 length=38 epsilon=0.378 loss=1.5697777271270752
[dqn] step=49284 episode=2360 return=17.0 length=17 epsilon=0.376 loss=2.619457244873047
[dqn] step=49464 episode=2370 return=14.0 length=14 epsilon=0.373 loss=0.2867146134376526
[dqn] step=49711 episode=2380 return=10.0 length=10 epsilon=0.370 loss=1.2917656898498535
[dqn] step=49898 episode=2390 return=15.0 length=15 epsilon=0.368 loss=2.234182834625244
[dqn][eval] step=50000 mean_return=89.10 max_return=92.00
[dqn] step=50050 episode=2400 return=11.0 length=11 epsilon=0.366 loss=1.333530068397522
[dqn] step=50272 episode=2410 return=16.0 length=16 epsilon=0.363 loss=2.11004900932312
[dqn] step=50536 episode=2420 return=54.0 length=54 epsilon=0.360 loss=1.6047769784927368
[dqn] step=50722 episode=2430 return=12.0 length=12 epsilon=0.358 loss=3.627695322036743
[dqn] step=50933 episode=2440 return=13.0 length=13 epsilon=0.355 loss=0.7219226956367493
[dqn] step=51080 episode=2450 return=20.0 length=20 epsilon=0.353 loss=0.7288439273834229
[dqn] step=51306 episode=2460 return=23.0 length=23 epsilon=0.350 loss=0.9789226055145264
[dqn] step=51503 episode=2470 return=11.0 length=11 epsilon=0.348 loss=2.0237252712249756
[dqn] step=51703 episode=2480 return=12.0 length=12 epsilon=0.345 loss=1.7515603303909302
[dqn] step=51892 episode=2490 return=12.0 length=12 epsilon=0.343 loss=3.4989075660705566
[dqn] step=52150 episode=2500 return=53.0 length=53 epsilon=0.339 loss=1.180382490158081
[dqn] step=52387 episode=2510 return=17.0 length=17 epsilon=0.336 loss=1.5075581073760986
[dqn] step=52670 episode=2520 return=48.0 length=48 epsilon=0.333 loss=0.9267206192016602
[dqn] step=52973 episode=2530 return=16.0 length=16 epsilon=0.329 loss=0.6032402515411377
[dqn] step=53236 episode=2540 return=20.0 length=20 epsilon=0.326 loss=3.12359619140625
[dqn] step=53500 episode=2550 return=27.0 length=27 epsilon=0.322 loss=2.1028659343719482
[dqn] step=53791 episode=2560 return=87.0 length=87 epsilon=0.319 loss=2.2048723697662354
[dqn] step=53966 episode=2570 return=12.0 length=12 epsilon=0.316 loss=1.7256582975387573
[dqn] step=54144 episode=2580 return=21.0 length=21 epsilon=0.314 loss=1.7129862308502197
[dqn] step=54347 episode=2590 return=14.0 length=14 epsilon=0.312 loss=0.5759968757629395
[dqn] step=54597 episode=2600 return=46.0 length=46 epsilon=0.308 loss=0.8863595724105835
[dqn] step=54846 episode=2610 return=10.0 length=10 epsilon=0.305 loss=1.9873417615890503
[dqn][eval] step=55000 mean_return=90.95 max_return=95.00
[dqn] step=55122 episode=2620 return=55.0 length=55 epsilon=0.302 loss=1.482121229171753
[dqn] step=55285 episode=2630 return=13.0 length=13 epsilon=0.300 loss=2.135974407196045
[dqn] step=55478 episode=2640 return=39.0 length=39 epsilon=0.297 loss=0.9422441720962524
[dqn] step=55660 episode=2650 return=11.0 length=11 epsilon=0.295 loss=0.24824661016464233
[dqn] step=55863 episode=2660 return=29.0 length=29 epsilon=0.292 loss=0.4096639156341553
[dqn] step=56059 episode=2670 return=15.0 length=15 epsilon=0.290 loss=0.5824402570724487
[dqn] step=56281 episode=2680 return=15.0 length=15 epsilon=0.287 loss=0.5723999738693237
[dqn] step=56580 episode=2690 return=16.0 length=16 epsilon=0.283 loss=1.5825560092926025
[dqn] step=56760 episode=2700 return=18.0 length=18 epsilon=0.281 loss=2.517665147781372
[dqn] step=57038 episode=2710 return=18.0 length=18 epsilon=0.278 loss=1.6085686683654785
[dqn] step=57378 episode=2720 return=17.0 length=17 epsilon=0.273 loss=0.3359840512275696
[dqn] step=57575 episode=2730 return=31.0 length=31 epsilon=0.271 loss=3.13265323638916
[dqn] step=57842 episode=2740 return=26.0 length=26 epsilon=0.267 loss=1.8730437755584717
[dqn] step=58067 episode=2750 return=13.0 length=13 epsilon=0.264 loss=0.600777268409729
[dqn] step=58247 episode=2760 return=11.0 length=11 epsilon=0.262 loss=2.0304903984069824
[dqn] step=58513 episode=2770 return=13.0 length=13 epsilon=0.259 loss=2.477323532104492
[dqn] step=58729 episode=2780 return=14.0 length=14 epsilon=0.256 loss=0.9381805062294006
[dqn] step=58904 episode=2790 return=12.0 length=12 epsilon=0.254 loss=1.8227945566177368
[dqn] step=59175 episode=2800 return=12.0 length=12 epsilon=0.250 loss=0.9663072228431702
[dqn] step=59468 episode=2810 return=27.0 length=27 epsilon=0.247 loss=4.354172706604004
[dqn] step=59725 episode=2820 return=14.0 length=14 epsilon=0.243 loss=2.161149024963379
[dqn][eval] step=60000 mean_return=88.60 max_return=92.00
[dqn] step=60142 episode=2830 return=30.0 length=30 epsilon=0.238 loss=1.8864997625350952
[dqn] step=60371 episode=2840 return=15.0 length=15 epsilon=0.235 loss=2.2792305946350098
[dqn] step=60621 episode=2850 return=44.0 length=44 epsilon=0.232 loss=3.3108794689178467
[dqn] step=60938 episode=2860 return=28.0 length=28 epsilon=0.228 loss=2.4187912940979004
[dqn] step=61116 episode=2870 return=14.0 length=14 epsilon=0.226 loss=1.7132946252822876
[dqn] step=61355 episode=2880 return=12.0 length=12 epsilon=0.223 loss=0.6104178428649902
[dqn] step=61711 episode=2890 return=48.0 length=48 epsilon=0.218 loss=2.5295348167419434
[dqn] step=62087 episode=2900 return=17.0 length=17 epsilon=0.214 loss=2.970351457595825
[dqn] step=62478 episode=2910 return=71.0 length=71 epsilon=0.209 loss=0.4304007887840271
[dqn] step=62821 episode=2920 return=53.0 length=53 epsilon=0.204 loss=1.1934120655059814
[dqn] step=63044 episode=2930 return=31.0 length=31 epsilon=0.201 loss=0.5508996844291687
[dqn] step=63347 episode=2940 return=30.0 length=30 epsilon=0.198 loss=1.169268012046814
[dqn] step=63640 episode=2950 return=25.0 length=25 epsilon=0.194 loss=2.4605159759521484
[dqn] step=64028 episode=2960 return=14.0 length=14 epsilon=0.189 loss=0.835326075553894
[dqn] step=64381 episode=2970 return=12.0 length=12 epsilon=0.185 loss=2.0582239627838135
[dqn] step=64756 episode=2980 return=47.0 length=47 epsilon=0.180 loss=1.9102065563201904
[dqn][eval] step=65000 mean_return=87.60 max_return=90.00
[dqn] step=65123 episode=2990 return=17.0 length=17 epsilon=0.175 loss=0.9144498109817505
[dqn] step=65429 episode=3000 return=32.0 length=32 epsilon=0.171 loss=2.148519992828369
[dqn] step=65693 episode=3010 return=46.0 length=46 epsilon=0.168 loss=0.8692374229431152
[dqn] step=65975 episode=3020 return=19.0 length=19 epsilon=0.164 loss=0.3805754780769348
[dqn] step=66462 episode=3030 return=67.0 length=67 epsilon=0.158 loss=0.7346649169921875
[dqn] step=67176 episode=3040 return=93.0 length=93 epsilon=0.149 loss=0.6930026412010193
[dqn] step=67784 episode=3050 return=114.0 length=114 epsilon=0.141 loss=0.5611516237258911
[dqn] step=68578 episode=3060 return=127.0 length=127 epsilon=0.131 loss=1.903127670288086
[dqn] step=69858 episode=3070 return=160.0 length=160 epsilon=0.115 loss=0.15510718524456024
[dqn][eval] step=70000 mean_return=143.70 max_return=156.00
[dqn] step=71085 episode=3080 return=159.0 length=159 epsilon=0.100 loss=0.43015241622924805
[dqn] step=71792 episode=3090 return=11.0 length=11 epsilon=0.091 loss=0.06458822637796402
[dqn] step=72365 episode=3100 return=26.0 length=26 epsilon=0.083 loss=0.2977510690689087
[dqn] step=72562 episode=3110 return=16.0 length=16 epsilon=0.081 loss=0.35463184118270874
[dqn] step=72747 episode=3120 return=18.0 length=18 epsilon=0.079 loss=0.4635290503501892
[dqn] step=72954 episode=3130 return=19.0 length=19 epsilon=0.076 loss=1.0990195274353027
[dqn] step=73198 episode=3140 return=37.0 length=37 epsilon=0.073 loss=0.19324781000614166
[dqn] step=73615 episode=3150 return=91.0 length=91 epsilon=0.068 loss=0.20949923992156982
[dqn] step=74113 episode=3160 return=16.0 length=16 epsilon=0.061 loss=1.3921493291854858
[dqn] step=74867 episode=3170 return=87.0 length=87 epsilon=0.052 loss=0.6596758365631104
[dqn][eval] step=75000 mean_return=87.90 max_return=92.00
[dqn] step=75510 episode=3180 return=56.0 length=56 epsilon=0.050 loss=2.118614673614502
[dqn] step=76186 episode=3190 return=67.0 length=67 epsilon=0.050 loss=1.5670967102050781
[dqn] step=77103 episode=3200 return=62.0 length=62 epsilon=0.050 loss=1.2246713638305664
[dqn] step=78750 episode=3210 return=89.0 length=89 epsilon=0.050 loss=4.561402797698975
[dqn] step=79654 episode=3220 return=96.0 length=96 epsilon=0.050 loss=1.972977638244629
[dqn][eval] step=80000 mean_return=87.70 max_return=94.00
[dqn] step=80078 episode=3230 return=45.0 length=45 epsilon=0.050 loss=0.4063628911972046
[dqn] step=80857 episode=3240 return=95.0 length=95 epsilon=0.050 loss=2.7210450172424316
[dqn] step=81571 episode=3250 return=93.0 length=93 epsilon=0.050 loss=1.2368502616882324
[dqn] step=82130 episode=3260 return=11.0 length=11 epsilon=0.050 loss=2.598372459411621
[dqn] step=83031 episode=3270 return=80.0 length=80 epsilon=0.050 loss=2.6376304626464844
[dqn] step=84384 episode=3280 return=113.0 length=113 epsilon=0.050 loss=1.0967122316360474
[dqn][eval] step=85000 mean_return=104.00 max_return=134.00
[dqn] step=85685 episode=3290 return=137.0 length=137 epsilon=0.050 loss=1.7319846153259277
[dqn] step=86945 episode=3300 return=148.0 length=148 epsilon=0.050 loss=2.5400550365448
[dqn] step=88335 episode=3310 return=154.0 length=154 epsilon=0.050 loss=1.4912822246551514
[dqn] step=89246 episode=3320 return=84.0 length=84 epsilon=0.050 loss=0.8708347678184509
[dqn][eval] step=90000 mean_return=147.65 max_return=197.00
[dqn] step=90045 episode=3330 return=88.0 length=88 epsilon=0.050 loss=0.6921215057373047
[dqn] step=91245 episode=3340 return=92.0 length=92 epsilon=0.050 loss=0.3463100492954254
[dqn][eval] step=95000 mean_return=500.00 max_return=500.00
[dqn] step=95220 episode=3350 return=500.0 length=500 epsilon=0.050 loss=0.06662677973508835
[dqn] step=99691 episode=3360 return=322.0 length=322 epsilon=0.050 loss=0.06762362271547318
[dqn][eval] step=100000 mean_return=500.00 max_return=500.00
[dqn] step=104359 episode=3370 return=500.0 length=500 epsilon=0.050 loss=0.02528112381696701
[dqn][eval] step=105000 mean_return=500.00 max_return=500.00
[dqn] step=107342 episode=3380 return=31.0 length=31 epsilon=0.050 loss=0.06006237491965294
[dqn] step=108358 episode=3390 return=93.0 length=93 epsilon=0.050 loss=0.11480627954006195
[dqn] step=109252 episode=3400 return=87.0 length=87 epsilon=0.050 loss=0.0914401262998581
[dqn] step=109569 episode=3410 return=23.0 length=23 epsilon=0.050 loss=0.0701075866818428
[dqn][eval] step=110000 mean_return=96.70 max_return=101.00
[dqn] step=110045 episode=3420 return=89.0 length=89 epsilon=0.050 loss=1.6531355381011963
[dqn] step=110661 episode=3430 return=95.0 length=95 epsilon=0.050 loss=1.2413347959518433
[dqn] step=111473 episode=3440 return=93.0 length=93 epsilon=0.050 loss=0.04169968515634537
[dqn] step=112576 episode=3450 return=62.0 length=62 epsilon=0.050 loss=2.885377883911133
[dqn] step=113231 episode=3460 return=86.0 length=86 epsilon=0.050 loss=1.6825693845748901
[dqn] step=113710 episode=3470 return=25.0 length=25 epsilon=0.050 loss=6.106066703796387
[dqn] step=114452 episode=3480 return=18.0 length=18 epsilon=0.050 loss=2.61346435546875
[dqn][eval] step=115000 mean_return=98.80 max_return=105.00
[dqn] step=115819 episode=3490 return=215.0 length=215 epsilon=0.050 loss=1.3912711143493652
[dqn] step=116508 episode=3500 return=90.0 length=90 epsilon=0.050 loss=5.264056205749512
[dqn] step=117106 episode=3510 return=18.0 length=18 epsilon=0.050 loss=5.717595100402832
[dqn] step=117536 episode=3520 return=68.0 length=68 epsilon=0.050 loss=4.972785949707031
[dqn] step=118139 episode=3530 return=13.0 length=13 epsilon=0.050 loss=3.7062735557556152
[dqn] step=118604 episode=3540 return=11.0 length=11 epsilon=0.050 loss=1.656040906906128
[dqn] step=119411 episode=3550 return=45.0 length=45 epsilon=0.050 loss=0.1416029930114746
[dqn][eval] step=120000 mean_return=88.35 max_return=92.00
[dqn] step=120092 episode=3560 return=103.0 length=103 epsilon=0.050 loss=3.6054744720458984
[dqn] step=120568 episode=3570 return=89.0 length=89 epsilon=0.050 loss=2.414510726928711
[dqn] step=121121 episode=3580 return=89.0 length=89 epsilon=0.050 loss=3.886908769607544
[dqn] step=121858 episode=3590 return=90.0 length=90 epsilon=0.050 loss=0.5624587535858154
[dqn] step=122433 episode=3600 return=96.0 length=96 epsilon=0.050 loss=4.238885402679443
[dqn] step=123090 episode=3610 return=92.0 length=92 epsilon=0.050 loss=0.23404785990715027
[dqn] step=123824 episode=3620 return=91.0 length=91 epsilon=0.050 loss=0.43400612473487854
[dqn] step=124290 episode=3630 return=92.0 length=92 epsilon=0.050 loss=1.0592312812805176
[dqn][eval] step=125000 mean_return=88.60 max_return=93.00
[dqn] step=125009 episode=3640 return=37.0 length=37 epsilon=0.050 loss=5.117082595825195
[dqn] step=125607 episode=3650 return=95.0 length=95 epsilon=0.050 loss=2.163081407546997
[dqn] step=126345 episode=3660 return=45.0 length=45 epsilon=0.050 loss=0.4254012405872345
[dqn] step=127077 episode=3670 return=89.0 length=89 epsilon=0.050 loss=2.712625741958618
[dqn] step=127593 episode=3680 return=88.0 length=88 epsilon=0.050 loss=2.7792160511016846
[dqn] step=128033 episode=3690 return=74.0 length=74 epsilon=0.050 loss=6.911789417266846
[dqn] step=128504 episode=3700 return=20.0 length=20 epsilon=0.050 loss=3.6185688972473145
[dqn] step=129323 episode=3710 return=93.0 length=93 epsilon=0.050 loss=1.876054286956787
[dqn][eval] step=130000 mean_return=89.45 max_return=93.00
[dqn] step=130055 episode=3720 return=97.0 length=97 epsilon=0.050 loss=0.25801920890808105
[dqn] step=130689 episode=3730 return=71.0 length=71 epsilon=0.050 loss=3.7555792331695557
[dqn] step=131341 episode=3740 return=95.0 length=95 epsilon=0.050 loss=3.8414664268493652
[dqn] step=132096 episode=3750 return=98.0 length=98 epsilon=0.050 loss=2.0550620555877686
[dqn] step=132925 episode=3760 return=94.0 length=94 epsilon=0.050 loss=1.957637071609497
[dqn] step=133531 episode=3770 return=18.0 length=18 epsilon=0.050 loss=0.018267076462507248
[dqn] step=134243 episode=3780 return=94.0 length=94 epsilon=0.050 loss=2.9109556674957275
[dqn] step=134847 episode=3790 return=88.0 length=88 epsilon=0.050 loss=3.0735480785369873
[dqn][eval] step=135000 mean_return=88.55 max_return=92.00
[dqn] step=135491 episode=3800 return=14.0 length=14 epsilon=0.050 loss=2.081800937652588
[dqn] step=136041 episode=3810 return=27.0 length=27 epsilon=0.050 loss=0.8608636856079102
[dqn] step=136560 episode=3820 return=90.0 length=90 epsilon=0.050 loss=2.9130706787109375
[dqn] step=137005 episode=3830 return=90.0 length=90 epsilon=0.050 loss=2.3078534603118896
[dqn] step=137758 episode=3840 return=83.0 length=83 epsilon=0.050 loss=3.32293963432312
[dqn] step=138388 episode=3850 return=64.0 length=64 epsilon=0.050 loss=1.854056477546692
[dqn] step=138911 episode=3860 return=79.0 length=79 epsilon=0.050 loss=2.27016019821167
[dqn] step=139604 episode=3870 return=97.0 length=97 epsilon=0.050 loss=3.639228343963623
[dqn][eval] step=140000 mean_return=98.95 max_return=104.00
[dqn] step=140198 episode=3880 return=29.0 length=29 epsilon=0.050 loss=1.956703782081604
[dqn] step=140827 episode=3890 return=87.0 length=87 epsilon=0.050 loss=0.3020530939102173
[dqn] step=141640 episode=3900 return=95.0 length=95 epsilon=0.050 loss=0.9856923818588257
[dqn] step=142389 episode=3910 return=93.0 length=93 epsilon=0.050 loss=2.845107316970825
[dqn] step=142983 episode=3920 return=89.0 length=89 epsilon=0.050 loss=1.92372727394104
[dqn] step=143825 episode=3930 return=95.0 length=95 epsilon=0.050 loss=0.16008493304252625
[dqn] step=144499 episode=3940 return=93.0 length=93 epsilon=0.050 loss=0.014064764603972435
[dqn][eval] step=145000 mean_return=87.90 max_return=92.00
[dqn] step=145288 episode=3950 return=53.0 length=53 epsilon=0.050 loss=0.6420853734016418
[dqn] step=146085 episode=3960 return=86.0 length=86 epsilon=0.050 loss=1.6657406091690063
[dqn] step=146672 episode=3970 return=92.0 length=92 epsilon=0.050 loss=2.9347715377807617
[dqn] step=147297 episode=3980 return=63.0 length=63 epsilon=0.050 loss=0.976841926574707
[dqn] step=147999 episode=3990 return=93.0 length=93 epsilon=0.050 loss=0.3154228925704956
[dqn] step=148687 episode=4000 return=33.0 length=33 epsilon=0.050 loss=1.0573616027832031
[dqn] step=149302 episode=4010 return=34.0 length=34 epsilon=0.050 loss=0.8318235874176025
[dqn] step=149940 episode=4020 return=111.0 length=111 epsilon=0.050 loss=0.10793232172727585
[dqn][eval] step=150000 mean_return=95.35 max_return=101.00
[dqn] finished profile=fast mean_eval_return=500.00 passed=True run_dir=results/rl/dqn_cartpole_20260801_100616_108720
{
  "task": "cartpole",
  "env_id": "CartPole-v1",
  "profile": "fast",
  "seed": 0,
  "total_timesteps": 150000,
  "configured_total_timesteps": 150000,
  "actual_timesteps": 150000,
  "eval_episodes": 20,
  "success_threshold": 475.0,
  "passed": true,
  "final_eval": {
    "episodes": 20,
    "seed": 10000,
    "mean_return": 500.0,
    "std_return": 0.0,
    "min_return": 500.0,
    "max_return": 500.0,
    "mean_length": 500.0
  },
  "last_eval": {
    "episodes": 20,
    "seed": 10000,
    "mean_return": 95.3499984741211,
    "std_return": 2.1041624546051025,
    "min_return": 92.0,
    "max_return": 101.0,
    "mean_length": 95.3499984741211
  },
  "selected_step": 95000,
  "selected_source": "best_eval",
  "training_efficiency": {
    "best_model_step": 95000,
    "best_model_training_fraction": 0.6333333333333333,
    "first_success_step": 95000,
    "first_success_training_fraction": 0.6333333333333333,
    "best_minus_last_return": 404.6500015258789,
    "budget_interpretation": "regressed_after_best"
  },
  "early_stopping": {
    "enabled": false,
    "patience": 30,
    "min_delta": 1.0,
    "min_steps": 25000,
    "target_score": 500.0,
    "best_mean_return": 500.0,
    "evaluations": 30,
    "evaluations_without_improvement": 11,
    "stopped_early": false,
    "stopping_reason": "budget_exhausted",
    "stopping_step": 150000
  },
  "run_dir": "results/rl/dqn_cartpole_20260801_100616_108720"
}
Checkpoint: results/rl/dqn_cartpole_20260801_100616_108720/checkpoint.pt
