[nnknn-rl] step=38 episode=1 return=38.0 length=38 loss=None cases=None
[nnknn-rl] step=54 episode=2 return=16.0 length=16 loss=None cases=None
[nnknn-rl] step=67 episode=3 return=13.0 length=13 loss=None cases=None
[nnknn-rl] step=79 episode=4 return=12.0 length=12 loss=82.9225082397461 cases=None
[nnknn-rl] step=93 episode=5 return=14.0 length=14 loss=None cases=None
[nnknn-rl] step=181 episode=10 return=9.0 length=9 loss=None cases=None
[nnknn-rl] step=374 episode=20 return=11.0 length=11 loss=53.22996520996094 cases=None
[nnknn-rl] step=651 episode=30 return=27.0 length=27 loss=None cases=None
[nnknn-rl] step=922 episode=40 return=24.0 length=24 loss=76.21986389160156 cases=None
[nnknn-rl] step=1257 episode=50 return=23.0 length=23 loss=None cases=None
[nnknn-rl] step=1537 episode=60 return=20.0 length=20 loss=88.36022186279297 cases=None
[nnknn-rl] step=1781 episode=70 return=38.0 length=38 loss=None cases=None
[nnknn-rl] step=1985 episode=80 return=13.0 length=13 loss=86.6058349609375 cases=None
[nnknn-rl] step=2322 episode=90 return=20.0 length=20 loss=None cases=None
[nnknn-rl][critic-holdout] step=2676 episodes=100 mse=1059.0770 explained_variance=-0.0021
[nnknn-rl] step=2676 episode=100 return=12.0 length=12 loss=113.37700653076172 cases=None
[nnknn-rl][eval] step=2676 mean_return=94.65 max_return=313.00
[nnknn-rl] step=3024 episode=110 return=33.0 length=33 loss=None cases=None
[nnknn-rl] step=3305 episode=120 return=44.0 length=44 loss=116.23860931396484 cases=None
[nnknn-rl] step=3682 episode=130 return=94.0 length=94 loss=None cases=None
[nnknn-rl] step=4088 episode=140 return=95.0 length=95 loss=163.93316650390625 cases=None
[nnknn-rl] step=4346 episode=150 return=16.0 length=16 loss=None cases=None
[nnknn-rl] step=4753 episode=160 return=28.0 length=28 loss=135.12673950195312 cases=None
[nnknn-rl] step=5087 episode=170 return=76.0 length=76 loss=None cases=None
[nnknn-rl] step=5457 episode=180 return=32.0 length=32 loss=136.08348083496094 cases=None
[nnknn-rl] step=5858 episode=190 return=50.0 length=50 loss=None cases=None
[nnknn-rl][critic-holdout] step=6504 episodes=200 mse=170.5683 explained_variance=-0.0914
[nnknn-rl] step=6504 episode=200 return=23.0 length=23 loss=132.8037109375 cases=None
[nnknn-rl][eval] step=6504 mean_return=132.25 max_return=500.00
[nnknn-rl] step=7049 episode=210 return=101.0 length=101 loss=None cases=None
[nnknn-rl] step=7505 episode=220 return=54.0 length=54 loss=140.09776306152344 cases=None
[nnknn-rl] step=7915 episode=230 return=46.0 length=46 loss=None cases=None
[nnknn-rl] step=8436 episode=240 return=39.0 length=39 loss=134.15000915527344 cases=None
[nnknn-rl] step=9047 episode=250 return=31.0 length=31 loss=None cases=None
[nnknn-rl] step=9936 episode=260 return=125.0 length=125 loss=189.17864990234375 cases=None
[nnknn-rl] step=10381 episode=270 return=46.0 length=46 loss=None cases=None
[nnknn-rl] step=11209 episode=280 return=60.0 length=60 loss=164.1864013671875 cases=None
[nnknn-rl] step=11933 episode=290 return=34.0 length=34 loss=None cases=None
[nnknn-rl][critic-holdout] step=12553 episodes=300 mse=1521.4624 explained_variance=-0.0182
[nnknn-rl] step=12553 episode=300 return=80.0 length=80 loss=152.7279510498047 cases=None
[nnknn-rl][eval] step=12553 mean_return=227.20 max_return=412.00
[nnknn-rl] step=13308 episode=310 return=88.0 length=88 loss=None cases=None
[nnknn-rl] step=14332 episode=320 return=105.0 length=105 loss=144.4031219482422 cases=None
[nnknn-rl] step=15103 episode=330 return=108.0 length=108 loss=None cases=None
[nnknn-rl] step=16151 episode=340 return=123.0 length=123 loss=170.55860900878906 cases=None
[nnknn-rl] step=17788 episode=350 return=155.0 length=155 loss=None cases=None
[nnknn-rl] step=19174 episode=360 return=75.0 length=75 loss=166.28237915039062 cases=None
[nnknn-rl] step=20654 episode=370 return=95.0 length=95 loss=None cases=None
[nnknn-rl] step=22443 episode=380 return=304.0 length=304 loss=183.27432250976562 cases=None
[nnknn-rl] step=23816 episode=390 return=210.0 length=210 loss=None cases=None
[nnknn-rl][critic-holdout] step=25010 episodes=400 mse=1652.6332 explained_variance=-0.2586
[nnknn-rl] step=25010 episode=400 return=95.0 length=95 loss=164.70848083496094 cases=None
[nnknn-rl][eval] step=25010 mean_return=481.85 max_return=500.00
[nnknn-rl] step=27038 episode=410 return=68.0 length=68 loss=None cases=None
[nnknn-rl] step=28754 episode=420 return=132.0 length=132 loss=193.25582885742188 cases=None
[nnknn-rl] step=30879 episode=430 return=114.0 length=114 loss=None cases=None
[nnknn-rl] step=32318 episode=440 return=173.0 length=173 loss=186.70533752441406 cases=None
[nnknn-rl] step=34340 episode=450 return=162.0 length=162 loss=None cases=None
[nnknn-rl] step=36737 episode=460 return=145.0 length=145 loss=190.45924377441406 cases=None
[nnknn-rl] step=38415 episode=470 return=259.0 length=259 loss=None cases=None
[nnknn-rl] step=40826 episode=480 return=403.0 length=403 loss=168.5807647705078 cases=None
[nnknn-rl] step=43375 episode=490 return=280.0 length=280 loss=None cases=None
[nnknn-rl][critic-holdout] step=46171 episodes=500 mse=1817.5925 explained_variance=-0.4571
[nnknn-rl] step=46171 episode=500 return=314.0 length=314 loss=150.8732147216797 cases=None
[nnknn-rl][eval] step=46171 mean_return=468.65 max_return=500.00
[nnknn-rl] step=48016 episode=510 return=187.0 length=187 loss=None cases=None
[nnknn-rl] step=50421 episode=520 return=158.0 length=158 loss=208.1119842529297 cases=None
[nnknn-rl] step=52281 episode=530 return=121.0 length=121 loss=None cases=None
[nnknn-rl] step=53902 episode=540 return=158.0 length=158 loss=216.58779907226562 cases=None
[nnknn-rl] step=56760 episode=550 return=234.0 length=234 loss=None cases=None
[nnknn-rl] step=58757 episode=560 return=214.0 length=214 loss=146.1956787109375 cases=None
[nnknn-rl] step=60727 episode=570 return=198.0 length=198 loss=None cases=None
[nnknn-rl] step=63033 episode=580 return=158.0 length=158 loss=178.55043029785156 cases=None
[nnknn-rl] step=65933 episode=590 return=263.0 length=263 loss=None cases=None
[nnknn-rl][critic-holdout] step=69316 episodes=600 mse=964.5971 explained_variance=-0.3961
[nnknn-rl] step=69316 episode=600 return=235.0 length=235 loss=128.90240478515625 cases=None
[nnknn-rl][eval] step=69316 mean_return=499.85 max_return=500.00
[nnknn-rl] step=72272 episode=610 return=314.0 length=314 loss=None cases=None
[nnknn-rl] step=75058 episode=620 return=188.0 length=188 loss=222.62232971191406 cases=None
[nnknn-rl] step=77713 episode=630 return=251.0 length=251 loss=None cases=None
[nnknn-rl] step=81099 episode=640 return=186.0 length=186 loss=179.6981964111328 cases=None
[nnknn-rl] step=83543 episode=650 return=124.0 length=124 loss=None cases=None
[nnknn-rl] step=86632 episode=660 return=500.0 length=500 loss=158.1324920654297 cases=None
[nnknn-rl] step=89588 episode=670 return=406.0 length=406 loss=None cases=None
[nnknn-rl] step=91958 episode=680 return=397.0 length=397 loss=194.9976043701172 cases=None
[nnknn-rl] step=94227 episode=690 return=215.0 length=215 loss=None cases=None
[nnknn-rl][critic-holdout] step=96544 episodes=700 mse=1001.3264 explained_variance=-0.4559
[nnknn-rl] step=96544 episode=700 return=117.0 length=117 loss=187.49131774902344 cases=None
[nnknn-rl][eval] step=96544 mean_return=466.50 max_return=500.00
[nnknn-rl] step=98933 episode=710 return=253.0 length=253 loss=None cases=None
[nnknn-rl] step=101706 episode=720 return=254.0 length=254 loss=183.60240173339844 cases=None
[nnknn-rl] step=103477 episode=730 return=126.0 length=126 loss=None cases=None
[nnknn-rl] step=104917 episode=740 return=50.0 length=50 loss=271.13568115234375 cases=None
[nnknn-rl] step=106470 episode=750 return=154.0 length=154 loss=None cases=None
[nnknn-rl] step=107938 episode=760 return=71.0 length=71 loss=195.66525268554688 cases=None
[nnknn-rl] step=109753 episode=770 return=178.0 length=178 loss=None cases=None
[nnknn-rl] step=111721 episode=780 return=260.0 length=260 loss=112.40469360351562 cases=None
[nnknn-rl] step=114575 episode=790 return=288.0 length=288 loss=None cases=None
[nnknn-rl][critic-holdout] step=117258 episodes=800 mse=582.2729 explained_variance=0.3256
[nnknn-rl] step=117258 episode=800 return=257.0 length=257 loss=77.63216400146484 cases=None
[nnknn-rl][eval] step=117258 mean_return=486.35 max_return=500.00
[nnknn-rl] step=120132 episode=810 return=207.0 length=207 loss=None cases=None
[nnknn-rl] step=123688 episode=820 return=285.0 length=285 loss=133.4860382080078 cases=None
[nnknn-rl] step=127215 episode=830 return=295.0 length=295 loss=None cases=None
[nnknn-rl] step=131027 episode=840 return=500.0 length=500 loss=86.262939453125 cases=None
[nnknn-rl] step=134512 episode=850 return=463.0 length=463 loss=None cases=None
[nnknn-rl] step=137986 episode=860 return=500.0 length=500 loss=69.02415466308594 cases=None
[nnknn-rl] step=141530 episode=870 return=500.0 length=500 loss=None cases=None
[nnknn-rl] step=144939 episode=880 return=434.0 length=434 loss=197.1864013671875 cases=None
[nnknn-rl] step=147875 episode=890 return=292.0 length=292 loss=None cases=None
[nnknn-rl] finished profile=fast mean_eval_return=499.85 passed=True run_dir=results/rl/nnknn_rl_cartpole_20260801_100617_944588
{
  "task": "cartpole",
  "env_id": "CartPole-v1",
  "profile": "fast",
  "seed": 4,
  "total_timesteps": 150000,
  "configured_total_timesteps": 150000,
  "actual_timesteps": 150000,
  "eval_episodes": 20,
  "success_threshold": 475.0,
  "passed": true,
  "algorithm": "nnknn_actor_critic_separate_memory_gae",
  "actor_type": "mlp",
  "critic_type": "mlp",
  "architecture": {
    "separate_case_bases": true,
    "shared_nnknn_representation": false,
    "critic_target_shared_case_store": false,
    "actor_case_insertion": "raw_positive_advantage_only"
  },
  "gae": {
    "gamma": 0.99,
    "gae_lambda": 0.95,
    "advantage_clip": 5.0
  },
  "exploration": {
    "mode": "standard_stochastic_policy",
    "applies_to_actor": false,
    "initial_epsilon": 0.0,
    "final_epsilon": 0.0,
    "fraction": 0.5,
    "final_step_epsilon": 0.0,
    "readiness": {
      "min_case_entries": 32,
      "min_cases_per_action": 8
    }
  },
  "final_eval": {
    "episodes": 20,
    "seed": 10000,
    "mean_return": 499.8500061035156,
    "std_return": 0.6538348197937012,
    "min_return": 497.0,
    "max_return": 500.0,
    "mean_length": 499.8500061035156
  },
  "last_eval": {
    "episodes": 20,
    "seed": 10000,
    "mean_return": 365.79998779296875,
    "std_return": 71.49726867675781,
    "min_return": 241.0,
    "max_return": 500.0,
    "mean_length": 365.79998779296875
  },
  "selected_step": 69316,
  "selected_source": "best_eval",
  "training_efficiency": {
    "best_model_step": 69316,
    "best_model_training_fraction": 0.46210666666666667,
    "first_success_step": 25010,
    "first_success_training_fraction": 0.16673333333333334,
    "best_minus_last_return": 134.05001831054688,
    "budget_interpretation": "regressed_after_best"
  },
  "early_stopping": {
    "enabled": false,
    "patience": 30,
    "min_delta": 1.0,
    "min_steps": 25000,
    "target_score": 500.0,
    "best_mean_return": 499.8500061035156,
    "evaluations": 8,
    "evaluations_without_improvement": 2,
    "stopped_early": false,
    "stopping_reason": "budget_exhausted",
    "stopping_step": 150000
  },
  "case_entries": null,
  "critic_case_entries": null,
  "action_counts": null,
  "cases_pruned": 0,
  "cases_replaced": 0,
  "actor_cases_pruned": 0,
  "actor_cases_replaced": 0,
  "critic_cases_pruned": 0,
  "critic_cases_replaced": 0,
  "critic_label_updates": 0,
  "critic_label_update_samples": 0,
  "partial_rollout_segments": 1,
  "partial_rollout_samples": 171,
  "critic_target_enabled": false,
  "critic_target_value_mode": "none",
  "critic_target_sync_interval": 4,
  "critic_target_ema_tau": 0.05,
  "critic_target_value_syncs": 0,
  "critic_holdout_evaluations": 8,
  "latest_critic_holdout": {
    "global_step": 117258,
    "completed_episodes": 800,
    "diagnostic_index": 8,
    "critic_holdout_mse": 582.27294921875,
    "critic_holdout_explained_variance": 0.32564419507980347,
    "critic_holdout_value_mean": 59.92403793334961,
    "critic_holdout_target_mean": 69.4952163696289,
    "critic_holdout_samples": 1459,
    "critic_holdout_episodes": 5,
    "critic_holdout_environment_steps": 1459,
    "critic_holdout_mean_episode_return": 291.8,
    "critic_holdout_mean_episode_length": 291.8,
    "critic_holdout_behavior_epsilon": 0.0,
    "critic_holdout_truncated_bootstraps": 0,
    "critic_holdout_target_method": "discounted_monte_carlo_with_truncation_bootstrap",
    "critic_holdout_bootstrap_source": "online_value_model",
    "critic_holdout_seed": 30035
  },
  "run_dir": "results/rl/nnknn_rl_cartpole_20260801_100617_944588"
}
Checkpoint: results/rl/nnknn_rl_cartpole_20260801_100617_944588/checkpoint.pt
