[nnknn-rl] step=23 episode=1 return=23.0 length=23 loss=None cases=None
[nnknn-rl] step=36 episode=2 return=13.0 length=13 loss=None cases=None
[nnknn-rl] step=48 episode=3 return=12.0 length=12 loss=None cases=None
[nnknn-rl] step=66 episode=4 return=18.0 length=18 loss=54.66593933105469 cases=None
[nnknn-rl] step=92 episode=5 return=26.0 length=26 loss=None cases=None
[nnknn-rl] step=162 episode=10 return=14.0 length=14 loss=None cases=None
[nnknn-rl] step=378 episode=20 return=36.0 length=36 loss=93.64066314697266 cases=None
[nnknn-rl] step=540 episode=30 return=16.0 length=16 loss=None cases=None
[nnknn-rl] step=847 episode=40 return=35.0 length=35 loss=102.40457153320312 cases=None
[nnknn-rl] step=1135 episode=50 return=17.0 length=17 loss=None cases=None
[nnknn-rl] step=1396 episode=60 return=32.0 length=32 loss=112.91612243652344 cases=None
[nnknn-rl] step=1585 episode=70 return=16.0 length=16 loss=None cases=None
[nnknn-rl] step=1874 episode=80 return=41.0 length=41 loss=76.94683837890625 cases=None
[nnknn-rl] step=2219 episode=90 return=22.0 length=22 loss=None cases=None
[nnknn-rl][critic-holdout] step=2468 episodes=100 mse=324.5924 explained_variance=-0.0209
[nnknn-rl] step=2468 episode=100 return=20.0 length=20 loss=66.24201965332031 cases=None
[nnknn-rl][eval] step=2468 mean_return=230.50 max_return=432.00
[nnknn-rl] step=2768 episode=110 return=12.0 length=12 loss=None cases=None
[nnknn-rl] step=3162 episode=120 return=18.0 length=18 loss=124.98810577392578 cases=None
[nnknn-rl] step=3538 episode=130 return=51.0 length=51 loss=None cases=None
[nnknn-rl] step=3840 episode=140 return=17.0 length=17 loss=114.21395874023438 cases=None
[nnknn-rl] step=4169 episode=150 return=23.0 length=23 loss=None cases=None
[nnknn-rl] step=4592 episode=160 return=26.0 length=26 loss=124.43790435791016 cases=None
[nnknn-rl] step=4987 episode=170 return=21.0 length=21 loss=None cases=None
[nnknn-rl] step=5329 episode=180 return=47.0 length=47 loss=109.92253112792969 cases=None
[nnknn-rl] step=5725 episode=190 return=29.0 length=29 loss=None cases=None
[nnknn-rl][critic-holdout] step=6295 episodes=200 mse=140.3832 explained_variance=-0.1322
[nnknn-rl] step=6295 episode=200 return=123.0 length=123 loss=158.51629638671875 cases=None
[nnknn-rl][eval] step=6295 mean_return=157.55 max_return=321.00
[nnknn-rl] step=6764 episode=210 return=21.0 length=21 loss=None cases=None
[nnknn-rl] step=7193 episode=220 return=50.0 length=50 loss=93.69031524658203 cases=None
[nnknn-rl] step=7714 episode=230 return=54.0 length=54 loss=None cases=None
[nnknn-rl] step=8076 episode=240 return=17.0 length=17 loss=87.96778106689453 cases=None
[nnknn-rl] step=8767 episode=250 return=101.0 length=101 loss=None cases=None
[nnknn-rl] step=9366 episode=260 return=63.0 length=63 loss=130.5355987548828 cases=None
[nnknn-rl] step=10024 episode=270 return=76.0 length=76 loss=None cases=None
[nnknn-rl] step=10957 episode=280 return=102.0 length=102 loss=162.2399444580078 cases=None
[nnknn-rl] step=11722 episode=290 return=107.0 length=107 loss=None cases=None
[nnknn-rl][critic-holdout] step=12386 episodes=300 mse=855.3975 explained_variance=-0.0393
[nnknn-rl] step=12386 episode=300 return=38.0 length=38 loss=126.42147064208984 cases=None
[nnknn-rl][eval] step=12386 mean_return=417.85 max_return=500.00
[nnknn-rl] step=13102 episode=310 return=113.0 length=113 loss=None cases=None
[nnknn-rl] step=13934 episode=320 return=83.0 length=83 loss=151.67027282714844 cases=None
[nnknn-rl] step=14500 episode=330 return=33.0 length=33 loss=None cases=None
[nnknn-rl] step=15992 episode=340 return=194.0 length=194 loss=184.69186401367188 cases=None
[nnknn-rl] step=16876 episode=350 return=90.0 length=90 loss=None cases=None
[nnknn-rl] step=18001 episode=360 return=81.0 length=81 loss=150.24647521972656 cases=None
[nnknn-rl] step=19188 episode=370 return=100.0 length=100 loss=None cases=None
[nnknn-rl] step=20788 episode=380 return=376.0 length=376 loss=167.15225219726562 cases=None
[nnknn-rl] step=22501 episode=390 return=165.0 length=165 loss=None cases=None
[nnknn-rl][critic-holdout] step=24180 episodes=400 mse=2396.0222 explained_variance=-0.3326
[nnknn-rl] step=24180 episode=400 return=87.0 length=87 loss=184.9439697265625 cases=None
[nnknn-rl][eval] step=24180 mean_return=404.95 max_return=500.00
[nnknn-rl] step=25672 episode=410 return=91.0 length=91 loss=None cases=None
[nnknn-rl] step=27373 episode=420 return=53.0 length=53 loss=158.80810546875 cases=None
[nnknn-rl] step=29437 episode=430 return=202.0 length=202 loss=None cases=None
[nnknn-rl] step=31175 episode=440 return=165.0 length=165 loss=161.93914794921875 cases=None
[nnknn-rl] step=33173 episode=450 return=185.0 length=185 loss=None cases=None
[nnknn-rl] step=35124 episode=460 return=169.0 length=169 loss=176.93299865722656 cases=None
[nnknn-rl] step=37229 episode=470 return=272.0 length=272 loss=None cases=None
[nnknn-rl] step=39064 episode=480 return=199.0 length=199 loss=197.22386169433594 cases=None
[nnknn-rl] step=40997 episode=490 return=177.0 length=177 loss=None cases=None
[nnknn-rl][critic-holdout] step=43561 episodes=500 mse=1608.6602 explained_variance=-0.4761
[nnknn-rl] step=43561 episode=500 return=304.0 length=304 loss=211.61187744140625 cases=None
[nnknn-rl][eval] step=43561 mean_return=260.45 max_return=365.00
[nnknn-rl] step=45127 episode=510 return=153.0 length=153 loss=None cases=None
[nnknn-rl] step=47051 episode=520 return=194.0 length=194 loss=167.00558471679688 cases=None
[nnknn-rl] step=48867 episode=530 return=334.0 length=334 loss=None cases=None
[nnknn-rl] step=51131 episode=540 return=279.0 length=279 loss=160.1160430908203 cases=None
[nnknn-rl] step=53429 episode=550 return=241.0 length=241 loss=None cases=None
[nnknn-rl] step=56146 episode=560 return=151.0 length=151 loss=143.20794677734375 cases=None
[nnknn-rl] step=58004 episode=570 return=116.0 length=116 loss=None cases=None
[nnknn-rl] step=60502 episode=580 return=192.0 length=192 loss=201.59793090820312 cases=None
[nnknn-rl] step=62685 episode=590 return=231.0 length=231 loss=None cases=None
[nnknn-rl][critic-holdout] step=64200 episodes=600 mse=923.9833 explained_variance=-0.1748
[nnknn-rl] step=64200 episode=600 return=134.0 length=134 loss=248.114013671875 cases=None
[nnknn-rl][eval] step=64200 mean_return=229.85 max_return=320.00
[nnknn-rl] step=66357 episode=610 return=192.0 length=192 loss=None cases=None
[nnknn-rl] step=69005 episode=620 return=345.0 length=345 loss=150.34832763671875 cases=None
[nnknn-rl] step=71958 episode=630 return=182.0 length=182 loss=None cases=None
[nnknn-rl] step=74168 episode=640 return=169.0 length=169 loss=147.19680786132812 cases=None
[nnknn-rl] step=76761 episode=650 return=166.0 length=166 loss=None cases=None
[nnknn-rl] step=79469 episode=660 return=177.0 length=177 loss=231.249267578125 cases=None
[nnknn-rl] step=82533 episode=670 return=417.0 length=417 loss=None cases=None
[nnknn-rl] step=84810 episode=680 return=165.0 length=165 loss=163.50314331054688 cases=None
[nnknn-rl] step=87141 episode=690 return=289.0 length=289 loss=None cases=None
[nnknn-rl][critic-holdout] step=89988 episodes=700 mse=1088.8678 explained_variance=-0.6296
[nnknn-rl] step=89988 episode=700 return=233.0 length=233 loss=213.88084411621094 cases=None
[nnknn-rl][eval] step=89988 mean_return=415.85 max_return=500.00
[nnknn-rl] step=92532 episode=710 return=293.0 length=293 loss=None cases=None
[nnknn-rl] step=95528 episode=720 return=350.0 length=350 loss=212.79058837890625 cases=None
[nnknn-rl] step=98834 episode=730 return=379.0 length=379 loss=None cases=None
[nnknn-rl] step=102014 episode=740 return=445.0 length=445 loss=153.673095703125 cases=None
[nnknn-rl] step=104891 episode=750 return=269.0 length=269 loss=None cases=None
[nnknn-rl] step=107118 episode=760 return=185.0 length=185 loss=217.82008361816406 cases=None
[nnknn-rl] step=109293 episode=770 return=177.0 length=177 loss=None cases=None
[nnknn-rl] step=111108 episode=780 return=306.0 length=306 loss=134.84408569335938 cases=None
[nnknn-rl] step=113067 episode=790 return=183.0 length=183 loss=None cases=None
[nnknn-rl][critic-holdout] step=114687 episodes=800 mse=287.4479 explained_variance=0.6602
[nnknn-rl] step=114687 episode=800 return=167.0 length=167 loss=74.7024917602539 cases=None
[nnknn-rl][eval] step=114687 mean_return=176.05 max_return=230.00
[nnknn-rl] step=116054 episode=810 return=65.0 length=65 loss=None cases=None
[nnknn-rl] step=118080 episode=820 return=163.0 length=163 loss=41.243736267089844 cases=None
[nnknn-rl] step=119692 episode=830 return=55.0 length=55 loss=None cases=None
[nnknn-rl] step=121383 episode=840 return=200.0 length=200 loss=55.11021041870117 cases=None
[nnknn-rl] step=123172 episode=850 return=298.0 length=298 loss=None cases=None
[nnknn-rl] step=124838 episode=860 return=188.0 length=188 loss=15.465706825256348 cases=None
[nnknn-rl] step=126258 episode=870 return=147.0 length=147 loss=None cases=None
[nnknn-rl] step=127491 episode=880 return=144.0 length=144 loss=17.950714111328125 cases=None
[nnknn-rl] step=129094 episode=890 return=124.0 length=124 loss=None cases=None
[nnknn-rl][critic-holdout] step=131385 episodes=900 mse=606.4528 explained_variance=0.1143
[nnknn-rl] step=131385 episode=900 return=270.0 length=270 loss=84.86871337890625 cases=None
[nnknn-rl][eval] step=131385 mean_return=402.30 max_return=500.00
[nnknn-rl] step=133800 episode=910 return=242.0 length=242 loss=None cases=None
[nnknn-rl] step=136977 episode=920 return=443.0 length=443 loss=101.07127380371094 cases=None
[nnknn-rl] step=139784 episode=930 return=211.0 length=211 loss=None cases=None
[nnknn-rl] step=141799 episode=940 return=146.0 length=146 loss=332.0353698730469 cases=None
[nnknn-rl] step=144237 episode=950 return=165.0 length=165 loss=None cases=None
[nnknn-rl] step=146291 episode=960 return=217.0 length=217 loss=242.19338989257812 cases=None
[nnknn-rl] step=148434 episode=970 return=214.0 length=214 loss=None cases=None
[nnknn-rl] finished profile=fast mean_eval_return=417.85 passed=False run_dir=results/rl/nnknn_rl_cartpole_20260801_100617_641145
{
  "task": "cartpole",
  "env_id": "CartPole-v1",
  "profile": "fast",
  "seed": 3,
  "total_timesteps": 150000,
  "configured_total_timesteps": 150000,
  "actual_timesteps": 150000,
  "eval_episodes": 20,
  "success_threshold": 475.0,
  "passed": false,
  "algorithm": "nnknn_actor_critic_separate_memory_gae",
  "actor_type": "mlp",
  "critic_type": "mlp",
  "architecture": {
    "separate_case_bases": true,
    "shared_nnknn_representation": false,
    "critic_target_shared_case_store": false,
    "actor_case_insertion": "raw_positive_advantage_only"
  },
  "gae": {
    "gamma": 0.99,
    "gae_lambda": 0.95,
    "advantage_clip": 5.0
  },
  "exploration": {
    "mode": "standard_stochastic_policy",
    "applies_to_actor": false,
    "initial_epsilon": 0.0,
    "final_epsilon": 0.0,
    "fraction": 0.5,
    "final_step_epsilon": 0.0,
    "readiness": {
      "min_case_entries": 32,
      "min_cases_per_action": 8
    }
  },
  "final_eval": {
    "episodes": 20,
    "seed": 10000,
    "mean_return": 417.8500061035156,
    "std_return": 101.21377563476562,
    "min_return": 149.0,
    "max_return": 500.0,
    "mean_length": 417.8500061035156
  },
  "last_eval": {
    "episodes": 20,
    "seed": 10000,
    "mean_return": 213.3000030517578,
    "std_return": 23.33473777770996,
    "min_return": 177.0,
    "max_return": 287.0,
    "mean_length": 213.3000030517578
  },
  "selected_step": 12386,
  "selected_source": "best_eval",
  "training_efficiency": {
    "best_model_step": 12386,
    "best_model_training_fraction": 0.08257333333333333,
    "first_success_step": null,
    "first_success_training_fraction": null,
    "best_minus_last_return": 204.5500030517578,
    "budget_interpretation": "unsolved_or_underfit"
  },
  "early_stopping": {
    "enabled": false,
    "patience": 30,
    "min_delta": 1.0,
    "min_steps": 25000,
    "target_score": 500.0,
    "best_mean_return": 417.8500061035156,
    "evaluations": 9,
    "evaluations_without_improvement": 5,
    "stopped_early": false,
    "stopping_reason": "budget_exhausted",
    "stopping_step": 150000
  },
  "case_entries": null,
  "critic_case_entries": null,
  "action_counts": null,
  "cases_pruned": 0,
  "cases_replaced": 0,
  "actor_cases_pruned": 0,
  "actor_cases_replaced": 0,
  "critic_cases_pruned": 0,
  "critic_cases_replaced": 0,
  "critic_label_updates": 0,
  "critic_label_update_samples": 0,
  "partial_rollout_segments": 1,
  "partial_rollout_samples": 111,
  "critic_target_enabled": false,
  "critic_target_value_mode": "none",
  "critic_target_sync_interval": 4,
  "critic_target_ema_tau": 0.05,
  "critic_target_value_syncs": 0,
  "critic_holdout_evaluations": 9,
  "latest_critic_holdout": {
    "global_step": 131385,
    "completed_episodes": 900,
    "diagnostic_index": 9,
    "critic_holdout_mse": 606.4527587890625,
    "critic_holdout_explained_variance": 0.11425930261611938,
    "critic_holdout_value_mean": 61.749122619628906,
    "critic_holdout_target_mean": 64.16395568847656,
    "critic_holdout_samples": 1233,
    "critic_holdout_episodes": 5,
    "critic_holdout_environment_steps": 1233,
    "critic_holdout_mean_episode_return": 246.6,
    "critic_holdout_mean_episode_length": 246.6,
    "critic_holdout_behavior_epsilon": 0.0,
    "critic_holdout_truncated_bootstraps": 0,
    "critic_holdout_target_method": "discounted_monte_carlo_with_truncation_bootstrap",
    "critic_holdout_bootstrap_source": "online_value_model",
    "critic_holdout_seed": 30040
  },
  "run_dir": "results/rl/nnknn_rl_cartpole_20260801_100617_641145"
}
Checkpoint: results/rl/nnknn_rl_cartpole_20260801_100617_641145/checkpoint.pt
