[nnknn-rl] step=13 episode=1 return=13.0 length=13 loss=None cases=None
[nnknn-rl] step=38 episode=2 return=25.0 length=25 loss=None cases=None
[nnknn-rl] step=59 episode=3 return=21.0 length=21 loss=None cases=None
[nnknn-rl] step=67 episode=4 return=8.0 length=8 loss=63.0712776184082 cases=None
[nnknn-rl] step=89 episode=5 return=22.0 length=22 loss=None cases=None
[nnknn-rl] step=162 episode=10 return=16.0 length=16 loss=None cases=None
[nnknn-rl] step=411 episode=20 return=43.0 length=43 loss=96.7387466430664 cases=None
[nnknn-rl] step=621 episode=30 return=10.0 length=10 loss=None cases=None
[nnknn-rl] step=882 episode=40 return=14.0 length=14 loss=60.38325119018555 cases=None
[nnknn-rl] step=1199 episode=50 return=32.0 length=32 loss=None cases=None
[nnknn-rl] step=1475 episode=60 return=42.0 length=42 loss=113.01067352294922 cases=None
[nnknn-rl] step=1758 episode=70 return=28.0 length=28 loss=None cases=None
[nnknn-rl] step=2076 episode=80 return=16.0 length=16 loss=103.205810546875 cases=None
[nnknn-rl] step=2305 episode=90 return=23.0 length=23 loss=None cases=None
[nnknn-rl][critic-holdout] step=2700 episodes=100 mse=573.7733 explained_variance=-0.0119
[nnknn-rl] step=2700 episode=100 return=115.0 length=115 loss=167.5118408203125 cases=None
[nnknn-rl][eval] step=2700 mean_return=35.15 max_return=46.00
[nnknn-rl] step=3133 episode=110 return=45.0 length=45 loss=None cases=None
[nnknn-rl] step=3445 episode=120 return=24.0 length=24 loss=60.71543884277344 cases=None
[nnknn-rl] step=3856 episode=130 return=32.0 length=32 loss=None cases=None
[nnknn-rl] step=4251 episode=140 return=84.0 length=84 loss=128.83807373046875 cases=None
[nnknn-rl] step=4551 episode=150 return=29.0 length=29 loss=None cases=None
[nnknn-rl] step=4912 episode=160 return=54.0 length=54 loss=113.62162017822266 cases=None
[nnknn-rl] step=5365 episode=170 return=33.0 length=33 loss=None cases=None
[nnknn-rl] step=5984 episode=180 return=22.0 length=22 loss=156.6095733642578 cases=None
[nnknn-rl] step=6326 episode=190 return=22.0 length=22 loss=None cases=None
[nnknn-rl][critic-holdout] step=6683 episodes=200 mse=337.9851 explained_variance=-0.0485
[nnknn-rl] step=6683 episode=200 return=36.0 length=36 loss=60.920989990234375 cases=None
[nnknn-rl][eval] step=6683 mean_return=255.00 max_return=406.00
[nnknn-rl] step=7004 episode=210 return=36.0 length=36 loss=None cases=None
[nnknn-rl] step=7436 episode=220 return=16.0 length=16 loss=24.704801559448242 cases=None
[nnknn-rl] step=7881 episode=230 return=84.0 length=84 loss=None cases=None
[nnknn-rl] step=8417 episode=240 return=30.0 length=30 loss=143.0937957763672 cases=None
[nnknn-rl] step=8950 episode=250 return=65.0 length=65 loss=None cases=None
[nnknn-rl] step=9434 episode=260 return=70.0 length=70 loss=99.79645538330078 cases=None
[nnknn-rl] step=10084 episode=270 return=76.0 length=76 loss=None cases=None
[nnknn-rl] step=10737 episode=280 return=112.0 length=112 loss=124.32894134521484 cases=None
[nnknn-rl] step=11132 episode=290 return=30.0 length=30 loss=None cases=None
[nnknn-rl][critic-holdout] step=11772 episodes=300 mse=342.4443 explained_variance=-0.0612
[nnknn-rl] step=11772 episode=300 return=54.0 length=54 loss=164.9932098388672 cases=None
[nnknn-rl][eval] step=11772 mean_return=481.35 max_return=500.00
[nnknn-rl] step=12338 episode=310 return=43.0 length=43 loss=None cases=None
[nnknn-rl] step=13116 episode=320 return=42.0 length=42 loss=120.60730743408203 cases=None
[nnknn-rl] step=13934 episode=330 return=69.0 length=69 loss=None cases=None
[nnknn-rl] step=14369 episode=340 return=40.0 length=40 loss=84.72590637207031 cases=None
[nnknn-rl] step=15395 episode=350 return=188.0 length=188 loss=None cases=None
[nnknn-rl] step=16426 episode=360 return=36.0 length=36 loss=177.2743377685547 cases=None
[nnknn-rl] step=17341 episode=370 return=92.0 length=92 loss=None cases=None
[nnknn-rl] step=18537 episode=380 return=247.0 length=247 loss=175.59530639648438 cases=None
[nnknn-rl] step=19877 episode=390 return=288.0 length=288 loss=None cases=None
[nnknn-rl][critic-holdout] step=21064 episodes=400 mse=885.7948 explained_variance=-0.2885
[nnknn-rl] step=21064 episode=400 return=105.0 length=105 loss=166.0786590576172 cases=None
[nnknn-rl][eval] step=21064 mean_return=402.95 max_return=500.00
[nnknn-rl] step=22148 episode=410 return=64.0 length=64 loss=None cases=None
[nnknn-rl] step=23232 episode=420 return=70.0 length=70 loss=191.492919921875 cases=None
[nnknn-rl] step=24766 episode=430 return=102.0 length=102 loss=None cases=None
[nnknn-rl] step=26042 episode=440 return=105.0 length=105 loss=170.8153839111328 cases=None
[nnknn-rl] step=27635 episode=450 return=302.0 length=302 loss=None cases=None
[nnknn-rl] step=29215 episode=460 return=98.0 length=98 loss=161.22447204589844 cases=None
[nnknn-rl] step=30808 episode=470 return=203.0 length=203 loss=None cases=None
[nnknn-rl] step=32227 episode=480 return=99.0 length=99 loss=149.6165313720703 cases=None
[nnknn-rl] step=34292 episode=490 return=180.0 length=180 loss=None cases=None
[nnknn-rl][critic-holdout] step=36241 episodes=500 mse=1404.3708 explained_variance=-0.3672
[nnknn-rl] step=36241 episode=500 return=126.0 length=126 loss=183.75953674316406 cases=None
[nnknn-rl][eval] step=36241 mean_return=485.95 max_return=500.00
[nnknn-rl] step=37985 episode=510 return=262.0 length=262 loss=None cases=None
[nnknn-rl] step=40083 episode=520 return=196.0 length=196 loss=158.3328399658203 cases=None
[nnknn-rl] step=42050 episode=530 return=293.0 length=293 loss=None cases=None
[nnknn-rl] step=44044 episode=540 return=180.0 length=180 loss=210.86656188964844 cases=None
[nnknn-rl] step=45910 episode=550 return=136.0 length=136 loss=None cases=None
[nnknn-rl] step=48073 episode=560 return=190.0 length=190 loss=148.25733947753906 cases=None
[nnknn-rl] step=50307 episode=570 return=243.0 length=243 loss=None cases=None
[nnknn-rl] step=52991 episode=580 return=208.0 length=208 loss=178.77456665039062 cases=None
[nnknn-rl] step=55309 episode=590 return=167.0 length=167 loss=None cases=None
[nnknn-rl][critic-holdout] step=58009 episodes=600 mse=788.5678 explained_variance=-0.2997
[nnknn-rl] step=58009 episode=600 return=164.0 length=164 loss=163.45977783203125 cases=None
[nnknn-rl][eval] step=58009 mean_return=490.25 max_return=500.00
[nnknn-rl] step=60434 episode=610 return=207.0 length=207 loss=None cases=None
[nnknn-rl] step=62518 episode=620 return=196.0 length=196 loss=238.86256408691406 cases=None
[nnknn-rl] step=64713 episode=630 return=500.0 length=500 loss=None cases=None
[nnknn-rl] step=67608 episode=640 return=264.0 length=264 loss=166.56640625 cases=None
[nnknn-rl] step=71180 episode=650 return=303.0 length=303 loss=None cases=None
[nnknn-rl] step=74109 episode=660 return=125.0 length=125 loss=156.11349487304688 cases=None
[nnknn-rl] step=76902 episode=670 return=241.0 length=241 loss=None cases=None
[nnknn-rl] step=79486 episode=680 return=244.0 length=244 loss=149.1776123046875 cases=None
[nnknn-rl] step=81538 episode=690 return=208.0 length=208 loss=None cases=None
[nnknn-rl][critic-holdout] step=84446 episodes=700 mse=613.0867 explained_variance=0.0439
[nnknn-rl] step=84446 episode=700 return=330.0 length=330 loss=179.0368194580078 cases=None
[nnknn-rl][eval] step=84446 mean_return=349.05 max_return=500.00
[nnknn-rl] step=87350 episode=710 return=270.0 length=270 loss=None cases=None
[nnknn-rl] step=90040 episode=720 return=182.0 length=182 loss=82.44226837158203 cases=None
[nnknn-rl] step=92753 episode=730 return=195.0 length=195 loss=None cases=None
[nnknn-rl] step=96067 episode=740 return=245.0 length=245 loss=83.13191223144531 cases=None
[nnknn-rl] step=98623 episode=750 return=254.0 length=254 loss=None cases=None
[nnknn-rl] step=101671 episode=760 return=263.0 length=263 loss=174.84873962402344 cases=None
[nnknn-rl] step=105263 episode=770 return=169.0 length=169 loss=None cases=None
[nnknn-rl] step=108028 episode=780 return=180.0 length=180 loss=164.37881469726562 cases=None
[nnknn-rl] step=110885 episode=790 return=190.0 length=190 loss=None cases=None
[nnknn-rl][critic-holdout] step=113448 episodes=800 mse=602.2231 explained_variance=0.2582
[nnknn-rl] step=113448 episode=800 return=235.0 length=235 loss=143.51922607421875 cases=None
[nnknn-rl][eval] step=113448 mean_return=432.80 max_return=500.00
[nnknn-rl] step=115529 episode=810 return=259.0 length=259 loss=None cases=None
[nnknn-rl] step=118018 episode=820 return=177.0 length=177 loss=93.45589447021484 cases=None
[nnknn-rl] step=120651 episode=830 return=178.0 length=178 loss=None cases=None
[nnknn-rl] step=123552 episode=840 return=287.0 length=287 loss=50.49509811401367 cases=None
[nnknn-rl] step=126401 episode=850 return=194.0 length=194 loss=None cases=None
[nnknn-rl] step=129303 episode=860 return=193.0 length=193 loss=55.18947982788086 cases=None
[nnknn-rl] step=132151 episode=870 return=458.0 length=458 loss=None cases=None
[nnknn-rl] step=135132 episode=880 return=303.0 length=303 loss=86.37519073486328 cases=None
[nnknn-rl] step=137860 episode=890 return=500.0 length=500 loss=None cases=None
[nnknn-rl][critic-holdout] step=140933 episodes=900 mse=220.3939 explained_variance=0.6716
[nnknn-rl] step=140933 episode=900 return=500.0 length=500 loss=49.48257827758789 cases=None
[nnknn-rl][eval] step=140933 mean_return=493.20 max_return=500.00
[nnknn-rl] step=144502 episode=910 return=234.0 length=234 loss=None cases=None
[nnknn-rl] step=147619 episode=920 return=397.0 length=397 loss=50.342288970947266 cases=None
[nnknn-rl] finished profile=fast mean_eval_return=493.20 passed=True run_dir=results/rl/nnknn_rl_cartpole_20260801_100617_764055
{
  "task": "cartpole",
  "env_id": "CartPole-v1",
  "profile": "fast",
  "seed": 1,
  "total_timesteps": 150000,
  "configured_total_timesteps": 150000,
  "actual_timesteps": 150000,
  "eval_episodes": 20,
  "success_threshold": 475.0,
  "passed": true,
  "algorithm": "nnknn_actor_critic_separate_memory_gae",
  "actor_type": "mlp",
  "critic_type": "mlp",
  "architecture": {
    "separate_case_bases": true,
    "shared_nnknn_representation": false,
    "critic_target_shared_case_store": false,
    "actor_case_insertion": "raw_positive_advantage_only"
  },
  "gae": {
    "gamma": 0.99,
    "gae_lambda": 0.95,
    "advantage_clip": 5.0
  },
  "exploration": {
    "mode": "standard_stochastic_policy",
    "applies_to_actor": false,
    "initial_epsilon": 0.0,
    "final_epsilon": 0.0,
    "fraction": 0.5,
    "final_step_epsilon": 0.0,
    "readiness": {
      "min_case_entries": 32,
      "min_cases_per_action": 8
    }
  },
  "final_eval": {
    "episodes": 20,
    "seed": 10000,
    "mean_return": 493.20001220703125,
    "std_return": 21.99454689025879,
    "min_return": 406.0,
    "max_return": 500.0,
    "mean_length": 493.20001220703125
  },
  "last_eval": {
    "episodes": 20,
    "seed": 10000,
    "mean_return": 437.75,
    "std_return": 90.55543518066406,
    "min_return": 262.0,
    "max_return": 500.0,
    "mean_length": 437.75
  },
  "selected_step": 140933,
  "selected_source": "best_eval",
  "training_efficiency": {
    "best_model_step": 140933,
    "best_model_training_fraction": 0.9395533333333334,
    "first_success_step": 11772,
    "first_success_training_fraction": 0.07848,
    "best_minus_last_return": 55.45001220703125,
    "budget_interpretation": "regressed_after_best"
  },
  "early_stopping": {
    "enabled": false,
    "patience": 30,
    "min_delta": 1.0,
    "min_steps": 25000,
    "target_score": 500.0,
    "best_mean_return": 493.20001220703125,
    "evaluations": 9,
    "evaluations_without_improvement": 0,
    "stopped_early": false,
    "stopping_reason": "budget_exhausted",
    "stopping_step": 150000
  },
  "case_entries": null,
  "critic_case_entries": null,
  "action_counts": null,
  "cases_pruned": 0,
  "cases_replaced": 0,
  "actor_cases_pruned": 0,
  "actor_cases_replaced": 0,
  "critic_cases_pruned": 0,
  "critic_cases_replaced": 0,
  "critic_label_updates": 0,
  "critic_label_update_samples": 0,
  "partial_rollout_segments": 1,
  "partial_rollout_samples": 294,
  "critic_target_enabled": false,
  "critic_target_value_mode": "none",
  "critic_target_sync_interval": 4,
  "critic_target_ema_tau": 0.05,
  "critic_target_value_syncs": 0,
  "critic_holdout_evaluations": 9,
  "latest_critic_holdout": {
    "global_step": 140933,
    "completed_episodes": 900,
    "diagnostic_index": 9,
    "critic_holdout_mse": 220.39389038085938,
    "critic_holdout_explained_variance": 0.6716116666793823,
    "critic_holdout_value_mean": 72.3389892578125,
    "critic_holdout_target_mean": 76.04874420166016,
    "critic_holdout_samples": 1656,
    "critic_holdout_episodes": 5,
    "critic_holdout_environment_steps": 1656,
    "critic_holdout_mean_episode_return": 331.2,
    "critic_holdout_mean_episode_length": 331.2,
    "critic_holdout_behavior_epsilon": 0.0,
    "critic_holdout_truncated_bootstraps": 1,
    "critic_holdout_target_method": "discounted_monte_carlo_with_truncation_bootstrap",
    "critic_holdout_bootstrap_source": "online_value_model",
    "critic_holdout_seed": 30040
  },
  "run_dir": "results/rl/nnknn_rl_cartpole_20260801_100617_764055"
}
Checkpoint: results/rl/nnknn_rl_cartpole_20260801_100617_764055/checkpoint.pt
