[nnknn-rl] step=30 episode=1 return=30.0 length=30 loss=None cases=None
[nnknn-rl] step=45 episode=2 return=15.0 length=15 loss=None cases=None
[nnknn-rl] step=62 episode=3 return=17.0 length=17 loss=None cases=None
[nnknn-rl] step=72 episode=4 return=10.0 length=10 loss=67.17082214355469 cases=None
[nnknn-rl] step=81 episode=5 return=9.0 length=9 loss=None cases=None
[nnknn-rl] step=160 episode=10 return=16.0 length=16 loss=None cases=None
[nnknn-rl] step=383 episode=20 return=14.0 length=14 loss=89.03437042236328 cases=None
[nnknn-rl] step=627 episode=30 return=39.0 length=39 loss=None cases=None
[nnknn-rl] step=879 episode=40 return=18.0 length=18 loss=92.58714294433594 cases=None
[nnknn-rl] step=1260 episode=50 return=31.0 length=31 loss=None cases=None
[nnknn-rl] step=1507 episode=60 return=43.0 length=43 loss=129.66053771972656 cases=None
[nnknn-rl] step=1773 episode=70 return=16.0 length=16 loss=None cases=None
[nnknn-rl] step=2077 episode=80 return=33.0 length=33 loss=70.79241943359375 cases=None
[nnknn-rl] step=2325 episode=90 return=10.0 length=10 loss=None cases=None
[nnknn-rl][critic-holdout] step=2594 episodes=100 mse=384.8877 explained_variance=-0.0162
[nnknn-rl] step=2594 episode=100 return=12.0 length=12 loss=60.89973449707031 cases=None
[nnknn-rl][eval] step=2594 mean_return=105.25 max_return=500.00
[nnknn-rl] step=2932 episode=110 return=11.0 length=11 loss=None cases=None
[nnknn-rl] step=3333 episode=120 return=13.0 length=13 loss=59.19631576538086 cases=None
[nnknn-rl] step=3858 episode=130 return=102.0 length=102 loss=None cases=None
[nnknn-rl] step=4393 episode=140 return=49.0 length=49 loss=143.0558319091797 cases=None
[nnknn-rl] step=4647 episode=150 return=44.0 length=44 loss=None cases=None
[nnknn-rl] step=5073 episode=160 return=30.0 length=30 loss=124.23683166503906 cases=None
[nnknn-rl] step=5528 episode=170 return=30.0 length=30 loss=None cases=None
[nnknn-rl] step=6054 episode=180 return=17.0 length=17 loss=154.98333740234375 cases=None
[nnknn-rl] step=6653 episode=190 return=68.0 length=68 loss=None cases=None
[nnknn-rl][critic-holdout] step=7162 episodes=200 mse=786.4921 explained_variance=-0.0100
[nnknn-rl] step=7162 episode=200 return=25.0 length=25 loss=110.3787841796875 cases=None
[nnknn-rl][eval] step=7162 mean_return=78.50 max_return=131.00
[nnknn-rl] step=7715 episode=210 return=98.0 length=98 loss=None cases=None
[nnknn-rl] step=8258 episode=220 return=43.0 length=43 loss=108.32186889648438 cases=None
[nnknn-rl] step=8802 episode=230 return=49.0 length=49 loss=None cases=None
[nnknn-rl] step=9395 episode=240 return=82.0 length=82 loss=127.49380493164062 cases=None
[nnknn-rl] step=10161 episode=250 return=25.0 length=25 loss=None cases=None
[nnknn-rl] step=10888 episode=260 return=130.0 length=130 loss=134.1932830810547 cases=None
[nnknn-rl] step=11909 episode=270 return=81.0 length=81 loss=None cases=None
[nnknn-rl] step=12844 episode=280 return=126.0 length=126 loss=163.83045959472656 cases=None
[nnknn-rl] step=13692 episode=290 return=38.0 length=38 loss=None cases=None
[nnknn-rl][critic-holdout] step=14687 episodes=300 mse=1216.2019 explained_variance=-0.1821
[nnknn-rl] step=14687 episode=300 return=94.0 length=94 loss=177.39930725097656 cases=None
[nnknn-rl][eval] step=14687 mean_return=469.15 max_return=500.00
[nnknn-rl] step=15852 episode=310 return=181.0 length=181 loss=None cases=None
[nnknn-rl] step=16952 episode=320 return=35.0 length=35 loss=159.42364501953125 cases=None
[nnknn-rl] step=18124 episode=330 return=120.0 length=120 loss=None cases=None
[nnknn-rl] step=19420 episode=340 return=103.0 length=103 loss=188.289794921875 cases=None
[nnknn-rl] step=20555 episode=350 return=284.0 length=284 loss=None cases=None
[nnknn-rl] step=22136 episode=360 return=63.0 length=63 loss=162.74916076660156 cases=None
[nnknn-rl] step=23369 episode=370 return=72.0 length=72 loss=None cases=None
[nnknn-rl] step=25113 episode=380 return=68.0 length=68 loss=159.14840698242188 cases=None
[nnknn-rl] step=27112 episode=390 return=193.0 length=193 loss=None cases=None
[nnknn-rl][critic-holdout] step=28807 episodes=400 mse=1320.1223 explained_variance=-0.4931
[nnknn-rl] step=28807 episode=400 return=150.0 length=150 loss=218.38233947753906 cases=None
[nnknn-rl][eval] step=28807 mean_return=474.10 max_return=500.00
[nnknn-rl] step=30486 episode=410 return=236.0 length=236 loss=None cases=None
[nnknn-rl] step=32634 episode=420 return=233.0 length=233 loss=167.55679321289062 cases=None
[nnknn-rl] step=34471 episode=430 return=149.0 length=149 loss=None cases=None
[nnknn-rl] step=36196 episode=440 return=227.0 length=227 loss=201.09007263183594 cases=None
[nnknn-rl] step=38019 episode=450 return=199.0 length=199 loss=None cases=None
[nnknn-rl] step=40432 episode=460 return=236.0 length=236 loss=189.7224884033203 cases=None
[nnknn-rl] step=42595 episode=470 return=231.0 length=231 loss=None cases=None
[nnknn-rl] step=44686 episode=480 return=223.0 length=223 loss=257.3136901855469 cases=None
[nnknn-rl] step=46964 episode=490 return=115.0 length=115 loss=None cases=None
[nnknn-rl][critic-holdout] step=49597 episodes=500 mse=1318.0536 explained_variance=-0.4382
[nnknn-rl] step=49597 episode=500 return=462.0 length=462 loss=136.49888610839844 cases=None
[nnknn-rl][eval] step=49597 mean_return=499.60 max_return=500.00
[nnknn-rl] step=52903 episode=510 return=475.0 length=475 loss=None cases=None
[nnknn-rl] step=55489 episode=520 return=215.0 length=215 loss=160.14234924316406 cases=None
[nnknn-rl] step=57866 episode=530 return=241.0 length=241 loss=None cases=None
[nnknn-rl] step=60698 episode=540 return=54.0 length=54 loss=120.28461456298828 cases=None
[nnknn-rl] step=63282 episode=550 return=228.0 length=228 loss=None cases=None
[nnknn-rl] step=65263 episode=560 return=252.0 length=252 loss=251.20840454101562 cases=None
[nnknn-rl] step=66525 episode=570 return=225.0 length=225 loss=None cases=None
[nnknn-rl] step=68174 episode=580 return=179.0 length=179 loss=332.4193420410156 cases=None
[nnknn-rl] step=69938 episode=590 return=188.0 length=188 loss=None cases=None
[nnknn-rl][critic-holdout] step=72017 episodes=600 mse=738.7035 explained_variance=-0.1694
[nnknn-rl] step=72017 episode=600 return=208.0 length=208 loss=193.5886688232422 cases=None
[nnknn-rl][eval] step=72017 mean_return=222.50 max_return=309.00
[nnknn-rl] step=73844 episode=610 return=156.0 length=156 loss=None cases=None
[nnknn-rl] step=75746 episode=620 return=151.0 length=151 loss=188.77548217773438 cases=None
[nnknn-rl] step=77414 episode=630 return=72.0 length=72 loss=None cases=None
[nnknn-rl] step=79210 episode=640 return=132.0 length=132 loss=167.16961669921875 cases=None
[nnknn-rl] step=80927 episode=650 return=161.0 length=161 loss=None cases=None
[nnknn-rl] step=82634 episode=660 return=213.0 length=213 loss=110.81168365478516 cases=None
[nnknn-rl] step=84692 episode=670 return=206.0 length=206 loss=None cases=None
[nnknn-rl] step=86344 episode=680 return=200.0 length=200 loss=82.53538513183594 cases=None
[nnknn-rl] step=88535 episode=690 return=176.0 length=176 loss=None cases=None
[nnknn-rl][critic-holdout] step=90757 episodes=700 mse=391.5090 explained_variance=0.4156
[nnknn-rl] step=90757 episode=700 return=255.0 length=255 loss=74.62773132324219 cases=None
[nnknn-rl][eval] step=90757 mean_return=258.60 max_return=346.00
[nnknn-rl] step=92928 episode=710 return=165.0 length=165 loss=None cases=None
[nnknn-rl] step=95044 episode=720 return=214.0 length=214 loss=137.5332489013672 cases=None
[nnknn-rl] step=97270 episode=730 return=191.0 length=191 loss=None cases=None
[nnknn-rl] step=100259 episode=740 return=253.0 length=253 loss=80.22587585449219 cases=None
[nnknn-rl] step=103120 episode=750 return=267.0 length=267 loss=None cases=None
[nnknn-rl] step=105586 episode=760 return=214.0 length=214 loss=123.58187866210938 cases=None
[nnknn-rl] step=108065 episode=770 return=199.0 length=199 loss=None cases=None
[nnknn-rl] step=111032 episode=780 return=314.0 length=314 loss=51.568145751953125 cases=None
[nnknn-rl] step=113776 episode=790 return=247.0 length=247 loss=None cases=None
[nnknn-rl][critic-holdout] step=117178 episodes=800 mse=1232.4128 explained_variance=-0.4954
[nnknn-rl] step=117178 episode=800 return=228.0 length=228 loss=146.18136596679688 cases=None
[nnknn-rl][eval] step=117178 mean_return=494.65 max_return=500.00
[nnknn-rl] step=120354 episode=810 return=235.0 length=235 loss=None cases=None
[nnknn-rl] step=123615 episode=820 return=242.0 length=242 loss=195.1773223876953 cases=None
[nnknn-rl] step=126348 episode=830 return=202.0 length=202 loss=None cases=None
[nnknn-rl] step=128896 episode=840 return=243.0 length=243 loss=460.9041442871094 cases=None
[nnknn-rl] step=132199 episode=850 return=287.0 length=287 loss=None cases=None
[nnknn-rl] step=134552 episode=860 return=257.0 length=257 loss=338.5534973144531 cases=None
[nnknn-rl] step=137520 episode=870 return=294.0 length=294 loss=None cases=None
[nnknn-rl] step=140772 episode=880 return=268.0 length=268 loss=87.61212158203125 cases=None
[nnknn-rl] step=143823 episode=890 return=297.0 length=297 loss=None cases=None
[nnknn-rl][critic-holdout] step=146219 episodes=900 mse=614.5752 explained_variance=0.1196
[nnknn-rl] step=146219 episode=900 return=250.0 length=250 loss=185.4964599609375 cases=None
[nnknn-rl][eval] step=146219 mean_return=489.80 max_return=500.00
[nnknn-rl] step=149764 episode=910 return=394.0 length=394 loss=None cases=None
[nnknn-rl] finished profile=fast mean_eval_return=499.65 passed=True run_dir=results/rl/nnknn_rl_cartpole_20260801_100617_223273
{
  "task": "cartpole",
  "env_id": "CartPole-v1",
  "profile": "fast",
  "seed": 2,
  "total_timesteps": 150000,
  "configured_total_timesteps": 150000,
  "actual_timesteps": 150000,
  "eval_episodes": 20,
  "success_threshold": 475.0,
  "passed": true,
  "algorithm": "nnknn_actor_critic_separate_memory_gae",
  "actor_type": "mlp",
  "critic_type": "mlp",
  "architecture": {
    "separate_case_bases": true,
    "shared_nnknn_representation": false,
    "critic_target_shared_case_store": false,
    "actor_case_insertion": "raw_positive_advantage_only"
  },
  "gae": {
    "gamma": 0.99,
    "gae_lambda": 0.95,
    "advantage_clip": 5.0
  },
  "exploration": {
    "mode": "standard_stochastic_policy",
    "applies_to_actor": false,
    "initial_epsilon": 0.0,
    "final_epsilon": 0.0,
    "fraction": 0.5,
    "final_step_epsilon": 0.0,
    "readiness": {
      "min_case_entries": 32,
      "min_cases_per_action": 8
    }
  },
  "final_eval": {
    "episodes": 20,
    "seed": 10000,
    "mean_return": 499.6499938964844,
    "std_return": 1.5256147384643555,
    "min_return": 493.0,
    "max_return": 500.0,
    "mean_length": 499.6499938964844
  },
  "last_eval": {
    "episodes": 20,
    "seed": 10000,
    "mean_return": 499.6499938964844,
    "std_return": 1.5256147384643555,
    "min_return": 493.0,
    "max_return": 500.0,
    "mean_length": 499.6499938964844
  },
  "selected_step": 150000,
  "selected_source": "final",
  "training_efficiency": {
    "best_model_step": 150000,
    "best_model_training_fraction": 1.0,
    "first_success_step": 49597,
    "first_success_training_fraction": 0.33064666666666664,
    "best_minus_last_return": 0.0,
    "budget_interpretation": "final_is_best_check_for_underfit"
  },
  "early_stopping": {
    "enabled": false,
    "patience": 30,
    "min_delta": 1.0,
    "min_steps": 25000,
    "target_score": 500.0,
    "best_mean_return": 499.6000061035156,
    "evaluations": 9,
    "evaluations_without_improvement": 4,
    "stopped_early": false,
    "stopping_reason": "budget_exhausted",
    "stopping_step": 150000
  },
  "case_entries": null,
  "critic_case_entries": null,
  "action_counts": null,
  "cases_pruned": 0,
  "cases_replaced": 0,
  "actor_cases_pruned": 0,
  "actor_cases_replaced": 0,
  "critic_cases_pruned": 0,
  "critic_cases_replaced": 0,
  "critic_label_updates": 0,
  "critic_label_update_samples": 0,
  "partial_rollout_segments": 1,
  "partial_rollout_samples": 143,
  "critic_target_enabled": false,
  "critic_target_value_mode": "none",
  "critic_target_sync_interval": 4,
  "critic_target_ema_tau": 0.05,
  "critic_target_value_syncs": 0,
  "critic_holdout_evaluations": 9,
  "latest_critic_holdout": {
    "global_step": 146219,
    "completed_episodes": 900,
    "diagnostic_index": 9,
    "critic_holdout_mse": 614.5751953125,
    "critic_holdout_explained_variance": 0.11963093280792236,
    "critic_holdout_value_mean": 73.65271759033203,
    "critic_holdout_target_mean": 68.48983001708984,
    "critic_holdout_samples": 1476,
    "critic_holdout_episodes": 5,
    "critic_holdout_environment_steps": 1476,
    "critic_holdout_mean_episode_return": 295.2,
    "critic_holdout_mean_episode_length": 295.2,
    "critic_holdout_behavior_epsilon": 0.0,
    "critic_holdout_truncated_bootstraps": 0,
    "critic_holdout_target_method": "discounted_monte_carlo_with_truncation_bootstrap",
    "critic_holdout_bootstrap_source": "online_value_model",
    "critic_holdout_seed": 30040
  },
  "run_dir": "results/rl/nnknn_rl_cartpole_20260801_100617_223273"
}
Checkpoint: results/rl/nnknn_rl_cartpole_20260801_100617_223273/checkpoint.pt
