cases trainable: False
labels trainable: False
cases trainable: False
labels trainable: False
Enforcing normalize_over_cases = True for regression task.
[nnknn-rl] step=29 episode=1 return=29.0 length=29 loss=None cases=0
[nnknn-rl] step=40 episode=2 return=11.0 length=11 loss=None cases=0
[nnknn-rl] step=52 episode=3 return=12.0 length=12 loss=None cases=0
[nnknn-rl] step=72 episode=4 return=20.0 length=20 loss=68.32059478759766 cases=72
[nnknn-rl] step=84 episode=5 return=12.0 length=12 loss=None cases=72
[nnknn-rl] step=193 episode=10 return=25.0 length=25 loss=None cases=121
[nnknn-rl] step=357 episode=20 return=15.0 length=15 loss=8.914849281311035 cases=224
[nnknn-rl] step=555 episode=30 return=23.0 length=23 loss=None cases=303
[nnknn-rl] step=714 episode=40 return=22.0 length=22 loss=12.184703826904297 cases=389
[nnknn-rl] step=869 episode=50 return=22.0 length=22 loss=None cases=438
[nnknn-rl] step=1099 episode=60 return=13.0 length=13 loss=45.37194061279297 cases=453
[nnknn-rl] step=1335 episode=70 return=33.0 length=33 loss=None cases=491
[nnknn-rl] step=1587 episode=80 return=45.0 length=45 loss=40.75545120239258 cases=495
[nnknn-rl] step=1757 episode=90 return=18.0 length=18 loss=None cases=499
[nnknn-rl][critic-holdout] step=1982 episodes=100 mse=194.4411 explained_variance=0.1778
[nnknn-rl] step=1982 episode=100 return=13.0 length=13 loss=14.825020790100098 cases=484
[nnknn-rl][eval] step=1982 mean_return=335.60 max_return=500.00
[nnknn-rl] step=2213 episode=110 return=21.0 length=21 loss=None cases=497
[nnknn-rl] step=2387 episode=120 return=18.0 length=18 loss=7.9943342208862305 cases=500
[nnknn-rl] step=2623 episode=130 return=18.0 length=18 loss=None cases=500
[nnknn-rl] step=2915 episode=140 return=24.0 length=24 loss=25.465211868286133 cases=500
[nnknn-rl] step=3094 episode=150 return=13.0 length=13 loss=None cases=500
[nnknn-rl] step=3253 episode=160 return=18.0 length=18 loss=8.36662769317627 cases=481
[nnknn-rl] step=3476 episode=170 return=24.0 length=24 loss=None cases=500
[nnknn-rl] step=3675 episode=180 return=12.0 length=12 loss=39.422386169433594 cases=497
[nnknn-rl] step=3875 episode=190 return=21.0 length=21 loss=None cases=500
[nnknn-rl][critic-holdout] step=4186 episodes=200 mse=17.5361 explained_variance=0.5718
[nnknn-rl] step=4186 episode=200 return=30.0 length=30 loss=50.44728469848633 cases=500
[nnknn-rl][eval] step=4186 mean_return=374.90 max_return=500.00
[nnknn-rl] step=4407 episode=210 return=15.0 length=15 loss=None cases=500
[nnknn-rl] step=4682 episode=220 return=16.0 length=16 loss=32.91795349121094 cases=500
[nnknn-rl] step=4933 episode=230 return=22.0 length=22 loss=None cases=500
[nnknn-rl] step=5177 episode=240 return=17.0 length=17 loss=37.6917839050293 cases=500
[nnknn-rl] step=5411 episode=250 return=12.0 length=12 loss=None cases=500
[nnknn-rl] step=5756 episode=260 return=49.0 length=49 loss=39.05572509765625 cases=500
[nnknn-rl] step=6092 episode=270 return=22.0 length=22 loss=None cases=500
[nnknn-rl] step=6349 episode=280 return=34.0 length=34 loss=13.137600898742676 cases=500
[nnknn-rl] step=6544 episode=290 return=30.0 length=30 loss=None cases=489
[nnknn-rl][critic-holdout] step=6757 episodes=300 mse=55.1437 explained_variance=0.1558
[nnknn-rl] step=6757 episode=300 return=32.0 length=32 loss=27.52353858947754 cases=500
[nnknn-rl][eval] step=6757 mean_return=336.60 max_return=432.00
[nnknn-rl] step=7126 episode=310 return=25.0 length=25 loss=None cases=500
[nnknn-rl] step=7550 episode=320 return=62.0 length=62 loss=60.13679122924805 cases=500
[nnknn-rl] step=7758 episode=330 return=12.0 length=12 loss=None cases=500
[nnknn-rl] step=8071 episode=340 return=19.0 length=19 loss=39.53749084472656 cases=500
[nnknn-rl] step=8269 episode=350 return=17.0 length=17 loss=None cases=500
[nnknn-rl] step=8573 episode=360 return=24.0 length=24 loss=11.670500755310059 cases=500
[nnknn-rl] step=8863 episode=370 return=50.0 length=50 loss=None cases=500
[nnknn-rl] step=9138 episode=380 return=33.0 length=33 loss=27.871068954467773 cases=500
[nnknn-rl] step=9366 episode=390 return=22.0 length=22 loss=None cases=500
[nnknn-rl][critic-holdout] step=9722 episodes=400 mse=27.2968 explained_variance=0.5642
[nnknn-rl] step=9722 episode=400 return=33.0 length=33 loss=68.13898468017578 cases=500
[nnknn-rl][eval] step=9722 mean_return=477.95 max_return=500.00
[nnknn-rl] step=9992 episode=410 return=22.0 length=22 loss=None cases=500
[nnknn-rl] step=10351 episode=420 return=11.0 length=11 loss=18.981428146362305 cases=500
[nnknn-rl] step=10866 episode=430 return=23.0 length=23 loss=None cases=500
[nnknn-rl] step=11196 episode=440 return=40.0 length=40 loss=46.951229095458984 cases=500
[nnknn-rl] step=11526 episode=450 return=29.0 length=29 loss=None cases=500
[nnknn-rl] step=11794 episode=460 return=25.0 length=25 loss=19.097116470336914 cases=500
[nnknn-rl] step=12100 episode=470 return=36.0 length=36 loss=None cases=500
[nnknn-rl] step=12385 episode=480 return=26.0 length=26 loss=60.50809097290039 cases=500
[nnknn-rl] step=12781 episode=490 return=11.0 length=11 loss=None cases=500
[nnknn-rl][critic-holdout] step=13156 episodes=500 mse=108.7646 explained_variance=0.3383
[nnknn-rl] step=13156 episode=500 return=26.0 length=26 loss=63.514251708984375 cases=462
[nnknn-rl][eval] step=13156 mean_return=500.00 max_return=500.00
[nnknn-rl] step=13408 episode=510 return=44.0 length=44 loss=None cases=500
[nnknn-rl] step=13652 episode=520 return=31.0 length=31 loss=18.703716278076172 cases=500
[nnknn-rl] step=14024 episode=530 return=10.0 length=10 loss=None cases=500
[nnknn-rl] step=14361 episode=540 return=96.0 length=96 loss=83.55812072753906 cases=500
[nnknn-rl] step=14720 episode=550 return=20.0 length=20 loss=None cases=500
[nnknn-rl] step=15011 episode=560 return=66.0 length=66 loss=52.68236541748047 cases=500
[nnknn-rl] step=15259 episode=570 return=20.0 length=20 loss=None cases=500
[nnknn-rl] step=15571 episode=580 return=14.0 length=14 loss=25.12359046936035 cases=500
[nnknn-rl] step=16011 episode=590 return=46.0 length=46 loss=None cases=500
[nnknn-rl][critic-holdout] step=16355 episodes=600 mse=50.9432 explained_variance=0.4769
[nnknn-rl] step=16355 episode=600 return=34.0 length=34 loss=54.8296012878418 cases=485
[nnknn-rl][eval] step=16355 mean_return=492.50 max_return=500.00
[nnknn-rl] step=16756 episode=610 return=32.0 length=32 loss=None cases=500
[nnknn-rl] step=17238 episode=620 return=30.0 length=30 loss=77.02234649658203 cases=500
[nnknn-rl] step=17548 episode=630 return=68.0 length=68 loss=None cases=500
[nnknn-rl] step=17903 episode=640 return=30.0 length=30 loss=36.338199615478516 cases=500
[nnknn-rl] step=18259 episode=650 return=15.0 length=15 loss=None cases=500
[nnknn-rl] step=18505 episode=660 return=29.0 length=29 loss=35.348323822021484 cases=491
[nnknn-rl] step=18938 episode=670 return=21.0 length=21 loss=None cases=500
[nnknn-rl] step=19180 episode=680 return=12.0 length=12 loss=44.041263580322266 cases=500
[nnknn-rl] step=19547 episode=690 return=32.0 length=32 loss=None cases=500
[nnknn-rl][critic-holdout] step=19967 episodes=700 mse=522.3809 explained_variance=0.2725
[nnknn-rl] step=19967 episode=700 return=14.0 length=14 loss=60.082279205322266 cases=500
[nnknn-rl][eval] step=19967 mean_return=479.10 max_return=500.00
[nnknn-rl] step=20332 episode=710 return=50.0 length=50 loss=None cases=500
[nnknn-rl] step=20735 episode=720 return=41.0 length=41 loss=67.24694061279297 cases=500
[nnknn-rl] step=21114 episode=730 return=15.0 length=15 loss=None cases=500
[nnknn-rl] step=21616 episode=740 return=71.0 length=71 loss=53.7811393737793 cases=500
[nnknn-rl] step=22108 episode=750 return=13.0 length=13 loss=None cases=500
[nnknn-rl] step=22577 episode=760 return=61.0 length=61 loss=55.104896545410156 cases=500
[nnknn-rl] step=22873 episode=770 return=14.0 length=14 loss=None cases=500
[nnknn-rl] step=23383 episode=780 return=20.0 length=20 loss=107.91608428955078 cases=500
[nnknn-rl] step=23848 episode=790 return=28.0 length=28 loss=None cases=500
[nnknn-rl][critic-holdout] step=24293 episodes=800 mse=155.5953 explained_variance=0.3157
[nnknn-rl] step=24293 episode=800 return=63.0 length=63 loss=76.89292907714844 cases=500
[nnknn-rl][eval] step=24293 mean_return=484.00 max_return=500.00
[nnknn-rl] step=24724 episode=810 return=16.0 length=16 loss=None cases=499
[nnknn-rl] step=25212 episode=820 return=81.0 length=81 loss=107.592529296875 cases=484
[nnknn-rl] step=25786 episode=830 return=104.0 length=104 loss=None cases=490
[nnknn-rl] step=26298 episode=840 return=66.0 length=66 loss=76.93736267089844 cases=500
[nnknn-rl] step=26816 episode=850 return=34.0 length=34 loss=None cases=500
[nnknn-rl] step=27454 episode=860 return=61.0 length=61 loss=80.68387603759766 cases=500
[nnknn-rl] step=27973 episode=870 return=43.0 length=43 loss=None cases=492
[nnknn-rl] step=28604 episode=880 return=83.0 length=83 loss=88.93057250976562 cases=500
[nnknn-rl] step=29411 episode=890 return=190.0 length=190 loss=None cases=500
[nnknn-rl][critic-holdout] step=30031 episodes=900 mse=501.9550 explained_variance=0.1864
[nnknn-rl] step=30031 episode=900 return=179.0 length=179 loss=90.30524444580078 cases=500
[nnknn-rl][eval] step=30031 mean_return=483.10 max_return=500.00
[nnknn-rl] step=30953 episode=910 return=58.0 length=58 loss=None cases=500
[nnknn-rl] step=31752 episode=920 return=83.0 length=83 loss=80.18821716308594 cases=500
[nnknn-rl] step=32369 episode=930 return=69.0 length=69 loss=None cases=500
[nnknn-rl] step=33277 episode=940 return=86.0 length=86 loss=85.05647277832031 cases=500
[nnknn-rl] step=33944 episode=950 return=78.0 length=78 loss=None cases=500
[nnknn-rl] step=34736 episode=960 return=74.0 length=74 loss=99.7885971069336 cases=500
[nnknn-rl] step=35530 episode=970 return=121.0 length=121 loss=None cases=482
[nnknn-rl] step=36345 episode=980 return=63.0 length=63 loss=103.98302459716797 cases=500
[nnknn-rl] step=37342 episode=990 return=23.0 length=23 loss=None cases=500
[nnknn-rl][critic-holdout] step=38687 episodes=1000 mse=361.0789 explained_variance=0.1939
[nnknn-rl] step=38687 episode=1000 return=158.0 length=158 loss=115.37706756591797 cases=500
[nnknn-rl][eval] step=38687 mean_return=457.65 max_return=500.00
[nnknn-rl] step=40013 episode=1010 return=216.0 length=216 loss=None cases=479
[nnknn-rl] step=40783 episode=1020 return=15.0 length=15 loss=102.4366455078125 cases=492
[nnknn-rl] step=41672 episode=1030 return=45.0 length=45 loss=None cases=500
[nnknn-rl] step=42903 episode=1040 return=125.0 length=125 loss=103.83452606201172 cases=500
[nnknn-rl] step=44292 episode=1050 return=165.0 length=165 loss=None cases=473
[nnknn-rl] step=45348 episode=1060 return=45.0 length=45 loss=82.16278076171875 cases=500
[nnknn-rl] step=46844 episode=1070 return=151.0 length=151 loss=None cases=500
[nnknn-rl] step=48202 episode=1080 return=167.0 length=167 loss=85.140625 cases=462
[nnknn-rl] step=50089 episode=1090 return=220.0 length=220 loss=None cases=500
[nnknn-rl][critic-holdout] step=51982 episodes=1100 mse=766.1927 explained_variance=0.2735
[nnknn-rl] step=51982 episode=1100 return=289.0 length=289 loss=73.80086517333984 cases=500
[nnknn-rl][eval] step=51982 mean_return=450.25 max_return=500.00
[nnknn-rl] step=53906 episode=1110 return=185.0 length=185 loss=None cases=456
[nnknn-rl] step=55985 episode=1120 return=372.0 length=372 loss=66.72542572021484 cases=500
[nnknn-rl] step=58148 episode=1130 return=116.0 length=116 loss=None cases=500
[nnknn-rl] step=59732 episode=1140 return=164.0 length=164 loss=97.07906341552734 cases=500
[nnknn-rl] step=62502 episode=1150 return=250.0 length=250 loss=None cases=500
[nnknn-rl] step=64503 episode=1160 return=160.0 length=160 loss=112.65155792236328 cases=500
[nnknn-rl] step=67175 episode=1170 return=295.0 length=295 loss=None cases=500
[nnknn-rl] step=70582 episode=1180 return=353.0 length=353 loss=54.97721481323242 cases=500
[nnknn-rl] step=73295 episode=1190 return=274.0 length=274 loss=None cases=500
[nnknn-rl][critic-holdout] step=76353 episodes=1200 mse=1112.0422 explained_variance=0.2688
[nnknn-rl] step=76353 episode=1200 return=291.0 length=291 loss=50.9232292175293 cases=500
[nnknn-rl][eval] step=76353 mean_return=459.65 max_return=500.00
[nnknn-rl] step=79112 episode=1210 return=330.0 length=330 loss=None cases=500
[nnknn-rl] step=82952 episode=1220 return=454.0 length=454 loss=57.22520065307617 cases=500
[nnknn-rl] step=86182 episode=1230 return=479.0 length=479 loss=None cases=500
[nnknn-rl] step=89740 episode=1240 return=387.0 length=387 loss=63.70216751098633 cases=500
[nnknn-rl] step=91908 episode=1250 return=264.0 length=264 loss=None cases=500
[nnknn-rl] step=94822 episode=1260 return=365.0 length=365 loss=39.20866394042969 cases=500
[nnknn-rl] step=98035 episode=1270 return=285.0 length=285 loss=None cases=500
[nnknn-rl] step=101150 episode=1280 return=180.0 length=180 loss=61.82457733154297 cases=500
[nnknn-rl] step=104152 episode=1290 return=215.0 length=215 loss=None cases=500
[nnknn-rl][critic-holdout] step=106611 episodes=1300 mse=590.1437 explained_variance=0.5240
[nnknn-rl] step=106611 episode=1300 return=155.0 length=155 loss=35.82162094116211 cases=500
[nnknn-rl][eval] step=106611 mean_return=428.05 max_return=500.00
[nnknn-rl] step=108613 episode=1310 return=248.0 length=248 loss=None cases=500
[nnknn-rl] step=111127 episode=1320 return=199.0 length=199 loss=30.84267807006836 cases=500
[nnknn-rl] step=114158 episode=1330 return=382.0 length=382 loss=None cases=500
[nnknn-rl] step=117344 episode=1340 return=385.0 length=385 loss=40.969879150390625 cases=500
[nnknn-rl] step=120417 episode=1350 return=200.0 length=200 loss=None cases=500
[nnknn-rl] step=122455 episode=1360 return=189.0 length=189 loss=72.15196228027344 cases=500
[nnknn-rl] step=126079 episode=1370 return=409.0 length=409 loss=None cases=500
[nnknn-rl] step=129633 episode=1380 return=261.0 length=261 loss=54.690162658691406 cases=500
[nnknn-rl] step=132947 episode=1390 return=409.0 length=409 loss=None cases=500
[nnknn-rl][critic-holdout] step=136740 episodes=1400 mse=783.3478 explained_variance=0.2719
[nnknn-rl] step=136740 episode=1400 return=462.0 length=462 loss=62.1624641418457 cases=500
[nnknn-rl][eval] step=136740 mean_return=454.45 max_return=500.00
[nnknn-rl] step=139965 episode=1410 return=500.0 length=500 loss=None cases=500
[nnknn-rl] step=142582 episode=1420 return=172.0 length=172 loss=59.66360855102539 cases=466
[nnknn-rl] step=145646 episode=1430 return=199.0 length=199 loss=None cases=500
[nnknn-rl] step=148442 episode=1440 return=346.0 length=346 loss=41.72550582885742 cases=500
[nnknn-rl] finished profile=fast mean_eval_return=500.00 passed=True run_dir=results/rl/nnknn_rl_cartpole_20260801_100617_279889
{
  "task": "cartpole",
  "env_id": "CartPole-v1",
  "profile": "fast",
  "seed": 1,
  "total_timesteps": 150000,
  "configured_total_timesteps": 150000,
  "actual_timesteps": 150000,
  "eval_episodes": 20,
  "success_threshold": 475.0,
  "passed": true,
  "algorithm": "nnknn_actor_critic_separate_memory_gae",
  "actor_type": "nnknn",
  "critic_type": "nnknn",
  "architecture": {
    "separate_case_bases": true,
    "shared_nnknn_representation": true,
    "critic_target_shared_case_store": true,
    "actor_case_insertion": "raw_positive_advantage_only"
  },
  "gae": {
    "gamma": 0.99,
    "gae_lambda": 0.95,
    "advantage_clip": 5.0
  },
  "exploration": {
    "mode": "epsilon_mixed_policy",
    "applies_to_actor": true,
    "initial_epsilon": 1.0,
    "final_epsilon": 0.05,
    "fraction": 0.5,
    "final_step_epsilon": 0.05,
    "readiness": {
      "min_case_entries": 32,
      "min_cases_per_action": 8
    }
  },
  "final_eval": {
    "episodes": 20,
    "seed": 10000,
    "mean_return": 500.0,
    "std_return": 0.0,
    "min_return": 500.0,
    "max_return": 500.0,
    "mean_length": 500.0
  },
  "last_eval": {
    "episodes": 20,
    "seed": 10000,
    "mean_return": 460.8999938964844,
    "std_return": 58.485809326171875,
    "min_return": 353.0,
    "max_return": 500.0,
    "mean_length": 460.8999938964844
  },
  "selected_step": 13156,
  "selected_source": "best_eval",
  "training_efficiency": {
    "best_model_step": 13156,
    "best_model_training_fraction": 0.08770666666666667,
    "first_success_step": 9722,
    "first_success_training_fraction": 0.06481333333333333,
    "best_minus_last_return": 39.100006103515625,
    "budget_interpretation": "regressed_after_best"
  },
  "early_stopping": {
    "enabled": false,
    "patience": 30,
    "min_delta": 1.0,
    "min_steps": 25000,
    "target_score": 500.0,
    "best_mean_return": 500.0,
    "evaluations": 14,
    "evaluations_without_improvement": 6,
    "stopped_early": false,
    "stopping_reason": "budget_exhausted",
    "stopping_step": 150000
  },
  "case_entries": 462,
  "critic_case_entries": 500,
  "action_counts": [
    217,
    245
  ],
  "cases_pruned": 41688,
  "cases_replaced": 220004,
  "actor_cases_pruned": 23456,
  "actor_cases_replaced": 100946,
  "critic_cases_pruned": 18232,
  "critic_cases_replaced": 119058,
  "critic_label_updates": 1530,
  "critic_label_update_samples": 12210,
  "partial_rollout_segments": 1,
  "partial_rollout_samples": 69,
  "critic_target_enabled": true,
  "critic_target_value_mode": "ema",
  "critic_target_sync_interval": 4,
  "critic_target_ema_tau": 0.05,
  "critic_target_value_syncs": 91,
  "critic_holdout_evaluations": 14,
  "latest_critic_holdout": {
    "global_step": 136740,
    "completed_episodes": 1400,
    "diagnostic_index": 14,
    "critic_holdout_mse": 783.3478393554688,
    "critic_holdout_explained_variance": 0.27193230390548706,
    "critic_holdout_value_mean": 49.077816009521484,
    "critic_holdout_target_mean": 65.25862121582031,
    "critic_holdout_samples": 1246,
    "critic_holdout_episodes": 5,
    "critic_holdout_environment_steps": 1246,
    "critic_holdout_mean_episode_return": 249.2,
    "critic_holdout_mean_episode_length": 249.2,
    "critic_holdout_behavior_epsilon": 0.05,
    "critic_holdout_truncated_bootstraps": 0,
    "critic_holdout_target_method": "discounted_monte_carlo_with_truncation_bootstrap",
    "critic_holdout_bootstrap_source": "target_value_model",
    "critic_holdout_seed": 30065
  },
  "run_dir": "results/rl/nnknn_rl_cartpole_20260801_100617_279889"
}
Checkpoint: results/rl/nnknn_rl_cartpole_20260801_100617_279889/checkpoint.pt
