[nec] step=11 episode=1 return=11.0 length=11 epsilon=1.000 loss=None entries=11
[nec] step=31 episode=2 return=20.0 length=20 epsilon=1.000 loss=None entries=31
[nec] step=46 episode=3 return=15.0 length=15 epsilon=0.999 loss=None entries=46
[nec] step=60 episode=4 return=14.0 length=14 epsilon=0.999 loss=None entries=60
[nec] step=72 episode=5 return=12.0 length=12 epsilon=0.999 loss=None entries=72
[nec] step=171 episode=10 return=16.0 length=16 epsilon=0.998 loss=None entries=171
[nec] step=412 episode=20 return=13.0 length=13 epsilon=0.995 loss=None entries=412
[nec] step=568 episode=30 return=15.0 length=15 epsilon=0.993 loss=None entries=568
[nec] step=778 episode=40 return=9.0 length=9 epsilon=0.990 loss=None entries=778
[nec] step=1018 episode=50 return=40.0 length=40 epsilon=0.987 loss=None entries=1018
[nec] step=1236 episode=60 return=11.0 length=11 epsilon=0.984 loss=4.644343376159668 entries=1236
[nec] step=1470 episode=70 return=33.0 length=33 epsilon=0.981 loss=4.022111892700195 entries=1470
[nec] step=1705 episode=80 return=33.0 length=33 epsilon=0.978 loss=3.9223976135253906 entries=1705
[nec] step=1903 episode=90 return=33.0 length=33 epsilon=0.976 loss=3.2497541904449463 entries=1903
[nec] step=2145 episode=100 return=20.0 length=20 epsilon=0.973 loss=3.521657943725586 entries=2145
[nec][eval] step=361 episode=18 candidate_return=70.0 mean_return=164.45 max_return=445.00
[nec] step=2397 episode=110 return=18.0 length=18 epsilon=0.970 loss=3.2783775329589844 entries=2397
[nec] step=2643 episode=120 return=17.0 length=17 epsilon=0.967 loss=3.3568332195281982 entries=2643
[nec] step=2842 episode=130 return=18.0 length=18 epsilon=0.964 loss=3.1203365325927734 entries=2842
[nec] step=3098 episode=140 return=27.0 length=27 epsilon=0.961 loss=3.884821653366089 entries=3098
[nec] step=3341 episode=150 return=9.0 length=9 epsilon=0.958 loss=4.327898025512695 entries=3341
[nec] step=3563 episode=160 return=17.0 length=17 epsilon=0.955 loss=3.3650949001312256 entries=3563
[nec] step=3755 episode=170 return=16.0 length=16 epsilon=0.952 loss=3.6499598026275635 entries=3755
[nec] step=4080 episode=180 return=21.0 length=21 epsilon=0.948 loss=4.2288007736206055 entries=4080
[nec] step=4384 episode=190 return=18.0 length=18 epsilon=0.944 loss=3.784311294555664 entries=4384
[nec] step=4613 episode=200 return=22.0 length=22 epsilon=0.942 loss=5.055553913116455 entries=4613
[nec][eval] step=3882 episode=172 candidate_return=79.0 mean_return=476.25 max_return=500.00
[nec] step=4856 episode=210 return=17.0 length=17 epsilon=0.939 loss=4.734257698059082 entries=4856
[nec] step=5029 episode=220 return=14.0 length=14 epsilon=0.936 loss=5.188607692718506 entries=5029
[nec] step=5359 episode=230 return=29.0 length=29 epsilon=0.932 loss=4.331841468811035 entries=5359
[nec] step=5558 episode=240 return=20.0 length=20 epsilon=0.930 loss=5.4506330490112305 entries=5558
[nec] step=5875 episode=250 return=19.0 length=19 epsilon=0.926 loss=5.3730998039245605 entries=5875
[nec] step=6144 episode=260 return=9.0 length=9 epsilon=0.922 loss=5.044485569000244 entries=6144
[nec] step=6358 episode=270 return=11.0 length=11 epsilon=0.919 loss=5.629396438598633 entries=6358
[nec] step=6638 episode=280 return=39.0 length=39 epsilon=0.916 loss=4.184242248535156 entries=6638
[nec] step=6935 episode=290 return=31.0 length=31 epsilon=0.912 loss=4.541569709777832 entries=6935
[nec] step=7158 episode=300 return=12.0 length=12 epsilon=0.909 loss=3.876645565032959 entries=7158
[nec][eval] step=5330 episode=229 candidate_return=104.0 mean_return=201.95 max_return=360.00
[nec] step=7441 episode=310 return=14.0 length=14 epsilon=0.906 loss=3.9688539505004883 entries=7441
[nec] step=7765 episode=320 return=81.0 length=81 epsilon=0.902 loss=3.8791122436523438 entries=7765
[nec] step=8031 episode=330 return=11.0 length=11 epsilon=0.898 loss=4.923213958740234 entries=8031
[nec] step=8435 episode=340 return=12.0 length=12 epsilon=0.893 loss=5.04615592956543 entries=8435
[nec] step=8684 episode=350 return=31.0 length=31 epsilon=0.890 loss=5.912973403930664 entries=8684
[nec] step=8994 episode=360 return=39.0 length=39 epsilon=0.886 loss=4.804974555969238 entries=8994
[nec] step=9221 episode=370 return=10.0 length=10 epsilon=0.883 loss=4.708946228027344 entries=9221
[nec] step=9478 episode=380 return=19.0 length=19 epsilon=0.880 loss=5.770215034484863 entries=9478
[nec] step=9784 episode=390 return=43.0 length=43 epsilon=0.876 loss=5.434604644775391 entries=9784
[nec] step=10033 episode=400 return=20.0 length=20 epsilon=0.873 loss=4.887347221374512 entries=10033
[nec][eval] step=5330 episode=229 candidate_return=104.0 mean_return=201.95 max_return=360.00
[nec] step=10357 episode=410 return=17.0 length=17 epsilon=0.869 loss=5.703922271728516 entries=10357
[nec] step=10725 episode=420 return=53.0 length=53 epsilon=0.864 loss=6.147234916687012 entries=10725
[nec] step=11042 episode=430 return=65.0 length=65 epsilon=0.860 loss=4.575007438659668 entries=11042
[nec] step=11317 episode=440 return=14.0 length=14 epsilon=0.857 loss=5.4210968017578125 entries=11317
[nec] step=11633 episode=450 return=39.0 length=39 epsilon=0.853 loss=5.693503379821777 entries=11633
[nec] step=11926 episode=460 return=71.0 length=71 epsilon=0.849 loss=5.8436689376831055 entries=11926
[nec] step=12144 episode=470 return=12.0 length=12 epsilon=0.846 loss=5.13154411315918 entries=12144
[nec] step=12379 episode=480 return=21.0 length=21 epsilon=0.843 loss=5.232226371765137 entries=12379
[nec] step=12645 episode=490 return=37.0 length=37 epsilon=0.840 loss=4.396868705749512 entries=12645
[nec] step=13073 episode=500 return=13.0 length=13 epsilon=0.834 loss=5.008596420288086 entries=13073
[nec][eval] step=5330 episode=229 candidate_return=104.0 mean_return=201.95 max_return=360.00
[nec] step=13470 episode=510 return=34.0 length=34 epsilon=0.829 loss=6.14396333694458 entries=13470
[nec] step=13724 episode=520 return=13.0 length=13 epsilon=0.826 loss=4.760512351989746 entries=13724
[nec] step=14038 episode=530 return=30.0 length=30 epsilon=0.822 loss=5.936195373535156 entries=14038
[nec] step=14367 episode=540 return=16.0 length=16 epsilon=0.818 loss=5.775205135345459 entries=14367
[nec] step=14778 episode=550 return=52.0 length=52 epsilon=0.813 loss=5.451259136199951 entries=14778
[nec] step=15128 episode=560 return=52.0 length=52 epsilon=0.808 loss=4.881702899932861 entries=15128
[nec] step=15417 episode=570 return=30.0 length=30 epsilon=0.805 loss=6.344168663024902 entries=15417
[nec] step=15651 episode=580 return=30.0 length=30 epsilon=0.802 loss=4.236603260040283 entries=15651
[nec] step=15951 episode=590 return=15.0 length=15 epsilon=0.798 loss=6.333102226257324 entries=15951
[nec] step=16327 episode=600 return=49.0 length=49 epsilon=0.793 loss=5.125258445739746 entries=16327
[nec][eval] step=13204 episode=503 candidate_return=106.0 mean_return=421.45 max_return=500.00
[nec] step=16694 episode=610 return=36.0 length=36 epsilon=0.789 loss=5.626519203186035 entries=16694
[nec] step=16915 episode=620 return=20.0 length=20 epsilon=0.786 loss=4.599071502685547 entries=16915
[nec] step=17288 episode=630 return=25.0 length=25 epsilon=0.781 loss=5.139561176300049 entries=17288
[nec] step=17767 episode=640 return=33.0 length=33 epsilon=0.775 loss=6.980095386505127 entries=17767
[nec] step=18088 episode=650 return=25.0 length=25 epsilon=0.771 loss=6.047504425048828 entries=18088
[nec] step=18488 episode=660 return=24.0 length=24 epsilon=0.766 loss=5.745908737182617 entries=18488
[nec] step=18952 episode=670 return=38.0 length=38 epsilon=0.760 loss=7.735278606414795 entries=18952
[nec] step=19201 episode=680 return=13.0 length=13 epsilon=0.757 loss=6.950843811035156 entries=19201
[nec] step=19604 episode=690 return=88.0 length=88 epsilon=0.752 loss=7.0086774826049805 entries=19604
[nec] step=19884 episode=700 return=19.0 length=19 epsilon=0.748 loss=7.052708625793457 entries=19884
[nec][eval] step=17521 episode=632 candidate_return=132.0 mean_return=323.65 max_return=500.00
[nec] step=20181 episode=710 return=62.0 length=62 epsilon=0.744 loss=6.938067436218262 entries=20000
[nec] step=20501 episode=720 return=15.0 length=15 epsilon=0.740 loss=5.514415740966797 entries=20000
[nec] step=20884 episode=730 return=17.0 length=17 epsilon=0.735 loss=6.038063049316406 entries=20000
[nec] step=21272 episode=740 return=15.0 length=15 epsilon=0.731 loss=6.384800434112549 entries=20000
[nec] step=21672 episode=750 return=37.0 length=37 epsilon=0.726 loss=5.8072967529296875 entries=20000
[nec] step=22179 episode=760 return=40.0 length=40 epsilon=0.719 loss=7.365727424621582 entries=20000
[nec] step=22509 episode=770 return=24.0 length=24 epsilon=0.715 loss=7.635383605957031 entries=20000
[nec] step=22867 episode=780 return=12.0 length=12 epsilon=0.710 loss=7.158761978149414 entries=20000
[nec] step=23170 episode=790 return=24.0 length=24 epsilon=0.707 loss=6.537724018096924 entries=20000
[nec] step=23812 episode=800 return=12.0 length=12 epsilon=0.698 loss=7.0201520919799805 entries=20000
[nec][eval] step=23736 episode=797 candidate_return=180.0 mean_return=300.75 max_return=500.00
[nec] step=24136 episode=810 return=31.0 length=31 epsilon=0.694 loss=6.728647232055664 entries=20000
[nec] step=24546 episode=820 return=23.0 length=23 epsilon=0.689 loss=7.685673713684082 entries=20000
[nec] step=25007 episode=830 return=76.0 length=76 epsilon=0.683 loss=7.224221706390381 entries=20000
[nec] step=25560 episode=840 return=28.0 length=28 epsilon=0.676 loss=7.82149600982666 entries=20000
[nec] step=25948 episode=850 return=55.0 length=55 epsilon=0.671 loss=7.861305236816406 entries=20000
[nec] step=26423 episode=860 return=19.0 length=19 epsilon=0.665 loss=5.790017127990723 entries=20000
[nec] step=27153 episode=870 return=161.0 length=161 epsilon=0.656 loss=6.941287040710449 entries=20000
[nec] step=27812 episode=880 return=32.0 length=32 epsilon=0.648 loss=7.086339950561523 entries=20000
[nec] step=28291 episode=890 return=37.0 length=37 epsilon=0.642 loss=7.935960292816162 entries=20000
[nec] step=28661 episode=900 return=39.0 length=39 epsilon=0.637 loss=6.22867488861084 entries=20000
[nec][eval] step=23736 episode=797 candidate_return=180.0 mean_return=300.75 max_return=500.00
[nec] step=29148 episode=910 return=111.0 length=111 epsilon=0.631 loss=8.013422012329102 entries=20000
[nec] step=29619 episode=920 return=69.0 length=69 epsilon=0.625 loss=7.211309432983398 entries=20000
[nec] step=30085 episode=930 return=62.0 length=62 epsilon=0.619 loss=8.208985328674316 entries=20000
[nec] step=30560 episode=940 return=42.0 length=42 epsilon=0.613 loss=8.855581283569336 entries=20000
[nec] step=31181 episode=950 return=73.0 length=73 epsilon=0.605 loss=7.426517486572266 entries=20000
[nec] step=31598 episode=960 return=12.0 length=12 epsilon=0.600 loss=7.424723148345947 entries=20000
[nec] step=32111 episode=970 return=114.0 length=114 epsilon=0.593 loss=7.585033416748047 entries=20000
[nec] step=32675 episode=980 return=19.0 length=19 epsilon=0.586 loss=7.649379253387451 entries=20000
[nec] step=33485 episode=990 return=223.0 length=223 epsilon=0.576 loss=7.77410364151001 entries=20000
[nec] step=34206 episode=1000 return=51.0 length=51 epsilon=0.567 loss=9.506826400756836 entries=20000
[nec][eval] step=32441 episode=975 candidate_return=233.0 mean_return=253.95 max_return=487.00
[nec] step=34911 episode=1010 return=23.0 length=23 epsilon=0.558 loss=8.110638618469238 entries=20000
[nec] step=35451 episode=1020 return=32.0 length=32 epsilon=0.551 loss=7.983824729919434 entries=20000
[nec] step=35888 episode=1030 return=39.0 length=39 epsilon=0.545 loss=9.166482925415039 entries=20000
[nec] step=36866 episode=1040 return=123.0 length=123 epsilon=0.533 loss=8.233809471130371 entries=20000
[nec] step=37427 episode=1050 return=133.0 length=133 epsilon=0.526 loss=8.742181777954102 entries=20000
[nec] step=38321 episode=1060 return=98.0 length=98 epsilon=0.515 loss=9.61435317993164 entries=20000
[nec] step=38736 episode=1070 return=18.0 length=18 epsilon=0.509 loss=8.407877922058105 entries=20000
[nec] step=39392 episode=1080 return=63.0 length=63 epsilon=0.501 loss=10.07477855682373 entries=20000
[nec] step=40316 episode=1090 return=20.0 length=20 epsilon=0.489 loss=8.538961410522461 entries=20000
[nec] step=41205 episode=1100 return=41.0 length=41 epsilon=0.478 loss=10.186640739440918 entries=20000
[nec][eval] step=36395 episode=1034 candidate_return=247.0 mean_return=304.20 max_return=500.00
[nec] step=41757 episode=1110 return=39.0 length=39 epsilon=0.471 loss=11.238235473632812 entries=20000
[nec] step=42378 episode=1120 return=17.0 length=17 epsilon=0.463 loss=10.371615409851074 entries=20000
[nec] step=43691 episode=1130 return=73.0 length=73 epsilon=0.447 loss=9.364818572998047 entries=20000
[nec] step=44977 episode=1140 return=34.0 length=34 epsilon=0.430 loss=9.279182434082031 entries=20000
[nec] step=46260 episode=1150 return=172.0 length=172 epsilon=0.414 loss=10.010795593261719 entries=20000
[nec] step=47359 episode=1160 return=76.0 length=76 epsilon=0.400 loss=10.980302810668945 entries=20000
[nec] step=48515 episode=1170 return=79.0 length=79 epsilon=0.385 loss=9.153759956359863 entries=20000
[nec] step=49532 episode=1180 return=67.0 length=67 epsilon=0.373 loss=11.210506439208984 entries=20000
[nec] step=50944 episode=1190 return=268.0 length=268 epsilon=0.355 loss=11.826045989990234 entries=20000
[nec] step=52470 episode=1200 return=170.0 length=170 epsilon=0.335 loss=10.744466781616211 entries=20000
[nec][eval] step=51308 episode=1192 candidate_return=341.0 mean_return=278.85 max_return=500.00
[nec] step=53726 episode=1210 return=140.0 length=140 epsilon=0.319 loss=12.279560089111328 entries=20000
[nec] step=55687 episode=1220 return=195.0 length=195 epsilon=0.295 loss=12.280294418334961 entries=20000
[nec] step=57319 episode=1230 return=128.0 length=128 epsilon=0.274 loss=10.97781753540039 entries=20000
[nec] step=59127 episode=1240 return=222.0 length=222 epsilon=0.251 loss=12.881287574768066 entries=20000
[nec] step=61268 episode=1250 return=355.0 length=355 epsilon=0.224 loss=10.530362129211426 entries=20000
[nec] step=64153 episode=1260 return=254.0 length=254 epsilon=0.187 loss=9.57341194152832 entries=20000
[nec] step=66532 episode=1270 return=157.0 length=157 epsilon=0.157 loss=9.187986373901367 entries=20000
[nec] step=68971 episode=1280 return=284.0 length=284 epsilon=0.126 loss=9.050987243652344 entries=20000
[nec] step=72495 episode=1290 return=187.0 length=187 epsilon=0.082 loss=8.967683792114258 entries=20000
[nec] step=76979 episode=1300 return=498.0 length=498 epsilon=0.050 loss=7.453170299530029 entries=20000
[nec][eval] step=75609 episode=1297 candidate_return=500.0 mean_return=436.25 max_return=500.00
[nec] step=81422 episode=1310 return=500.0 length=500 epsilon=0.050 loss=7.907158374786377 entries=20000
[nec] step=85110 episode=1320 return=422.0 length=422 epsilon=0.050 loss=5.714601516723633 entries=20000
[nec] step=89391 episode=1330 return=394.0 length=394 epsilon=0.050 loss=6.642561435699463 entries=20000
[nec] step=94056 episode=1340 return=483.0 length=483 epsilon=0.050 loss=6.290217876434326 entries=20000
[nec] step=98306 episode=1350 return=330.0 length=330 epsilon=0.050 loss=7.526108741760254 entries=20000
[nec] step=102552 episode=1360 return=414.0 length=414 epsilon=0.050 loss=5.22564697265625 entries=20000
[nec] step=106952 episode=1370 return=372.0 length=372 epsilon=0.050 loss=5.298042297363281 entries=20000
[nec] step=111553 episode=1380 return=440.0 length=440 epsilon=0.050 loss=6.489922523498535 entries=20000
[nec] step=115443 episode=1390 return=322.0 length=322 epsilon=0.050 loss=4.785449981689453 entries=20000
[nec] step=119341 episode=1400 return=500.0 length=500 epsilon=0.050 loss=6.1492743492126465 entries=20000
[nec][eval] step=119341 episode=1400 candidate_return=500.0 mean_return=485.90 max_return=500.00
[nec] step=122940 episode=1410 return=500.0 length=500 epsilon=0.050 loss=6.671778678894043 entries=20000
[nec] step=127297 episode=1420 return=334.0 length=334 epsilon=0.050 loss=8.109197616577148 entries=20000
[nec] step=131622 episode=1430 return=464.0 length=464 epsilon=0.050 loss=7.05115270614624 entries=20000
[nec] step=134318 episode=1440 return=161.0 length=161 epsilon=0.050 loss=7.357147216796875 entries=20000
[nec] step=137833 episode=1450 return=116.0 length=116 epsilon=0.050 loss=6.857475280761719 entries=20000
[nec] step=141409 episode=1460 return=423.0 length=423 epsilon=0.050 loss=7.897727966308594 entries=20000
[nec] step=144934 episode=1470 return=245.0 length=245 epsilon=0.050 loss=8.796244621276855 entries=20000
[nec] step=149070 episode=1480 return=289.0 length=289 epsilon=0.050 loss=7.999456882476807 entries=20000
[nec] finished profile=fast mean_eval_return=485.90 passed=True run_dir=results/rl/nec_cartpole_20260801_100616_213584
{
  "task": "cartpole",
  "env_id": "CartPole-v1",
  "profile": "fast",
  "seed": 4,
  "total_timesteps": 150000,
  "configured_total_timesteps": 150000,
  "actual_timesteps": 150000,
  "eval_episodes": 20,
  "success_threshold": 475.0,
  "passed": true,
  "final_eval": {
    "episodes": 20,
    "seed": 10000,
    "mean_return": 485.8999938964844,
    "std_return": 47.59611129760742,
    "min_return": 290.0,
    "max_return": 500.0,
    "mean_length": 485.8999938964844
  },
  "last_eval": {
    "episodes": 20,
    "seed": 10000,
    "mean_return": 430.8500061035156,
    "std_return": 77.47081756591797,
    "min_return": 294.0,
    "max_return": 500.0,
    "mean_length": 430.8500061035156
  },
  "selected_step": 119341,
  "selected_source": "best_eval",
  "training_efficiency": {
    "best_model_step": 119341,
    "best_model_training_fraction": 0.7956066666666667,
    "first_success_step": 3882,
    "first_success_training_fraction": 0.02588,
    "best_minus_last_return": 55.04998779296875,
    "budget_interpretation": "regressed_after_best"
  },
  "early_stopping": {
    "enabled": false,
    "patience": 30,
    "min_delta": 1.0,
    "min_steps": 25000,
    "target_score": 500.0,
    "best_mean_return": 485.8999938964844,
    "evaluations": 14,
    "evaluations_without_improvement": 0,
    "stopped_early": false,
    "stopping_reason": "budget_exhausted",
    "stopping_step": 150000
  },
  "dictionary_entries": 20000,
  "run_dir": "results/rl/nec_cartpole_20260801_100616_213584"
}
Checkpoint: results/rl/nec_cartpole_20260801_100616_213584/checkpoint.pt
