[nec] step=15 episode=1 return=15.0 length=15 epsilon=1.000 loss=None entries=15
[nec] step=33 episode=2 return=18.0 length=18 epsilon=1.000 loss=None entries=33
[nec] step=74 episode=3 return=41.0 length=41 epsilon=0.999 loss=None entries=74
[nec] step=96 episode=4 return=22.0 length=22 epsilon=0.999 loss=None entries=96
[nec] step=123 episode=5 return=27.0 length=27 epsilon=0.998 loss=None entries=123
[nec] step=213 episode=10 return=11.0 length=11 epsilon=0.997 loss=None entries=213
[nec] step=392 episode=20 return=17.0 length=17 epsilon=0.995 loss=None entries=392
[nec] step=614 episode=30 return=13.0 length=13 epsilon=0.992 loss=None entries=614
[nec] step=868 episode=40 return=11.0 length=11 epsilon=0.989 loss=None entries=868
[nec] step=1073 episode=50 return=28.0 length=28 epsilon=0.986 loss=4.591075420379639 entries=1073
[nec] step=1300 episode=60 return=35.0 length=35 epsilon=0.984 loss=3.9161834716796875 entries=1300
[nec] step=1565 episode=70 return=13.0 length=13 epsilon=0.980 loss=2.9096896648406982 entries=1565
[nec] step=1752 episode=80 return=27.0 length=27 epsilon=0.978 loss=3.3591086864471436 entries=1752
[nec] step=2009 episode=90 return=16.0 length=16 epsilon=0.975 loss=4.134037017822266 entries=2009
[nec] step=2260 episode=100 return=15.0 length=15 epsilon=0.971 loss=5.194962501525879 entries=2260
[nec][eval] step=820 episode=37 candidate_return=73.0 mean_return=343.80 max_return=500.00
[nec] step=2489 episode=110 return=21.0 length=21 epsilon=0.968 loss=3.5570459365844727 entries=2489
[nec] step=2757 episode=120 return=43.0 length=43 epsilon=0.965 loss=4.475802421569824 entries=2757
[nec] step=2987 episode=130 return=11.0 length=11 epsilon=0.962 loss=4.809919357299805 entries=2987
[nec] step=3261 episode=140 return=44.0 length=44 epsilon=0.959 loss=3.6767334938049316 entries=3261
[nec] step=3505 episode=150 return=19.0 length=19 epsilon=0.956 loss=5.04583740234375 entries=3505
[nec] step=3735 episode=160 return=13.0 length=13 epsilon=0.953 loss=4.91612434387207 entries=3735
[nec] step=4004 episode=170 return=15.0 length=15 epsilon=0.949 loss=4.448905944824219 entries=4004
[nec] step=4261 episode=180 return=11.0 length=11 epsilon=0.946 loss=3.3472092151641846 entries=4261
[nec] step=4463 episode=190 return=26.0 length=26 epsilon=0.943 loss=3.91739559173584 entries=4463
[nec] step=4704 episode=200 return=10.0 length=10 epsilon=0.940 loss=3.865908145904541 entries=4704
[nec][eval] step=820 episode=37 candidate_return=73.0 mean_return=343.80 max_return=500.00
[nec] step=4914 episode=210 return=15.0 length=15 epsilon=0.938 loss=4.1459150314331055 entries=4914
[nec] step=5202 episode=220 return=59.0 length=59 epsilon=0.934 loss=3.7469801902770996 entries=5202
[nec] step=5462 episode=230 return=18.0 length=18 epsilon=0.931 loss=4.056669235229492 entries=5462
[nec] step=5749 episode=240 return=24.0 length=24 epsilon=0.927 loss=4.826694011688232 entries=5749
[nec] step=5978 episode=250 return=27.0 length=27 epsilon=0.924 loss=4.0584259033203125 entries=5978
[nec] step=6200 episode=260 return=34.0 length=34 epsilon=0.921 loss=4.123818397521973 entries=6200
[nec] step=6406 episode=270 return=25.0 length=25 epsilon=0.919 loss=4.43251895904541 entries=6406
[nec] step=6748 episode=280 return=28.0 length=28 epsilon=0.915 loss=3.960203170776367 entries=6748
[nec] step=7001 episode=290 return=56.0 length=56 epsilon=0.911 loss=4.650203227996826 entries=7001
[nec] step=7238 episode=300 return=13.0 length=13 epsilon=0.908 loss=4.697803497314453 entries=7238
[nec][eval] step=6612 episode=274 candidate_return=90.0 mean_return=251.05 max_return=500.00
[nec] step=7493 episode=310 return=20.0 length=20 epsilon=0.905 loss=5.242870330810547 entries=7493
[nec] step=7718 episode=320 return=10.0 length=10 epsilon=0.902 loss=3.107417583465576 entries=7718
[nec] step=7961 episode=330 return=19.0 length=19 epsilon=0.899 loss=3.286205768585205 entries=7961
[nec] step=8223 episode=340 return=21.0 length=21 epsilon=0.896 loss=4.538808822631836 entries=8223
[nec] step=8565 episode=350 return=23.0 length=23 epsilon=0.892 loss=3.6447057723999023 entries=8565
[nec] step=8799 episode=360 return=20.0 length=20 epsilon=0.889 loss=5.5285539627075195 entries=8799
[nec] step=9168 episode=370 return=12.0 length=12 epsilon=0.884 loss=4.710345268249512 entries=9168
[nec] step=9410 episode=380 return=17.0 length=17 epsilon=0.881 loss=5.235343933105469 entries=9410
[nec] step=9717 episode=390 return=11.0 length=11 epsilon=0.877 loss=4.444172382354736 entries=9717
[nec] step=9950 episode=400 return=15.0 length=15 epsilon=0.874 loss=4.530193328857422 entries=9950
[nec][eval] step=6612 episode=274 candidate_return=90.0 mean_return=251.05 max_return=500.00
[nec] step=10322 episode=410 return=23.0 length=23 epsilon=0.869 loss=4.815145015716553 entries=10322
[nec] step=10591 episode=420 return=31.0 length=31 epsilon=0.866 loss=4.74172306060791 entries=10591
[nec] step=10860 episode=430 return=14.0 length=14 epsilon=0.862 loss=4.237443923950195 entries=10860
[nec] step=11010 episode=440 return=10.0 length=10 epsilon=0.861 loss=4.772414207458496 entries=11010
[nec] step=11245 episode=450 return=13.0 length=13 epsilon=0.858 loss=4.907712459564209 entries=11245
[nec] step=11514 episode=460 return=20.0 length=20 epsilon=0.854 loss=4.031191349029541 entries=11514
[nec] step=11834 episode=470 return=32.0 length=32 epsilon=0.850 loss=5.512017250061035 entries=11834
[nec] step=12113 episode=480 return=26.0 length=26 epsilon=0.847 loss=4.352377891540527 entries=12113
[nec] step=12409 episode=490 return=15.0 length=15 epsilon=0.843 loss=4.265786647796631 entries=12409
[nec] step=12645 episode=500 return=23.0 length=23 epsilon=0.840 loss=4.0673017501831055 entries=12645
[nec][eval] step=6612 episode=274 candidate_return=90.0 mean_return=251.05 max_return=500.00
[nec] step=13076 episode=510 return=34.0 length=34 epsilon=0.834 loss=4.66524076461792 entries=13076
[nec] step=13446 episode=520 return=21.0 length=21 epsilon=0.830 loss=3.899794816970825 entries=13446
[nec] step=13814 episode=530 return=95.0 length=95 epsilon=0.825 loss=4.397313594818115 entries=13814
[nec] step=14092 episode=540 return=23.0 length=23 epsilon=0.822 loss=4.975850582122803 entries=14092
[nec] step=14410 episode=550 return=52.0 length=52 epsilon=0.817 loss=4.55495548248291 entries=14410
[nec] step=14751 episode=560 return=44.0 length=44 epsilon=0.813 loss=5.441701889038086 entries=14751
[nec] step=15074 episode=570 return=48.0 length=48 epsilon=0.809 loss=4.918951034545898 entries=15074
[nec] step=15493 episode=580 return=21.0 length=21 epsilon=0.804 loss=4.653039455413818 entries=15493
[nec] step=15761 episode=590 return=41.0 length=41 epsilon=0.800 loss=4.690491199493408 entries=15761
[nec] step=16148 episode=600 return=13.0 length=13 epsilon=0.795 loss=5.143494606018066 entries=16148
[nec][eval] step=13361 episode=518 candidate_return=113.0 mean_return=223.60 max_return=500.00
[nec] step=16446 episode=610 return=49.0 length=49 epsilon=0.792 loss=4.5788798332214355 entries=16446
[nec] step=16816 episode=620 return=29.0 length=29 epsilon=0.787 loss=4.867989540100098 entries=16816
[nec] step=17199 episode=630 return=13.0 length=13 epsilon=0.782 loss=4.739842891693115 entries=17199
[nec] step=17623 episode=640 return=54.0 length=54 epsilon=0.777 loss=5.509951114654541 entries=17623
[nec] step=17852 episode=650 return=21.0 length=21 epsilon=0.774 loss=4.7662200927734375 entries=17852
[nec] step=18397 episode=660 return=43.0 length=43 epsilon=0.767 loss=4.576754093170166 entries=18397
[nec] step=18655 episode=670 return=16.0 length=16 epsilon=0.764 loss=5.0311126708984375 entries=18655
[nec] step=18967 episode=680 return=20.0 length=20 epsilon=0.760 loss=5.322952747344971 entries=18967
[nec] step=19216 episode=690 return=24.0 length=24 epsilon=0.757 loss=5.1751275062561035 entries=19216
[nec] step=19521 episode=700 return=33.0 length=33 epsilon=0.753 loss=5.105217933654785 entries=19521
[nec][eval] step=13361 episode=518 candidate_return=113.0 mean_return=223.60 max_return=500.00
[nec] step=19764 episode=710 return=10.0 length=10 epsilon=0.750 loss=5.217337131500244 entries=19764
[nec] step=20084 episode=720 return=31.0 length=31 epsilon=0.746 loss=5.1298370361328125 entries=20000
[nec] step=20490 episode=730 return=77.0 length=77 epsilon=0.740 loss=4.792270660400391 entries=20000
[nec] step=20862 episode=740 return=60.0 length=60 epsilon=0.736 loss=5.442823886871338 entries=20000
[nec] step=21475 episode=750 return=26.0 length=26 epsilon=0.728 loss=5.605072975158691 entries=20000
[nec] step=21778 episode=760 return=74.0 length=74 epsilon=0.724 loss=5.096799850463867 entries=20000
[nec] step=22119 episode=770 return=47.0 length=47 epsilon=0.720 loss=4.953757286071777 entries=20000
[nec] step=22592 episode=780 return=75.0 length=75 epsilon=0.714 loss=5.1989593505859375 entries=20000
[nec] step=22866 episode=790 return=30.0 length=30 epsilon=0.710 loss=5.932607650756836 entries=20000
[nec] step=23221 episode=800 return=19.0 length=19 epsilon=0.706 loss=5.41795539855957 entries=20000
[nec][eval] step=21024 episode=741 candidate_return=162.0 mean_return=170.05 max_return=271.00
[nec] step=23546 episode=810 return=15.0 length=15 epsilon=0.702 loss=4.8511199951171875 entries=20000
[nec] step=23954 episode=820 return=14.0 length=14 epsilon=0.697 loss=6.046006679534912 entries=20000
[nec] step=24501 episode=830 return=31.0 length=31 epsilon=0.690 loss=5.751324653625488 entries=20000
[nec] step=24925 episode=840 return=23.0 length=23 epsilon=0.684 loss=5.925490379333496 entries=20000
[nec] step=25300 episode=850 return=84.0 length=84 epsilon=0.680 loss=5.2850751876831055 entries=20000
[nec] step=25763 episode=860 return=36.0 length=36 epsilon=0.674 loss=6.1574835777282715 entries=20000
[nec] step=26009 episode=870 return=15.0 length=15 epsilon=0.671 loss=6.346078872680664 entries=20000
[nec] step=26519 episode=880 return=103.0 length=103 epsilon=0.664 loss=6.018939971923828 entries=20000
[nec] step=27136 episode=890 return=13.0 length=13 epsilon=0.656 loss=6.322836875915527 entries=20000
[nec] step=27581 episode=900 return=160.0 length=160 epsilon=0.651 loss=6.2100419998168945 entries=20000
[nec][eval] step=26859 episode=883 candidate_return=168.0 mean_return=228.45 max_return=440.00
[nec] step=28103 episode=910 return=146.0 length=146 epsilon=0.644 loss=6.286861419677734 entries=20000
[nec] step=28660 episode=920 return=89.0 length=89 epsilon=0.637 loss=6.554011821746826 entries=20000
[nec] step=29215 episode=930 return=12.0 length=12 epsilon=0.630 loss=6.794079780578613 entries=20000
[nec] step=29879 episode=940 return=42.0 length=42 epsilon=0.622 loss=6.79987907409668 entries=20000
[nec] step=30471 episode=950 return=41.0 length=41 epsilon=0.614 loss=7.98596715927124 entries=20000
[nec] step=30826 episode=960 return=22.0 length=22 epsilon=0.610 loss=7.874560832977295 entries=20000
[nec] step=31273 episode=970 return=48.0 length=48 epsilon=0.604 loss=7.237811088562012 entries=20000
[nec] step=32009 episode=980 return=32.0 length=32 epsilon=0.595 loss=7.619952201843262 entries=20000
[nec] step=32700 episode=990 return=88.0 length=88 epsilon=0.586 loss=7.888388633728027 entries=20000
[nec] step=33203 episode=1000 return=69.0 length=69 epsilon=0.579 loss=7.8343119621276855 entries=20000
[nec][eval] step=31977 episode=979 candidate_return=192.0 mean_return=324.05 max_return=500.00
[nec] step=33967 episode=1010 return=154.0 length=154 epsilon=0.570 loss=9.11688232421875 entries=20000
[nec] step=34483 episode=1020 return=73.0 length=73 epsilon=0.563 loss=9.213218688964844 entries=20000
[nec] step=34979 episode=1030 return=41.0 length=41 epsilon=0.557 loss=7.8205342292785645 entries=20000
[nec] step=35594 episode=1040 return=27.0 length=27 epsilon=0.549 loss=8.91490364074707 entries=20000
[nec] step=36224 episode=1050 return=72.0 length=72 epsilon=0.541 loss=7.7244648933410645 entries=20000
[nec] step=36669 episode=1060 return=42.0 length=42 epsilon=0.536 loss=8.161806106567383 entries=20000
[nec] step=37452 episode=1070 return=55.0 length=55 epsilon=0.526 loss=8.344829559326172 entries=20000
[nec] step=38092 episode=1080 return=75.0 length=75 epsilon=0.518 loss=9.68293285369873 entries=20000
[nec] step=39460 episode=1090 return=144.0 length=144 epsilon=0.500 loss=10.902748107910156 entries=20000
[nec] step=40137 episode=1100 return=68.0 length=68 epsilon=0.492 loss=9.089136123657227 entries=20000
[nec][eval] step=39095 episode=1087 candidate_return=301.0 mean_return=281.05 max_return=500.00
[nec] step=40847 episode=1110 return=152.0 length=152 epsilon=0.483 loss=10.592652320861816 entries=20000
[nec] step=41842 episode=1120 return=153.0 length=153 epsilon=0.470 loss=9.744400978088379 entries=20000
[nec] step=42700 episode=1130 return=192.0 length=192 epsilon=0.459 loss=9.87100887298584 entries=20000
[nec] step=43444 episode=1140 return=67.0 length=67 epsilon=0.450 loss=9.710530281066895 entries=20000
[nec] step=44239 episode=1150 return=35.0 length=35 epsilon=0.440 loss=11.355207443237305 entries=20000
[nec] step=45070 episode=1160 return=129.0 length=129 epsilon=0.429 loss=10.554058074951172 entries=20000
[nec] step=45781 episode=1170 return=40.0 length=40 epsilon=0.420 loss=9.597222328186035 entries=20000
[nec] step=46690 episode=1180 return=99.0 length=99 epsilon=0.409 loss=10.063532829284668 entries=20000
[nec] step=47737 episode=1190 return=163.0 length=163 epsilon=0.395 loss=10.807035446166992 entries=20000
[nec] step=48576 episode=1200 return=30.0 length=30 epsilon=0.385 loss=10.118927001953125 entries=20000
[nec][eval] step=39095 episode=1087 candidate_return=301.0 mean_return=281.05 max_return=500.00
[nec] step=49758 episode=1210 return=26.0 length=26 epsilon=0.370 loss=11.194633483886719 entries=20000
[nec] step=50972 episode=1220 return=257.0 length=257 epsilon=0.354 loss=11.844444274902344 entries=20000
[nec] step=52820 episode=1230 return=203.0 length=203 epsilon=0.331 loss=10.643167495727539 entries=20000
[nec] step=54570 episode=1240 return=200.0 length=200 epsilon=0.309 loss=10.951640129089355 entries=20000
[nec] step=56551 episode=1250 return=181.0 length=181 epsilon=0.284 loss=10.615817070007324 entries=20000
[nec] step=58515 episode=1260 return=185.0 length=185 epsilon=0.259 loss=11.933387756347656 entries=20000
[nec] step=60901 episode=1270 return=86.0 length=86 epsilon=0.229 loss=10.507535934448242 entries=20000
[nec] step=63210 episode=1280 return=153.0 length=153 epsilon=0.199 loss=9.040727615356445 entries=20000
[nec] step=65522 episode=1290 return=192.0 length=192 epsilon=0.170 loss=10.445615768432617 entries=20000
[nec] step=67848 episode=1300 return=151.0 length=151 epsilon=0.141 loss=10.145275115966797 entries=20000
[nec][eval] step=60277 episode=1266 candidate_return=500.0 mean_return=417.05 max_return=500.00
[nec] step=70910 episode=1310 return=205.0 length=205 epsilon=0.102 loss=8.862446784973145 entries=20000
[nec] step=75204 episode=1320 return=500.0 length=500 epsilon=0.050 loss=8.745949745178223 entries=20000
[nec] step=78426 episode=1330 return=370.0 length=370 epsilon=0.050 loss=8.277917861938477 entries=20000
[nec] step=82164 episode=1340 return=178.0 length=178 epsilon=0.050 loss=8.59385871887207 entries=20000
[nec] step=86410 episode=1350 return=184.0 length=184 epsilon=0.050 loss=8.618396759033203 entries=20000
[nec] step=90660 episode=1360 return=500.0 length=500 epsilon=0.050 loss=8.258882522583008 entries=20000
[nec] step=95660 episode=1370 return=500.0 length=500 epsilon=0.050 loss=7.965656757354736 entries=20000
[nec] step=99601 episode=1380 return=500.0 length=500 epsilon=0.050 loss=5.349409103393555 entries=20000
[nec] step=103963 episode=1390 return=500.0 length=500 epsilon=0.050 loss=8.857980728149414 entries=20000
[nec] step=108270 episode=1400 return=228.0 length=228 epsilon=0.050 loss=7.051424503326416 entries=20000
[nec][eval] step=107559 episode=1398 candidate_return=500.0 mean_return=464.95 max_return=500.00
[nec] step=111599 episode=1410 return=500.0 length=500 epsilon=0.050 loss=9.38696002960205 entries=20000
[nec] step=115900 episode=1420 return=500.0 length=500 epsilon=0.050 loss=5.201897621154785 entries=20000
[nec] step=120226 episode=1430 return=312.0 length=312 epsilon=0.050 loss=5.777054786682129 entries=20000
[nec] step=124313 episode=1440 return=488.0 length=488 epsilon=0.050 loss=7.5884013175964355 entries=20000
[nec] step=129258 episode=1450 return=500.0 length=500 epsilon=0.050 loss=7.650327682495117 entries=20000
[nec] step=133872 episode=1460 return=500.0 length=500 epsilon=0.050 loss=8.720452308654785 entries=20000
[nec] step=138403 episode=1470 return=429.0 length=429 epsilon=0.050 loss=6.687619209289551 entries=20000
[nec] step=142861 episode=1480 return=419.0 length=419 epsilon=0.050 loss=9.28852367401123 entries=20000
[nec] step=147265 episode=1490 return=500.0 length=500 epsilon=0.050 loss=7.2077531814575195 entries=20000
[nec] finished profile=fast mean_eval_return=464.95 passed=False run_dir=results/rl/nec_cartpole_20260801_100616_217382
{
  "task": "cartpole",
  "env_id": "CartPole-v1",
  "profile": "fast",
  "seed": 3,
  "total_timesteps": 150000,
  "configured_total_timesteps": 150000,
  "actual_timesteps": 150000,
  "eval_episodes": 20,
  "success_threshold": 475.0,
  "passed": false,
  "final_eval": {
    "episodes": 20,
    "seed": 10000,
    "mean_return": 464.95001220703125,
    "std_return": 83.55564880371094,
    "min_return": 250.0,
    "max_return": 500.0,
    "mean_length": 464.95001220703125
  },
  "last_eval": {
    "episodes": 20,
    "seed": 10000,
    "mean_return": 451.3500061035156,
    "std_return": 100.25830841064453,
    "min_return": 192.0,
    "max_return": 500.0,
    "mean_length": 451.3500061035156
  },
  "selected_step": 107559,
  "selected_source": "best_eval",
  "training_efficiency": {
    "best_model_step": 107559,
    "best_model_training_fraction": 0.71706,
    "first_success_step": null,
    "first_success_training_fraction": null,
    "best_minus_last_return": 13.600006103515625,
    "budget_interpretation": "unsolved_or_underfit"
  },
  "early_stopping": {
    "enabled": false,
    "patience": 30,
    "min_delta": 1.0,
    "min_steps": 25000,
    "target_score": 500.0,
    "best_mean_return": 464.95001220703125,
    "evaluations": 14,
    "evaluations_without_improvement": 0,
    "stopped_early": false,
    "stopping_reason": "budget_exhausted",
    "stopping_step": 150000
  },
  "dictionary_entries": 20000,
  "run_dir": "results/rl/nec_cartpole_20260801_100616_217382"
}
Checkpoint: results/rl/nec_cartpole_20260801_100616_217382/checkpoint.pt
