cases trainable: False
labels trainable: False
cases trainable: False
labels trainable: False
Enforcing normalize_over_cases = True for regression task.
[nnknn-rl] step=15 episode=1 return=15.0 length=15 loss=None cases=0
[nnknn-rl] step=33 episode=2 return=18.0 length=18 loss=None cases=0
[nnknn-rl] step=74 episode=3 return=41.0 length=41 loss=None cases=0
[nnknn-rl] step=96 episode=4 return=22.0 length=22 loss=92.37677764892578 cases=96
[nnknn-rl] step=120 episode=5 return=24.0 length=24 loss=None cases=96
[nnknn-rl] step=254 episode=10 return=53.0 length=53 loss=None cases=136
[nnknn-rl] step=504 episode=20 return=13.0 length=13 loss=20.597665786743164 cases=344
[nnknn-rl] step=670 episode=30 return=44.0 length=44 loss=None cases=361
[nnknn-rl] step=882 episode=40 return=10.0 length=10 loss=12.61706256866455 cases=482
[nnknn-rl] step=1087 episode=50 return=11.0 length=11 loss=None cases=471
[nnknn-rl] step=1264 episode=60 return=11.0 length=11 loss=40.3254280090332 cases=494
[nnknn-rl] step=1528 episode=70 return=23.0 length=23 loss=None cases=500
[nnknn-rl] step=1726 episode=80 return=21.0 length=21 loss=15.96949577331543 cases=487
[nnknn-rl] step=1947 episode=90 return=38.0 length=38 loss=None cases=492
[nnknn-rl][critic-holdout] step=2223 episodes=100 mse=205.1762 explained_variance=0.1058
[nnknn-rl] step=2223 episode=100 return=14.0 length=14 loss=21.829771041870117 cases=500
[nnknn-rl][eval] step=2223 mean_return=424.45 max_return=500.00
[nnknn-rl] step=2459 episode=110 return=16.0 length=16 loss=None cases=500
[nnknn-rl] step=2681 episode=120 return=16.0 length=16 loss=30.470518112182617 cases=500
[nnknn-rl] step=2914 episode=130 return=12.0 length=12 loss=None cases=490
[nnknn-rl] step=3083 episode=140 return=24.0 length=24 loss=11.068572044372559 cases=485
[nnknn-rl] step=3323 episode=150 return=11.0 length=11 loss=None cases=500
[nnknn-rl] step=3481 episode=160 return=16.0 length=16 loss=7.088044166564941 cases=482
[nnknn-rl] step=3724 episode=170 return=14.0 length=14 loss=None cases=500
[nnknn-rl] step=3915 episode=180 return=20.0 length=20 loss=8.743501663208008 cases=496
[nnknn-rl] step=4186 episode=190 return=48.0 length=48 loss=None cases=500
[nnknn-rl][critic-holdout] step=4474 episodes=200 mse=14.3780 explained_variance=0.6098
[nnknn-rl] step=4474 episode=200 return=17.0 length=17 loss=22.15068817138672 cases=500
[nnknn-rl][eval] step=4474 mean_return=500.00 max_return=500.00
[nnknn-rl] step=4729 episode=210 return=12.0 length=12 loss=None cases=500
[nnknn-rl] step=4965 episode=220 return=17.0 length=17 loss=16.771881103515625 cases=500
[nnknn-rl] step=5174 episode=230 return=22.0 length=22 loss=None cases=499
[nnknn-rl] step=5435 episode=240 return=32.0 length=32 loss=18.87583351135254 cases=500
[nnknn-rl] step=5651 episode=250 return=12.0 length=12 loss=None cases=500
[nnknn-rl] step=5928 episode=260 return=43.0 length=43 loss=26.018606185913086 cases=500
[nnknn-rl] step=6154 episode=270 return=21.0 length=21 loss=None cases=500
[nnknn-rl] step=6381 episode=280 return=19.0 length=19 loss=26.876108169555664 cases=500
[nnknn-rl] step=6644 episode=290 return=20.0 length=20 loss=None cases=500
[nnknn-rl][critic-holdout] step=6900 episodes=300 mse=47.6132 explained_variance=0.2647
[nnknn-rl] step=6900 episode=300 return=26.0 length=26 loss=38.85090637207031 cases=500
[nnknn-rl][eval] step=6900 mean_return=499.65 max_return=500.00
[nnknn-rl] step=7166 episode=310 return=16.0 length=16 loss=None cases=500
[nnknn-rl] step=7493 episode=320 return=51.0 length=51 loss=38.709129333496094 cases=500
[nnknn-rl] step=7774 episode=330 return=44.0 length=44 loss=None cases=500
[nnknn-rl] step=8006 episode=340 return=9.0 length=9 loss=51.10496139526367 cases=500
[nnknn-rl] step=8325 episode=350 return=22.0 length=22 loss=None cases=500
[nnknn-rl] step=8610 episode=360 return=29.0 length=29 loss=20.316631317138672 cases=500
[nnknn-rl] step=8850 episode=370 return=42.0 length=42 loss=None cases=500
[nnknn-rl] step=9148 episode=380 return=15.0 length=15 loss=24.008081436157227 cases=500
[nnknn-rl] step=9393 episode=390 return=15.0 length=15 loss=None cases=500
[nnknn-rl][critic-holdout] step=9717 episodes=400 mse=25.6210 explained_variance=0.5302
[nnknn-rl] step=9717 episode=400 return=15.0 length=15 loss=62.93345260620117 cases=500
[nnknn-rl][eval] step=9717 mean_return=475.25 max_return=500.00
[nnknn-rl] step=9988 episode=410 return=13.0 length=13 loss=None cases=500
[nnknn-rl] step=10341 episode=420 return=23.0 length=23 loss=66.06494140625 cases=500
[nnknn-rl] step=10698 episode=430 return=20.0 length=20 loss=None cases=500
[nnknn-rl] step=10999 episode=440 return=47.0 length=47 loss=30.95770835876465 cases=500
[nnknn-rl] step=11301 episode=450 return=19.0 length=19 loss=None cases=500
[nnknn-rl] step=11564 episode=460 return=18.0 length=18 loss=27.252124786376953 cases=500
[nnknn-rl] step=11915 episode=470 return=27.0 length=27 loss=None cases=500
[nnknn-rl] step=12250 episode=480 return=22.0 length=22 loss=55.75602340698242 cases=500
[nnknn-rl] step=12568 episode=490 return=30.0 length=30 loss=None cases=500
[nnknn-rl][critic-holdout] step=12826 episodes=500 mse=124.2697 explained_variance=0.2596
[nnknn-rl] step=12826 episode=500 return=18.0 length=18 loss=20.1943416595459 cases=500
[nnknn-rl][eval] step=12826 mean_return=434.50 max_return=500.00
[nnknn-rl] step=13132 episode=510 return=34.0 length=34 loss=None cases=500
[nnknn-rl] step=13370 episode=520 return=12.0 length=12 loss=25.588735580444336 cases=500
[nnknn-rl] step=13747 episode=530 return=18.0 length=18 loss=None cases=500
[nnknn-rl] step=14065 episode=540 return=13.0 length=13 loss=25.053720474243164 cases=458
[nnknn-rl] step=14280 episode=550 return=12.0 length=12 loss=None cases=500
[nnknn-rl] step=14607 episode=560 return=14.0 length=14 loss=55.12847900390625 cases=500
[nnknn-rl] step=14973 episode=570 return=61.0 length=61 loss=None cases=500
[nnknn-rl] step=15339 episode=580 return=24.0 length=24 loss=76.14434051513672 cases=500
[nnknn-rl] step=15748 episode=590 return=54.0 length=54 loss=None cases=500
[nnknn-rl][critic-holdout] step=16115 episodes=600 mse=21.0735 explained_variance=0.6996
[nnknn-rl] step=16115 episode=600 return=65.0 length=65 loss=67.46708679199219 cases=500
[nnknn-rl][eval] step=16115 mean_return=428.50 max_return=500.00
[nnknn-rl] step=16457 episode=610 return=20.0 length=20 loss=None cases=500
[nnknn-rl] step=16707 episode=620 return=31.0 length=31 loss=25.866811752319336 cases=500
[nnknn-rl] step=17052 episode=630 return=24.0 length=24 loss=None cases=500
[nnknn-rl] step=17430 episode=640 return=35.0 length=35 loss=64.3931655883789 cases=500
[nnknn-rl] step=17766 episode=650 return=25.0 length=25 loss=None cases=500
[nnknn-rl] step=18178 episode=660 return=51.0 length=51 loss=48.8839225769043 cases=500
[nnknn-rl] step=18638 episode=670 return=98.0 length=98 loss=None cases=500
[nnknn-rl] step=19107 episode=680 return=34.0 length=34 loss=62.9268913269043 cases=500
[nnknn-rl] step=19463 episode=690 return=11.0 length=11 loss=None cases=500
[nnknn-rl][critic-holdout] step=19800 episodes=700 mse=491.8052 explained_variance=0.2246
[nnknn-rl] step=19800 episode=700 return=37.0 length=37 loss=32.95132064819336 cases=500
[nnknn-rl][eval] step=19800 mean_return=415.70 max_return=500.00
[nnknn-rl] step=20167 episode=710 return=51.0 length=51 loss=None cases=500
[nnknn-rl] step=20648 episode=720 return=119.0 length=119 loss=74.78843688964844 cases=500
[nnknn-rl] step=21075 episode=730 return=25.0 length=25 loss=None cases=500
[nnknn-rl] step=21553 episode=740 return=15.0 length=15 loss=91.09261322021484 cases=500
[nnknn-rl] step=22094 episode=750 return=47.0 length=47 loss=None cases=496
[nnknn-rl] step=22667 episode=760 return=47.0 length=47 loss=58.57305908203125 cases=500
[nnknn-rl] step=23116 episode=770 return=127.0 length=127 loss=None cases=500
[nnknn-rl] step=23631 episode=780 return=114.0 length=114 loss=79.79275512695312 cases=500
[nnknn-rl] step=24245 episode=790 return=122.0 length=122 loss=None cases=500
[nnknn-rl][critic-holdout] step=24815 episodes=800 mse=442.9637 explained_variance=0.2283
[nnknn-rl] step=24815 episode=800 return=19.0 length=19 loss=48.7782096862793 cases=500
[nnknn-rl][eval] step=24815 mean_return=474.05 max_return=500.00
[nnknn-rl] step=25545 episode=810 return=45.0 length=45 loss=None cases=500
[nnknn-rl] step=26013 episode=820 return=92.0 length=92 loss=71.93758392333984 cases=500
[nnknn-rl] step=26616 episode=830 return=107.0 length=107 loss=None cases=500
[nnknn-rl] step=27284 episode=840 return=106.0 length=106 loss=79.34261322021484 cases=500
[nnknn-rl] step=27681 episode=850 return=43.0 length=43 loss=None cases=480
[nnknn-rl] step=28565 episode=860 return=69.0 length=69 loss=86.0594711303711 cases=500
[nnknn-rl] step=29339 episode=870 return=59.0 length=59 loss=None cases=500
[nnknn-rl] step=30018 episode=880 return=130.0 length=130 loss=86.1626968383789 cases=500
[nnknn-rl] step=30558 episode=890 return=43.0 length=43 loss=None cases=500
[nnknn-rl][critic-holdout] step=31000 episodes=900 mse=708.8864 explained_variance=0.1924
[nnknn-rl] step=31000 episode=900 return=38.0 length=38 loss=63.35641098022461 cases=500
[nnknn-rl][eval] step=31000 mean_return=500.00 max_return=500.00
[nnknn-rl] step=31517 episode=910 return=115.0 length=115 loss=None cases=500
[nnknn-rl] step=32114 episode=920 return=125.0 length=125 loss=104.53720092773438 cases=464
[nnknn-rl] step=32755 episode=930 return=120.0 length=120 loss=None cases=500
[nnknn-rl] step=33336 episode=940 return=61.0 length=61 loss=78.05316162109375 cases=500
[nnknn-rl] step=34278 episode=950 return=180.0 length=180 loss=None cases=452
[nnknn-rl] step=35157 episode=960 return=112.0 length=112 loss=96.88936614990234 cases=500
[nnknn-rl] step=35794 episode=970 return=40.0 length=40 loss=None cases=481
[nnknn-rl] step=36943 episode=980 return=108.0 length=108 loss=88.7159652709961 cases=500
[nnknn-rl] step=38118 episode=990 return=63.0 length=63 loss=None cases=500
[nnknn-rl][critic-holdout] step=38972 episodes=1000 mse=718.1679 explained_variance=0.2503
[nnknn-rl] step=38972 episode=1000 return=218.0 length=218 loss=81.60481262207031 cases=500
[nnknn-rl][eval] step=38972 mean_return=465.75 max_return=500.00
[nnknn-rl] step=40346 episode=1010 return=245.0 length=245 loss=None cases=500
[nnknn-rl] step=41482 episode=1020 return=89.0 length=89 loss=91.22686004638672 cases=500
[nnknn-rl] step=42790 episode=1030 return=61.0 length=61 loss=None cases=480
[nnknn-rl] step=43899 episode=1040 return=93.0 length=93 loss=94.47956085205078 cases=500
[nnknn-rl] step=45186 episode=1050 return=111.0 length=111 loss=None cases=500
[nnknn-rl] step=46991 episode=1060 return=111.0 length=111 loss=79.5826187133789 cases=500
[nnknn-rl] step=48399 episode=1070 return=78.0 length=78 loss=None cases=455
[nnknn-rl] step=49745 episode=1080 return=94.0 length=94 loss=113.47434997558594 cases=500
[nnknn-rl] step=51081 episode=1090 return=151.0 length=151 loss=None cases=500
[nnknn-rl][critic-holdout] step=52662 episodes=1100 mse=1083.9067 explained_variance=0.1069
[nnknn-rl] step=52662 episode=1100 return=163.0 length=163 loss=63.978431701660156 cases=489
[nnknn-rl][eval] step=52662 mean_return=388.80 max_return=500.00
[nnknn-rl] step=54636 episode=1110 return=120.0 length=120 loss=None cases=500
[nnknn-rl] step=56453 episode=1120 return=226.0 length=226 loss=54.56404113769531 cases=500
[nnknn-rl] step=59279 episode=1130 return=350.0 length=350 loss=None cases=500
[nnknn-rl] step=61920 episode=1140 return=436.0 length=436 loss=61.97003936767578 cases=500
[nnknn-rl] step=63826 episode=1150 return=355.0 length=355 loss=None cases=500
[nnknn-rl] step=66898 episode=1160 return=500.0 length=500 loss=59.888736724853516 cases=500
[nnknn-rl] step=69030 episode=1170 return=301.0 length=301 loss=None cases=500
[nnknn-rl] step=72522 episode=1180 return=251.0 length=251 loss=40.57257080078125 cases=467
[nnknn-rl] step=75702 episode=1190 return=113.0 length=113 loss=None cases=500
[nnknn-rl][critic-holdout] step=79194 episodes=1200 mse=1747.7340 explained_variance=0.2026
[nnknn-rl] step=79194 episode=1200 return=195.0 length=195 loss=60.724491119384766 cases=500
[nnknn-rl][eval] step=79194 mean_return=430.50 max_return=500.00
[nnknn-rl] step=82228 episode=1210 return=345.0 length=345 loss=None cases=459
[nnknn-rl] step=84805 episode=1220 return=169.0 length=169 loss=34.608123779296875 cases=459
[nnknn-rl] step=88834 episode=1230 return=137.0 length=137 loss=None cases=500
[nnknn-rl] step=91979 episode=1240 return=393.0 length=393 loss=33.40163040161133 cases=500
[nnknn-rl] step=95897 episode=1250 return=473.0 length=473 loss=None cases=472
[nnknn-rl] step=99005 episode=1260 return=459.0 length=459 loss=47.4067268371582 cases=500
[nnknn-rl] step=102828 episode=1270 return=160.0 length=160 loss=None cases=500
[nnknn-rl] step=106517 episode=1280 return=327.0 length=327 loss=60.82115936279297 cases=500
[nnknn-rl] step=108596 episode=1290 return=213.0 length=213 loss=None cases=500
[nnknn-rl][critic-holdout] step=110856 episodes=1300 mse=926.4927 explained_variance=0.2848
[nnknn-rl] step=110856 episode=1300 return=223.0 length=223 loss=37.75621032714844 cases=500
[nnknn-rl][eval] step=110856 mean_return=276.10 max_return=500.00
[nnknn-rl] step=113101 episode=1310 return=152.0 length=152 loss=None cases=454
[nnknn-rl] step=115485 episode=1320 return=116.0 length=116 loss=59.64821243286133 cases=454
[nnknn-rl] step=118160 episode=1330 return=133.0 length=133 loss=None cases=500
[nnknn-rl] step=120413 episode=1340 return=203.0 length=203 loss=39.79994201660156 cases=457
[nnknn-rl] step=122292 episode=1350 return=151.0 length=151 loss=None cases=500
[nnknn-rl] step=124659 episode=1360 return=300.0 length=300 loss=43.3745002746582 cases=500
[nnknn-rl] step=127358 episode=1370 return=188.0 length=188 loss=None cases=500
[nnknn-rl] step=130341 episode=1380 return=413.0 length=413 loss=75.36650848388672 cases=500
[nnknn-rl] step=133925 episode=1390 return=264.0 length=264 loss=None cases=500
[nnknn-rl][critic-holdout] step=136538 episodes=1400 mse=468.0862 explained_variance=0.5459
[nnknn-rl] step=136538 episode=1400 return=145.0 length=145 loss=46.36721420288086 cases=500
[nnknn-rl][eval] step=136538 mean_return=317.85 max_return=445.00
[nnknn-rl] step=138838 episode=1410 return=160.0 length=160 loss=None cases=500
[nnknn-rl] step=141463 episode=1420 return=187.0 length=187 loss=33.249122619628906 cases=500
[nnknn-rl] step=143634 episode=1430 return=295.0 length=295 loss=None cases=500
[nnknn-rl] step=145923 episode=1440 return=164.0 length=164 loss=47.513153076171875 cases=478
[nnknn-rl] step=148024 episode=1450 return=218.0 length=218 loss=None cases=500
[nnknn-rl] finished profile=fast mean_eval_return=500.00 passed=True run_dir=results/rl/nnknn_rl_cartpole_20260801_100617_191472
{
  "task": "cartpole",
  "env_id": "CartPole-v1",
  "profile": "fast",
  "seed": 3,
  "total_timesteps": 150000,
  "configured_total_timesteps": 150000,
  "actual_timesteps": 150000,
  "eval_episodes": 20,
  "success_threshold": 475.0,
  "passed": true,
  "algorithm": "nnknn_actor_critic_separate_memory_gae",
  "actor_type": "nnknn",
  "critic_type": "nnknn",
  "architecture": {
    "separate_case_bases": true,
    "shared_nnknn_representation": true,
    "critic_target_shared_case_store": true,
    "actor_case_insertion": "raw_positive_advantage_only"
  },
  "gae": {
    "gamma": 0.99,
    "gae_lambda": 0.95,
    "advantage_clip": 5.0
  },
  "exploration": {
    "mode": "epsilon_mixed_policy",
    "applies_to_actor": true,
    "initial_epsilon": 1.0,
    "final_epsilon": 0.05,
    "fraction": 0.5,
    "final_step_epsilon": 0.05,
    "readiness": {
      "min_case_entries": 32,
      "min_cases_per_action": 8
    }
  },
  "final_eval": {
    "episodes": 20,
    "seed": 10000,
    "mean_return": 500.0,
    "std_return": 0.0,
    "min_return": 500.0,
    "max_return": 500.0,
    "mean_length": 500.0
  },
  "last_eval": {
    "episodes": 20,
    "seed": 10000,
    "mean_return": 297.1000061035156,
    "std_return": 72.74056243896484,
    "min_return": 199.0,
    "max_return": 469.0,
    "mean_length": 297.1000061035156
  },
  "selected_step": 4474,
  "selected_source": "best_eval",
  "training_efficiency": {
    "best_model_step": 4474,
    "best_model_training_fraction": 0.029826666666666668,
    "first_success_step": 4474,
    "first_success_training_fraction": 0.029826666666666668,
    "best_minus_last_return": 202.89999389648438,
    "budget_interpretation": "regressed_after_best"
  },
  "early_stopping": {
    "enabled": false,
    "patience": 30,
    "min_delta": 1.0,
    "min_steps": 25000,
    "target_score": 500.0,
    "best_mean_return": 500.0,
    "evaluations": 14,
    "evaluations_without_improvement": 6,
    "stopped_early": false,
    "stopping_reason": "budget_exhausted",
    "stopping_step": 150000
  },
  "case_entries": 500,
  "critic_case_entries": 500,
  "action_counts": [
    258,
    242
  ],
  "cases_pruned": 49468,
  "cases_replaced": 213689,
  "actor_cases_pruned": 32680,
  "actor_cases_replaced": 91489,
  "critic_cases_pruned": 16788,
  "critic_cases_replaced": 122200,
  "critic_label_updates": 1728,
  "critic_label_update_samples": 10512,
  "partial_rollout_segments": 1,
  "partial_rollout_samples": 159,
  "critic_target_enabled": true,
  "critic_target_value_mode": "ema",
  "critic_target_sync_interval": 4,
  "critic_target_ema_tau": 0.05,
  "critic_target_value_syncs": 92,
  "critic_holdout_evaluations": 14,
  "latest_critic_holdout": {
    "global_step": 136538,
    "completed_episodes": 1400,
    "diagnostic_index": 14,
    "critic_holdout_mse": 468.08624267578125,
    "critic_holdout_explained_variance": 0.545930802822113,
    "critic_holdout_value_mean": 48.18778991699219,
    "critic_holdout_target_mean": 60.88806915283203,
    "critic_holdout_samples": 1082,
    "critic_holdout_episodes": 5,
    "critic_holdout_environment_steps": 1082,
    "critic_holdout_mean_episode_return": 216.4,
    "critic_holdout_mean_episode_length": 216.4,
    "critic_holdout_behavior_epsilon": 0.05,
    "critic_holdout_truncated_bootstraps": 0,
    "critic_holdout_target_method": "discounted_monte_carlo_with_truncation_bootstrap",
    "critic_holdout_bootstrap_source": "target_value_model",
    "critic_holdout_seed": 30065
  },
  "run_dir": "results/rl/nnknn_rl_cartpole_20260801_100617_191472"
}
Checkpoint: results/rl/nnknn_rl_cartpole_20260801_100617_191472/checkpoint.pt
