cases trainable: False
labels trainable: False
cases trainable: False
labels trainable: False
Enforcing normalize_over_cases = True for regression task.
[nnknn-rl] step=14 episode=1 return=14.0 length=14 loss=None cases=0
[nnknn-rl] step=102 episode=2 return=88.0 length=88 loss=None cases=0
[nnknn-rl] step=132 episode=3 return=30.0 length=30 loss=None cases=0
[nnknn-rl] step=169 episode=4 return=37.0 length=37 loss=156.03953552246094 cases=169
[nnknn-rl] step=185 episode=5 return=16.0 length=16 loss=None cases=169
[nnknn-rl] step=272 episode=10 return=12.0 length=12 loss=None cases=200
[nnknn-rl] step=447 episode=20 return=34.0 length=34 loss=20.299083709716797 cases=284
[nnknn-rl] step=644 episode=30 return=12.0 length=12 loss=None cases=364
[nnknn-rl] step=878 episode=40 return=15.0 length=15 loss=22.826034545898438 cases=493
[nnknn-rl] step=1029 episode=50 return=15.0 length=15 loss=None cases=498
[nnknn-rl] step=1298 episode=60 return=12.0 length=12 loss=54.832950592041016 cases=500
[nnknn-rl] step=1495 episode=70 return=38.0 length=38 loss=None cases=481
[nnknn-rl] step=1732 episode=80 return=12.0 length=12 loss=23.917261123657227 cases=476
[nnknn-rl] step=1891 episode=90 return=13.0 length=13 loss=None cases=491
[nnknn-rl][critic-holdout] step=2102 episodes=100 mse=220.9381 explained_variance=0.0989
[nnknn-rl] step=2102 episode=100 return=18.0 length=18 loss=28.109560012817383 cases=499
[nnknn-rl][eval] step=2102 mean_return=495.45 max_return=500.00
[nnknn-rl] step=2304 episode=110 return=19.0 length=19 loss=None cases=495
[nnknn-rl] step=2490 episode=120 return=18.0 length=18 loss=13.970362663269043 cases=483
[nnknn-rl] step=2755 episode=130 return=37.0 length=37 loss=None cases=491
[nnknn-rl] step=2997 episode=140 return=41.0 length=41 loss=22.95140266418457 cases=500
[nnknn-rl] step=3254 episode=150 return=20.0 length=20 loss=None cases=500
[nnknn-rl] step=3492 episode=160 return=37.0 length=37 loss=22.774877548217773 cases=500
[nnknn-rl] step=3803 episode=170 return=12.0 length=12 loss=None cases=500
[nnknn-rl] step=4094 episode=180 return=72.0 length=72 loss=54.56909942626953 cases=500
[nnknn-rl] step=4339 episode=190 return=12.0 length=12 loss=None cases=500
[nnknn-rl][critic-holdout] step=4580 episodes=200 mse=34.7728 explained_variance=0.4936
[nnknn-rl] step=4580 episode=200 return=54.0 length=54 loss=32.911827087402344 cases=500
[nnknn-rl][eval] step=4580 mean_return=500.00 max_return=500.00
[nnknn-rl] step=4782 episode=210 return=15.0 length=15 loss=None cases=500
[nnknn-rl] step=5024 episode=220 return=16.0 length=16 loss=28.4197940826416 cases=500
[nnknn-rl] step=5242 episode=230 return=21.0 length=21 loss=None cases=498
[nnknn-rl] step=5570 episode=240 return=16.0 length=16 loss=54.531700134277344 cases=500
[nnknn-rl] step=5797 episode=250 return=25.0 length=25 loss=None cases=500
[nnknn-rl] step=6000 episode=260 return=17.0 length=17 loss=11.518707275390625 cases=498
[nnknn-rl] step=6205 episode=270 return=12.0 length=12 loss=None cases=500
[nnknn-rl] step=6596 episode=280 return=35.0 length=35 loss=70.39507293701172 cases=500
[nnknn-rl] step=6836 episode=290 return=33.0 length=33 loss=None cases=500
[nnknn-rl][critic-holdout] step=7071 episodes=300 mse=51.4302 explained_variance=0.1991
[nnknn-rl] step=7071 episode=300 return=29.0 length=29 loss=14.210456848144531 cases=500
[nnknn-rl][eval] step=7071 mean_return=478.95 max_return=500.00
[nnknn-rl] step=7351 episode=310 return=20.0 length=20 loss=None cases=500
[nnknn-rl] step=7660 episode=320 return=14.0 length=14 loss=13.093801498413086 cases=500
[nnknn-rl] step=7982 episode=330 return=9.0 length=9 loss=None cases=500
[nnknn-rl] step=8213 episode=340 return=19.0 length=19 loss=23.416221618652344 cases=500
[nnknn-rl] step=8448 episode=350 return=26.0 length=26 loss=None cases=500
[nnknn-rl] step=8699 episode=360 return=38.0 length=38 loss=25.95800018310547 cases=500
[nnknn-rl] step=8992 episode=370 return=45.0 length=45 loss=None cases=500
[nnknn-rl] step=9305 episode=380 return=32.0 length=32 loss=51.32380676269531 cases=500
[nnknn-rl] step=9496 episode=390 return=16.0 length=16 loss=None cases=500
[nnknn-rl][critic-holdout] step=9794 episodes=400 mse=285.1722 explained_variance=0.0102
[nnknn-rl] step=9794 episode=400 return=50.0 length=50 loss=48.329952239990234 cases=500
[nnknn-rl][eval] step=9794 mean_return=500.00 max_return=500.00
[nnknn-rl] step=10156 episode=410 return=19.0 length=19 loss=None cases=500
[nnknn-rl] step=10432 episode=420 return=65.0 length=65 loss=46.69364547729492 cases=500
[nnknn-rl] step=10846 episode=430 return=23.0 length=23 loss=None cases=500
[nnknn-rl] step=11052 episode=440 return=10.0 length=10 loss=26.912717819213867 cases=500
[nnknn-rl] step=11266 episode=450 return=30.0 length=30 loss=None cases=500
[nnknn-rl] step=11597 episode=460 return=14.0 length=14 loss=55.278846740722656 cases=500
[nnknn-rl] step=11929 episode=470 return=19.0 length=19 loss=None cases=500
[nnknn-rl] step=12348 episode=480 return=83.0 length=83 loss=63.494075775146484 cases=500
[nnknn-rl] step=12625 episode=490 return=19.0 length=19 loss=None cases=500
[nnknn-rl][critic-holdout] step=12895 episodes=500 mse=108.1503 explained_variance=0.3538
[nnknn-rl] step=12895 episode=500 return=22.0 length=22 loss=35.44280242919922 cases=500
[nnknn-rl][eval] step=12895 mean_return=489.15 max_return=500.00
[nnknn-rl] step=13292 episode=510 return=32.0 length=32 loss=None cases=500
[nnknn-rl] step=13541 episode=520 return=22.0 length=22 loss=15.432448387145996 cases=500
[nnknn-rl] step=13789 episode=530 return=14.0 length=14 loss=None cases=500
[nnknn-rl] step=14153 episode=540 return=35.0 length=35 loss=58.67665100097656 cases=470
[nnknn-rl] step=14697 episode=550 return=95.0 length=95 loss=None cases=500
[nnknn-rl] step=15090 episode=560 return=53.0 length=53 loss=43.76148223876953 cases=500
[nnknn-rl] step=15453 episode=570 return=27.0 length=27 loss=None cases=500
[nnknn-rl] step=15972 episode=580 return=32.0 length=32 loss=46.08098602294922 cases=496
[nnknn-rl] step=16436 episode=590 return=82.0 length=82 loss=None cases=500
[nnknn-rl][critic-holdout] step=16719 episodes=600 mse=32.8289 explained_variance=0.5349
[nnknn-rl] step=16719 episode=600 return=13.0 length=13 loss=25.9980525970459 cases=500
[nnknn-rl][eval] step=16719 mean_return=402.55 max_return=500.00
[nnknn-rl] step=17068 episode=610 return=14.0 length=14 loss=None cases=500
[nnknn-rl] step=17340 episode=620 return=11.0 length=11 loss=41.751976013183594 cases=500
[nnknn-rl] step=17821 episode=630 return=97.0 length=97 loss=None cases=497
[nnknn-rl] step=18275 episode=640 return=46.0 length=46 loss=41.917381286621094 cases=500
[nnknn-rl] step=18605 episode=650 return=16.0 length=16 loss=None cases=500
[nnknn-rl] step=18891 episode=660 return=19.0 length=19 loss=39.70045471191406 cases=500
[nnknn-rl] step=19205 episode=670 return=25.0 length=25 loss=None cases=500
[nnknn-rl] step=19551 episode=680 return=54.0 length=54 loss=57.0437126159668 cases=500
[nnknn-rl] step=20075 episode=690 return=34.0 length=34 loss=None cases=500
[nnknn-rl][critic-holdout] step=20640 episodes=700 mse=448.9197 explained_variance=0.2714
[nnknn-rl] step=20640 episode=700 return=112.0 length=112 loss=102.74820709228516 cases=498
[nnknn-rl][eval] step=20640 mean_return=374.15 max_return=500.00
[nnknn-rl] step=21362 episode=710 return=36.0 length=36 loss=None cases=500
[nnknn-rl] step=21854 episode=720 return=74.0 length=74 loss=95.12273406982422 cases=500
[nnknn-rl] step=22268 episode=730 return=54.0 length=54 loss=None cases=500
[nnknn-rl] step=22781 episode=740 return=56.0 length=56 loss=67.56838989257812 cases=500
[nnknn-rl] step=23394 episode=750 return=24.0 length=24 loss=None cases=500
[nnknn-rl] step=23699 episode=760 return=19.0 length=19 loss=47.9083251953125 cases=500
[nnknn-rl] step=24414 episode=770 return=56.0 length=56 loss=None cases=473
[nnknn-rl] step=25129 episode=780 return=15.0 length=15 loss=94.02718353271484 cases=500
[nnknn-rl] step=25677 episode=790 return=90.0 length=90 loss=None cases=500
[nnknn-rl][critic-holdout] step=26056 episodes=800 mse=433.4656 explained_variance=0.0337
[nnknn-rl] step=26056 episode=800 return=23.0 length=23 loss=51.93581771850586 cases=500
[nnknn-rl][eval] step=26056 mean_return=455.35 max_return=500.00
[nnknn-rl] step=26679 episode=810 return=39.0 length=39 loss=None cases=500
[nnknn-rl] step=27168 episode=820 return=33.0 length=33 loss=97.34626007080078 cases=500
[nnknn-rl] step=27734 episode=830 return=70.0 length=70 loss=None cases=500
[nnknn-rl] step=28229 episode=840 return=23.0 length=23 loss=40.638187408447266 cases=500
[nnknn-rl] step=29146 episode=850 return=86.0 length=86 loss=None cases=500
[nnknn-rl] step=29669 episode=860 return=59.0 length=59 loss=50.36730194091797 cases=500
[nnknn-rl] step=30104 episode=870 return=77.0 length=77 loss=None cases=500
[nnknn-rl] step=30774 episode=880 return=63.0 length=63 loss=84.63465118408203 cases=500
[nnknn-rl] step=31563 episode=890 return=184.0 length=184 loss=None cases=500
[nnknn-rl][critic-holdout] step=32270 episodes=900 mse=531.4673 explained_variance=0.1764
[nnknn-rl] step=32270 episode=900 return=83.0 length=83 loss=85.71720123291016 cases=500
[nnknn-rl][eval] step=32270 mean_return=403.20 max_return=500.00
[nnknn-rl] step=32798 episode=910 return=52.0 length=52 loss=None cases=500
[nnknn-rl] step=33359 episode=920 return=65.0 length=65 loss=90.6963119506836 cases=500
[nnknn-rl] step=33884 episode=930 return=32.0 length=32 loss=None cases=500
[nnknn-rl] step=34369 episode=940 return=37.0 length=37 loss=60.64742660522461 cases=500
[nnknn-rl] step=35255 episode=950 return=116.0 length=116 loss=None cases=500
[nnknn-rl] step=35852 episode=960 return=30.0 length=30 loss=85.99703979492188 cases=500
[nnknn-rl] step=36611 episode=970 return=222.0 length=222 loss=None cases=500
[nnknn-rl] step=37578 episode=980 return=81.0 length=81 loss=104.12297821044922 cases=500
[nnknn-rl] step=38511 episode=990 return=74.0 length=74 loss=None cases=471
[nnknn-rl][critic-holdout] step=39340 episodes=1000 mse=373.7659 explained_variance=0.2248
[nnknn-rl] step=39340 episode=1000 return=100.0 length=100 loss=86.72376251220703 cases=500
[nnknn-rl][eval] step=39340 mean_return=285.30 max_return=500.00
[nnknn-rl] step=40479 episode=1010 return=42.0 length=42 loss=None cases=500
[nnknn-rl] step=41532 episode=1020 return=140.0 length=140 loss=89.93840026855469 cases=500
[nnknn-rl] step=42512 episode=1030 return=257.0 length=257 loss=None cases=454
[nnknn-rl] step=43690 episode=1040 return=56.0 length=56 loss=71.04773712158203 cases=500
[nnknn-rl] step=45070 episode=1050 return=64.0 length=64 loss=None cases=497
[nnknn-rl] step=46434 episode=1060 return=151.0 length=151 loss=88.39450073242188 cases=500
[nnknn-rl] step=48006 episode=1070 return=221.0 length=221 loss=None cases=484
[nnknn-rl] step=49958 episode=1080 return=259.0 length=259 loss=115.34903717041016 cases=500
[nnknn-rl] step=51992 episode=1090 return=87.0 length=87 loss=None cases=500
[nnknn-rl][critic-holdout] step=53538 episodes=1100 mse=1266.3416 explained_variance=0.1366
[nnknn-rl] step=53538 episode=1100 return=135.0 length=135 loss=91.16922760009766 cases=500
[nnknn-rl][eval] step=53538 mean_return=474.75 max_return=500.00
[nnknn-rl] step=55845 episode=1110 return=86.0 length=86 loss=None cases=500
[nnknn-rl] step=57861 episode=1120 return=118.0 length=118 loss=106.6115951538086 cases=500
[nnknn-rl] step=60318 episode=1130 return=301.0 length=301 loss=None cases=500
[nnknn-rl] step=62754 episode=1140 return=447.0 length=447 loss=83.44283294677734 cases=500
[nnknn-rl] step=65870 episode=1150 return=500.0 length=500 loss=None cases=500
[nnknn-rl] step=68034 episode=1160 return=125.0 length=125 loss=79.26634979248047 cases=500
[nnknn-rl] step=71062 episode=1170 return=124.0 length=124 loss=None cases=500
[nnknn-rl] step=74110 episode=1180 return=257.0 length=257 loss=61.366058349609375 cases=500
[nnknn-rl] step=76441 episode=1190 return=138.0 length=138 loss=None cases=473
[nnknn-rl][critic-holdout] step=78477 episodes=1200 mse=1223.3889 explained_variance=0.0912
[nnknn-rl] step=78477 episode=1200 return=318.0 length=318 loss=68.53118896484375 cases=500
[nnknn-rl][eval] step=78477 mean_return=444.35 max_return=500.00
[nnknn-rl] step=80791 episode=1210 return=257.0 length=257 loss=None cases=500
[nnknn-rl] step=83944 episode=1220 return=287.0 length=287 loss=49.2757568359375 cases=475
[nnknn-rl] step=86814 episode=1230 return=122.0 length=122 loss=None cases=462
[nnknn-rl] step=88884 episode=1240 return=160.0 length=160 loss=55.57195281982422 cases=500
[nnknn-rl] step=90544 episode=1250 return=219.0 length=219 loss=None cases=500
[nnknn-rl] step=92191 episode=1260 return=185.0 length=185 loss=32.79768753051758 cases=453
[nnknn-rl] step=93701 episode=1270 return=178.0 length=178 loss=None cases=500
[nnknn-rl] step=95852 episode=1280 return=152.0 length=152 loss=20.48406219482422 cases=500
[nnknn-rl] step=97805 episode=1290 return=201.0 length=201 loss=None cases=500
[nnknn-rl][critic-holdout] step=99919 episodes=1300 mse=881.0342 explained_variance=0.4285
[nnknn-rl] step=99919 episode=1300 return=100.0 length=100 loss=38.11874008178711 cases=500
[nnknn-rl][eval] step=99919 mean_return=343.50 max_return=500.00
[nnknn-rl] step=102221 episode=1310 return=253.0 length=253 loss=None cases=500
[nnknn-rl] step=105260 episode=1320 return=275.0 length=275 loss=29.682640075683594 cases=460
[nnknn-rl] step=107796 episode=1330 return=244.0 length=244 loss=None cases=500
[nnknn-rl] step=110870 episode=1340 return=313.0 length=313 loss=42.69647216796875 cases=500
[nnknn-rl] step=114127 episode=1350 return=474.0 length=474 loss=None cases=500
[nnknn-rl] step=116883 episode=1360 return=211.0 length=211 loss=34.56523132324219 cases=500
[nnknn-rl] step=119549 episode=1370 return=110.0 length=110 loss=None cases=500
[nnknn-rl] step=122692 episode=1380 return=386.0 length=386 loss=39.325260162353516 cases=500
[nnknn-rl] step=125649 episode=1390 return=244.0 length=244 loss=None cases=500
[nnknn-rl][critic-holdout] step=128493 episodes=1400 mse=1099.8043 explained_variance=0.3799
[nnknn-rl] step=128493 episode=1400 return=287.0 length=287 loss=36.83698654174805 cases=500
[nnknn-rl][eval] step=128493 mean_return=476.90 max_return=500.00
[nnknn-rl] step=132082 episode=1410 return=425.0 length=425 loss=None cases=500
[nnknn-rl] step=136082 episode=1420 return=500.0 length=500 loss=46.337650299072266 cases=500
[nnknn-rl] step=139643 episode=1430 return=295.0 length=295 loss=None cases=500
[nnknn-rl] step=143563 episode=1440 return=220.0 length=220 loss=42.86906433105469 cases=500
[nnknn-rl] step=147138 episode=1450 return=500.0 length=500 loss=None cases=500
[nnknn-rl] finished profile=fast mean_eval_return=500.00 passed=True run_dir=results/rl/nnknn_rl_cartpole_20260801_100617_202061
{
  "task": "cartpole",
  "env_id": "CartPole-v1",
  "profile": "fast",
  "seed": 2,
  "total_timesteps": 150000,
  "configured_total_timesteps": 150000,
  "actual_timesteps": 150000,
  "eval_episodes": 20,
  "success_threshold": 475.0,
  "passed": true,
  "algorithm": "nnknn_actor_critic_separate_memory_gae",
  "actor_type": "nnknn",
  "critic_type": "nnknn",
  "architecture": {
    "separate_case_bases": true,
    "shared_nnknn_representation": true,
    "critic_target_shared_case_store": true,
    "actor_case_insertion": "raw_positive_advantage_only"
  },
  "gae": {
    "gamma": 0.99,
    "gae_lambda": 0.95,
    "advantage_clip": 5.0
  },
  "exploration": {
    "mode": "epsilon_mixed_policy",
    "applies_to_actor": true,
    "initial_epsilon": 1.0,
    "final_epsilon": 0.05,
    "fraction": 0.5,
    "final_step_epsilon": 0.05,
    "readiness": {
      "min_case_entries": 32,
      "min_cases_per_action": 8
    }
  },
  "final_eval": {
    "episodes": 20,
    "seed": 10000,
    "mean_return": 500.0,
    "std_return": 0.0,
    "min_return": 500.0,
    "max_return": 500.0,
    "mean_length": 500.0
  },
  "last_eval": {
    "episodes": 20,
    "seed": 10000,
    "mean_return": 486.29998779296875,
    "std_return": 20.632740020751953,
    "min_return": 440.0,
    "max_return": 500.0,
    "mean_length": 486.29998779296875
  },
  "selected_step": 4580,
  "selected_source": "best_eval",
  "training_efficiency": {
    "best_model_step": 4580,
    "best_model_training_fraction": 0.030533333333333332,
    "first_success_step": 2102,
    "first_success_training_fraction": 0.014013333333333333,
    "best_minus_last_return": 13.70001220703125,
    "budget_interpretation": "regressed_after_best"
  },
  "early_stopping": {
    "enabled": false,
    "patience": 30,
    "min_delta": 1.0,
    "min_steps": 25000,
    "target_score": 500.0,
    "best_mean_return": 500.0,
    "evaluations": 14,
    "evaluations_without_improvement": 7,
    "stopped_early": false,
    "stopping_reason": "budget_exhausted",
    "stopping_step": 150000
  },
  "case_entries": 500,
  "critic_case_entries": 500,
  "action_counts": [
    251,
    249
  ],
  "cases_pruned": 48974,
  "cases_replaced": 215245,
  "actor_cases_pruned": 27647,
  "actor_cases_replaced": 96271,
  "critic_cases_pruned": 21327,
  "critic_cases_replaced": 118974,
  "critic_label_updates": 1475,
  "critic_label_update_samples": 9199,
  "partial_rollout_segments": 1,
  "partial_rollout_samples": 169,
  "critic_target_enabled": true,
  "critic_target_value_mode": "ema",
  "critic_target_sync_interval": 4,
  "critic_target_ema_tau": 0.05,
  "critic_target_value_syncs": 92,
  "critic_holdout_evaluations": 14,
  "latest_critic_holdout": {
    "global_step": 128493,
    "completed_episodes": 1400,
    "diagnostic_index": 14,
    "critic_holdout_mse": 1099.8043212890625,
    "critic_holdout_explained_variance": 0.3799065947532654,
    "critic_holdout_value_mean": 47.102413177490234,
    "critic_holdout_target_mean": 73.82005310058594,
    "critic_holdout_samples": 1604,
    "critic_holdout_episodes": 5,
    "critic_holdout_environment_steps": 1604,
    "critic_holdout_mean_episode_return": 320.8,
    "critic_holdout_mean_episode_length": 320.8,
    "critic_holdout_behavior_epsilon": 0.05,
    "critic_holdout_truncated_bootstraps": 1,
    "critic_holdout_target_method": "discounted_monte_carlo_with_truncation_bootstrap",
    "critic_holdout_bootstrap_source": "target_value_model",
    "critic_holdout_seed": 30065
  },
  "run_dir": "results/rl/nnknn_rl_cartpole_20260801_100617_202061"
}
Checkpoint: results/rl/nnknn_rl_cartpole_20260801_100617_202061/checkpoint.pt
