[nec] step=14 episode=1 return=14.0 length=14 epsilon=1.000 loss=None entries=14
[nec] step=102 episode=2 return=88.0 length=88 epsilon=0.999 loss=None entries=102
[nec] step=132 episode=3 return=30.0 length=30 epsilon=0.998 loss=None entries=132
[nec] step=169 episode=4 return=37.0 length=37 epsilon=0.998 loss=None entries=169
[nec] step=184 episode=5 return=15.0 length=15 epsilon=0.998 loss=None entries=184
[nec] step=268 episode=10 return=14.0 length=14 epsilon=0.997 loss=None entries=268
[nec] step=479 episode=20 return=13.0 length=13 epsilon=0.994 loss=None entries=479
[nec] step=657 episode=30 return=18.0 length=18 epsilon=0.992 loss=None entries=657
[nec] step=855 episode=40 return=19.0 length=19 epsilon=0.989 loss=None entries=855
[nec] step=1143 episode=50 return=30.0 length=30 epsilon=0.986 loss=4.765687465667725 entries=1143
[nec] step=1340 episode=60 return=22.0 length=22 epsilon=0.983 loss=5.264610767364502 entries=1340
[nec] step=1610 episode=70 return=15.0 length=15 epsilon=0.980 loss=4.7666120529174805 entries=1610
[nec] step=1874 episode=80 return=35.0 length=35 epsilon=0.976 loss=4.252376556396484 entries=1874
[nec] step=2100 episode=90 return=12.0 length=12 epsilon=0.973 loss=4.096188545227051 entries=2100
[nec] step=2322 episode=100 return=12.0 length=12 epsilon=0.971 loss=3.8219592571258545 entries=2322
[nec][eval] step=102 episode=2 candidate_return=88.0 mean_return=11.85 max_return=19.00
[nec] step=2501 episode=110 return=20.0 length=20 epsilon=0.968 loss=3.7758939266204834 entries=2501
[nec] step=2735 episode=120 return=15.0 length=15 epsilon=0.965 loss=3.8780479431152344 entries=2735
[nec] step=3048 episode=130 return=70.0 length=70 epsilon=0.961 loss=4.7716288566589355 entries=3048
[nec] step=3215 episode=140 return=15.0 length=15 epsilon=0.959 loss=4.462021827697754 entries=3215
[nec] step=3494 episode=150 return=10.0 length=10 epsilon=0.956 loss=5.465620517730713 entries=3494
[nec] step=3755 episode=160 return=25.0 length=25 epsilon=0.952 loss=3.993656635284424 entries=3755
[nec] step=3985 episode=170 return=15.0 length=15 epsilon=0.950 loss=4.124859809875488 entries=3985
[nec] step=4171 episode=180 return=15.0 length=15 epsilon=0.947 loss=4.7536773681640625 entries=4171
[nec] step=4364 episode=190 return=22.0 length=22 epsilon=0.945 loss=5.184340000152588 entries=4364
[nec] step=4692 episode=200 return=38.0 length=38 epsilon=0.941 loss=4.282033443450928 entries=4692
[nec][eval] step=102 episode=2 candidate_return=88.0 mean_return=11.85 max_return=19.00
[nec] step=4943 episode=210 return=14.0 length=14 epsilon=0.937 loss=4.7445220947265625 entries=4943
[nec] step=5155 episode=220 return=9.0 length=9 epsilon=0.935 loss=4.283734321594238 entries=5155
[nec] step=5443 episode=230 return=58.0 length=58 epsilon=0.931 loss=4.198793411254883 entries=5443
[nec] step=5717 episode=240 return=22.0 length=22 epsilon=0.928 loss=4.571784496307373 entries=5717
[nec] step=5987 episode=250 return=26.0 length=26 epsilon=0.924 loss=3.690671920776367 entries=5987
[nec] step=6167 episode=260 return=26.0 length=26 epsilon=0.922 loss=4.058643817901611 entries=6167
[nec] step=6366 episode=270 return=13.0 length=13 epsilon=0.919 loss=4.4250946044921875 entries=6366
[nec] step=6634 episode=280 return=22.0 length=22 epsilon=0.916 loss=4.5251922607421875 entries=6634
[nec] step=6826 episode=290 return=12.0 length=12 epsilon=0.914 loss=4.155875205993652 entries=6826
[nec] step=7047 episode=300 return=24.0 length=24 epsilon=0.911 loss=5.258025646209717 entries=7047
[nec][eval] step=102 episode=2 candidate_return=88.0 mean_return=11.85 max_return=19.00
[nec] step=7322 episode=310 return=21.0 length=21 epsilon=0.907 loss=3.687920093536377 entries=7322
[nec] step=7631 episode=320 return=41.0 length=41 epsilon=0.903 loss=4.619853973388672 entries=7631
[nec] step=7932 episode=330 return=11.0 length=11 epsilon=0.900 loss=4.757071018218994 entries=7932
[nec] step=8187 episode=340 return=21.0 length=21 epsilon=0.896 loss=4.882758140563965 entries=8187
[nec] step=8510 episode=350 return=23.0 length=23 epsilon=0.892 loss=4.864602088928223 entries=8510
[nec] step=8879 episode=360 return=20.0 length=20 epsilon=0.888 loss=5.241874694824219 entries=8879
[nec] step=9128 episode=370 return=14.0 length=14 epsilon=0.884 loss=3.9489927291870117 entries=9128
[nec] step=9416 episode=380 return=13.0 length=13 epsilon=0.881 loss=4.681197643280029 entries=9416
[nec] step=9622 episode=390 return=16.0 length=16 epsilon=0.878 loss=3.8641016483306885 entries=9622
[nec] step=9812 episode=400 return=14.0 length=14 epsilon=0.876 loss=4.869621276855469 entries=9812
[nec][eval] step=7231 episode=306 candidate_return=95.0 mean_return=221.05 max_return=500.00
[nec] step=10136 episode=410 return=13.0 length=13 epsilon=0.872 loss=5.7104949951171875 entries=10136
[nec] step=10449 episode=420 return=21.0 length=21 epsilon=0.868 loss=5.026618003845215 entries=10449
[nec] step=10783 episode=430 return=35.0 length=35 epsilon=0.863 loss=5.705848693847656 entries=10783
[nec] step=11131 episode=440 return=20.0 length=20 epsilon=0.859 loss=4.673920154571533 entries=11131
[nec] step=11396 episode=450 return=28.0 length=28 epsilon=0.856 loss=4.157896041870117 entries=11396
[nec] step=11661 episode=460 return=71.0 length=71 epsilon=0.852 loss=5.390587329864502 entries=11661
[nec] step=11971 episode=470 return=53.0 length=53 epsilon=0.848 loss=6.066596984863281 entries=11971
[nec] step=12200 episode=480 return=48.0 length=48 epsilon=0.845 loss=5.601031303405762 entries=12200
[nec] step=12526 episode=490 return=13.0 length=13 epsilon=0.841 loss=5.3157196044921875 entries=12526
[nec] step=12823 episode=500 return=30.0 length=30 epsilon=0.838 loss=5.140976905822754 entries=12823
[nec][eval] step=10413 episode=418 candidate_return=99.0 mean_return=183.90 max_return=279.00
[nec] step=13200 episode=510 return=40.0 length=40 epsilon=0.833 loss=6.5961456298828125 entries=13200
[nec] step=13408 episode=520 return=21.0 length=21 epsilon=0.830 loss=4.675112724304199 entries=13408
[nec] step=13862 episode=530 return=36.0 length=36 epsilon=0.824 loss=5.517846584320068 entries=13862
[nec] step=14104 episode=540 return=25.0 length=25 epsilon=0.821 loss=5.327723503112793 entries=14104
[nec] step=14397 episode=550 return=29.0 length=29 epsilon=0.818 loss=4.811012268066406 entries=14397
[nec] step=14796 episode=560 return=27.0 length=27 epsilon=0.813 loss=5.810252666473389 entries=14796
[nec] step=15093 episode=570 return=30.0 length=30 epsilon=0.809 loss=5.283274173736572 entries=15093
[nec] step=15337 episode=580 return=38.0 length=38 epsilon=0.806 loss=4.712963104248047 entries=15337
[nec] step=15637 episode=590 return=35.0 length=35 epsilon=0.802 loss=5.593239784240723 entries=15637
[nec] step=16001 episode=600 return=41.0 length=41 epsilon=0.797 loss=5.719585418701172 entries=16001
[nec][eval] step=15855 episode=595 candidate_return=130.0 mean_return=245.15 max_return=410.00
[nec] step=16363 episode=610 return=39.0 length=39 epsilon=0.793 loss=6.308526039123535 entries=16363
[nec] step=16673 episode=620 return=35.0 length=35 epsilon=0.789 loss=6.2013092041015625 entries=16673
[nec] step=17042 episode=630 return=25.0 length=25 epsilon=0.784 loss=5.571696758270264 entries=17042
[nec] step=17526 episode=640 return=44.0 length=44 epsilon=0.778 loss=6.167351722717285 entries=17526
[nec] step=17855 episode=650 return=25.0 length=25 epsilon=0.774 loss=5.527986526489258 entries=17855
[nec] step=18165 episode=660 return=19.0 length=19 epsilon=0.770 loss=5.373253345489502 entries=18165
[nec] step=18592 episode=670 return=53.0 length=53 epsilon=0.765 loss=6.107557773590088 entries=18592
[nec] step=18923 episode=680 return=30.0 length=30 epsilon=0.760 loss=5.909872531890869 entries=18923
[nec] step=19263 episode=690 return=19.0 length=19 epsilon=0.756 loss=6.022223949432373 entries=19263
[nec] step=19659 episode=700 return=24.0 length=24 epsilon=0.751 loss=7.044365882873535 entries=19659
[nec][eval] step=15855 episode=595 candidate_return=130.0 mean_return=245.15 max_return=410.00
[nec] step=20046 episode=710 return=27.0 length=27 epsilon=0.746 loss=4.9886369705200195 entries=19972
[nec] step=20305 episode=720 return=46.0 length=46 epsilon=0.743 loss=7.17486572265625 entries=20000
[nec] step=20805 episode=730 return=18.0 length=18 epsilon=0.736 loss=5.268399715423584 entries=20000
[nec] step=21110 episode=740 return=42.0 length=42 epsilon=0.733 loss=5.246463298797607 entries=20000
[nec] step=21523 episode=750 return=73.0 length=73 epsilon=0.727 loss=6.686617851257324 entries=20000
[nec] step=21836 episode=760 return=21.0 length=21 epsilon=0.723 loss=7.486799716949463 entries=20000
[nec] step=22238 episode=770 return=27.0 length=27 epsilon=0.718 loss=5.96192741394043 entries=20000
[nec] step=22621 episode=780 return=33.0 length=33 epsilon=0.713 loss=6.312342166900635 entries=20000
[nec] step=23118 episode=790 return=47.0 length=47 epsilon=0.707 loss=6.903604507446289 entries=20000
[nec] step=23437 episode=800 return=19.0 length=19 epsilon=0.703 loss=6.472177505493164 entries=20000
[nec][eval] step=20585 episode=723 candidate_return=195.0 mean_return=259.35 max_return=500.00
[nec] step=23949 episode=810 return=55.0 length=55 epsilon=0.697 loss=7.278456687927246 entries=20000
[nec] step=24250 episode=820 return=15.0 length=15 epsilon=0.693 loss=7.142952919006348 entries=20000
[nec] step=24820 episode=830 return=32.0 length=32 epsilon=0.686 loss=5.210980415344238 entries=20000
[nec] step=25207 episode=840 return=59.0 length=59 epsilon=0.681 loss=6.681829452514648 entries=20000
[nec] step=25563 episode=850 return=15.0 length=15 epsilon=0.676 loss=7.037533283233643 entries=20000
[nec] step=26016 episode=860 return=15.0 length=15 epsilon=0.670 loss=7.157168388366699 entries=20000
[nec] step=26588 episode=870 return=68.0 length=68 epsilon=0.663 loss=6.984309673309326 entries=20000
[nec] step=26979 episode=880 return=15.0 length=15 epsilon=0.658 loss=7.720221519470215 entries=20000
[nec] step=27562 episode=890 return=80.0 length=80 epsilon=0.651 loss=7.150500774383545 entries=20000
[nec] step=28290 episode=900 return=32.0 length=32 epsilon=0.642 loss=6.787431716918945 entries=20000
[nec][eval] step=20585 episode=723 candidate_return=195.0 mean_return=259.35 max_return=500.00
[nec] step=28813 episode=910 return=101.0 length=101 epsilon=0.635 loss=7.100056171417236 entries=20000
[nec] step=29186 episode=920 return=23.0 length=23 epsilon=0.630 loss=7.05048942565918 entries=20000
[nec] step=29972 episode=930 return=101.0 length=101 epsilon=0.620 loss=7.327021598815918 entries=20000
[nec] step=30787 episode=940 return=63.0 length=63 epsilon=0.610 loss=8.038459777832031 entries=20000
[nec] step=31180 episode=950 return=21.0 length=21 epsilon=0.605 loss=7.252132415771484 entries=20000
[nec] step=31802 episode=960 return=98.0 length=98 epsilon=0.597 loss=7.499186992645264 entries=20000
[nec] step=32413 episode=970 return=84.0 length=84 epsilon=0.589 loss=7.32028865814209 entries=20000
[nec] step=33107 episode=980 return=58.0 length=58 epsilon=0.581 loss=9.384427070617676 entries=20000
[nec] step=33722 episode=990 return=170.0 length=170 epsilon=0.573 loss=8.079610824584961 entries=20000
[nec] step=34713 episode=1000 return=24.0 length=24 epsilon=0.560 loss=9.065675735473633 entries=20000
[nec][eval] step=34613 episode=998 candidate_return=217.0 mean_return=253.95 max_return=359.00
[nec] step=35272 episode=1010 return=118.0 length=118 epsilon=0.553 loss=9.32707405090332 entries=20000
[nec] step=36099 episode=1020 return=61.0 length=61 epsilon=0.543 loss=9.17546272277832 entries=20000
[nec] step=36794 episode=1030 return=51.0 length=51 epsilon=0.534 loss=8.725249290466309 entries=20000
[nec] step=37809 episode=1040 return=73.0 length=73 epsilon=0.521 loss=9.140073776245117 entries=20000
[nec] step=38465 episode=1050 return=21.0 length=21 epsilon=0.513 loss=10.656726837158203 entries=20000
[nec] step=39339 episode=1060 return=64.0 length=64 epsilon=0.502 loss=9.823344230651855 entries=20000
[nec] step=40212 episode=1070 return=28.0 length=28 epsilon=0.491 loss=10.608263969421387 entries=20000
[nec] step=41033 episode=1080 return=168.0 length=168 epsilon=0.480 loss=11.29135513305664 entries=20000
[nec] step=41408 episode=1090 return=21.0 length=21 epsilon=0.476 loss=10.046404838562012 entries=20000
[nec] step=41962 episode=1100 return=22.0 length=22 epsilon=0.468 loss=10.020248413085938 entries=20000
[nec][eval] step=39905 episode=1064 candidate_return=275.0 mean_return=322.65 max_return=500.00
[nec] step=42910 episode=1110 return=109.0 length=109 epsilon=0.456 loss=11.52370548248291 entries=20000
[nec] step=43740 episode=1120 return=94.0 length=94 epsilon=0.446 loss=10.060972213745117 entries=20000
[nec] step=44281 episode=1130 return=105.0 length=105 epsilon=0.439 loss=11.567873001098633 entries=20000
[nec] step=45198 episode=1140 return=53.0 length=53 epsilon=0.428 loss=11.985191345214844 entries=20000
[nec] step=46212 episode=1150 return=37.0 length=37 epsilon=0.415 loss=12.315637588500977 entries=20000
[nec] step=47070 episode=1160 return=103.0 length=103 epsilon=0.404 loss=9.907064437866211 entries=20000
[nec] step=48071 episode=1170 return=77.0 length=77 epsilon=0.391 loss=12.884325981140137 entries=20000
[nec] step=48882 episode=1180 return=22.0 length=22 epsilon=0.381 loss=11.597352027893066 entries=20000
[nec] step=50228 episode=1190 return=65.0 length=65 epsilon=0.364 loss=12.197428703308105 entries=20000
[nec] step=51276 episode=1200 return=141.0 length=141 epsilon=0.351 loss=11.217184066772461 entries=20000
[nec][eval] step=50594 episode=1191 candidate_return=366.0 mean_return=285.95 max_return=500.00
[nec] step=52309 episode=1210 return=192.0 length=192 epsilon=0.337 loss=12.750295639038086 entries=20000
[nec] step=54048 episode=1220 return=28.0 length=28 epsilon=0.315 loss=9.582376480102539 entries=20000
[nec] step=55680 episode=1230 return=207.0 length=207 epsilon=0.295 loss=11.20414924621582 entries=20000
[nec] step=57303 episode=1240 return=152.0 length=152 epsilon=0.274 loss=10.076461791992188 entries=20000
[nec] step=59442 episode=1250 return=285.0 length=285 epsilon=0.247 loss=12.041300773620605 entries=20000
[nec] step=62773 episode=1260 return=203.0 length=203 epsilon=0.205 loss=12.229520797729492 entries=20000
[nec] step=65291 episode=1270 return=179.0 length=179 epsilon=0.173 loss=9.483902931213379 entries=20000
[nec] step=67642 episode=1280 return=155.0 length=155 epsilon=0.143 loss=9.356449127197266 entries=20000
[nec] step=69502 episode=1290 return=243.0 length=243 epsilon=0.120 loss=11.70489501953125 entries=20000
[nec] step=72909 episode=1300 return=500.0 length=500 epsilon=0.076 loss=9.641510009765625 entries=20000
[nec][eval] step=72909 episode=1300 candidate_return=500.0 mean_return=384.35 max_return=500.00
[nec] step=76046 episode=1310 return=500.0 length=500 epsilon=0.050 loss=7.959407806396484 entries=20000
[nec] step=79793 episode=1320 return=500.0 length=500 epsilon=0.050 loss=9.301281929016113 entries=20000
[nec] step=82942 episode=1330 return=303.0 length=303 epsilon=0.050 loss=10.104429244995117 entries=20000
[nec] step=85990 episode=1340 return=191.0 length=191 epsilon=0.050 loss=9.491636276245117 entries=20000
[nec] step=89745 episode=1350 return=207.0 length=207 epsilon=0.050 loss=8.489864349365234 entries=20000
[nec] step=93008 episode=1360 return=159.0 length=159 epsilon=0.050 loss=7.475200176239014 entries=20000
[nec] step=95945 episode=1370 return=172.0 length=172 epsilon=0.050 loss=6.903688907623291 entries=20000
[nec] step=100269 episode=1380 return=352.0 length=352 epsilon=0.050 loss=7.073773384094238 entries=20000
[nec] step=103593 episode=1390 return=500.0 length=500 epsilon=0.050 loss=7.5534515380859375 entries=20000
[nec] step=107044 episode=1400 return=500.0 length=500 epsilon=0.050 loss=8.545114517211914 entries=20000
[nec][eval] step=107044 episode=1400 candidate_return=500.0 mean_return=406.25 max_return=500.00
[nec] step=110919 episode=1410 return=500.0 length=500 epsilon=0.050 loss=7.731233596801758 entries=20000
[nec] step=114178 episode=1420 return=399.0 length=399 epsilon=0.050 loss=7.568120002746582 entries=20000
[nec] step=118041 episode=1430 return=456.0 length=456 epsilon=0.050 loss=8.599832534790039 entries=20000
[nec] step=121354 episode=1440 return=500.0 length=500 epsilon=0.050 loss=7.366513252258301 entries=20000
[nec] step=125305 episode=1450 return=500.0 length=500 epsilon=0.050 loss=7.893418788909912 entries=20000
[nec] step=129052 episode=1460 return=238.0 length=238 epsilon=0.050 loss=6.145462512969971 entries=20000
[nec] step=132496 episode=1470 return=422.0 length=422 epsilon=0.050 loss=7.767740726470947 entries=20000
[nec] step=136052 episode=1480 return=426.0 length=426 epsilon=0.050 loss=6.873883247375488 entries=20000
[nec] step=138886 episode=1490 return=293.0 length=293 epsilon=0.050 loss=8.03370189666748 entries=20000
[nec] step=142619 episode=1500 return=500.0 length=500 epsilon=0.050 loss=5.603772163391113 entries=20000
[nec][eval] step=142619 episode=1500 candidate_return=500.0 mean_return=455.35 max_return=500.00
[nec] step=146122 episode=1510 return=172.0 length=172 epsilon=0.050 loss=8.667933464050293 entries=20000
[nec] step=148697 episode=1520 return=191.0 length=191 epsilon=0.050 loss=7.992007732391357 entries=20000
[nec] finished profile=fast mean_eval_return=455.35 passed=False run_dir=results/rl/nec_cartpole_20260801_100615_834204
{
  "task": "cartpole",
  "env_id": "CartPole-v1",
  "profile": "fast",
  "seed": 2,
  "total_timesteps": 150000,
  "configured_total_timesteps": 150000,
  "actual_timesteps": 150000,
  "eval_episodes": 20,
  "success_threshold": 475.0,
  "passed": false,
  "final_eval": {
    "episodes": 20,
    "seed": 10000,
    "mean_return": 455.3500061035156,
    "std_return": 97.17266845703125,
    "min_return": 129.0,
    "max_return": 500.0,
    "mean_length": 455.3500061035156
  },
  "last_eval": {
    "episodes": 20,
    "seed": 10000,
    "mean_return": 399.8500061035156,
    "std_return": 118.74522399902344,
    "min_return": 138.0,
    "max_return": 500.0,
    "mean_length": 399.8500061035156
  },
  "selected_step": 142619,
  "selected_source": "best_eval",
  "training_efficiency": {
    "best_model_step": 142619,
    "best_model_training_fraction": 0.9507933333333334,
    "first_success_step": null,
    "first_success_training_fraction": null,
    "best_minus_last_return": 55.5,
    "budget_interpretation": "unsolved_or_underfit"
  },
  "early_stopping": {
    "enabled": false,
    "patience": 30,
    "min_delta": 1.0,
    "min_steps": 25000,
    "target_score": 500.0,
    "best_mean_return": 455.3500061035156,
    "evaluations": 15,
    "evaluations_without_improvement": 0,
    "stopped_early": false,
    "stopping_reason": "budget_exhausted",
    "stopping_step": 150000
  },
  "dictionary_entries": 20000,
  "run_dir": "results/rl/nec_cartpole_20260801_100615_834204"
}
Checkpoint: results/rl/nec_cartpole_20260801_100615_834204/checkpoint.pt
