cases trainable: False
labels trainable: False
cases trainable: False
labels trainable: False
Enforcing normalize_over_cases = True for regression task.
[nnknn-rl] step=18 episode=1 return=18.0 length=18 loss=None cases=0
[nnknn-rl] step=32 episode=2 return=14.0 length=14 loss=None cases=0
[nnknn-rl] step=44 episode=3 return=12.0 length=12 loss=None cases=0
[nnknn-rl] step=62 episode=4 return=18.0 length=18 loss=49.5064582824707 cases=62
[nnknn-rl] step=87 episode=5 return=25.0 length=25 loss=None cases=62
[nnknn-rl] step=212 episode=10 return=35.0 length=35 loss=None cases=138
[nnknn-rl] step=399 episode=20 return=36.0 length=36 loss=24.026826858520508 cases=249
[nnknn-rl] step=695 episode=30 return=20.0 length=20 loss=None cases=360
[nnknn-rl] step=921 episode=40 return=14.0 length=14 loss=30.89148712158203 cases=476
[nnknn-rl] step=1172 episode=50 return=20.0 length=20 loss=None cases=490
[nnknn-rl] step=1372 episode=60 return=22.0 length=22 loss=12.408539772033691 cases=481
[nnknn-rl] step=1543 episode=70 return=25.0 length=25 loss=None cases=493
[nnknn-rl] step=1792 episode=80 return=14.0 length=14 loss=16.665109634399414 cases=477
[nnknn-rl] step=2058 episode=90 return=41.0 length=41 loss=None cases=488
[nnknn-rl][critic-holdout] step=2296 episodes=100 mse=217.2328 explained_variance=0.1847
[nnknn-rl] step=2296 episode=100 return=28.0 length=28 loss=41.40339279174805 cases=490
[nnknn-rl][eval] step=2296 mean_return=255.00 max_return=500.00
[nnknn-rl] step=2500 episode=110 return=23.0 length=23 loss=None cases=489
[nnknn-rl] step=2727 episode=120 return=18.0 length=18 loss=20.64151954650879 cases=490
[nnknn-rl] step=2931 episode=130 return=19.0 length=19 loss=None cases=488
[nnknn-rl] step=3113 episode=140 return=32.0 length=32 loss=14.527375221252441 cases=500
[nnknn-rl] step=3365 episode=150 return=19.0 length=19 loss=None cases=500
[nnknn-rl] step=3638 episode=160 return=33.0 length=33 loss=13.64543342590332 cases=492
[nnknn-rl] step=3941 episode=170 return=41.0 length=41 loss=None cases=500
[nnknn-rl] step=4232 episode=180 return=16.0 length=16 loss=35.74046325683594 cases=500
[nnknn-rl] step=4498 episode=190 return=17.0 length=17 loss=None cases=500
[nnknn-rl][critic-holdout] step=4810 episodes=200 mse=26.2299 explained_variance=0.6227
[nnknn-rl] step=4810 episode=200 return=61.0 length=61 loss=94.61767578125 cases=500
[nnknn-rl][eval] step=4810 mean_return=500.00 max_return=500.00
[nnknn-rl] step=5025 episode=210 return=30.0 length=30 loss=None cases=500
[nnknn-rl] step=5359 episode=220 return=22.0 length=22 loss=13.946179389953613 cases=500
[nnknn-rl] step=5556 episode=230 return=25.0 length=25 loss=None cases=498
[nnknn-rl] step=5837 episode=240 return=23.0 length=23 loss=41.169776916503906 cases=500
[nnknn-rl] step=6127 episode=250 return=15.0 length=15 loss=None cases=500
[nnknn-rl] step=6372 episode=260 return=16.0 length=16 loss=17.073137283325195 cases=500
[nnknn-rl] step=6698 episode=270 return=67.0 length=67 loss=None cases=500
[nnknn-rl] step=6956 episode=280 return=23.0 length=23 loss=61.626373291015625 cases=500
[nnknn-rl] step=7223 episode=290 return=34.0 length=34 loss=None cases=500
[nnknn-rl][critic-holdout] step=7456 episodes=300 mse=49.6313 explained_variance=0.2066
[nnknn-rl] step=7456 episode=300 return=42.0 length=42 loss=28.237972259521484 cases=500
[nnknn-rl][eval] step=7456 mean_return=499.80 max_return=500.00
[nnknn-rl] step=7774 episode=310 return=24.0 length=24 loss=None cases=500
[nnknn-rl] step=8050 episode=320 return=17.0 length=17 loss=33.239505767822266 cases=500
[nnknn-rl] step=8342 episode=330 return=12.0 length=12 loss=None cases=500
[nnknn-rl] step=8609 episode=340 return=10.0 length=10 loss=47.659400939941406 cases=500
[nnknn-rl] step=8908 episode=350 return=37.0 length=37 loss=None cases=500
[nnknn-rl] step=9121 episode=360 return=28.0 length=28 loss=23.627586364746094 cases=500
[nnknn-rl] step=9367 episode=370 return=21.0 length=21 loss=None cases=500
[nnknn-rl] step=9670 episode=380 return=12.0 length=12 loss=26.669315338134766 cases=500
[nnknn-rl] step=9873 episode=390 return=12.0 length=12 loss=None cases=495
[nnknn-rl][critic-holdout] step=10154 episodes=400 mse=32.8777 explained_variance=0.4985
[nnknn-rl] step=10154 episode=400 return=36.0 length=36 loss=26.350982666015625 cases=499
[nnknn-rl][eval] step=10154 mean_return=492.50 max_return=500.00
[nnknn-rl] step=10482 episode=410 return=99.0 length=99 loss=None cases=500
[nnknn-rl] step=10783 episode=420 return=25.0 length=25 loss=68.31112670898438 cases=500
[nnknn-rl] step=11147 episode=430 return=65.0 length=65 loss=None cases=500
[nnknn-rl] step=11515 episode=440 return=21.0 length=21 loss=71.1148910522461 cases=500
[nnknn-rl] step=11791 episode=450 return=12.0 length=12 loss=None cases=500
[nnknn-rl] step=12085 episode=460 return=20.0 length=20 loss=34.87046813964844 cases=500
[nnknn-rl] step=12398 episode=470 return=17.0 length=17 loss=None cases=500
[nnknn-rl] step=12699 episode=480 return=26.0 length=26 loss=16.944780349731445 cases=500
[nnknn-rl] step=13115 episode=490 return=48.0 length=48 loss=None cases=500
[nnknn-rl][critic-holdout] step=13375 episodes=500 mse=112.1069 explained_variance=0.3193
[nnknn-rl] step=13375 episode=500 return=21.0 length=21 loss=42.62715148925781 cases=500
[nnknn-rl][eval] step=13375 mean_return=465.00 max_return=500.00
[nnknn-rl] step=13752 episode=510 return=34.0 length=34 loss=None cases=500
[nnknn-rl] step=14068 episode=520 return=14.0 length=14 loss=21.66838836669922 cases=500
[nnknn-rl] step=14335 episode=530 return=62.0 length=62 loss=None cases=500
[nnknn-rl] step=14703 episode=540 return=34.0 length=34 loss=49.87382125854492 cases=500
[nnknn-rl] step=15001 episode=550 return=36.0 length=36 loss=None cases=500
[nnknn-rl] step=15359 episode=560 return=82.0 length=82 loss=65.60003662109375 cases=500
[nnknn-rl] step=15680 episode=570 return=47.0 length=47 loss=None cases=500
[nnknn-rl] step=15959 episode=580 return=29.0 length=29 loss=18.801708221435547 cases=500
[nnknn-rl] step=16348 episode=590 return=101.0 length=101 loss=None cases=500
[nnknn-rl][critic-holdout] step=16607 episodes=600 mse=20.1715 explained_variance=0.6294
[nnknn-rl] step=16607 episode=600 return=12.0 length=12 loss=55.42679977416992 cases=500
[nnknn-rl][eval] step=16607 mean_return=391.85 max_return=500.00
[nnknn-rl] step=16894 episode=610 return=18.0 length=18 loss=None cases=500
[nnknn-rl] step=17294 episode=620 return=47.0 length=47 loss=41.42577362060547 cases=500
[nnknn-rl] step=17662 episode=630 return=48.0 length=48 loss=None cases=500
[nnknn-rl] step=18167 episode=640 return=60.0 length=60 loss=97.48390197753906 cases=500
[nnknn-rl] step=18603 episode=650 return=35.0 length=35 loss=None cases=500
[nnknn-rl] step=18838 episode=660 return=22.0 length=22 loss=40.25763702392578 cases=500
[nnknn-rl] step=19306 episode=670 return=69.0 length=69 loss=None cases=500
[nnknn-rl] step=19630 episode=680 return=11.0 length=11 loss=38.53881072998047 cases=500
[nnknn-rl] step=19958 episode=690 return=40.0 length=40 loss=None cases=500
[nnknn-rl][critic-holdout] step=20396 episodes=700 mse=502.9001 explained_variance=0.2572
[nnknn-rl] step=20396 episode=700 return=61.0 length=61 loss=88.6245346069336 cases=500
[nnknn-rl][eval] step=20396 mean_return=472.65 max_return=500.00
[nnknn-rl] step=21032 episode=710 return=62.0 length=62 loss=None cases=500
[nnknn-rl] step=21590 episode=720 return=91.0 length=91 loss=102.85785675048828 cases=500
[nnknn-rl] step=22263 episode=730 return=34.0 length=34 loss=None cases=500
[nnknn-rl] step=22643 episode=740 return=36.0 length=36 loss=82.96424865722656 cases=500
[nnknn-rl] step=23144 episode=750 return=83.0 length=83 loss=None cases=500
[nnknn-rl] step=23611 episode=760 return=32.0 length=32 loss=38.764068603515625 cases=500
[nnknn-rl] step=24098 episode=770 return=75.0 length=75 loss=None cases=500
[nnknn-rl] step=24739 episode=780 return=114.0 length=114 loss=114.02436828613281 cases=484
[nnknn-rl] step=25073 episode=790 return=22.0 length=22 loss=None cases=459
[nnknn-rl][critic-holdout] step=25490 episodes=800 mse=552.2556 explained_variance=0.0723
[nnknn-rl] step=25490 episode=800 return=31.0 length=31 loss=58.291481018066406 cases=500
[nnknn-rl][eval] step=25490 mean_return=494.05 max_return=500.00
[nnknn-rl] step=25990 episode=810 return=47.0 length=47 loss=None cases=500
[nnknn-rl] step=26403 episode=820 return=67.0 length=67 loss=66.94227600097656 cases=499
[nnknn-rl] step=26810 episode=830 return=64.0 length=64 loss=None cases=500
[nnknn-rl] step=27107 episode=840 return=24.0 length=24 loss=64.5988998413086 cases=500
[nnknn-rl] step=27875 episode=850 return=27.0 length=27 loss=None cases=500
[nnknn-rl] step=28443 episode=860 return=56.0 length=56 loss=59.6325798034668 cases=500
[nnknn-rl] step=29150 episode=870 return=41.0 length=41 loss=None cases=500
[nnknn-rl] step=29743 episode=880 return=48.0 length=48 loss=72.74549865722656 cases=500
[nnknn-rl] step=30343 episode=890 return=43.0 length=43 loss=None cases=500
[nnknn-rl][critic-holdout] step=31013 episodes=900 mse=190.5466 explained_variance=0.3368
[nnknn-rl] step=31013 episode=900 return=144.0 length=144 loss=97.0230484008789 cases=500
[nnknn-rl][eval] step=31013 mean_return=390.20 max_return=500.00
[nnknn-rl] step=31791 episode=910 return=98.0 length=98 loss=None cases=476
[nnknn-rl] step=32682 episode=920 return=84.0 length=84 loss=89.02070617675781 cases=500
[nnknn-rl] step=33442 episode=930 return=85.0 length=85 loss=None cases=500
[nnknn-rl] step=34389 episode=940 return=179.0 length=179 loss=111.21772003173828 cases=458
[nnknn-rl] step=35149 episode=950 return=82.0 length=82 loss=None cases=500
[nnknn-rl] step=35860 episode=960 return=96.0 length=96 loss=82.32597351074219 cases=497
[nnknn-rl] step=36543 episode=970 return=87.0 length=87 loss=None cases=500
[nnknn-rl] step=37461 episode=980 return=95.0 length=95 loss=69.41505432128906 cases=500
[nnknn-rl] step=38358 episode=990 return=41.0 length=41 loss=None cases=500
[nnknn-rl][critic-holdout] step=39580 episodes=1000 mse=305.7542 explained_variance=0.2344
[nnknn-rl] step=39580 episode=1000 return=94.0 length=94 loss=103.77279663085938 cases=455
[nnknn-rl][eval] step=39580 mean_return=336.45 max_return=500.00
[nnknn-rl] step=40357 episode=1010 return=73.0 length=73 loss=None cases=500
[nnknn-rl] step=41616 episode=1020 return=152.0 length=152 loss=82.34435272216797 cases=500
[nnknn-rl] step=42934 episode=1030 return=210.0 length=210 loss=None cases=500
[nnknn-rl] step=44092 episode=1040 return=120.0 length=120 loss=74.13143920898438 cases=500
[nnknn-rl] step=45572 episode=1050 return=139.0 length=139 loss=None cases=500
[nnknn-rl] step=47203 episode=1060 return=138.0 length=138 loss=95.45951843261719 cases=500
[nnknn-rl] step=48682 episode=1070 return=133.0 length=133 loss=None cases=500
[nnknn-rl] step=50241 episode=1080 return=435.0 length=435 loss=86.593994140625 cases=500
[nnknn-rl] step=51917 episode=1090 return=144.0 length=144 loss=None cases=463
[nnknn-rl][critic-holdout] step=53662 episodes=1100 mse=1225.7412 explained_variance=0.1827
[nnknn-rl] step=53662 episode=1100 return=309.0 length=309 loss=84.45113372802734 cases=479
[nnknn-rl][eval] step=53662 mean_return=491.20 max_return=500.00
[nnknn-rl] step=55767 episode=1110 return=91.0 length=91 loss=None cases=500
[nnknn-rl] step=58220 episode=1120 return=330.0 length=330 loss=57.716182708740234 cases=500
[nnknn-rl] step=60222 episode=1130 return=195.0 length=195 loss=None cases=500
[nnknn-rl] step=63420 episode=1140 return=378.0 length=378 loss=87.97099304199219 cases=456
[nnknn-rl] step=66354 episode=1150 return=284.0 length=284 loss=None cases=500
[nnknn-rl] step=70435 episode=1160 return=500.0 length=500 loss=57.73397445678711 cases=456
[nnknn-rl] step=74510 episode=1170 return=500.0 length=500 loss=None cases=500
[nnknn-rl] step=78922 episode=1180 return=500.0 length=500 loss=50.370521545410156 cases=500
[nnknn-rl] step=83098 episode=1190 return=305.0 length=305 loss=None cases=500
[nnknn-rl][critic-holdout] step=86394 episodes=1200 mse=1701.6880 explained_variance=0.2083
[nnknn-rl] step=86394 episode=1200 return=500.0 length=500 loss=67.19171142578125 cases=500
[nnknn-rl][eval] step=86394 mean_return=488.00 max_return=500.00
[nnknn-rl] step=88809 episode=1210 return=277.0 length=277 loss=None cases=500
[nnknn-rl] step=91962 episode=1220 return=256.0 length=256 loss=60.829322814941406 cases=500
[nnknn-rl] step=95995 episode=1230 return=406.0 length=406 loss=None cases=500
[nnknn-rl] step=99739 episode=1240 return=450.0 length=450 loss=62.06452941894531 cases=500
[nnknn-rl] step=103238 episode=1250 return=217.0 length=217 loss=None cases=500
[nnknn-rl] step=106073 episode=1260 return=130.0 length=130 loss=104.62552642822266 cases=500
[nnknn-rl] step=109220 episode=1270 return=299.0 length=299 loss=None cases=500
[nnknn-rl] step=112947 episode=1280 return=207.0 length=207 loss=37.15202713012695 cases=500
[nnknn-rl] step=115512 episode=1290 return=290.0 length=290 loss=None cases=500
[nnknn-rl][critic-holdout] step=118701 episodes=1300 mse=863.3547 explained_variance=0.3344
[nnknn-rl] step=118701 episode=1300 return=384.0 length=384 loss=53.12839126586914 cases=500
[nnknn-rl][eval] step=118701 mean_return=466.80 max_return=500.00
[nnknn-rl] step=122020 episode=1310 return=177.0 length=177 loss=None cases=500
[nnknn-rl] step=124970 episode=1320 return=205.0 length=205 loss=52.891151428222656 cases=500
[nnknn-rl] step=128125 episode=1330 return=235.0 length=235 loss=None cases=500
[nnknn-rl] step=131311 episode=1340 return=381.0 length=381 loss=62.48838424682617 cases=500
[nnknn-rl] step=135061 episode=1350 return=500.0 length=500 loss=None cases=464
[nnknn-rl] step=138406 episode=1360 return=248.0 length=248 loss=48.3704833984375 cases=500
[nnknn-rl] step=141558 episode=1370 return=436.0 length=436 loss=None cases=500
[nnknn-rl] step=144438 episode=1380 return=500.0 length=500 loss=51.943450927734375 cases=500
[nnknn-rl] step=147891 episode=1390 return=384.0 length=384 loss=None cases=500
[nnknn-rl] finished profile=fast mean_eval_return=500.00 passed=True run_dir=results/rl/nnknn_rl_cartpole_20260801_100617_252466
{
  "task": "cartpole",
  "env_id": "CartPole-v1",
  "profile": "fast",
  "seed": 0,
  "total_timesteps": 150000,
  "configured_total_timesteps": 150000,
  "actual_timesteps": 150000,
  "eval_episodes": 20,
  "success_threshold": 475.0,
  "passed": true,
  "algorithm": "nnknn_actor_critic_separate_memory_gae",
  "actor_type": "nnknn",
  "critic_type": "nnknn",
  "architecture": {
    "separate_case_bases": true,
    "shared_nnknn_representation": true,
    "critic_target_shared_case_store": true,
    "actor_case_insertion": "raw_positive_advantage_only"
  },
  "gae": {
    "gamma": 0.99,
    "gae_lambda": 0.95,
    "advantage_clip": 5.0
  },
  "exploration": {
    "mode": "epsilon_mixed_policy",
    "applies_to_actor": true,
    "initial_epsilon": 1.0,
    "final_epsilon": 0.05,
    "fraction": 0.5,
    "final_step_epsilon": 0.05,
    "readiness": {
      "min_case_entries": 32,
      "min_cases_per_action": 8
    }
  },
  "final_eval": {
    "episodes": 20,
    "seed": 10000,
    "mean_return": 500.0,
    "std_return": 0.0,
    "min_return": 500.0,
    "max_return": 500.0,
    "mean_length": 500.0
  },
  "last_eval": {
    "episodes": 20,
    "seed": 10000,
    "mean_return": 490.8999938964844,
    "std_return": 25.3907470703125,
    "min_return": 406.0,
    "max_return": 500.0,
    "mean_length": 490.8999938964844
  },
  "selected_step": 4810,
  "selected_source": "best_eval",
  "training_efficiency": {
    "best_model_step": 4810,
    "best_model_training_fraction": 0.03206666666666667,
    "first_success_step": 4810,
    "first_success_training_fraction": 0.03206666666666667,
    "best_minus_last_return": 9.100006103515625,
    "budget_interpretation": "regressed_after_best"
  },
  "early_stopping": {
    "enabled": false,
    "patience": 30,
    "min_delta": 1.0,
    "min_steps": 25000,
    "target_score": 500.0,
    "best_mean_return": 500.0,
    "evaluations": 13,
    "evaluations_without_improvement": 6,
    "stopped_early": false,
    "stopping_reason": "budget_exhausted",
    "stopping_step": 150000
  },
  "case_entries": 500,
  "critic_case_entries": 500,
  "action_counts": [
    243,
    257
  ],
  "cases_pruned": 41119,
  "cases_replaced": 224437,
  "actor_cases_pruned": 24788,
  "actor_cases_replaced": 100717,
  "critic_cases_pruned": 16331,
  "critic_cases_replaced": 123720,
  "critic_label_updates": 1598,
  "critic_label_update_samples": 9449,
  "partial_rollout_segments": 1,
  "partial_rollout_samples": 163,
  "critic_target_enabled": true,
  "critic_target_value_mode": "ema",
  "critic_target_sync_interval": 4,
  "critic_target_ema_tau": 0.05,
  "critic_target_value_syncs": 88,
  "critic_holdout_evaluations": 13,
  "latest_critic_holdout": {
    "global_step": 118701,
    "completed_episodes": 1300,
    "diagnostic_index": 13,
    "critic_holdout_mse": 863.354736328125,
    "critic_holdout_explained_variance": 0.33440983295440674,
    "critic_holdout_value_mean": 47.07167053222656,
    "critic_holdout_target_mean": 67.6932373046875,
    "critic_holdout_samples": 1441,
    "critic_holdout_episodes": 5,
    "critic_holdout_environment_steps": 1441,
    "critic_holdout_mean_episode_return": 288.2,
    "critic_holdout_mean_episode_length": 288.2,
    "critic_holdout_behavior_epsilon": 0.05,
    "critic_holdout_truncated_bootstraps": 0,
    "critic_holdout_target_method": "discounted_monte_carlo_with_truncation_bootstrap",
    "critic_holdout_bootstrap_source": "target_value_model",
    "critic_holdout_seed": 30060
  },
  "run_dir": "results/rl/nnknn_rl_cartpole_20260801_100617_252466"
}
Checkpoint: results/rl/nnknn_rl_cartpole_20260801_100617_252466/checkpoint.pt
