[dqn] step=500 episode=1 return=-500.0 length=500 epsilon=0.994 loss=None
[dqn] step=1000 episode=2 return=-500.0 length=500 epsilon=0.987 loss=0.38057154417037964
[dqn] step=1500 episode=3 return=-500.0 length=500 epsilon=0.981 loss=0.00011677139264065772
[dqn] step=2000 episode=4 return=-500.0 length=500 epsilon=0.975 loss=0.00017942755948752165
[dqn] step=2500 episode=5 return=-500.0 length=500 epsilon=0.968 loss=0.0003702145768329501
[dqn] step=5000 episode=10 return=-500.0 length=500 epsilon=0.937 loss=0.0015964958583936095
[dqn][eval] step=5000 mean_return=-500.00 max_return=-500.00
[dqn] step=10000 episode=20 return=-500.0 length=500 epsilon=0.873 loss=0.002313045086339116
[dqn][eval] step=10000 mean_return=-500.00 max_return=-500.00
[dqn] step=14367 episode=30 return=-284.0 length=285 epsilon=0.818 loss=0.006759992800652981
[dqn][eval] step=15000 mean_return=-500.00 max_return=-500.00
[dqn] step=18033 episode=40 return=-364.0 length=365 epsilon=0.772 loss=0.030344871804118156
[dqn][eval] step=20000 mean_return=-342.80 max_return=-91.00
[dqn] step=21403 episode=50 return=-310.0 length=311 epsilon=0.729 loss=0.05229359492659569
[dqn] step=24111 episode=60 return=-440.0 length=441 epsilon=0.695 loss=0.10363304615020752
[dqn][eval] step=25000 mean_return=-484.05 max_return=-181.00
[dqn] step=26822 episode=70 return=-363.0 length=364 epsilon=0.660 loss=0.11442235112190247
[dqn] step=29108 episode=80 return=-291.0 length=292 epsilon=0.631 loss=0.20352688431739807
[dqn][eval] step=30000 mean_return=-134.90 max_return=-90.00
[dqn] step=31296 episode=90 return=-136.0 length=137 epsilon=0.604 loss=0.19874301552772522
[dqn] step=33378 episode=100 return=-188.0 length=189 epsilon=0.577 loss=0.41678035259246826
[dqn][eval] step=35000 mean_return=-256.50 max_return=-70.00
[dqn] step=35695 episode=110 return=-128.0 length=129 epsilon=0.548 loss=0.5696632862091064
[dqn] step=37457 episode=120 return=-166.0 length=167 epsilon=0.526 loss=0.37161850929260254
[dqn] step=39106 episode=130 return=-144.0 length=145 epsilon=0.505 loss=0.5057296752929688
[dqn][eval] step=40000 mean_return=-440.10 max_return=-89.00
[dqn] step=40722 episode=140 return=-88.0 length=89 epsilon=0.484 loss=0.3363840579986572
[dqn] step=42326 episode=150 return=-147.0 length=148 epsilon=0.464 loss=0.6368526220321655
[dqn] step=43973 episode=160 return=-117.0 length=118 epsilon=0.443 loss=0.36378639936447144
[dqn][eval] step=45000 mean_return=-376.00 max_return=-78.00
[dqn] step=45287 episode=170 return=-127.0 length=128 epsilon=0.426 loss=0.4161360561847687
[dqn] step=46483 episode=180 return=-129.0 length=130 epsilon=0.411 loss=0.5030391216278076
[dqn] step=47835 episode=190 return=-213.0 length=214 epsilon=0.394 loss=0.37891367077827454
[dqn] step=49164 episode=200 return=-153.0 length=154 epsilon=0.377 loss=0.3860819339752197
[dqn][eval] step=50000 mean_return=-83.85 max_return=-63.00
[dqn] step=50490 episode=210 return=-102.0 length=103 epsilon=0.360 loss=0.3393402099609375
[dqn] step=51640 episode=220 return=-128.0 length=129 epsilon=0.346 loss=0.36740386486053467
[dqn] step=52750 episode=230 return=-84.0 length=85 epsilon=0.332 loss=0.22275784611701965
[dqn] step=53810 episode=240 return=-109.0 length=110 epsilon=0.318 loss=0.34282445907592773
[dqn][eval] step=55000 mean_return=-93.55 max_return=-71.00
[dqn] step=55094 episode=250 return=-132.0 length=133 epsilon=0.302 loss=0.2352743297815323
[dqn] step=56148 episode=260 return=-112.0 length=113 epsilon=0.289 loss=0.34651124477386475
[dqn] step=57233 episode=270 return=-108.0 length=109 epsilon=0.275 loss=0.2238694429397583
[dqn] step=58308 episode=280 return=-104.0 length=105 epsilon=0.261 loss=0.21052002906799316
[dqn] step=59333 episode=290 return=-111.0 length=112 epsilon=0.248 loss=0.25839680433273315
[dqn][eval] step=60000 mean_return=-86.05 max_return=-70.00
[dqn] step=60397 episode=300 return=-100.0 length=101 epsilon=0.235 loss=0.3817386031150818
[dqn] step=61555 episode=310 return=-112.0 length=113 epsilon=0.220 loss=0.40941745042800903
[dqn] step=62438 episode=320 return=-74.0 length=75 epsilon=0.209 loss=0.3831248879432678
[dqn] step=63370 episode=330 return=-71.0 length=72 epsilon=0.197 loss=0.42782866954803467
[dqn] step=64317 episode=340 return=-93.0 length=94 epsilon=0.185 loss=0.214161679148674
[dqn][eval] step=65000 mean_return=-85.30 max_return=-69.00
[dqn] step=65228 episode=350 return=-95.0 length=96 epsilon=0.174 loss=0.3809625208377838
[dqn] step=66247 episode=360 return=-108.0 length=109 epsilon=0.161 loss=0.22645999491214752
[dqn] step=67197 episode=370 return=-98.0 length=99 epsilon=0.149 loss=0.45039626955986023
[dqn] step=68105 episode=380 return=-97.0 length=98 epsilon=0.137 loss=0.34421223402023315
[dqn] step=69019 episode=390 return=-91.0 length=92 epsilon=0.126 loss=0.327841192483902
[dqn] step=69925 episode=400 return=-93.0 length=94 epsilon=0.114 loss=0.3690381646156311
[dqn][eval] step=70000 mean_return=-83.70 max_return=-72.00
[dqn] step=70779 episode=410 return=-72.0 length=73 epsilon=0.103 loss=0.35817962884902954
[dqn] step=71707 episode=420 return=-84.0 length=85 epsilon=0.092 loss=0.23815594613552094
[dqn] step=72625 episode=430 return=-76.0 length=77 epsilon=0.080 loss=0.26468104124069214
[dqn] step=73565 episode=440 return=-101.0 length=102 epsilon=0.068 loss=0.31075456738471985
[dqn] step=74417 episode=450 return=-94.0 length=95 epsilon=0.057 loss=0.19505369663238525
[dqn][eval] step=75000 mean_return=-79.10 max_return=-62.00
[dqn] step=75240 episode=460 return=-89.0 length=90 epsilon=0.050 loss=0.30271780490875244
[dqn] step=76178 episode=470 return=-78.0 length=79 epsilon=0.050 loss=0.1904481053352356
[dqn] step=77060 episode=480 return=-82.0 length=83 epsilon=0.050 loss=0.2772584557533264
[dqn] step=77984 episode=490 return=-87.0 length=88 epsilon=0.050 loss=0.3132227659225464
[dqn] step=79004 episode=500 return=-75.0 length=76 epsilon=0.050 loss=0.3458116948604584
[dqn] step=79778 episode=510 return=-80.0 length=81 epsilon=0.050 loss=0.24793440103530884
[dqn][eval] step=80000 mean_return=-78.10 max_return=-62.00
[dqn] step=80629 episode=520 return=-88.0 length=89 epsilon=0.050 loss=0.2804798185825348
[dqn] step=81483 episode=530 return=-108.0 length=109 epsilon=0.050 loss=0.24833163619041443
[dqn] step=82331 episode=540 return=-69.0 length=70 epsilon=0.050 loss=0.3071878254413605
[dqn] step=83185 episode=550 return=-95.0 length=96 epsilon=0.050 loss=0.28021612763404846
[dqn] step=84027 episode=560 return=-63.0 length=64 epsilon=0.050 loss=0.25532031059265137
[dqn] step=84903 episode=570 return=-69.0 length=70 epsilon=0.050 loss=0.3456159830093384
[dqn][eval] step=85000 mean_return=-74.55 max_return=-62.00
[dqn] step=86152 episode=580 return=-81.0 length=82 epsilon=0.050 loss=0.2971753776073456
[dqn] step=86986 episode=590 return=-96.0 length=97 epsilon=0.050 loss=0.24893483519554138
[dqn] step=87777 episode=600 return=-87.0 length=88 epsilon=0.050 loss=0.2509245276451111
[dqn] step=88691 episode=610 return=-98.0 length=99 epsilon=0.050 loss=0.37253671884536743
[dqn] step=89548 episode=620 return=-70.0 length=71 epsilon=0.050 loss=0.25307226181030273
[dqn][eval] step=90000 mean_return=-83.15 max_return=-68.00
[dqn] step=90412 episode=630 return=-64.0 length=65 epsilon=0.050 loss=0.19386032223701477
[dqn] step=91324 episode=640 return=-75.0 length=76 epsilon=0.050 loss=0.4215930700302124
[dqn] step=92187 episode=650 return=-70.0 length=71 epsilon=0.050 loss=0.23275595903396606
[dqn] step=92939 episode=660 return=-82.0 length=83 epsilon=0.050 loss=0.34472453594207764
[dqn] step=93859 episode=670 return=-72.0 length=73 epsilon=0.050 loss=0.4353853464126587
[dqn] step=94736 episode=680 return=-80.0 length=81 epsilon=0.050 loss=0.24924099445343018
[dqn][eval] step=95000 mean_return=-79.95 max_return=-61.00
[dqn] step=95628 episode=690 return=-139.0 length=140 epsilon=0.050 loss=0.3045822083950043
[dqn] step=96559 episode=700 return=-97.0 length=98 epsilon=0.050 loss=0.31578540802001953
[dqn] step=97470 episode=710 return=-109.0 length=110 epsilon=0.050 loss=0.18919561803340912
[dqn] step=98388 episode=720 return=-103.0 length=104 epsilon=0.050 loss=0.38594722747802734
[dqn] step=99284 episode=730 return=-71.0 length=72 epsilon=0.050 loss=0.38378918170928955
[dqn][eval] step=100000 mean_return=-77.00 max_return=-60.00
[dqn] step=100088 episode=740 return=-81.0 length=82 epsilon=0.050 loss=0.32705697417259216
[dqn] step=100907 episode=750 return=-64.0 length=65 epsilon=0.050 loss=0.31060659885406494
[dqn] step=101711 episode=760 return=-63.0 length=64 epsilon=0.050 loss=0.3361407518386841
[dqn] step=102672 episode=770 return=-72.0 length=73 epsilon=0.050 loss=0.34419500827789307
[dqn] step=103499 episode=780 return=-81.0 length=82 epsilon=0.050 loss=0.21787044405937195
[dqn] step=104616 episode=790 return=-148.0 length=149 epsilon=0.050 loss=0.35649245977401733
[dqn][eval] step=105000 mean_return=-79.45 max_return=-62.00
[dqn] step=105488 episode=800 return=-84.0 length=85 epsilon=0.050 loss=0.5647763013839722
[dqn] step=106377 episode=810 return=-95.0 length=96 epsilon=0.050 loss=0.4765055179595947
[dqn] step=107276 episode=820 return=-94.0 length=95 epsilon=0.050 loss=0.3609289824962616
[dqn] step=108267 episode=830 return=-108.0 length=109 epsilon=0.050 loss=0.360059916973114
[dqn] step=109146 episode=840 return=-61.0 length=62 epsilon=0.050 loss=0.437873899936676
[dqn][eval] step=110000 mean_return=-88.80 max_return=-62.00
[dqn] step=110182 episode=850 return=-108.0 length=109 epsilon=0.050 loss=0.38785332441329956
[dqn] step=111087 episode=860 return=-90.0 length=91 epsilon=0.050 loss=0.3563830256462097
[dqn] step=111918 episode=870 return=-100.0 length=101 epsilon=0.050 loss=0.4346812069416046
[dqn] step=112835 episode=880 return=-67.0 length=68 epsilon=0.050 loss=0.5025288462638855
[dqn] step=113688 episode=890 return=-113.0 length=114 epsilon=0.050 loss=0.32368648052215576
[dqn] step=114579 episode=900 return=-86.0 length=87 epsilon=0.050 loss=0.4495980143547058
[dqn][eval] step=115000 mean_return=-91.10 max_return=-64.00
[dqn] step=115574 episode=910 return=-88.0 length=89 epsilon=0.050 loss=0.42572858929634094
[dqn] step=116653 episode=920 return=-80.0 length=81 epsilon=0.050 loss=0.4178673028945923
[dqn] step=117501 episode=930 return=-103.0 length=104 epsilon=0.050 loss=0.37785235047340393
[dqn] step=118401 episode=940 return=-70.0 length=71 epsilon=0.050 loss=0.3219749927520752
[dqn] step=119477 episode=950 return=-201.0 length=202 epsilon=0.050 loss=0.40513789653778076
[dqn][eval] step=120000 mean_return=-228.65 max_return=-65.00
[dqn] step=120279 episode=960 return=-71.0 length=72 epsilon=0.050 loss=0.5853868722915649
[dqn] step=121142 episode=970 return=-82.0 length=83 epsilon=0.050 loss=0.30150753259658813
[dqn] step=121975 episode=980 return=-86.0 length=87 epsilon=0.050 loss=0.3825555443763733
[dqn] step=122839 episode=990 return=-78.0 length=79 epsilon=0.050 loss=0.3674684762954712
[dqn] step=123666 episode=1000 return=-100.0 length=101 epsilon=0.050 loss=0.542188823223114
[dqn] step=124438 episode=1010 return=-78.0 length=79 epsilon=0.050 loss=0.310871422290802
[dqn][eval] step=125000 mean_return=-80.75 max_return=-63.00
[dqn] step=125301 episode=1020 return=-96.0 length=97 epsilon=0.050 loss=0.4545806050300598
[dqn] step=126235 episode=1030 return=-89.0 length=90 epsilon=0.050 loss=0.3249010145664215
[dqn] step=127069 episode=1040 return=-63.0 length=64 epsilon=0.050 loss=0.3089401125907898
[dqn] step=127916 episode=1050 return=-72.0 length=73 epsilon=0.050 loss=0.20864903926849365
[dqn] step=128852 episode=1060 return=-68.0 length=69 epsilon=0.050 loss=0.3496100604534149
[dqn] step=129578 episode=1070 return=-63.0 length=64 epsilon=0.050 loss=0.5223369002342224
[dqn][eval] step=130000 mean_return=-83.70 max_return=-62.00
[dqn] step=130595 episode=1080 return=-77.0 length=78 epsilon=0.050 loss=0.44124844670295715
[dqn] step=131636 episode=1090 return=-77.0 length=78 epsilon=0.050 loss=0.5075048208236694
[dqn] step=132591 episode=1100 return=-82.0 length=83 epsilon=0.050 loss=0.4337180256843567
[dqn] step=133427 episode=1110 return=-95.0 length=96 epsilon=0.050 loss=0.2800937294960022
[dqn] step=134255 episode=1120 return=-63.0 length=64 epsilon=0.050 loss=0.5851106643676758
[dqn][eval] step=135000 mean_return=-85.80 max_return=-70.00
[dqn] step=135136 episode=1130 return=-90.0 length=91 epsilon=0.050 loss=0.31870490312576294
[dqn] step=135928 episode=1140 return=-81.0 length=82 epsilon=0.050 loss=0.6376779079437256
[dqn] step=137041 episode=1150 return=-93.0 length=94 epsilon=0.050 loss=0.456132709980011
[dqn] step=137896 episode=1160 return=-85.0 length=86 epsilon=0.050 loss=0.33200573921203613
[dqn] step=138736 episode=1170 return=-93.0 length=94 epsilon=0.050 loss=0.3028494715690613
[dqn] step=139600 episode=1180 return=-114.0 length=115 epsilon=0.050 loss=0.39701253175735474
[dqn][eval] step=140000 mean_return=-79.70 max_return=-62.00
[dqn] step=140481 episode=1190 return=-61.0 length=62 epsilon=0.050 loss=0.4241633117198944
[dqn] step=141300 episode=1200 return=-63.0 length=64 epsilon=0.050 loss=0.44153863191604614
[dqn] step=142177 episode=1210 return=-80.0 length=81 epsilon=0.050 loss=0.546758770942688
[dqn] step=143009 episode=1220 return=-63.0 length=64 epsilon=0.050 loss=0.47048118710517883
[dqn] step=143904 episode=1230 return=-93.0 length=94 epsilon=0.050 loss=0.2792612612247467
[dqn] step=144763 episode=1240 return=-116.0 length=117 epsilon=0.050 loss=0.30102115869522095
[dqn][eval] step=145000 mean_return=-83.90 max_return=-61.00
[dqn] step=145677 episode=1250 return=-100.0 length=101 epsilon=0.050 loss=0.24551108479499817
[dqn] step=146556 episode=1260 return=-94.0 length=95 epsilon=0.050 loss=0.4716097116470337
[dqn] step=147307 episode=1270 return=-63.0 length=64 epsilon=0.050 loss=0.35568100214004517
[dqn] step=148095 episode=1280 return=-62.0 length=63 epsilon=0.050 loss=0.2813545763492584
[dqn] step=148923 episode=1290 return=-73.0 length=74 epsilon=0.050 loss=0.179555743932724
[dqn] step=149722 episode=1300 return=-92.0 length=93 epsilon=0.050 loss=0.30925288796424866
[dqn][eval] step=150000 mean_return=-73.15 max_return=-62.00
[dqn] finished profile=fast mean_eval_return=-73.15 passed=True run_dir=results/rl/dqn_acrobot_20260802_194643_975410
{
  "task": "acrobot",
  "env_id": "Acrobot-v1",
  "profile": "fast",
  "seed": 4,
  "total_timesteps": 150000,
  "configured_total_timesteps": 150000,
  "actual_timesteps": 150000,
  "eval_episodes": 20,
  "success_threshold": -100.0,
  "passed": true,
  "final_eval": {
    "episodes": 20,
    "seed": 10000,
    "mean_return": -73.1500015258789,
    "std_return": 12.051036834716797,
    "min_return": -107.0,
    "max_return": -62.0,
    "mean_length": 74.1500015258789
  },
  "last_eval": {
    "episodes": 20,
    "seed": 10000,
    "mean_return": -73.1500015258789,
    "std_return": 12.051036834716797,
    "min_return": -107.0,
    "max_return": -62.0,
    "mean_length": 74.1500015258789
  },
  "selected_step": 150000,
  "selected_source": "final",
  "training_efficiency": {
    "best_model_step": 150000,
    "best_model_training_fraction": 1.0,
    "first_success_step": 50000,
    "first_success_training_fraction": 0.3333333333333333,
    "best_minus_last_return": 0.0,
    "budget_interpretation": "final_is_best_check_for_underfit"
  },
  "early_stopping": {
    "enabled": false,
    "patience": 30,
    "min_delta": 1.0,
    "min_steps": 25000,
    "target_score": -60.0,
    "best_mean_return": -73.1500015258789,
    "evaluations": 30,
    "evaluations_without_improvement": 0,
    "stopped_early": false,
    "stopping_reason": "budget_exhausted",
    "stopping_step": 150000
  },
  "run_dir": "results/rl/dqn_acrobot_20260802_194643_975410"
}
Checkpoint: results/rl/dqn_acrobot_20260802_194643_975410/checkpoint.pt
