[dqn] step=500 episode=1 return=-500.0 length=500 epsilon=0.994 loss=None
[dqn] step=1000 episode=2 return=-500.0 length=500 epsilon=0.987 loss=0.39809906482696533
[dqn] step=1500 episode=3 return=-500.0 length=500 epsilon=0.981 loss=0.0006671145092695951
[dqn] step=2000 episode=4 return=-500.0 length=500 epsilon=0.975 loss=0.0003813612856902182
[dqn] step=2500 episode=5 return=-500.0 length=500 epsilon=0.968 loss=0.00037403899477794766
[dqn] step=5000 episode=10 return=-500.0 length=500 epsilon=0.937 loss=0.0011645200429484248
[dqn][eval] step=5000 mean_return=-240.30 max_return=-134.00
[dqn] step=10000 episode=20 return=-500.0 length=500 epsilon=0.873 loss=0.0038728106301277876
[dqn][eval] step=10000 mean_return=-500.00 max_return=-500.00
[dqn] step=14325 episode=30 return=-354.0 length=355 epsilon=0.819 loss=0.012206930667161942
[dqn][eval] step=15000 mean_return=-500.00 max_return=-500.00
[dqn] step=18734 episode=40 return=-341.0 length=342 epsilon=0.763 loss=0.355439692735672
[dqn][eval] step=20000 mean_return=-132.95 max_return=-89.00
[dqn] step=21802 episode=50 return=-500.0 length=500 epsilon=0.724 loss=0.06098400801420212
[dqn] step=24784 episode=60 return=-500.0 length=500 epsilon=0.686 loss=0.04449772089719772
[dqn][eval] step=25000 mean_return=-500.00 max_return=-500.00
[dqn] step=27197 episode=70 return=-357.0 length=358 epsilon=0.656 loss=0.07354822754859924
[dqn] step=29294 episode=80 return=-262.0 length=263 epsilon=0.629 loss=0.8218820691108704
[dqn][eval] step=30000 mean_return=-88.85 max_return=-62.00
[dqn] step=31683 episode=90 return=-200.0 length=201 epsilon=0.599 loss=0.4660379886627197
[dqn] step=33522 episode=100 return=-216.0 length=217 epsilon=0.575 loss=0.7103789448738098
[dqn][eval] step=35000 mean_return=-87.45 max_return=-72.00
[dqn] step=35583 episode=110 return=-183.0 length=184 epsilon=0.549 loss=0.3845450282096863
[dqn] step=37292 episode=120 return=-135.0 length=136 epsilon=0.528 loss=0.16877809166908264
[dqn] step=38935 episode=130 return=-149.0 length=150 epsilon=0.507 loss=0.2368527352809906
[dqn][eval] step=40000 mean_return=-88.80 max_return=-75.00
[dqn] step=40344 episode=140 return=-146.0 length=147 epsilon=0.489 loss=0.9757997989654541
[dqn] step=42407 episode=150 return=-320.0 length=321 epsilon=0.463 loss=0.48330122232437134
[dqn] step=43941 episode=160 return=-148.0 length=149 epsilon=0.443 loss=0.33878928422927856
[dqn][eval] step=45000 mean_return=-108.25 max_return=-63.00
[dqn] step=45332 episode=170 return=-95.0 length=96 epsilon=0.426 loss=0.8214150071144104
[dqn] step=46859 episode=180 return=-225.0 length=226 epsilon=0.406 loss=0.5011162161827087
[dqn] step=48134 episode=190 return=-144.0 length=145 epsilon=0.390 loss=0.60627281665802
[dqn] step=49367 episode=200 return=-137.0 length=138 epsilon=0.375 loss=1.176668643951416
[dqn][eval] step=50000 mean_return=-82.75 max_return=-68.00
[dqn] step=51116 episode=210 return=-96.0 length=97 epsilon=0.353 loss=0.49318861961364746
[dqn] step=52633 episode=220 return=-272.0 length=273 epsilon=0.333 loss=0.4589393734931946
[dqn] step=53672 episode=230 return=-123.0 length=124 epsilon=0.320 loss=0.3100179433822632
[dqn][eval] step=55000 mean_return=-80.40 max_return=-70.00
[dqn] step=55031 episode=240 return=-107.0 length=108 epsilon=0.303 loss=0.3836565315723419
[dqn] step=56353 episode=250 return=-112.0 length=113 epsilon=0.286 loss=0.21902939677238464
[dqn] step=57345 episode=260 return=-95.0 length=96 epsilon=0.274 loss=0.31542545557022095
[dqn] step=58597 episode=270 return=-98.0 length=99 epsilon=0.258 loss=0.18913233280181885
[dqn] step=59590 episode=280 return=-86.0 length=87 epsilon=0.245 loss=0.19283470511436462
[dqn][eval] step=60000 mean_return=-81.80 max_return=-70.00
[dqn] step=60679 episode=290 return=-96.0 length=97 epsilon=0.231 loss=0.2311924546957016
[dqn] step=61715 episode=300 return=-89.0 length=90 epsilon=0.218 loss=0.21280121803283691
[dqn] step=62756 episode=310 return=-92.0 length=93 epsilon=0.205 loss=0.2174290269613266
[dqn] step=63874 episode=320 return=-83.0 length=84 epsilon=0.191 loss=0.2549510598182678
[dqn] step=64899 episode=330 return=-94.0 length=95 epsilon=0.178 loss=0.23402342200279236
[dqn][eval] step=65000 mean_return=-81.00 max_return=-62.00
[dqn] step=65816 episode=340 return=-94.0 length=95 epsilon=0.166 loss=0.21892549097537994
[dqn] step=66768 episode=350 return=-70.0 length=71 epsilon=0.154 loss=0.4116567373275757
[dqn] step=67843 episode=360 return=-101.0 length=102 epsilon=0.141 loss=0.3121872544288635
[dqn] step=68794 episode=370 return=-100.0 length=101 epsilon=0.129 loss=0.30602389574050903
[dqn] step=69784 episode=380 return=-93.0 length=94 epsilon=0.116 loss=0.28344428539276123
[dqn][eval] step=70000 mean_return=-91.45 max_return=-62.00
[dqn] step=70800 episode=390 return=-91.0 length=92 epsilon=0.103 loss=0.3305036425590515
[dqn] step=71758 episode=400 return=-86.0 length=87 epsilon=0.091 loss=0.39060747623443604
[dqn] step=72800 episode=410 return=-157.0 length=158 epsilon=0.078 loss=0.44733667373657227
[dqn] step=73698 episode=420 return=-82.0 length=83 epsilon=0.067 loss=0.28072190284729004
[dqn] step=74706 episode=430 return=-82.0 length=83 epsilon=0.054 loss=0.22367626428604126
[dqn][eval] step=75000 mean_return=-90.30 max_return=-61.00
[dqn] step=75717 episode=440 return=-106.0 length=107 epsilon=0.050 loss=0.2528705596923828
[dqn] step=76563 episode=450 return=-78.0 length=79 epsilon=0.050 loss=0.4172908663749695
[dqn] step=77445 episode=460 return=-69.0 length=70 epsilon=0.050 loss=0.27763617038726807
[dqn] step=78267 episode=470 return=-69.0 length=70 epsilon=0.050 loss=0.38150641322135925
[dqn] step=79074 episode=480 return=-85.0 length=86 epsilon=0.050 loss=0.27215906977653503
[dqn][eval] step=80000 mean_return=-84.55 max_return=-63.00
[dqn] step=80192 episode=490 return=-212.0 length=213 epsilon=0.050 loss=0.3206693232059479
[dqn] step=81153 episode=500 return=-124.0 length=125 epsilon=0.050 loss=0.2341606616973877
[dqn] step=81949 episode=510 return=-63.0 length=64 epsilon=0.050 loss=0.3965334892272949
[dqn] step=82769 episode=520 return=-62.0 length=63 epsilon=0.050 loss=0.15950584411621094
[dqn] step=83538 episode=530 return=-62.0 length=63 epsilon=0.050 loss=0.46926307678222656
[dqn] step=84512 episode=540 return=-70.0 length=71 epsilon=0.050 loss=0.28538984060287476
[dqn][eval] step=85000 mean_return=-76.80 max_return=-62.00
[dqn] step=85428 episode=550 return=-97.0 length=98 epsilon=0.050 loss=0.3423759937286377
[dqn] step=86463 episode=560 return=-86.0 length=87 epsilon=0.050 loss=0.2939729392528534
[dqn] step=87339 episode=570 return=-93.0 length=94 epsilon=0.050 loss=0.2903663218021393
[dqn] step=88333 episode=580 return=-69.0 length=70 epsilon=0.050 loss=0.2072567194700241
[dqn] step=89080 episode=590 return=-73.0 length=74 epsilon=0.050 loss=0.28487053513526917
[dqn] step=89937 episode=600 return=-84.0 length=85 epsilon=0.050 loss=0.3894112706184387
[dqn][eval] step=90000 mean_return=-80.50 max_return=-63.00
[dqn] step=90842 episode=610 return=-105.0 length=106 epsilon=0.050 loss=0.3579336702823639
[dqn] step=91736 episode=620 return=-84.0 length=85 epsilon=0.050 loss=0.1842336505651474
[dqn] step=92628 episode=630 return=-84.0 length=85 epsilon=0.050 loss=0.27982527017593384
[dqn] step=93768 episode=640 return=-78.0 length=79 epsilon=0.050 loss=0.4667474925518036
[dqn] step=94667 episode=650 return=-116.0 length=117 epsilon=0.050 loss=0.5203222036361694
[dqn][eval] step=95000 mean_return=-100.40 max_return=-62.00
[dqn] step=95543 episode=660 return=-80.0 length=81 epsilon=0.050 loss=0.4103761911392212
[dqn] step=96473 episode=670 return=-102.0 length=103 epsilon=0.050 loss=0.22971965372562408
[dqn] step=97354 episode=680 return=-83.0 length=84 epsilon=0.050 loss=0.29404377937316895
[dqn] step=98312 episode=690 return=-94.0 length=95 epsilon=0.050 loss=0.31308215856552124
[dqn] step=99195 episode=700 return=-132.0 length=133 epsilon=0.050 loss=0.3685123026371002
[dqn] step=99983 episode=710 return=-80.0 length=81 epsilon=0.050 loss=0.2067653089761734
[dqn][eval] step=100000 mean_return=-76.75 max_return=-62.00
[dqn] step=100979 episode=720 return=-103.0 length=104 epsilon=0.050 loss=0.27681440114974976
[dqn] step=101876 episode=730 return=-81.0 length=82 epsilon=0.050 loss=0.2809886038303375
[dqn] step=102770 episode=740 return=-110.0 length=111 epsilon=0.050 loss=0.3938136398792267
[dqn] step=103593 episode=750 return=-111.0 length=112 epsilon=0.050 loss=0.1985747516155243
[dqn] step=104453 episode=760 return=-79.0 length=80 epsilon=0.050 loss=0.4385356605052948
[dqn][eval] step=105000 mean_return=-80.75 max_return=-62.00
[dqn] step=105305 episode=770 return=-92.0 length=93 epsilon=0.050 loss=0.28318166732788086
[dqn] step=106187 episode=780 return=-95.0 length=96 epsilon=0.050 loss=0.42832931876182556
[dqn] step=107062 episode=790 return=-93.0 length=94 epsilon=0.050 loss=0.3161070942878723
[dqn] step=107857 episode=800 return=-77.0 length=78 epsilon=0.050 loss=0.36008554697036743
[dqn] step=108737 episode=810 return=-87.0 length=88 epsilon=0.050 loss=0.3722553253173828
[dqn] step=109629 episode=820 return=-97.0 length=98 epsilon=0.050 loss=0.3575710952281952
[dqn][eval] step=110000 mean_return=-79.80 max_return=-63.00
[dqn] step=110508 episode=830 return=-83.0 length=84 epsilon=0.050 loss=0.2508477568626404
[dqn] step=111349 episode=840 return=-66.0 length=67 epsilon=0.050 loss=0.4175877571105957
[dqn] step=112298 episode=850 return=-87.0 length=88 epsilon=0.050 loss=0.4094327688217163
[dqn] step=113113 episode=860 return=-71.0 length=72 epsilon=0.050 loss=0.323384165763855
[dqn] step=114036 episode=870 return=-97.0 length=98 epsilon=0.050 loss=0.38078242540359497
[dqn] step=114924 episode=880 return=-106.0 length=107 epsilon=0.050 loss=0.24171949923038483
[dqn][eval] step=115000 mean_return=-79.70 max_return=-63.00
[dqn] step=115866 episode=890 return=-70.0 length=71 epsilon=0.050 loss=0.35235995054244995
[dqn] step=116788 episode=900 return=-113.0 length=114 epsilon=0.050 loss=0.29830482602119446
[dqn] step=117635 episode=910 return=-103.0 length=104 epsilon=0.050 loss=0.22024814784526825
[dqn] step=118460 episode=920 return=-94.0 length=95 epsilon=0.050 loss=0.36538970470428467
[dqn] step=119221 episode=930 return=-72.0 length=73 epsilon=0.050 loss=0.25584474205970764
[dqn][eval] step=120000 mean_return=-81.15 max_return=-69.00
[dqn] step=120082 episode=940 return=-111.0 length=112 epsilon=0.050 loss=0.2824036180973053
[dqn] step=121379 episode=950 return=-78.0 length=79 epsilon=0.050 loss=0.29392480850219727
[dqn] step=122350 episode=960 return=-160.0 length=161 epsilon=0.050 loss=0.28393059968948364
[dqn] step=123265 episode=970 return=-91.0 length=92 epsilon=0.050 loss=0.4887247383594513
[dqn] step=124240 episode=980 return=-108.0 length=109 epsilon=0.050 loss=0.42435550689697266
[dqn][eval] step=125000 mean_return=-92.30 max_return=-62.00
[dqn] step=125172 episode=990 return=-100.0 length=101 epsilon=0.050 loss=0.29691261053085327
[dqn] step=125936 episode=1000 return=-73.0 length=74 epsilon=0.050 loss=0.32949671149253845
[dqn] step=126810 episode=1010 return=-106.0 length=107 epsilon=0.050 loss=0.46980583667755127
[dqn] step=127756 episode=1020 return=-77.0 length=78 epsilon=0.050 loss=0.355351060628891
[dqn] step=128673 episode=1030 return=-68.0 length=69 epsilon=0.050 loss=0.3807293772697449
[dqn] step=129617 episode=1040 return=-95.0 length=96 epsilon=0.050 loss=0.41521257162094116
[dqn][eval] step=130000 mean_return=-75.30 max_return=-63.00
[dqn] step=130544 episode=1050 return=-97.0 length=98 epsilon=0.050 loss=0.5050104260444641
[dqn] step=131413 episode=1060 return=-80.0 length=81 epsilon=0.050 loss=0.3641076982021332
[dqn] step=132251 episode=1070 return=-109.0 length=110 epsilon=0.050 loss=0.43064993619918823
[dqn] step=133201 episode=1080 return=-76.0 length=77 epsilon=0.050 loss=0.2787054479122162
[dqn] step=134087 episode=1090 return=-124.0 length=125 epsilon=0.050 loss=0.2861096262931824
[dqn] step=134951 episode=1100 return=-76.0 length=77 epsilon=0.050 loss=0.3500741720199585
[dqn][eval] step=135000 mean_return=-85.75 max_return=-62.00
[dqn] step=135828 episode=1110 return=-61.0 length=62 epsilon=0.050 loss=0.4590938091278076
[dqn] step=136600 episode=1120 return=-70.0 length=71 epsilon=0.050 loss=0.3871137499809265
[dqn] step=137533 episode=1130 return=-84.0 length=85 epsilon=0.050 loss=0.6437721252441406
[dqn] step=138415 episode=1140 return=-79.0 length=80 epsilon=0.050 loss=0.47857803106307983
[dqn] step=139208 episode=1150 return=-75.0 length=76 epsilon=0.050 loss=0.4744488000869751
[dqn][eval] step=140000 mean_return=-82.80 max_return=-62.00
[dqn] step=140052 episode=1160 return=-91.0 length=92 epsilon=0.050 loss=0.520447313785553
[dqn] step=140973 episode=1170 return=-102.0 length=103 epsilon=0.050 loss=0.40780237317085266
[dqn] step=141994 episode=1180 return=-71.0 length=72 epsilon=0.050 loss=0.5401520133018494
[dqn] step=142931 episode=1190 return=-93.0 length=94 epsilon=0.050 loss=0.3778420686721802
[dqn] step=143803 episode=1200 return=-83.0 length=84 epsilon=0.050 loss=0.43890705704689026
[dqn] step=144695 episode=1210 return=-92.0 length=93 epsilon=0.050 loss=0.408807635307312
[dqn][eval] step=145000 mean_return=-99.60 max_return=-63.00
[dqn] step=145682 episode=1220 return=-110.0 length=111 epsilon=0.050 loss=0.445746511220932
[dqn] step=146606 episode=1230 return=-102.0 length=103 epsilon=0.050 loss=0.32917118072509766
[dqn] step=147442 episode=1240 return=-83.0 length=84 epsilon=0.050 loss=0.3903186619281769
[dqn] step=148347 episode=1250 return=-91.0 length=92 epsilon=0.050 loss=0.35394275188446045
[dqn] step=149247 episode=1260 return=-83.0 length=84 epsilon=0.050 loss=0.4460314214229584
[dqn][eval] step=150000 mean_return=-133.50 max_return=-75.00
[dqn] finished profile=fast mean_eval_return=-75.30 passed=True run_dir=results/rl/dqn_acrobot_20260802_194643_946020
{
  "task": "acrobot",
  "env_id": "Acrobot-v1",
  "profile": "fast",
  "seed": 2,
  "total_timesteps": 150000,
  "configured_total_timesteps": 150000,
  "actual_timesteps": 150000,
  "eval_episodes": 20,
  "success_threshold": -100.0,
  "passed": true,
  "final_eval": {
    "episodes": 20,
    "seed": 10000,
    "mean_return": -75.30000305175781,
    "std_return": 11.428472518920898,
    "min_return": -99.0,
    "max_return": -63.0,
    "mean_length": 76.30000305175781
  },
  "last_eval": {
    "episodes": 20,
    "seed": 10000,
    "mean_return": -133.5,
    "std_return": 122.91073608398438,
    "min_return": -500.0,
    "max_return": -75.0,
    "mean_length": 134.39999389648438
  },
  "selected_step": 130000,
  "selected_source": "best_eval",
  "training_efficiency": {
    "best_model_step": 130000,
    "best_model_training_fraction": 0.8666666666666667,
    "first_success_step": 30000,
    "first_success_training_fraction": 0.2,
    "best_minus_last_return": 58.19999694824219,
    "budget_interpretation": "regressed_after_best"
  },
  "early_stopping": {
    "enabled": false,
    "patience": 30,
    "min_delta": 1.0,
    "min_steps": 25000,
    "target_score": -60.0,
    "best_mean_return": -75.30000305175781,
    "evaluations": 30,
    "evaluations_without_improvement": 4,
    "stopped_early": false,
    "stopping_reason": "budget_exhausted",
    "stopping_step": 150000
  },
  "run_dir": "results/rl/dqn_acrobot_20260802_194643_946020"
}
Checkpoint: results/rl/dqn_acrobot_20260802_194643_946020/checkpoint.pt
