[dqn] step=500 episode=1 return=-500.0 length=500 epsilon=0.994 loss=None
[dqn] step=1000 episode=2 return=-500.0 length=500 epsilon=0.987 loss=0.39699655771255493
[dqn] step=1500 episode=3 return=-500.0 length=500 epsilon=0.981 loss=0.0005007853033021092
[dqn] step=2000 episode=4 return=-500.0 length=500 epsilon=0.975 loss=0.00020766936358995736
[dqn] step=2500 episode=5 return=-500.0 length=500 epsilon=0.968 loss=0.001338473055511713
[dqn] step=5000 episode=10 return=-500.0 length=500 epsilon=0.937 loss=0.0020377880427986383
[dqn][eval] step=5000 mean_return=-500.00 max_return=-500.00
[dqn] step=9898 episode=20 return=-500.0 length=500 epsilon=0.875 loss=0.006365385837852955
[dqn][eval] step=10000 mean_return=-345.15 max_return=-83.00
[dqn] step=13973 episode=30 return=-268.0 length=269 epsilon=0.823 loss=0.014952713623642921
[dqn][eval] step=15000 mean_return=-500.00 max_return=-500.00
[dqn] step=17337 episode=40 return=-377.0 length=378 epsilon=0.780 loss=0.017686065286397934
[dqn][eval] step=20000 mean_return=-500.00 max_return=-500.00
[dqn] step=20616 episode=50 return=-173.0 length=174 epsilon=0.739 loss=0.028315380215644836
[dqn] step=23240 episode=60 return=-243.0 length=244 epsilon=0.706 loss=0.3723432123661041
[dqn][eval] step=25000 mean_return=-481.65 max_return=-133.00
[dqn] step=25693 episode=70 return=-197.0 length=198 epsilon=0.675 loss=0.11459086090326309
[dqn] step=28265 episode=80 return=-191.0 length=192 epsilon=0.642 loss=0.6212334632873535
[dqn][eval] step=30000 mean_return=-87.50 max_return=-64.00
[dqn] step=30502 episode=90 return=-138.0 length=139 epsilon=0.614 loss=0.2932854890823364
[dqn] step=32303 episode=100 return=-152.0 length=153 epsilon=0.591 loss=0.4484855830669403
[dqn] step=33963 episode=110 return=-184.0 length=185 epsilon=0.570 loss=0.41578081250190735
[dqn][eval] step=35000 mean_return=-85.80 max_return=-63.00
[dqn] step=35720 episode=120 return=-220.0 length=221 epsilon=0.548 loss=0.23850494623184204
[dqn] step=37186 episode=130 return=-145.0 length=146 epsilon=0.529 loss=0.27242791652679443
[dqn] step=38771 episode=140 return=-100.0 length=101 epsilon=0.509 loss=0.31859439611434937
[dqn][eval] step=40000 mean_return=-78.65 max_return=-62.00
[dqn] step=40578 episode=150 return=-123.0 length=124 epsilon=0.486 loss=0.22288253903388977
[dqn] step=42090 episode=160 return=-152.0 length=153 epsilon=0.467 loss=0.22743003070354462
[dqn] step=43420 episode=170 return=-146.0 length=147 epsilon=0.450 loss=0.13576079905033112
[dqn] step=44733 episode=180 return=-166.0 length=167 epsilon=0.433 loss=0.1271158903837204
[dqn][eval] step=45000 mean_return=-89.90 max_return=-62.00
[dqn] step=46164 episode=190 return=-161.0 length=162 epsilon=0.415 loss=0.14424541592597961
[dqn] step=47526 episode=200 return=-100.0 length=101 epsilon=0.398 loss=0.33342981338500977
[dqn] step=49010 episode=210 return=-112.0 length=113 epsilon=0.379 loss=0.24336500465869904
[dqn][eval] step=50000 mean_return=-80.60 max_return=-70.00
[dqn] step=50379 episode=220 return=-161.0 length=162 epsilon=0.362 loss=0.15869396924972534
[dqn] step=51600 episode=230 return=-117.0 length=118 epsilon=0.346 loss=0.12396886199712753
[dqn] step=52745 episode=240 return=-111.0 length=112 epsilon=0.332 loss=0.26624950766563416
[dqn] step=53850 episode=250 return=-103.0 length=104 epsilon=0.318 loss=0.19285646080970764
[dqn][eval] step=55000 mean_return=-86.15 max_return=-64.00
[dqn] step=55080 episode=260 return=-102.0 length=103 epsilon=0.302 loss=0.24835744500160217
[dqn] step=56260 episode=270 return=-151.0 length=152 epsilon=0.287 loss=0.4699634611606598
[dqn] step=57358 episode=280 return=-94.0 length=95 epsilon=0.273 loss=0.42949235439300537
[dqn] step=58331 episode=290 return=-85.0 length=86 epsilon=0.261 loss=0.2737472355365753
[dqn] step=59424 episode=300 return=-100.0 length=101 epsilon=0.247 loss=0.6285532116889954
[dqn][eval] step=60000 mean_return=-500.00 max_return=-500.00
[dqn] step=60605 episode=310 return=-129.0 length=130 epsilon=0.232 loss=0.3047863841056824
[dqn] step=61522 episode=320 return=-77.0 length=78 epsilon=0.221 loss=0.37021446228027344
[dqn] step=62562 episode=330 return=-120.0 length=121 epsilon=0.208 loss=0.6224290728569031
[dqn] step=63658 episode=340 return=-137.0 length=138 epsilon=0.194 loss=0.2830449938774109
[dqn] step=64582 episode=350 return=-92.0 length=93 epsilon=0.182 loss=0.35808324813842773
[dqn][eval] step=65000 mean_return=-91.90 max_return=-63.00
[dqn] step=65588 episode=360 return=-99.0 length=100 epsilon=0.169 loss=0.17869798839092255
[dqn] step=66587 episode=370 return=-104.0 length=105 epsilon=0.157 loss=0.35688573122024536
[dqn] step=67577 episode=380 return=-83.0 length=84 epsilon=0.144 loss=0.2099200040102005
[dqn] step=68634 episode=390 return=-119.0 length=120 epsilon=0.131 loss=0.2579200267791748
[dqn] step=69600 episode=400 return=-81.0 length=82 epsilon=0.118 loss=0.23761337995529175
[dqn][eval] step=70000 mean_return=-83.10 max_return=-63.00
[dqn] step=70505 episode=410 return=-96.0 length=97 epsilon=0.107 loss=0.3147032856941223
[dqn] step=71397 episode=420 return=-100.0 length=101 epsilon=0.096 loss=0.2131909728050232
[dqn] step=72346 episode=430 return=-87.0 length=88 epsilon=0.084 loss=0.2535534203052521
[dqn] step=73187 episode=440 return=-79.0 length=80 epsilon=0.073 loss=0.255718469619751
[dqn] step=74078 episode=450 return=-79.0 length=80 epsilon=0.062 loss=0.23888900876045227
[dqn] step=74899 episode=460 return=-92.0 length=93 epsilon=0.051 loss=0.154391348361969
[dqn][eval] step=75000 mean_return=-79.35 max_return=-69.00
[dqn] step=75810 episode=470 return=-119.0 length=120 epsilon=0.050 loss=0.11843039095401764
[dqn] step=76797 episode=480 return=-93.0 length=94 epsilon=0.050 loss=0.2968016564846039
[dqn] step=77632 episode=490 return=-76.0 length=77 epsilon=0.050 loss=0.18260034918785095
[dqn] step=78769 episode=500 return=-77.0 length=78 epsilon=0.050 loss=0.3929009437561035
[dqn] step=79682 episode=510 return=-137.0 length=138 epsilon=0.050 loss=0.32165470719337463
[dqn][eval] step=80000 mean_return=-82.70 max_return=-63.00
[dqn] step=80770 episode=520 return=-82.0 length=83 epsilon=0.050 loss=0.3612534999847412
[dqn] step=81640 episode=530 return=-83.0 length=84 epsilon=0.050 loss=0.2970505654811859
[dqn] step=82480 episode=540 return=-108.0 length=109 epsilon=0.050 loss=0.2343291938304901
[dqn] step=84001 episode=550 return=-93.0 length=94 epsilon=0.050 loss=0.3247152864933014
[dqn] step=84911 episode=560 return=-109.0 length=110 epsilon=0.050 loss=0.26248249411582947
[dqn][eval] step=85000 mean_return=-87.55 max_return=-63.00
[dqn] step=85774 episode=570 return=-76.0 length=77 epsilon=0.050 loss=0.3175918757915497
[dqn] step=86631 episode=580 return=-82.0 length=83 epsilon=0.050 loss=0.23095141351222992
[dqn] step=87546 episode=590 return=-113.0 length=114 epsilon=0.050 loss=0.1754886656999588
[dqn] step=88441 episode=600 return=-84.0 length=85 epsilon=0.050 loss=0.2114061713218689
[dqn] step=89321 episode=610 return=-99.0 length=100 epsilon=0.050 loss=0.3006489872932434
[dqn][eval] step=90000 mean_return=-78.35 max_return=-62.00
[dqn] step=90191 episode=620 return=-71.0 length=72 epsilon=0.050 loss=0.2647821605205536
[dqn] step=91081 episode=630 return=-133.0 length=134 epsilon=0.050 loss=0.40734589099884033
[dqn] step=91867 episode=640 return=-63.0 length=64 epsilon=0.050 loss=0.2770807147026062
[dqn] step=92752 episode=650 return=-70.0 length=71 epsilon=0.050 loss=0.38045769929885864
[dqn] step=93662 episode=660 return=-75.0 length=76 epsilon=0.050 loss=0.3120027780532837
[dqn] step=94591 episode=670 return=-83.0 length=84 epsilon=0.050 loss=0.33782631158828735
[dqn][eval] step=95000 mean_return=-78.60 max_return=-62.00
[dqn] step=95395 episode=680 return=-86.0 length=87 epsilon=0.050 loss=0.3147285282611847
[dqn] step=96346 episode=690 return=-71.0 length=72 epsilon=0.050 loss=0.19133269786834717
[dqn] step=97293 episode=700 return=-93.0 length=94 epsilon=0.050 loss=0.38034194707870483
[dqn] step=98194 episode=710 return=-95.0 length=96 epsilon=0.050 loss=0.2610182464122772
[dqn] step=99022 episode=720 return=-63.0 length=64 epsilon=0.050 loss=0.219343900680542
[dqn] step=99913 episode=730 return=-94.0 length=95 epsilon=0.050 loss=0.23527948558330536
[dqn][eval] step=100000 mean_return=-86.50 max_return=-64.00
[dqn] step=100862 episode=740 return=-91.0 length=92 epsilon=0.050 loss=0.2216407209634781
[dqn] step=101692 episode=750 return=-71.0 length=72 epsilon=0.050 loss=0.3050227165222168
[dqn] step=102620 episode=760 return=-120.0 length=121 epsilon=0.050 loss=0.2691720426082611
[dqn] step=103639 episode=770 return=-74.0 length=75 epsilon=0.050 loss=0.36829984188079834
[dqn] step=104467 episode=780 return=-73.0 length=74 epsilon=0.050 loss=0.3239738941192627
[dqn][eval] step=105000 mean_return=-77.00 max_return=-62.00
[dqn] step=105342 episode=790 return=-116.0 length=117 epsilon=0.050 loss=0.16937288641929626
[dqn] step=106261 episode=800 return=-83.0 length=84 epsilon=0.050 loss=0.311694473028183
[dqn] step=107109 episode=810 return=-90.0 length=91 epsilon=0.050 loss=0.24961844086647034
[dqn] step=107980 episode=820 return=-77.0 length=78 epsilon=0.050 loss=0.22564095258712769
[dqn] step=108902 episode=830 return=-75.0 length=76 epsilon=0.050 loss=0.3627372086048126
[dqn] step=109731 episode=840 return=-82.0 length=83 epsilon=0.050 loss=0.21966736018657684
[dqn][eval] step=110000 mean_return=-107.85 max_return=-63.00
[dqn] step=110664 episode=850 return=-64.0 length=65 epsilon=0.050 loss=0.20982536673545837
[dqn] step=111536 episode=860 return=-93.0 length=94 epsilon=0.050 loss=0.3416450023651123
[dqn] step=112394 episode=870 return=-94.0 length=95 epsilon=0.050 loss=0.2623136043548584
[dqn] step=113376 episode=880 return=-95.0 length=96 epsilon=0.050 loss=0.26679274439811707
[dqn] step=114254 episode=890 return=-70.0 length=71 epsilon=0.050 loss=0.32660791277885437
[dqn][eval] step=115000 mean_return=-86.55 max_return=-63.00
[dqn] step=115082 episode=900 return=-71.0 length=72 epsilon=0.050 loss=0.25676220655441284
[dqn] step=116065 episode=910 return=-79.0 length=80 epsilon=0.050 loss=0.25837334990501404
[dqn] step=116952 episode=920 return=-104.0 length=105 epsilon=0.050 loss=0.4236278831958771
[dqn] step=117947 episode=930 return=-102.0 length=103 epsilon=0.050 loss=0.17730291187763214
[dqn] step=118914 episode=940 return=-98.0 length=99 epsilon=0.050 loss=0.3551858961582184
[dqn] step=119759 episode=950 return=-69.0 length=70 epsilon=0.050 loss=0.30951231718063354
[dqn][eval] step=120000 mean_return=-115.15 max_return=-63.00
[dqn] step=120827 episode=960 return=-76.0 length=77 epsilon=0.050 loss=0.2690955400466919
[dqn] step=121741 episode=970 return=-82.0 length=83 epsilon=0.050 loss=0.23876741528511047
[dqn] step=122602 episode=980 return=-86.0 length=87 epsilon=0.050 loss=0.27582257986068726
[dqn] step=123556 episode=990 return=-86.0 length=87 epsilon=0.050 loss=0.24207518994808197
[dqn] step=124417 episode=1000 return=-112.0 length=113 epsilon=0.050 loss=0.3941529393196106
[dqn][eval] step=125000 mean_return=-126.70 max_return=-64.00
[dqn] step=125494 episode=1010 return=-76.0 length=77 epsilon=0.050 loss=0.36413657665252686
[dqn] step=126361 episode=1020 return=-75.0 length=76 epsilon=0.050 loss=0.2913898229598999
[dqn] step=127273 episode=1030 return=-184.0 length=185 epsilon=0.050 loss=0.3590761125087738
[dqn] step=128133 episode=1040 return=-82.0 length=83 epsilon=0.050 loss=0.20401552319526672
[dqn] step=129033 episode=1050 return=-90.0 length=91 epsilon=0.050 loss=0.34828251600265503
[dqn] step=129967 episode=1060 return=-76.0 length=77 epsilon=0.050 loss=0.4167022109031677
[dqn][eval] step=130000 mean_return=-72.15 max_return=-62.00
[dqn] step=130867 episode=1070 return=-76.0 length=77 epsilon=0.050 loss=0.32116401195526123
[dqn] step=131799 episode=1080 return=-97.0 length=98 epsilon=0.050 loss=0.2501814663410187
[dqn] step=132701 episode=1090 return=-88.0 length=89 epsilon=0.050 loss=0.35394418239593506
[dqn] step=133756 episode=1100 return=-88.0 length=89 epsilon=0.050 loss=0.3959718942642212
[dqn] step=134641 episode=1110 return=-88.0 length=89 epsilon=0.050 loss=0.3438812494277954
[dqn][eval] step=135000 mean_return=-101.70 max_return=-64.00
[dqn] step=135552 episode=1120 return=-86.0 length=87 epsilon=0.050 loss=0.24657803773880005
[dqn] step=136470 episode=1130 return=-86.0 length=87 epsilon=0.050 loss=0.41578853130340576
[dqn] step=137462 episode=1140 return=-119.0 length=120 epsilon=0.050 loss=0.3919631838798523
[dqn] step=138364 episode=1150 return=-63.0 length=64 epsilon=0.050 loss=0.3953976333141327
[dqn] step=139225 episode=1160 return=-72.0 length=73 epsilon=0.050 loss=0.27255237102508545
[dqn][eval] step=140000 mean_return=-80.55 max_return=-63.00
[dqn] step=140105 episode=1170 return=-71.0 length=72 epsilon=0.050 loss=0.31144118309020996
[dqn] step=141044 episode=1180 return=-71.0 length=72 epsilon=0.050 loss=0.4537547528743744
[dqn] step=141840 episode=1190 return=-63.0 length=64 epsilon=0.050 loss=0.3800380825996399
[dqn] step=142812 episode=1200 return=-151.0 length=152 epsilon=0.050 loss=0.37471073865890503
[dqn] step=143832 episode=1210 return=-64.0 length=65 epsilon=0.050 loss=0.24970972537994385
[dqn] step=144663 episode=1220 return=-79.0 length=80 epsilon=0.050 loss=0.2839658856391907
[dqn][eval] step=145000 mean_return=-78.00 max_return=-62.00
[dqn] step=145523 episode=1230 return=-124.0 length=125 epsilon=0.050 loss=0.41436076164245605
[dqn] step=146442 episode=1240 return=-86.0 length=87 epsilon=0.050 loss=0.44869092106819153
[dqn] step=147376 episode=1250 return=-93.0 length=94 epsilon=0.050 loss=0.2835797369480133
[dqn] step=148195 episode=1260 return=-62.0 length=63 epsilon=0.050 loss=0.3216091990470886
[dqn] step=148992 episode=1270 return=-72.0 length=73 epsilon=0.050 loss=0.41047048568725586
[dqn] step=149860 episode=1280 return=-62.0 length=63 epsilon=0.050 loss=0.34693604707717896
[dqn][eval] step=150000 mean_return=-79.75 max_return=-61.00
[dqn] finished profile=fast mean_eval_return=-72.15 passed=True run_dir=results/rl/dqn_acrobot_20260802_124432_945965
{
  "task": "acrobot",
  "env_id": "Acrobot-v1",
  "profile": "fast",
  "seed": 0,
  "total_timesteps": 150000,
  "configured_total_timesteps": 150000,
  "actual_timesteps": 150000,
  "eval_episodes": 20,
  "success_threshold": -100.0,
  "passed": true,
  "final_eval": {
    "episodes": 20,
    "seed": 10000,
    "mean_return": -72.1500015258789,
    "std_return": 10.494165420532227,
    "min_return": -96.0,
    "max_return": -62.0,
    "mean_length": 73.1500015258789
  },
  "last_eval": {
    "episodes": 20,
    "seed": 10000,
    "mean_return": -79.75,
    "std_return": 17.198474884033203,
    "min_return": -136.0,
    "max_return": -61.0,
    "mean_length": 80.75
  },
  "selected_step": 130000,
  "selected_source": "best_eval",
  "training_efficiency": {
    "best_model_step": 130000,
    "best_model_training_fraction": 0.8666666666666667,
    "first_success_step": 30000,
    "first_success_training_fraction": 0.2,
    "best_minus_last_return": 7.599998474121094,
    "budget_interpretation": "regressed_after_best"
  },
  "early_stopping": {
    "enabled": true,
    "patience": 30,
    "min_delta": 1.0,
    "min_steps": 25000,
    "target_score": -60.0,
    "best_mean_return": -72.1500015258789,
    "evaluations": 30,
    "evaluations_without_improvement": 4,
    "stopped_early": false,
    "stopping_reason": "budget_exhausted",
    "stopping_step": 150000
  },
  "run_dir": "results/rl/dqn_acrobot_20260802_124432_945965"
}
Checkpoint: results/rl/dqn_acrobot_20260802_124432_945965/checkpoint.pt
