cases trainable: False
labels trainable: False
cases trainable: False
labels trainable: False
Enforcing normalize_over_cases = True for regression task.
[nnknn-rl] step=500 episode=1 return=-500.0 length=500 loss=None cases=0
[nnknn-rl] step=1000 episode=2 return=-500.0 length=500 loss=None cases=0
[nnknn-rl] step=1500 episode=3 return=-500.0 length=500 loss=None cases=0
[nnknn-rl] step=2000 episode=4 return=-500.0 length=500 loss=268.9029235839844 cases=0
[nnknn-rl] step=2500 episode=5 return=-500.0 length=500 loss=None cases=0
[nnknn-rl] step=5000 episode=10 return=-500.0 length=500 loss=None cases=0
[nnknn-rl] step=10000 episode=20 return=-500.0 length=500 loss=116.22132110595703 cases=20
[nnknn-rl] step=14920 episode=30 return=-500.0 length=500 loss=None cases=44
[nnknn-rl] step=19920 episode=40 return=-500.0 length=500 loss=77.85826873779297 cases=42
[nnknn-rl] step=24920 episode=50 return=-500.0 length=500 loss=None cases=42
[nnknn-rl] step=29920 episode=60 return=-500.0 length=500 loss=48.26054000854492 cases=47
[nnknn-rl] step=34912 episode=70 return=-500.0 length=500 loss=None cases=45
[nnknn-rl] step=39829 episode=80 return=-500.0 length=500 loss=40.78385925292969 cases=107
[nnknn-rl] step=44829 episode=90 return=-500.0 length=500 loss=None cases=106
[nnknn-rl][critic-holdout] step=49829 episodes=100 mse=912.7736 explained_variance=-0.0843
[nnknn-rl] step=49829 episode=100 return=-500.0 length=500 loss=35.311832427978516 cases=96
[nnknn-rl][eval] step=49829 mean_return=-500.00 max_return=-500.00
[nnknn-rl] step=54829 episode=110 return=-500.0 length=500 loss=None cases=90
[nnknn-rl] step=59829 episode=120 return=-500.0 length=500 loss=28.685043334960938 cases=92
[nnknn-rl] step=64829 episode=130 return=-500.0 length=500 loss=None cases=85
[nnknn-rl] step=69829 episode=140 return=-500.0 length=500 loss=20.980859756469727 cases=80
[nnknn-rl] step=74829 episode=150 return=-500.0 length=500 loss=None cases=138
[nnknn-rl] step=79829 episode=160 return=-500.0 length=500 loss=25.29998207092285 cases=162
[nnknn-rl] step=84710 episode=170 return=-466.0 length=467 loss=None cases=156
[nnknn-rl] step=88885 episode=180 return=-500.0 length=500 loss=55.56502151489258 cases=472
[nnknn-rl] step=91883 episode=190 return=-251.0 length=252 loss=None cases=500
[nnknn-rl][critic-holdout] step=94784 episodes=200 mse=405.8934 explained_variance=0.4618
[nnknn-rl] step=94784 episode=200 return=-248.0 length=249 loss=79.0069580078125 cases=500
[nnknn-rl][eval] step=94784 mean_return=-214.95 max_return=-143.00
[nnknn-rl] step=96967 episode=210 return=-205.0 length=206 loss=None cases=500
[nnknn-rl] step=99163 episode=220 return=-222.0 length=223 loss=80.77398681640625 cases=500
[nnknn-rl] step=101328 episode=230 return=-171.0 length=172 loss=None cases=500
[nnknn-rl] step=103540 episode=240 return=-193.0 length=194 loss=106.7530746459961 cases=500
[nnknn-rl] step=105409 episode=250 return=-148.0 length=149 loss=None cases=500
[nnknn-rl] step=106881 episode=260 return=-151.0 length=152 loss=56.46432113647461 cases=500
[nnknn-rl] step=108249 episode=270 return=-105.0 length=106 loss=None cases=500
[nnknn-rl] step=109516 episode=280 return=-161.0 length=162 loss=58.458309173583984 cases=500
[nnknn-rl] step=110685 episode=290 return=-120.0 length=121 loss=None cases=500
[nnknn-rl][critic-holdout] step=111922 episodes=300 mse=356.1808 explained_variance=0.8572
[nnknn-rl] step=111922 episode=300 return=-107.0 length=108 loss=73.6109390258789 cases=500
[nnknn-rl][eval] step=111922 mean_return=-100.35 max_return=-79.00
[nnknn-rl] step=113053 episode=310 return=-121.0 length=122 loss=None cases=481
[nnknn-rl] step=114132 episode=320 return=-85.0 length=86 loss=71.57916259765625 cases=500
[nnknn-rl] step=115195 episode=330 return=-124.0 length=125 loss=None cases=500
[nnknn-rl] step=116206 episode=340 return=-108.0 length=109 loss=62.87903594970703 cases=500
[nnknn-rl] step=117270 episode=350 return=-101.0 length=102 loss=None cases=500
[nnknn-rl] step=118439 episode=360 return=-116.0 length=117 loss=67.41154479980469 cases=500
[nnknn-rl] step=119437 episode=370 return=-69.0 length=70 loss=None cases=500
[nnknn-rl] step=120475 episode=380 return=-103.0 length=104 loss=46.085662841796875 cases=500
[nnknn-rl] step=121587 episode=390 return=-82.0 length=83 loss=None cases=500
[nnknn-rl][critic-holdout] step=122507 episodes=400 mse=53.4027 explained_variance=0.8700
[nnknn-rl] step=122507 episode=400 return=-83.0 length=84 loss=37.15587615966797 cases=500
[nnknn-rl][eval] step=122507 mean_return=-103.15 max_return=-78.00
[nnknn-rl] step=123561 episode=410 return=-87.0 length=88 loss=None cases=500
[nnknn-rl] step=124485 episode=420 return=-97.0 length=98 loss=29.164113998413086 cases=500
[nnknn-rl] step=125495 episode=430 return=-129.0 length=130 loss=None cases=500
[nnknn-rl] step=126609 episode=440 return=-84.0 length=85 loss=36.23013687133789 cases=500
[nnknn-rl] step=127572 episode=450 return=-108.0 length=109 loss=None cases=500
[nnknn-rl] step=128529 episode=460 return=-88.0 length=89 loss=36.95370864868164 cases=500
[nnknn-rl] step=129499 episode=470 return=-104.0 length=105 loss=None cases=500
[nnknn-rl] step=130475 episode=480 return=-140.0 length=141 loss=52.131690979003906 cases=500
[nnknn-rl] step=131428 episode=490 return=-109.0 length=110 loss=None cases=500
[nnknn-rl][critic-holdout] step=132354 episodes=500 mse=87.5667 explained_variance=0.7375
[nnknn-rl] step=132354 episode=500 return=-88.0 length=89 loss=37.944427490234375 cases=500
[nnknn-rl][eval] step=132354 mean_return=-95.25 max_return=-63.00
[nnknn-rl] step=133460 episode=510 return=-96.0 length=97 loss=None cases=500
[nnknn-rl] step=134379 episode=520 return=-78.0 length=79 loss=22.759050369262695 cases=490
[nnknn-rl] step=135427 episode=530 return=-79.0 length=80 loss=None cases=500
[nnknn-rl] step=136368 episode=540 return=-91.0 length=92 loss=32.79612731933594 cases=500
[nnknn-rl] step=137880 episode=550 return=-103.0 length=104 loss=None cases=500
[nnknn-rl] step=138885 episode=560 return=-117.0 length=118 loss=38.227108001708984 cases=500
[nnknn-rl] step=139990 episode=570 return=-91.0 length=92 loss=None cases=500
[nnknn-rl] step=140888 episode=580 return=-78.0 length=79 loss=30.80344009399414 cases=500
[nnknn-rl] step=141754 episode=590 return=-70.0 length=71 loss=None cases=500
[nnknn-rl][critic-holdout] step=142625 episodes=600 mse=337.3403 explained_variance=0.2813
[nnknn-rl] step=142625 episode=600 return=-108.0 length=109 loss=29.87930679321289 cases=500
[nnknn-rl][eval] step=142625 mean_return=-84.75 max_return=-63.00
[nnknn-rl] step=143621 episode=610 return=-67.0 length=68 loss=None cases=500
[nnknn-rl] step=144633 episode=620 return=-93.0 length=94 loss=20.071117401123047 cases=500
[nnknn-rl] step=145496 episode=630 return=-91.0 length=92 loss=None cases=500
[nnknn-rl] step=146254 episode=640 return=-72.0 length=73 loss=30.322702407836914 cases=500
[nnknn-rl] step=147149 episode=650 return=-79.0 length=80 loss=None cases=500
[nnknn-rl] step=148022 episode=660 return=-67.0 length=68 loss=34.964149475097656 cases=500
[nnknn-rl] step=149107 episode=670 return=-104.0 length=105 loss=None cases=500
[nnknn-rl] finished profile=fast mean_eval_return=-84.75 passed=True run_dir=results/rl/nnknn_rl_acrobot_20260802_155944_342765
{
  "task": "acrobot",
  "env_id": "Acrobot-v1",
  "profile": "fast",
  "seed": 3,
  "total_timesteps": 150000,
  "configured_total_timesteps": 150000,
  "actual_timesteps": 150000,
  "eval_episodes": 20,
  "success_threshold": -100.0,
  "passed": true,
  "algorithm": "nnknn_actor_critic_separate_memory_gae",
  "actor_type": "nnknn",
  "critic_type": "nnknn",
  "architecture": {
    "separate_case_bases": true,
    "shared_nnknn_representation": true,
    "critic_target_shared_case_store": true,
    "actor_case_insertion": "raw_positive_advantage_only"
  },
  "gae": {
    "gamma": 0.99,
    "gae_lambda": 0.95,
    "advantage_clip": 5.0
  },
  "exploration": {
    "mode": "epsilon_mixed_policy",
    "applies_to_actor": true,
    "initial_epsilon": 1.0,
    "final_epsilon": 0.05,
    "fraction": 0.5,
    "final_step_epsilon": 0.05,
    "readiness": {
      "min_case_entries": 32,
      "min_cases_per_action": 8
    }
  },
  "final_eval": {
    "episodes": 20,
    "seed": 10000,
    "mean_return": -84.75,
    "std_return": 11.527684211730957,
    "min_return": -106.0,
    "max_return": -63.0,
    "mean_length": 85.75
  },
  "last_eval": {
    "episodes": 20,
    "seed": 10000,
    "mean_return": -85.05000305175781,
    "std_return": 32.76045608520508,
    "min_return": -201.0,
    "max_return": -61.0,
    "mean_length": 86.05000305175781
  },
  "selected_step": 142625,
  "selected_source": "best_eval",
  "training_efficiency": {
    "best_model_step": 142625,
    "best_model_training_fraction": 0.9508333333333333,
    "first_success_step": 132354,
    "first_success_training_fraction": 0.88236,
    "best_minus_last_return": 0.3000030517578125,
    "budget_interpretation": "regressed_after_best"
  },
  "early_stopping": {
    "enabled": true,
    "patience": 30,
    "min_delta": 1.0,
    "min_steps": 25000,
    "target_score": -60.0,
    "best_mean_return": -84.75,
    "evaluations": 6,
    "evaluations_without_improvement": 0,
    "stopped_early": false,
    "stopping_reason": "budget_exhausted",
    "stopping_step": 150000
  },
  "case_entries": 500,
  "critic_case_entries": 500,
  "action_counts": [
    304,
    23,
    173
  ],
  "cases_pruned": 27351,
  "cases_replaced": 149284,
  "actor_cases_pruned": 6144,
  "actor_cases_replaced": 20991,
  "critic_cases_pruned": 21207,
  "critic_cases_replaced": 128293,
  "critic_label_updates": 0,
  "critic_label_update_samples": 0,
  "partial_rollout_segments": 1,
  "partial_rollout_samples": 89,
  "critic_target_enabled": true,
  "critic_target_value_mode": "ema",
  "critic_target_sync_interval": 4,
  "critic_target_ema_tau": 0.05,
  "critic_target_value_syncs": 43,
  "critic_holdout_evaluations": 6,
  "latest_critic_holdout": {
    "global_step": 142625,
    "completed_episodes": 600,
    "diagnostic_index": 6,
    "critic_holdout_mse": 337.34027099609375,
    "critic_holdout_explained_variance": 0.2813473343849182,
    "critic_holdout_value_mean": -34.80849075317383,
    "critic_holdout_target_mean": -38.22722625732422,
    "critic_holdout_samples": 489,
    "critic_holdout_episodes": 5,
    "critic_holdout_environment_steps": 489,
    "critic_holdout_mean_episode_return": -96.8,
    "critic_holdout_mean_episode_length": 97.8,
    "critic_holdout_behavior_epsilon": 0.05,
    "critic_holdout_truncated_bootstraps": 0,
    "critic_holdout_target_method": "discounted_monte_carlo_with_truncation_bootstrap",
    "critic_holdout_bootstrap_source": "target_value_model",
    "critic_holdout_seed": 30025
  },
  "run_dir": "results/rl/nnknn_rl_acrobot_20260802_155944_342765"
}
Checkpoint: results/rl/nnknn_rl_acrobot_20260802_155944_342765/checkpoint.pt
