cases trainable: False
labels trainable: False
cases trainable: False
labels trainable: False
Enforcing normalize_over_cases = True for regression task.
[nnknn-rl] step=500 episode=1 return=-500.0 length=500 loss=None cases=0
[nnknn-rl] step=1000 episode=2 return=-500.0 length=500 loss=None cases=0
[nnknn-rl] step=1500 episode=3 return=-500.0 length=500 loss=None cases=0
[nnknn-rl] step=2000 episode=4 return=-500.0 length=500 loss=268.9029235839844 cases=0
[nnknn-rl] step=2500 episode=5 return=-500.0 length=500 loss=None cases=0
[nnknn-rl] step=5000 episode=10 return=-500.0 length=500 loss=None cases=0
[nnknn-rl] step=10000 episode=20 return=-500.0 length=500 loss=137.11358642578125 cases=5
[nnknn-rl] step=15000 episode=30 return=-500.0 length=500 loss=None cases=12
[nnknn-rl] step=20000 episode=40 return=-500.0 length=500 loss=74.62657928466797 cases=32
[nnknn-rl] step=25000 episode=50 return=-500.0 length=500 loss=None cases=39
[nnknn-rl] step=29181 episode=60 return=-337.0 length=338 loss=91.34398651123047 cases=268
[nnknn-rl] step=33611 episode=70 return=-254.0 length=255 loss=None cases=409
[nnknn-rl] step=38530 episode=80 return=-453.0 length=454 loss=60.579647064208984 cases=470
[nnknn-rl] step=43098 episode=90 return=-500.0 length=500 loss=None cases=470
[nnknn-rl][critic-holdout] step=48017 episodes=100 mse=1204.6927 explained_variance=-0.0168
[nnknn-rl] step=48017 episode=100 return=-500.0 length=500 loss=48.01322555541992 cases=440
[nnknn-rl][eval] step=48017 mean_return=-500.00 max_return=-500.00
[nnknn-rl] step=53017 episode=110 return=-500.0 length=500 loss=None cases=408
[nnknn-rl] step=58017 episode=120 return=-500.0 length=500 loss=34.5036506652832 cases=360
[nnknn-rl] step=63017 episode=130 return=-500.0 length=500 loss=None cases=349
[nnknn-rl] step=67928 episode=140 return=-500.0 length=500 loss=34.23490524291992 cases=345
[nnknn-rl] step=72381 episode=150 return=-500.0 length=500 loss=None cases=464
[nnknn-rl] step=76431 episode=160 return=-377.0 length=378 loss=120.83209228515625 cases=500
[nnknn-rl] step=79692 episode=170 return=-177.0 length=178 loss=None cases=500
[nnknn-rl] step=82436 episode=180 return=-192.0 length=193 loss=94.39080047607422 cases=500
[nnknn-rl] step=85144 episode=190 return=-217.0 length=218 loss=None cases=500
[nnknn-rl][critic-holdout] step=89230 episodes=200 mse=651.4932 explained_variance=-0.0256
[nnknn-rl] step=89230 episode=200 return=-500.0 length=500 loss=39.90922546386719 cases=500
[nnknn-rl][eval] step=89230 mean_return=-500.00 max_return=-500.00
[nnknn-rl] step=93892 episode=210 return=-500.0 length=500 loss=None cases=500
[nnknn-rl] step=98454 episode=220 return=-500.0 length=500 loss=35.83400344848633 cases=500
[nnknn-rl] step=103395 episode=230 return=-500.0 length=500 loss=None cases=500
[nnknn-rl] step=108395 episode=240 return=-500.0 length=500 loss=17.224945068359375 cases=496
[nnknn-rl] step=113395 episode=250 return=-500.0 length=500 loss=None cases=494
[nnknn-rl] step=118395 episode=260 return=-500.0 length=500 loss=16.117002487182617 cases=481
[nnknn-rl] step=123395 episode=270 return=-500.0 length=500 loss=None cases=480
[nnknn-rl] step=128395 episode=280 return=-500.0 length=500 loss=14.175681114196777 cases=487
[nnknn-rl] step=133395 episode=290 return=-500.0 length=500 loss=None cases=488
[nnknn-rl][critic-holdout] step=138395 episodes=300 mse=310.6203 explained_variance=0.3834
[nnknn-rl] step=138395 episode=300 return=-500.0 length=500 loss=12.131757736206055 cases=491
[nnknn-rl][eval] step=138395 mean_return=-500.00 max_return=-500.00
[nnknn-rl] step=143055 episode=310 return=-330.0 length=331 loss=None cases=500
[nnknn-rl] step=146180 episode=320 return=-227.0 length=228 loss=94.19715881347656 cases=500
[nnknn-rl] step=148933 episode=330 return=-374.0 length=375 loss=None cases=500
[nnknn-rl] finished profile=fast mean_eval_return=-201.10 passed=False run_dir=results/rl/nnknn_rl_acrobot_20260802_155944_359989
{
  "task": "acrobot",
  "env_id": "Acrobot-v1",
  "profile": "fast",
  "seed": 1,
  "total_timesteps": 150000,
  "configured_total_timesteps": 150000,
  "actual_timesteps": 150000,
  "eval_episodes": 20,
  "success_threshold": -100.0,
  "passed": false,
  "algorithm": "nnknn_actor_critic_separate_memory_gae",
  "actor_type": "nnknn",
  "critic_type": "nnknn",
  "architecture": {
    "separate_case_bases": true,
    "shared_nnknn_representation": true,
    "critic_target_shared_case_store": true,
    "actor_case_insertion": "raw_positive_advantage_only"
  },
  "gae": {
    "gamma": 0.99,
    "gae_lambda": 0.95,
    "advantage_clip": 5.0
  },
  "exploration": {
    "mode": "epsilon_mixed_policy",
    "applies_to_actor": true,
    "initial_epsilon": 1.0,
    "final_epsilon": 0.05,
    "fraction": 0.5,
    "final_step_epsilon": 0.05,
    "readiness": {
      "min_case_entries": 32,
      "min_cases_per_action": 8
    }
  },
  "final_eval": {
    "episodes": 20,
    "seed": 10000,
    "mean_return": -201.10000610351562,
    "std_return": 132.60198974609375,
    "min_return": -500.0,
    "max_return": -85.0,
    "mean_length": 201.9499969482422
  },
  "last_eval": {
    "episodes": 20,
    "seed": 10000,
    "mean_return": -201.10000610351562,
    "std_return": 132.60198974609375,
    "min_return": -500.0,
    "max_return": -85.0,
    "mean_length": 201.9499969482422
  },
  "selected_step": 150000,
  "selected_source": "final",
  "training_efficiency": {
    "best_model_step": 150000,
    "best_model_training_fraction": 1.0,
    "first_success_step": null,
    "first_success_training_fraction": null,
    "best_minus_last_return": 0.0,
    "budget_interpretation": "unsolved_or_underfit"
  },
  "early_stopping": {
    "enabled": true,
    "patience": 30,
    "min_delta": 1.0,
    "min_steps": 25000,
    "target_score": -60.0,
    "best_mean_return": -500.0,
    "evaluations": 3,
    "evaluations_without_improvement": 2,
    "stopped_early": false,
    "stopping_reason": "budget_exhausted",
    "stopping_step": 150000
  },
  "case_entries": 500,
  "critic_case_entries": 500,
  "action_counts": [
    173,
    64,
    263
  ],
  "cases_pruned": 45886,
  "cases_replaced": 108628,
  "actor_cases_pruned": 2284,
  "actor_cases_replaced": 2730,
  "critic_cases_pruned": 43602,
  "critic_cases_replaced": 105898,
  "critic_label_updates": 0,
  "critic_label_update_samples": 0,
  "partial_rollout_segments": 1,
  "partial_rollout_samples": 160,
  "critic_target_enabled": true,
  "critic_target_value_mode": "ema",
  "critic_target_sync_interval": 4,
  "critic_target_ema_tau": 0.05,
  "critic_target_value_syncs": 22,
  "critic_holdout_evaluations": 3,
  "latest_critic_holdout": {
    "global_step": 138395,
    "completed_episodes": 300,
    "diagnostic_index": 3,
    "critic_holdout_mse": 310.62030029296875,
    "critic_holdout_explained_variance": 0.3834035396575928,
    "critic_holdout_value_mean": -77.83326721191406,
    "critic_holdout_target_mean": -91.22970581054688,
    "critic_holdout_samples": 2339,
    "critic_holdout_episodes": 5,
    "critic_holdout_environment_steps": 2339,
    "critic_holdout_mean_episode_return": -467.6,
    "critic_holdout_mean_episode_length": 467.8,
    "critic_holdout_behavior_epsilon": 0.05,
    "critic_holdout_truncated_bootstraps": 4,
    "critic_holdout_target_method": "discounted_monte_carlo_with_truncation_bootstrap",
    "critic_holdout_bootstrap_source": "target_value_model",
    "critic_holdout_seed": 30010
  },
  "run_dir": "results/rl/nnknn_rl_acrobot_20260802_155944_359989"
}
Checkpoint: results/rl/nnknn_rl_acrobot_20260802_155944_359989/checkpoint.pt
