[nnknn-rl] step=500 episode=1 return=-500.0 length=500 loss=None cases=None
[nnknn-rl] step=1000 episode=2 return=-500.0 length=500 loss=None cases=None
[nnknn-rl] step=1500 episode=3 return=-500.0 length=500 loss=None cases=None
[nnknn-rl] step=2000 episode=4 return=-500.0 length=500 loss=268.5350341796875 cases=None
[nnknn-rl] step=2500 episode=5 return=-500.0 length=500 loss=None cases=None
[nnknn-rl] step=5000 episode=10 return=-500.0 length=500 loss=None cases=None
[nnknn-rl] step=10000 episode=20 return=-500.0 length=500 loss=266.4603576660156 cases=None
[nnknn-rl] step=15000 episode=30 return=-500.0 length=500 loss=None cases=None
[nnknn-rl] step=20000 episode=40 return=-500.0 length=500 loss=262.93682861328125 cases=None
[nnknn-rl] step=25000 episode=50 return=-500.0 length=500 loss=None cases=None
[nnknn-rl] step=30000 episode=60 return=-500.0 length=500 loss=261.4743957519531 cases=None
[nnknn-rl] step=35000 episode=70 return=-500.0 length=500 loss=None cases=None
[nnknn-rl] step=40000 episode=80 return=-500.0 length=500 loss=257.0435485839844 cases=None
[nnknn-rl] step=45000 episode=90 return=-500.0 length=500 loss=None cases=None
[nnknn-rl][critic-holdout] step=50000 episodes=100 mse=6616.1143 explained_variance=-0.0199
[nnknn-rl] step=50000 episode=100 return=-500.0 length=500 loss=254.2816162109375 cases=None
[nnknn-rl][eval] step=50000 mean_return=-500.00 max_return=-500.00
[nnknn-rl] step=55000 episode=110 return=-500.0 length=500 loss=None cases=None
[nnknn-rl] step=60000 episode=120 return=-500.0 length=500 loss=250.34234619140625 cases=None
[nnknn-rl] step=65000 episode=130 return=-500.0 length=500 loss=None cases=None
[nnknn-rl] step=70000 episode=140 return=-500.0 length=500 loss=244.9459228515625 cases=None
[nnknn-rl] step=75000 episode=150 return=-500.0 length=500 loss=None cases=None
[nnknn-rl] step=80000 episode=160 return=-500.0 length=500 loss=239.36415100097656 cases=None
[nnknn-rl] step=85000 episode=170 return=-500.0 length=500 loss=None cases=None
[nnknn-rl] step=90000 episode=180 return=-500.0 length=500 loss=232.4078826904297 cases=None
[nnknn-rl] step=95000 episode=190 return=-500.0 length=500 loss=None cases=None
[nnknn-rl][critic-holdout] step=100000 episodes=200 mse=5797.9639 explained_variance=0.0023
[nnknn-rl] step=100000 episode=200 return=-500.0 length=500 loss=228.068359375 cases=None
[nnknn-rl][eval] step=100000 mean_return=-500.00 max_return=-500.00
[nnknn-rl] step=105000 episode=210 return=-500.0 length=500 loss=None cases=None
[nnknn-rl] step=110000 episode=220 return=-500.0 length=500 loss=217.5727081298828 cases=None
[nnknn-rl] step=115000 episode=230 return=-500.0 length=500 loss=None cases=None
[nnknn-rl] step=120000 episode=240 return=-500.0 length=500 loss=210.4609375 cases=None
[nnknn-rl] step=125000 episode=250 return=-500.0 length=500 loss=None cases=None
[nnknn-rl] step=130000 episode=260 return=-500.0 length=500 loss=199.88372802734375 cases=None
[nnknn-rl] step=135000 episode=270 return=-500.0 length=500 loss=None cases=None
[nnknn-rl] step=140000 episode=280 return=-500.0 length=500 loss=189.37071228027344 cases=None
[nnknn-rl] step=145000 episode=290 return=-500.0 length=500 loss=None cases=None
[nnknn-rl][critic-holdout] step=150000 episodes=300 mse=4482.4951 explained_variance=-0.0057
[nnknn-rl] step=150000 episode=300 return=-500.0 length=500 loss=178.21286010742188 cases=None
[nnknn-rl][eval] step=150000 mean_return=-500.00 max_return=-500.00
[nnknn-rl] finished profile=fast mean_eval_return=-500.00 passed=False run_dir=results/rl/nnknn_rl_acrobot_20260802_194645_177797
{
  "task": "acrobot",
  "env_id": "Acrobot-v1",
  "profile": "fast",
  "seed": 3,
  "total_timesteps": 150000,
  "configured_total_timesteps": 150000,
  "actual_timesteps": 150000,
  "eval_episodes": 20,
  "success_threshold": -100.0,
  "passed": false,
  "algorithm": "nnknn_actor_critic_separate_memory_gae",
  "actor_type": "mlp",
  "critic_type": "mlp",
  "architecture": {
    "separate_case_bases": true,
    "shared_nnknn_representation": false,
    "critic_target_shared_case_store": false,
    "actor_case_insertion": "raw_positive_advantage_only"
  },
  "gae": {
    "gamma": 0.99,
    "gae_lambda": 0.95,
    "advantage_clip": 5.0
  },
  "exploration": {
    "mode": "standard_stochastic_policy",
    "applies_to_actor": false,
    "initial_epsilon": 0.0,
    "final_epsilon": 0.0,
    "fraction": 0.5,
    "final_step_epsilon": 0.0,
    "readiness": {
      "min_case_entries": 32,
      "min_cases_per_action": 8
    }
  },
  "final_eval": {
    "episodes": 20,
    "seed": 10000,
    "mean_return": -500.0,
    "std_return": 0.0,
    "min_return": -500.0,
    "max_return": -500.0,
    "mean_length": 500.0
  },
  "last_eval": {
    "episodes": 20,
    "seed": 10000,
    "mean_return": -500.0,
    "std_return": 0.0,
    "min_return": -500.0,
    "max_return": -500.0,
    "mean_length": 500.0
  },
  "selected_step": 150000,
  "selected_source": "final",
  "training_efficiency": {
    "best_model_step": 150000,
    "best_model_training_fraction": 1.0,
    "first_success_step": null,
    "first_success_training_fraction": null,
    "best_minus_last_return": 0.0,
    "budget_interpretation": "unsolved_or_underfit"
  },
  "early_stopping": {
    "enabled": false,
    "patience": 30,
    "min_delta": 1.0,
    "min_steps": 25000,
    "target_score": -60.0,
    "best_mean_return": -500.0,
    "evaluations": 3,
    "evaluations_without_improvement": 2,
    "stopped_early": false,
    "stopping_reason": "budget_exhausted",
    "stopping_step": 150000
  },
  "case_entries": null,
  "critic_case_entries": null,
  "action_counts": null,
  "cases_pruned": 0,
  "cases_replaced": 0,
  "actor_cases_pruned": 0,
  "actor_cases_replaced": 0,
  "critic_cases_pruned": 0,
  "critic_cases_replaced": 0,
  "critic_label_updates": 0,
  "critic_label_update_samples": 0,
  "partial_rollout_segments": 0,
  "partial_rollout_samples": 0,
  "critic_target_enabled": false,
  "critic_target_value_mode": "none",
  "critic_target_sync_interval": 4,
  "critic_target_ema_tau": 0.05,
  "critic_target_value_syncs": 0,
  "critic_holdout_evaluations": 3,
  "latest_critic_holdout": {
    "global_step": 150000,
    "completed_episodes": 300,
    "diagnostic_index": 3,
    "critic_holdout_mse": 4482.4951171875,
    "critic_holdout_explained_variance": -0.005651593208312988,
    "critic_holdout_value_mean": -20.178022384643555,
    "critic_holdout_target_mean": -84.14323425292969,
    "critic_holdout_samples": 2500,
    "critic_holdout_episodes": 5,
    "critic_holdout_environment_steps": 2500,
    "critic_holdout_mean_episode_return": -500.0,
    "critic_holdout_mean_episode_length": 500.0,
    "critic_holdout_behavior_epsilon": 0.0,
    "critic_holdout_truncated_bootstraps": 5,
    "critic_holdout_target_method": "discounted_monte_carlo_with_truncation_bootstrap",
    "critic_holdout_bootstrap_source": "online_value_model",
    "critic_holdout_seed": 30010
  },
  "run_dir": "results/rl/nnknn_rl_acrobot_20260802_194645_177797"
}
Checkpoint: results/rl/nnknn_rl_acrobot_20260802_194645_177797/checkpoint.pt
