[nnknn-rl] step=500 episode=1 return=-500.0 length=500 loss=None cases=None
[nnknn-rl] step=937 episode=2 return=-436.0 length=437 loss=None cases=None
[nnknn-rl] step=1437 episode=3 return=-500.0 length=500 loss=None cases=None
[nnknn-rl] step=1922 episode=4 return=-484.0 length=485 loss=268.4249267578125 cases=None
[nnknn-rl] step=2422 episode=5 return=-500.0 length=500 loss=None cases=None
[nnknn-rl] step=4646 episode=10 return=-330.0 length=331 loss=None cases=None
[nnknn-rl] step=9033 episode=20 return=-367.0 length=368 loss=264.95660400390625 cases=None
[nnknn-rl] step=12642 episode=30 return=-338.0 length=339 loss=None cases=None
[nnknn-rl] step=15725 episode=40 return=-416.0 length=417 loss=257.67071533203125 cases=None
[nnknn-rl] step=18891 episode=50 return=-132.0 length=133 loss=None cases=None
[nnknn-rl] step=21955 episode=60 return=-233.0 length=234 loss=251.47598266601562 cases=None
[nnknn-rl] step=24263 episode=70 return=-262.0 length=263 loss=None cases=None
[nnknn-rl] step=26734 episode=80 return=-163.0 length=164 loss=242.5334930419922 cases=None
[nnknn-rl] step=28979 episode=90 return=-181.0 length=182 loss=None cases=None
[nnknn-rl][critic-holdout] step=31096 episodes=100 mse=3599.5547 explained_variance=-0.1460
[nnknn-rl] step=31096 episode=100 return=-184.0 length=185 loss=241.38267517089844 cases=None
[nnknn-rl][eval] step=31096 mean_return=-80.45 max_return=-63.00
[nnknn-rl] step=33162 episode=110 return=-208.0 length=209 loss=None cases=None
[nnknn-rl] step=35351 episode=120 return=-213.0 length=214 loss=236.92613220214844 cases=None
[nnknn-rl] step=37185 episode=130 return=-169.0 length=170 loss=None cases=None
[nnknn-rl] step=39354 episode=140 return=-156.0 length=157 loss=248.54684448242188 cases=None
[nnknn-rl] step=41133 episode=150 return=-158.0 length=159 loss=None cases=None
[nnknn-rl] step=42804 episode=160 return=-109.0 length=110 loss=236.57400512695312 cases=None
[nnknn-rl] step=44347 episode=170 return=-114.0 length=115 loss=None cases=None
[nnknn-rl] step=46105 episode=180 return=-161.0 length=162 loss=244.4016571044922 cases=None
[nnknn-rl] step=48043 episode=190 return=-180.0 length=181 loss=None cases=None
[nnknn-rl][critic-holdout] step=49735 episodes=200 mse=2896.9016 explained_variance=-0.4332
[nnknn-rl] step=49735 episode=200 return=-175.0 length=176 loss=260.26739501953125 cases=None
[nnknn-rl][eval] step=49735 mean_return=-93.70 max_return=-67.00
[nnknn-rl] step=51509 episode=210 return=-198.0 length=199 loss=None cases=None
[nnknn-rl] step=53311 episode=220 return=-183.0 length=184 loss=261.3728332519531 cases=None
[nnknn-rl] step=55266 episode=230 return=-136.0 length=137 loss=None cases=None
[nnknn-rl] step=57132 episode=240 return=-196.0 length=197 loss=267.6216125488281 cases=None
[nnknn-rl] step=59005 episode=250 return=-181.0 length=182 loss=None cases=None
[nnknn-rl] step=60709 episode=260 return=-163.0 length=164 loss=284.1059875488281 cases=None
[nnknn-rl] step=62855 episode=270 return=-416.0 length=417 loss=None cases=None
[nnknn-rl] step=64721 episode=280 return=-154.0 length=155 loss=308.41162109375 cases=None
[nnknn-rl] step=66819 episode=290 return=-232.0 length=233 loss=None cases=None
[nnknn-rl][critic-holdout] step=69080 episodes=300 mse=1786.9414 explained_variance=-0.9347
[nnknn-rl] step=69080 episode=300 return=-196.0 length=197 loss=379.9248962402344 cases=None
[nnknn-rl][eval] step=69080 mean_return=-113.55 max_return=-65.00
[nnknn-rl] step=71139 episode=310 return=-216.0 length=217 loss=None cases=None
[nnknn-rl] step=73234 episode=320 return=-256.0 length=257 loss=460.34893798828125 cases=None
[nnknn-rl] step=75338 episode=330 return=-247.0 length=248 loss=None cases=None
[nnknn-rl] step=77296 episode=340 return=-216.0 length=217 loss=322.9026794433594 cases=None
[nnknn-rl] step=79438 episode=350 return=-111.0 length=112 loss=None cases=None
[nnknn-rl] step=81572 episode=360 return=-138.0 length=139 loss=312.295166015625 cases=None
[nnknn-rl] step=83661 episode=370 return=-258.0 length=259 loss=None cases=None
[nnknn-rl] step=85826 episode=380 return=-207.0 length=208 loss=419.4251403808594 cases=None
[nnknn-rl] step=88142 episode=390 return=-182.0 length=183 loss=None cases=None
[nnknn-rl][critic-holdout] step=90216 episodes=400 mse=2298.6392 explained_variance=-1.2972
[nnknn-rl] step=90216 episode=400 return=-174.0 length=175 loss=297.9656982421875 cases=None
[nnknn-rl][eval] step=90216 mean_return=-479.85 max_return=-97.00
[nnknn-rl] step=92601 episode=410 return=-164.0 length=165 loss=None cases=None
[nnknn-rl] step=95035 episode=420 return=-179.0 length=180 loss=321.7300109863281 cases=None
[nnknn-rl] step=97635 episode=430 return=-277.0 length=278 loss=None cases=None
[nnknn-rl] step=100312 episode=440 return=-293.0 length=294 loss=309.81695556640625 cases=None
[nnknn-rl] step=102828 episode=450 return=-247.0 length=248 loss=None cases=None
[nnknn-rl] step=106215 episode=460 return=-233.0 length=234 loss=227.75941467285156 cases=None
[nnknn-rl] step=108975 episode=470 return=-265.0 length=266 loss=None cases=None
[nnknn-rl] step=112343 episode=480 return=-497.0 length=498 loss=235.75428771972656 cases=None
[nnknn-rl] step=115400 episode=490 return=-210.0 length=211 loss=None cases=None
[nnknn-rl][critic-holdout] step=118662 episodes=500 mse=1748.3347 explained_variance=-0.3447
[nnknn-rl] step=118662 episode=500 return=-313.0 length=314 loss=273.64697265625 cases=None
[nnknn-rl][eval] step=118662 mean_return=-500.00 max_return=-500.00
[nnknn-rl] step=121757 episode=510 return=-220.0 length=221 loss=None cases=None
[nnknn-rl] step=125226 episode=520 return=-341.0 length=342 loss=204.01808166503906 cases=None
[nnknn-rl] step=128708 episode=530 return=-372.0 length=373 loss=None cases=None
[nnknn-rl] step=132198 episode=540 return=-500.0 length=500 loss=169.50454711914062 cases=None
[nnknn-rl] step=135837 episode=550 return=-348.0 length=349 loss=None cases=None
[nnknn-rl] step=138884 episode=560 return=-422.0 length=423 loss=294.4317932128906 cases=None
[nnknn-rl] step=142021 episode=570 return=-326.0 length=327 loss=None cases=None
[nnknn-rl] step=144971 episode=580 return=-410.0 length=411 loss=230.16709899902344 cases=None
[nnknn-rl] step=148229 episode=590 return=-417.0 length=418 loss=None cases=None
[nnknn-rl] finished profile=fast mean_eval_return=-80.45 passed=True run_dir=results/rl/nnknn_rl_acrobot_20260802_194645_135672
{
  "task": "acrobot",
  "env_id": "Acrobot-v1",
  "profile": "fast",
  "seed": 4,
  "total_timesteps": 150000,
  "configured_total_timesteps": 150000,
  "actual_timesteps": 150000,
  "eval_episodes": 20,
  "success_threshold": -100.0,
  "passed": true,
  "algorithm": "nnknn_actor_critic_separate_memory_gae",
  "actor_type": "mlp",
  "critic_type": "mlp",
  "architecture": {
    "separate_case_bases": true,
    "shared_nnknn_representation": false,
    "critic_target_shared_case_store": false,
    "actor_case_insertion": "raw_positive_advantage_only"
  },
  "gae": {
    "gamma": 0.99,
    "gae_lambda": 0.95,
    "advantage_clip": 5.0
  },
  "exploration": {
    "mode": "standard_stochastic_policy",
    "applies_to_actor": false,
    "initial_epsilon": 0.0,
    "final_epsilon": 0.0,
    "fraction": 0.5,
    "final_step_epsilon": 0.0,
    "readiness": {
      "min_case_entries": 32,
      "min_cases_per_action": 8
    }
  },
  "final_eval": {
    "episodes": 20,
    "seed": 10000,
    "mean_return": -80.44999694824219,
    "std_return": 8.628296852111816,
    "min_return": -97.0,
    "max_return": -63.0,
    "mean_length": 81.44999694824219
  },
  "last_eval": {
    "episodes": 20,
    "seed": 10000,
    "mean_return": -500.0,
    "std_return": 0.0,
    "min_return": -500.0,
    "max_return": -500.0,
    "mean_length": 500.0
  },
  "selected_step": 31096,
  "selected_source": "best_eval",
  "training_efficiency": {
    "best_model_step": 31096,
    "best_model_training_fraction": 0.20730666666666667,
    "first_success_step": 31096,
    "first_success_training_fraction": 0.20730666666666667,
    "best_minus_last_return": 419.5500030517578,
    "budget_interpretation": "regressed_after_best"
  },
  "early_stopping": {
    "enabled": false,
    "patience": 30,
    "min_delta": 1.0,
    "min_steps": 25000,
    "target_score": -60.0,
    "best_mean_return": -80.44999694824219,
    "evaluations": 5,
    "evaluations_without_improvement": 4,
    "stopped_early": false,
    "stopping_reason": "budget_exhausted",
    "stopping_step": 150000
  },
  "case_entries": null,
  "critic_case_entries": null,
  "action_counts": null,
  "cases_pruned": 0,
  "cases_replaced": 0,
  "actor_cases_pruned": 0,
  "actor_cases_replaced": 0,
  "critic_cases_pruned": 0,
  "critic_cases_replaced": 0,
  "critic_label_updates": 0,
  "critic_label_update_samples": 0,
  "partial_rollout_segments": 1,
  "partial_rollout_samples": 15,
  "critic_target_enabled": false,
  "critic_target_value_mode": "none",
  "critic_target_sync_interval": 4,
  "critic_target_ema_tau": 0.05,
  "critic_target_value_syncs": 0,
  "critic_holdout_evaluations": 5,
  "latest_critic_holdout": {
    "global_step": 118662,
    "completed_episodes": 500,
    "diagnostic_index": 5,
    "critic_holdout_mse": 1748.334716796875,
    "critic_holdout_explained_variance": -0.34469008445739746,
    "critic_holdout_value_mean": -46.60563659667969,
    "critic_holdout_target_mean": -78.27265167236328,
    "critic_holdout_samples": 1759,
    "critic_holdout_episodes": 5,
    "critic_holdout_environment_steps": 1759,
    "critic_holdout_mean_episode_return": -351.2,
    "critic_holdout_mean_episode_length": 351.8,
    "critic_holdout_behavior_epsilon": 0.0,
    "critic_holdout_truncated_bootstraps": 2,
    "critic_holdout_target_method": "discounted_monte_carlo_with_truncation_bootstrap",
    "critic_holdout_bootstrap_source": "online_value_model",
    "critic_holdout_seed": 30020
  },
  "run_dir": "results/rl/nnknn_rl_acrobot_20260802_194645_135672"
}
Checkpoint: results/rl/nnknn_rl_acrobot_20260802_194645_135672/checkpoint.pt
