[nec] step=500 episode=1 return=-500.0 length=500 epsilon=0.994 loss=None entries=500
[nec] step=1000 episode=2 return=-500.0 length=500 epsilon=0.987 loss=None entries=1000
[nec] step=1500 episode=3 return=-500.0 length=500 epsilon=0.981 loss=5.306767463684082 entries=1500
[nec] step=2000 episode=4 return=-500.0 length=500 epsilon=0.975 loss=5.0597004890441895 entries=2000
[nec] step=2500 episode=5 return=-500.0 length=500 epsilon=0.968 loss=6.521760940551758 entries=2500
[nec] step=5000 episode=10 return=-500.0 length=500 epsilon=0.937 loss=7.033157825469971 entries=5000
[nec] step=10000 episode=20 return=-500.0 length=500 epsilon=0.873 loss=7.346281051635742 entries=10000
[nec] step=15000 episode=30 return=-500.0 length=500 epsilon=0.810 loss=7.489736080169678 entries=15000
[nec] step=20000 episode=40 return=-500.0 length=500 epsilon=0.747 loss=6.796334266662598 entries=20000
[nec] step=25000 episode=50 return=-500.0 length=500 epsilon=0.683 loss=5.964346885681152 entries=25000
[nec] step=30000 episode=60 return=-500.0 length=500 epsilon=0.620 loss=6.948579788208008 entries=29953
[nec] step=35000 episode=70 return=-500.0 length=500 epsilon=0.557 loss=7.129384994506836 entries=30000
[nec] step=39693 episode=80 return=-500.0 length=500 epsilon=0.497 loss=8.204780578613281 entries=30000
[nec] step=44585 episode=90 return=-500.0 length=500 epsilon=0.435 loss=8.295169830322266 entries=30000
[nec] step=49585 episode=100 return=-500.0 length=500 epsilon=0.372 loss=6.886142730712891 entries=30000
[nec][eval] step=35693 episode=72 candidate_return=-192.0 mean_return=-500.00 max_return=-500.00
[nec] step=54585 episode=110 return=-500.0 length=500 epsilon=0.309 loss=8.132698059082031 entries=30000
[nec] step=59585 episode=120 return=-500.0 length=500 epsilon=0.245 loss=10.048055648803711 entries=30000
[nec] step=64585 episode=130 return=-500.0 length=500 epsilon=0.182 loss=7.257946014404297 entries=30000
[nec] step=69585 episode=140 return=-500.0 length=500 epsilon=0.119 loss=9.116323471069336 entries=30000
[nec] step=74585 episode=150 return=-500.0 length=500 epsilon=0.055 loss=8.712413787841797 entries=30000
[nec] step=79585 episode=160 return=-500.0 length=500 epsilon=0.050 loss=7.591238021850586 entries=30000
[nec] step=84484 episode=170 return=-500.0 length=500 epsilon=0.050 loss=10.405976295471191 entries=30000
[nec] step=89484 episode=180 return=-500.0 length=500 epsilon=0.050 loss=7.534576416015625 entries=30000
[nec] step=94484 episode=190 return=-500.0 length=500 epsilon=0.050 loss=9.931903839111328 entries=30000
[nec] step=99484 episode=200 return=-500.0 length=500 epsilon=0.050 loss=8.837326049804688 entries=30000
[nec][eval] step=35693 episode=72 candidate_return=-192.0 mean_return=-500.00 max_return=-500.00
[nec] step=104484 episode=210 return=-500.0 length=500 epsilon=0.050 loss=8.396137237548828 entries=30000
[nec] step=109448 episode=220 return=-500.0 length=500 epsilon=0.050 loss=8.735021591186523 entries=30000
[nec] step=114448 episode=230 return=-500.0 length=500 epsilon=0.050 loss=7.0991644859313965 entries=30000
[nec] step=119399 episode=240 return=-500.0 length=500 epsilon=0.050 loss=8.223221778869629 entries=30000
[nec] step=124272 episode=250 return=-487.0 length=488 epsilon=0.050 loss=8.566818237304688 entries=30000
[nec] step=128846 episode=260 return=-500.0 length=500 epsilon=0.050 loss=6.91672420501709 entries=30000
[nec] step=133684 episode=270 return=-500.0 length=500 epsilon=0.050 loss=8.05653190612793 entries=30000
[nec] step=138095 episode=280 return=-500.0 length=500 epsilon=0.050 loss=7.950711250305176 entries=30000
[nec] step=141360 episode=290 return=-205.0 length=206 epsilon=0.050 loss=7.63221549987793 entries=30000
[nec] step=144768 episode=300 return=-398.0 length=399 epsilon=0.050 loss=7.194727897644043 entries=30000
[nec][eval] step=35693 episode=72 candidate_return=-192.0 mean_return=-500.00 max_return=-500.00
[nec] step=147702 episode=310 return=-306.0 length=307 epsilon=0.050 loss=6.694634914398193 entries=30000
[nec] finished profile=fast mean_eval_return=-278.00 passed=False run_dir=results/rl/nec_acrobot_20260802_194643_967743
{
  "task": "acrobot",
  "env_id": "Acrobot-v1",
  "profile": "fast",
  "seed": 3,
  "total_timesteps": 150000,
  "configured_total_timesteps": 150000,
  "actual_timesteps": 150000,
  "eval_episodes": 20,
  "success_threshold": -100.0,
  "passed": false,
  "final_eval": {
    "episodes": 20,
    "seed": 10000,
    "mean_return": -278.0,
    "std_return": 106.78717041015625,
    "min_return": -500.0,
    "max_return": -135.0,
    "mean_length": 278.95001220703125
  },
  "last_eval": {
    "episodes": 20,
    "seed": 10000,
    "mean_return": -278.0,
    "std_return": 106.78717041015625,
    "min_return": -500.0,
    "max_return": -135.0,
    "mean_length": 278.95001220703125
  },
  "selected_step": 150000,
  "selected_source": "final",
  "training_efficiency": {
    "best_model_step": 150000,
    "best_model_training_fraction": 1.0,
    "first_success_step": null,
    "first_success_training_fraction": null,
    "best_minus_last_return": 0.0,
    "budget_interpretation": "unsolved_or_underfit"
  },
  "early_stopping": {
    "enabled": false,
    "patience": 30,
    "min_delta": 1.0,
    "min_steps": 25000,
    "target_score": -60.0,
    "best_mean_return": -500.0,
    "evaluations": 3,
    "evaluations_without_improvement": 2,
    "stopped_early": false,
    "stopping_reason": "budget_exhausted",
    "stopping_step": 150000
  },
  "dictionary_entries": 30000,
  "run_dir": "results/rl/nec_acrobot_20260802_194643_967743"
}
Checkpoint: results/rl/nec_acrobot_20260802_194643_967743/checkpoint.pt
