[nec] step=500 episode=1 return=-500.0 length=500 epsilon=0.994 loss=None entries=500
[nec] step=1000 episode=2 return=-500.0 length=500 epsilon=0.987 loss=None entries=1000
[nec] step=1500 episode=3 return=-500.0 length=500 epsilon=0.981 loss=3.9294896125793457 entries=1500
[nec] step=2000 episode=4 return=-500.0 length=500 epsilon=0.975 loss=5.9306793212890625 entries=2000
[nec] step=2500 episode=5 return=-500.0 length=500 epsilon=0.968 loss=5.905806541442871 entries=2500
[nec] step=5000 episode=10 return=-500.0 length=500 epsilon=0.937 loss=6.965400218963623 entries=5000
[nec] step=9893 episode=20 return=-500.0 length=500 epsilon=0.875 loss=7.119822978973389 entries=9893
[nec] step=14893 episode=30 return=-500.0 length=500 epsilon=0.811 loss=6.751723766326904 entries=14893
[nec] step=19893 episode=40 return=-500.0 length=500 epsilon=0.748 loss=6.935842514038086 entries=19893
[nec] step=24893 episode=50 return=-500.0 length=500 epsilon=0.685 loss=7.275176048278809 entries=24893
[nec] step=29893 episode=60 return=-500.0 length=500 epsilon=0.621 loss=7.4742431640625 entries=29831
[nec] step=34766 episode=70 return=-500.0 length=500 epsilon=0.560 loss=9.34814453125 entries=30000
[nec] step=39766 episode=80 return=-500.0 length=500 epsilon=0.496 loss=8.809696197509766 entries=30000
[nec] step=44766 episode=90 return=-500.0 length=500 epsilon=0.433 loss=9.40672492980957 entries=30000
[nec] step=49656 episode=100 return=-500.0 length=500 epsilon=0.371 loss=8.881104469299316 entries=30000
[nec][eval] step=30266 episode=61 candidate_return=-372.0 mean_return=-493.25 max_return=-365.00
[nec] step=54492 episode=110 return=-406.0 length=407 epsilon=0.310 loss=7.57587194442749 entries=30000
[nec] step=59472 episode=120 return=-500.0 length=500 epsilon=0.247 loss=9.180304527282715 entries=30000
[nec] step=64306 episode=130 return=-500.0 length=500 epsilon=0.185 loss=9.237056732177734 entries=30000
[nec] step=68934 episode=140 return=-500.0 length=500 epsilon=0.127 loss=9.088865280151367 entries=30000
[nec] step=72766 episode=150 return=-327.0 length=328 epsilon=0.078 loss=8.473811149597168 entries=30000
[nec] step=76883 episode=160 return=-308.0 length=309 epsilon=0.050 loss=7.5386199951171875 entries=30000
[nec] step=80776 episode=170 return=-484.0 length=485 epsilon=0.050 loss=8.326438903808594 entries=30000
[nec] step=85191 episode=180 return=-488.0 length=489 epsilon=0.050 loss=7.515057563781738 entries=30000
[nec] step=89226 episode=190 return=-402.0 length=403 epsilon=0.050 loss=6.357450008392334 entries=30000
[nec] step=93343 episode=200 return=-374.0 length=375 epsilon=0.050 loss=6.774572372436523 entries=30000
[nec][eval] step=78166 episode=164 candidate_return=-206.0 mean_return=-395.55 max_return=-272.00
[nec] step=97454 episode=210 return=-500.0 length=500 epsilon=0.050 loss=6.583658695220947 entries=30000
[nec] step=100991 episode=220 return=-426.0 length=427 epsilon=0.050 loss=6.619497299194336 entries=30000
[nec] step=104363 episode=230 return=-312.0 length=313 epsilon=0.050 loss=6.199042320251465 entries=30000
[nec] step=107633 episode=240 return=-444.0 length=445 epsilon=0.050 loss=6.406518936157227 entries=30000
[nec] step=110403 episode=250 return=-159.0 length=160 epsilon=0.050 loss=7.012228012084961 entries=30000
[nec] step=112632 episode=260 return=-347.0 length=348 epsilon=0.050 loss=5.377766132354736 entries=30000
[nec] step=115012 episode=270 return=-138.0 length=139 epsilon=0.050 loss=6.462810516357422 entries=30000
[nec] step=116927 episode=280 return=-132.0 length=133 epsilon=0.050 loss=5.813564300537109 entries=30000
[nec] step=118805 episode=290 return=-143.0 length=144 epsilon=0.050 loss=5.119898796081543 entries=30000
[nec] step=120507 episode=300 return=-153.0 length=154 epsilon=0.050 loss=5.729395389556885 entries=30000
[nec][eval] step=116631 episode=278 candidate_return=-129.0 mean_return=-158.30 max_return=-116.00
[nec] step=122058 episode=310 return=-233.0 length=234 epsilon=0.050 loss=5.8743486404418945 entries=30000
[nec] step=123586 episode=320 return=-138.0 length=139 epsilon=0.050 loss=6.743533134460449 entries=30000
[nec] step=125033 episode=330 return=-120.0 length=121 epsilon=0.050 loss=7.881343364715576 entries=30000
[nec] step=126470 episode=340 return=-146.0 length=147 epsilon=0.050 loss=5.523772239685059 entries=30000
[nec] step=127984 episode=350 return=-142.0 length=143 epsilon=0.050 loss=7.146013259887695 entries=30000
[nec] step=129245 episode=360 return=-141.0 length=142 epsilon=0.050 loss=5.790040493011475 entries=30000
[nec] step=130628 episode=370 return=-137.0 length=138 epsilon=0.050 loss=6.287774085998535 entries=30000
[nec] step=131948 episode=380 return=-165.0 length=166 epsilon=0.050 loss=5.647319316864014 entries=30000
[nec] step=133328 episode=390 return=-159.0 length=160 epsilon=0.050 loss=5.837899208068848 entries=30000
[nec] step=134790 episode=400 return=-114.0 length=115 epsilon=0.050 loss=6.61433219909668 entries=30000
[nec][eval] step=128295 episode=353 candidate_return=-95.0 mean_return=-127.65 max_return=-98.00
[nec] step=136027 episode=410 return=-150.0 length=151 epsilon=0.050 loss=6.9320502281188965 entries=30000
[nec] step=137594 episode=420 return=-155.0 length=156 epsilon=0.050 loss=6.431225776672363 entries=30000
[nec] step=138933 episode=430 return=-89.0 length=90 epsilon=0.050 loss=6.526822566986084 entries=30000
[nec] step=140118 episode=440 return=-155.0 length=156 epsilon=0.050 loss=6.9377946853637695 entries=30000
[nec] step=141514 episode=450 return=-109.0 length=110 epsilon=0.050 loss=6.335779190063477 entries=30000
[nec] step=142907 episode=460 return=-126.0 length=127 epsilon=0.050 loss=5.954116344451904 entries=30000
[nec] step=144269 episode=470 return=-129.0 length=130 epsilon=0.050 loss=6.036242961883545 entries=30000
[nec] step=145742 episode=480 return=-134.0 length=135 epsilon=0.050 loss=6.151457786560059 entries=30000
[nec] step=147133 episode=490 return=-171.0 length=172 epsilon=0.050 loss=6.921478271484375 entries=30000
[nec] step=148363 episode=500 return=-89.0 length=90 epsilon=0.050 loss=5.187551021575928 entries=30000
[nec][eval] step=148363 episode=500 candidate_return=-89.0 mean_return=-123.85 max_return=-89.00
[nec] step=149783 episode=510 return=-127.0 length=128 epsilon=0.050 loss=6.04716682434082 entries=30000
[nec] finished profile=fast mean_eval_return=-113.75 passed=False run_dir=results/rl/nec_acrobot_20260802_194643_955069
{
  "task": "acrobot",
  "env_id": "Acrobot-v1",
  "profile": "fast",
  "seed": 4,
  "total_timesteps": 150000,
  "configured_total_timesteps": 150000,
  "actual_timesteps": 150000,
  "eval_episodes": 20,
  "success_threshold": -100.0,
  "passed": false,
  "final_eval": {
    "episodes": 20,
    "seed": 10000,
    "mean_return": -113.75,
    "std_return": 17.877010345458984,
    "min_return": -157.0,
    "max_return": -94.0,
    "mean_length": 114.75
  },
  "last_eval": {
    "episodes": 20,
    "seed": 10000,
    "mean_return": -113.75,
    "std_return": 17.877010345458984,
    "min_return": -157.0,
    "max_return": -94.0,
    "mean_length": 114.75
  },
  "selected_step": 150000,
  "selected_source": "final",
  "training_efficiency": {
    "best_model_step": 150000,
    "best_model_training_fraction": 1.0,
    "first_success_step": null,
    "first_success_training_fraction": null,
    "best_minus_last_return": 0.0,
    "budget_interpretation": "unsolved_or_underfit"
  },
  "early_stopping": {
    "enabled": false,
    "patience": 30,
    "min_delta": 1.0,
    "min_steps": 25000,
    "target_score": -60.0,
    "best_mean_return": -123.8499984741211,
    "evaluations": 5,
    "evaluations_without_improvement": 0,
    "stopped_early": false,
    "stopping_reason": "budget_exhausted",
    "stopping_step": 150000
  },
  "dictionary_entries": 30000,
  "run_dir": "results/rl/nec_acrobot_20260802_194643_955069"
}
Checkpoint: results/rl/nec_acrobot_20260802_194643_955069/checkpoint.pt
