[nec] step=500 episode=1 return=-500.0 length=500 epsilon=0.994 loss=None entries=500
[nec] step=1000 episode=2 return=-500.0 length=500 epsilon=0.987 loss=None entries=1000
[nec] step=1500 episode=3 return=-500.0 length=500 epsilon=0.981 loss=3.6747426986694336 entries=1500
[nec] step=2000 episode=4 return=-500.0 length=500 epsilon=0.975 loss=5.672739028930664 entries=2000
[nec] step=2500 episode=5 return=-500.0 length=500 epsilon=0.968 loss=5.5375657081604 entries=2500
[nec] step=5000 episode=10 return=-500.0 length=500 epsilon=0.937 loss=7.462543487548828 entries=5000
[nec] step=10000 episode=20 return=-500.0 length=500 epsilon=0.873 loss=7.518909454345703 entries=10000
[nec] step=15000 episode=30 return=-500.0 length=500 epsilon=0.810 loss=6.2592854499816895 entries=15000
[nec] step=20000 episode=40 return=-500.0 length=500 epsilon=0.747 loss=7.152767181396484 entries=20000
[nec] step=25000 episode=50 return=-500.0 length=500 epsilon=0.683 loss=7.202960014343262 entries=25000
[nec] step=30000 episode=60 return=-500.0 length=500 epsilon=0.620 loss=6.46875 entries=29888
[nec] step=35000 episode=70 return=-500.0 length=500 epsilon=0.557 loss=8.257393836975098 entries=30000
[nec] step=40000 episode=80 return=-500.0 length=500 epsilon=0.493 loss=8.876874923706055 entries=30000
[nec] step=45000 episode=90 return=-500.0 length=500 epsilon=0.430 loss=8.574033737182617 entries=30000
[nec] step=50000 episode=100 return=-500.0 length=500 epsilon=0.367 loss=8.85515022277832 entries=30000
[nec][eval] step=50000 episode=100 candidate_return=-500.0 mean_return=-500.00 max_return=-500.00
[nec] step=54793 episode=110 return=-321.0 length=322 epsilon=0.306 loss=8.350578308105469 entries=30000
[nec] step=59727 episode=120 return=-500.0 length=500 epsilon=0.243 loss=7.682124137878418 entries=30000
[nec] step=64592 episode=130 return=-500.0 length=500 epsilon=0.182 loss=8.280710220336914 entries=30000
[nec] step=69592 episode=140 return=-500.0 length=500 epsilon=0.119 loss=9.569587707519531 entries=30000
[nec] step=74592 episode=150 return=-500.0 length=500 epsilon=0.055 loss=7.589685440063477 entries=30000
[nec] step=79592 episode=160 return=-500.0 length=500 epsilon=0.050 loss=8.06635856628418 entries=30000
[nec] step=84592 episode=170 return=-500.0 length=500 epsilon=0.050 loss=7.294576644897461 entries=30000
[nec] step=89435 episode=180 return=-500.0 length=500 epsilon=0.050 loss=8.141942024230957 entries=30000
[nec] step=94435 episode=190 return=-500.0 length=500 epsilon=0.050 loss=10.083673477172852 entries=30000
[nec] step=99435 episode=200 return=-500.0 length=500 epsilon=0.050 loss=8.204232215881348 entries=30000
[nec][eval] step=54793 episode=110 candidate_return=-321.0 mean_return=-436.15 max_return=-215.00
[nec] step=104435 episode=210 return=-500.0 length=500 epsilon=0.050 loss=8.112622261047363 entries=30000
[nec] step=109435 episode=220 return=-500.0 length=500 epsilon=0.050 loss=7.779118537902832 entries=30000
[nec] step=114354 episode=230 return=-500.0 length=500 epsilon=0.050 loss=8.652329444885254 entries=30000
[nec] step=118889 episode=240 return=-425.0 length=426 epsilon=0.050 loss=8.070600509643555 entries=30000
[nec] step=123708 episode=250 return=-456.0 length=457 epsilon=0.050 loss=8.809283256530762 entries=30000
[nec] step=127932 episode=260 return=-307.0 length=308 epsilon=0.050 loss=7.790977954864502 entries=30000
[nec] step=132568 episode=270 return=-473.0 length=474 epsilon=0.050 loss=9.057348251342773 entries=30000
[nec] step=136789 episode=280 return=-336.0 length=337 epsilon=0.050 loss=8.286054611206055 entries=30000
[nec] step=141222 episode=290 return=-252.0 length=253 epsilon=0.050 loss=8.770780563354492 entries=30000
[nec] step=145234 episode=300 return=-372.0 length=373 epsilon=0.050 loss=7.056982040405273 entries=30000
[nec][eval] step=143484 episode=296 candidate_return=-232.0 mean_return=-438.45 max_return=-286.00
[nec] step=149325 episode=310 return=-359.0 length=360 epsilon=0.050 loss=8.08691120147705 entries=30000
[nec] finished profile=fast mean_eval_return=-420.65 passed=False run_dir=results/rl/nec_acrobot_20260802_124432_922588
{
  "task": "acrobot",
  "env_id": "Acrobot-v1",
  "profile": "fast",
  "seed": 0,
  "total_timesteps": 150000,
  "configured_total_timesteps": 150000,
  "actual_timesteps": 150000,
  "eval_episodes": 20,
  "success_threshold": -100.0,
  "passed": false,
  "final_eval": {
    "episodes": 20,
    "seed": 10000,
    "mean_return": -420.6499938964844,
    "std_return": 74.22013092041016,
    "min_return": -500.0,
    "max_return": -231.0,
    "mean_length": 421.3999938964844
  },
  "last_eval": {
    "episodes": 20,
    "seed": 10000,
    "mean_return": -420.6499938964844,
    "std_return": 74.22013092041016,
    "min_return": -500.0,
    "max_return": -231.0,
    "mean_length": 421.3999938964844
  },
  "selected_step": 150000,
  "selected_source": "final",
  "training_efficiency": {
    "best_model_step": 150000,
    "best_model_training_fraction": 1.0,
    "first_success_step": null,
    "first_success_training_fraction": null,
    "best_minus_last_return": 0.0,
    "budget_interpretation": "unsolved_or_underfit"
  },
  "early_stopping": {
    "enabled": true,
    "patience": 30,
    "min_delta": 1.0,
    "min_steps": 25000,
    "target_score": -60.0,
    "best_mean_return": -436.1499938964844,
    "evaluations": 3,
    "evaluations_without_improvement": 1,
    "stopped_early": false,
    "stopping_reason": "budget_exhausted",
    "stopping_step": 150000
  },
  "dictionary_entries": 30000,
  "run_dir": "results/rl/nec_acrobot_20260802_124432_922588"
}
Checkpoint: results/rl/nec_acrobot_20260802_124432_922588/checkpoint.pt
