[nec] step=500 episode=1 return=-500.0 length=500 epsilon=0.994 loss=None entries=500
[nec] step=1000 episode=2 return=-500.0 length=500 epsilon=0.987 loss=None entries=1000
[nec] step=1500 episode=3 return=-500.0 length=500 epsilon=0.981 loss=4.460814476013184 entries=1500
[nec] step=2000 episode=4 return=-500.0 length=500 epsilon=0.975 loss=6.2204742431640625 entries=2000
[nec] step=2500 episode=5 return=-500.0 length=500 epsilon=0.968 loss=6.396078109741211 entries=2500
[nec] step=5000 episode=10 return=-500.0 length=500 epsilon=0.937 loss=6.792135715484619 entries=5000
[nec] step=10000 episode=20 return=-500.0 length=500 epsilon=0.873 loss=6.752418041229248 entries=10000
[nec] step=15000 episode=30 return=-500.0 length=500 epsilon=0.810 loss=7.596240043640137 entries=15000
[nec] step=19825 episode=40 return=-500.0 length=500 epsilon=0.749 loss=6.7832770347595215 entries=19825
[nec] step=24741 episode=50 return=-500.0 length=500 epsilon=0.687 loss=7.336426734924316 entries=24741
[nec] step=29741 episode=60 return=-500.0 length=500 epsilon=0.623 loss=7.519418716430664 entries=29741
[nec] step=34533 episode=70 return=-500.0 length=500 epsilon=0.563 loss=7.115206718444824 entries=30000
[nec] step=39533 episode=80 return=-500.0 length=500 epsilon=0.499 loss=9.270662307739258 entries=30000
[nec] step=44533 episode=90 return=-500.0 length=500 epsilon=0.436 loss=10.681690216064453 entries=30000
[nec] step=49509 episode=100 return=-500.0 length=500 epsilon=0.373 loss=9.527767181396484 entries=30000
[nec][eval] step=30054 episode=61 candidate_return=-312.0 mean_return=-492.25 max_return=-421.00
[nec] step=54509 episode=110 return=-500.0 length=500 epsilon=0.310 loss=7.442858695983887 entries=30000
[nec] step=59509 episode=120 return=-500.0 length=500 epsilon=0.246 loss=8.304810523986816 entries=30000
[nec] step=64509 episode=130 return=-500.0 length=500 epsilon=0.183 loss=7.934607982635498 entries=30000
[nec] step=69509 episode=140 return=-500.0 length=500 epsilon=0.120 loss=9.442890167236328 entries=30000
[nec] step=74509 episode=150 return=-500.0 length=500 epsilon=0.056 loss=8.836307525634766 entries=30000
[nec] step=79486 episode=160 return=-500.0 length=500 epsilon=0.050 loss=8.220840454101562 entries=30000
[nec] step=84486 episode=170 return=-500.0 length=500 epsilon=0.050 loss=7.625137805938721 entries=30000
[nec] step=89486 episode=180 return=-500.0 length=500 epsilon=0.050 loss=7.5435638427734375 entries=30000
[nec] step=94382 episode=190 return=-500.0 length=500 epsilon=0.050 loss=8.349591255187988 entries=30000
[nec] step=99382 episode=200 return=-500.0 length=500 epsilon=0.050 loss=6.298439025878906 entries=30000
[nec][eval] step=30054 episode=61 candidate_return=-312.0 mean_return=-492.25 max_return=-421.00
[nec] step=104060 episode=210 return=-500.0 length=500 epsilon=0.050 loss=9.795552253723145 entries=30000
[nec] step=108956 episode=220 return=-500.0 length=500 epsilon=0.050 loss=9.648876190185547 entries=30000
[nec] step=113694 episode=230 return=-479.0 length=480 epsilon=0.050 loss=7.814645767211914 entries=30000
[nec] step=118374 episode=240 return=-500.0 length=500 epsilon=0.050 loss=7.840669631958008 entries=30000
[nec] step=123132 episode=250 return=-344.0 length=345 epsilon=0.050 loss=8.31606388092041 entries=30000
[nec] step=128067 episode=260 return=-500.0 length=500 epsilon=0.050 loss=8.109221458435059 entries=30000
[nec] step=132669 episode=270 return=-500.0 length=500 epsilon=0.050 loss=7.503861427307129 entries=30000
[nec] step=137345 episode=280 return=-500.0 length=500 epsilon=0.050 loss=7.685810089111328 entries=30000
[nec] step=141610 episode=290 return=-446.0 length=447 epsilon=0.050 loss=7.28581428527832 entries=30000
[nec] step=146225 episode=300 return=-500.0 length=500 epsilon=0.050 loss=6.721866607666016 entries=30000
[nec][eval] step=137636 episode=281 candidate_return=-290.0 mean_return=-463.80 max_return=-354.00
[nec] finished profile=fast mean_eval_return=-378.00 passed=False run_dir=results/rl/nec_acrobot_20260802_194644_010208
{
  "task": "acrobot",
  "env_id": "Acrobot-v1",
  "profile": "fast",
  "seed": 2,
  "total_timesteps": 150000,
  "configured_total_timesteps": 150000,
  "actual_timesteps": 150000,
  "eval_episodes": 20,
  "success_threshold": -100.0,
  "passed": false,
  "final_eval": {
    "episodes": 20,
    "seed": 10000,
    "mean_return": -378.0,
    "std_return": 94.76866149902344,
    "min_return": -500.0,
    "max_return": -212.0,
    "mean_length": 378.75
  },
  "last_eval": {
    "episodes": 20,
    "seed": 10000,
    "mean_return": -378.0,
    "std_return": 94.76866149902344,
    "min_return": -500.0,
    "max_return": -212.0,
    "mean_length": 378.75
  },
  "selected_step": 150000,
  "selected_source": "final",
  "training_efficiency": {
    "best_model_step": 150000,
    "best_model_training_fraction": 1.0,
    "first_success_step": null,
    "first_success_training_fraction": null,
    "best_minus_last_return": 0.0,
    "budget_interpretation": "unsolved_or_underfit"
  },
  "early_stopping": {
    "enabled": false,
    "patience": 30,
    "min_delta": 1.0,
    "min_steps": 25000,
    "target_score": -60.0,
    "best_mean_return": -463.79998779296875,
    "evaluations": 3,
    "evaluations_without_improvement": 0,
    "stopped_early": false,
    "stopping_reason": "budget_exhausted",
    "stopping_step": 150000
  },
  "dictionary_entries": 30000,
  "run_dir": "results/rl/nec_acrobot_20260802_194644_010208"
}
Checkpoint: results/rl/nec_acrobot_20260802_194644_010208/checkpoint.pt
