[nec] step=500 episode=1 return=-500.0 length=500 epsilon=0.994 loss=None entries=500
[nec] step=1000 episode=2 return=-500.0 length=500 epsilon=0.987 loss=None entries=1000
[nec] step=1500 episode=3 return=-500.0 length=500 epsilon=0.981 loss=3.7777392864227295 entries=1500
[nec] step=2000 episode=4 return=-500.0 length=500 epsilon=0.975 loss=5.8659820556640625 entries=2000
[nec] step=2500 episode=5 return=-500.0 length=500 epsilon=0.968 loss=5.118400573730469 entries=2500
[nec] step=5000 episode=10 return=-500.0 length=500 epsilon=0.937 loss=5.750994682312012 entries=5000
[nec] step=9921 episode=20 return=-500.0 length=500 epsilon=0.874 loss=5.956195831298828 entries=9921
[nec] step=14871 episode=30 return=-500.0 length=500 epsilon=0.812 loss=6.506594181060791 entries=14871
[nec] step=19772 episode=40 return=-500.0 length=500 epsilon=0.750 loss=6.718109130859375 entries=19772
[nec] step=24772 episode=50 return=-500.0 length=500 epsilon=0.686 loss=7.621337890625 entries=24772
[nec] step=29767 episode=60 return=-500.0 length=500 epsilon=0.623 loss=6.8257646560668945 entries=29663
[nec] step=34648 episode=70 return=-500.0 length=500 epsilon=0.561 loss=7.706716537475586 entries=30000
[nec] step=39648 episode=80 return=-500.0 length=500 epsilon=0.498 loss=9.408966064453125 entries=30000
[nec] step=44648 episode=90 return=-500.0 length=500 epsilon=0.434 loss=8.182150840759277 entries=30000
[nec] step=49648 episode=100 return=-500.0 length=500 epsilon=0.371 loss=8.07579517364502 entries=30000
[nec][eval] step=31148 episode=63 candidate_return=-380.0 mean_return=-477.80 max_return=-343.00
[nec] step=54648 episode=110 return=-500.0 length=500 epsilon=0.308 loss=8.266435623168945 entries=30000
[nec] step=59570 episode=120 return=-500.0 length=500 epsilon=0.245 loss=9.471026420593262 entries=30000
[nec] step=64570 episode=130 return=-500.0 length=500 epsilon=0.182 loss=8.626622200012207 entries=30000
[nec] step=69463 episode=140 return=-500.0 length=500 epsilon=0.120 loss=7.935190200805664 entries=30000
[nec] step=74463 episode=150 return=-500.0 length=500 epsilon=0.057 loss=7.442818641662598 entries=30000
[nec] step=79463 episode=160 return=-500.0 length=500 epsilon=0.050 loss=11.289974212646484 entries=30000
[nec] step=84463 episode=170 return=-500.0 length=500 epsilon=0.050 loss=10.282648086547852 entries=30000
[nec] step=89463 episode=180 return=-500.0 length=500 epsilon=0.050 loss=9.030693054199219 entries=30000
[nec] step=94226 episode=190 return=-500.0 length=500 epsilon=0.050 loss=7.73703670501709 entries=30000
[nec] step=99226 episode=200 return=-500.0 length=500 epsilon=0.050 loss=9.229894638061523 entries=30000
[nec][eval] step=91726 episode=185 candidate_return=-324.0 mean_return=-485.00 max_return=-389.00
[nec] step=104118 episode=210 return=-500.0 length=500 epsilon=0.050 loss=9.925281524658203 entries=30000
[nec] step=109067 episode=220 return=-500.0 length=500 epsilon=0.050 loss=8.689857482910156 entries=30000
[nec] step=113978 episode=230 return=-500.0 length=500 epsilon=0.050 loss=10.17386245727539 entries=30000
[nec] step=118832 episode=240 return=-500.0 length=500 epsilon=0.050 loss=7.17496395111084 entries=30000
[nec] step=123528 episode=250 return=-500.0 length=500 epsilon=0.050 loss=8.734009742736816 entries=30000
[nec] step=128496 episode=260 return=-500.0 length=500 epsilon=0.050 loss=8.613495826721191 entries=30000
[nec] step=133252 episode=270 return=-500.0 length=500 epsilon=0.050 loss=7.550435543060303 entries=30000
[nec] step=137738 episode=280 return=-500.0 length=500 epsilon=0.050 loss=7.497769355773926 entries=30000
[nec] step=142439 episode=290 return=-500.0 length=500 epsilon=0.050 loss=8.105188369750977 entries=30000
[nec] step=146902 episode=300 return=-500.0 length=500 epsilon=0.050 loss=8.41404914855957 entries=30000
[nec][eval] step=145552 episode=297 candidate_return=-302.0 mean_return=-446.30 max_return=-307.00
[nec] finished profile=fast mean_eval_return=-446.30 passed=False run_dir=results/rl/nec_acrobot_20260802_194643_983297
{
  "task": "acrobot",
  "env_id": "Acrobot-v1",
  "profile": "fast",
  "seed": 1,
  "total_timesteps": 150000,
  "configured_total_timesteps": 150000,
  "actual_timesteps": 150000,
  "eval_episodes": 20,
  "success_threshold": -100.0,
  "passed": false,
  "final_eval": {
    "episodes": 20,
    "seed": 10000,
    "mean_return": -446.29998779296875,
    "std_return": 65.40497589111328,
    "min_return": -500.0,
    "max_return": -307.0,
    "mean_length": 446.79998779296875
  },
  "last_eval": {
    "episodes": 20,
    "seed": 10000,
    "mean_return": -453.25,
    "std_return": 73.92420196533203,
    "min_return": -500.0,
    "max_return": -254.0,
    "mean_length": 453.6000061035156
  },
  "selected_step": 145552,
  "selected_source": "best_eval",
  "training_efficiency": {
    "best_model_step": 145552,
    "best_model_training_fraction": 0.9703466666666667,
    "first_success_step": null,
    "first_success_training_fraction": null,
    "best_minus_last_return": 6.95001220703125,
    "budget_interpretation": "unsolved_or_underfit"
  },
  "early_stopping": {
    "enabled": false,
    "patience": 30,
    "min_delta": 1.0,
    "min_steps": 25000,
    "target_score": -60.0,
    "best_mean_return": -446.29998779296875,
    "evaluations": 3,
    "evaluations_without_improvement": 0,
    "stopped_early": false,
    "stopping_reason": "budget_exhausted",
    "stopping_step": 150000
  },
  "dictionary_entries": 30000,
  "run_dir": "results/rl/nec_acrobot_20260802_194643_983297"
}
Checkpoint: results/rl/nec_acrobot_20260802_194643_983297/checkpoint.pt
