cases trainable: False
labels trainable: False
[nnknn-rl] step=500 episode=1 return=-500.0 length=500 loss=None cases=0
[nnknn-rl] step=1000 episode=2 return=-500.0 length=500 loss=None cases=0
[nnknn-rl] step=1500 episode=3 return=-500.0 length=500 loss=None cases=0
[nnknn-rl] step=2000 episode=4 return=-500.0 length=500 loss=268.1799621582031 cases=0
[nnknn-rl] step=2500 episode=5 return=-500.0 length=500 loss=None cases=0
[nnknn-rl] step=5000 episode=10 return=-500.0 length=500 loss=None cases=0
[nnknn-rl] step=9732 episode=20 return=-500.0 length=500 loss=264.88726806640625 cases=3
[nnknn-rl] step=14732 episode=30 return=-500.0 length=500 loss=None cases=3
[nnknn-rl] step=19711 episode=40 return=-500.0 length=500 loss=262.86773681640625 cases=8
[nnknn-rl] step=24711 episode=50 return=-500.0 length=500 loss=None cases=8
[nnknn-rl] step=29711 episode=60 return=-500.0 length=500 loss=259.83526611328125 cases=9
[nnknn-rl] step=34711 episode=70 return=-500.0 length=500 loss=None cases=12
[nnknn-rl] step=39711 episode=80 return=-500.0 length=500 loss=255.40505981445312 cases=16
[nnknn-rl] step=44711 episode=90 return=-500.0 length=500 loss=None cases=22
[nnknn-rl][critic-holdout] step=49711 episodes=100 mse=6459.7383 explained_variance=-0.0656
[nnknn-rl] step=49711 episode=100 return=-500.0 length=500 loss=249.30770874023438 cases=29
[nnknn-rl][eval] step=49711 mean_return=-500.00 max_return=-500.00
[nnknn-rl] step=54711 episode=110 return=-500.0 length=500 loss=None cases=31
[nnknn-rl] step=59570 episode=120 return=-500.0 length=500 loss=245.4323272705078 cases=66
[nnknn-rl] step=64378 episode=130 return=-500.0 length=500 loss=None cases=81
[nnknn-rl] step=69378 episode=140 return=-500.0 length=500 loss=241.37295532226562 cases=72
[nnknn-rl] step=74197 episode=150 return=-500.0 length=500 loss=None cases=64
[nnknn-rl] step=78429 episode=160 return=-500.0 length=500 loss=239.08778381347656 cases=142
[nnknn-rl] step=83429 episode=170 return=-500.0 length=500 loss=None cases=128
[nnknn-rl] step=88429 episode=180 return=-500.0 length=500 loss=226.28216552734375 cases=110
[nnknn-rl] step=93429 episode=190 return=-500.0 length=500 loss=None cases=103
[nnknn-rl][critic-holdout] step=98429 episodes=200 mse=5661.4639 explained_variance=0.0025
[nnknn-rl] step=98429 episode=200 return=-500.0 length=500 loss=218.4063720703125 cases=100
[nnknn-rl][eval] step=98429 mean_return=-500.00 max_return=-500.00
[nnknn-rl] step=103429 episode=210 return=-500.0 length=500 loss=None cases=98
[nnknn-rl] step=108429 episode=220 return=-500.0 length=500 loss=208.55099487304688 cases=97
[nnknn-rl] step=113429 episode=230 return=-500.0 length=500 loss=None cases=98
[nnknn-rl] step=118429 episode=240 return=-500.0 length=500 loss=198.2421875 cases=96
[nnknn-rl] step=123429 episode=250 return=-500.0 length=500 loss=None cases=96
[nnknn-rl] step=128429 episode=260 return=-500.0 length=500 loss=185.4927978515625 cases=93
[nnknn-rl] step=133429 episode=270 return=-500.0 length=500 loss=None cases=90
[nnknn-rl] step=138429 episode=280 return=-500.0 length=500 loss=172.994140625 cases=87
[nnknn-rl] step=143429 episode=290 return=-500.0 length=500 loss=None cases=84
[nnknn-rl][critic-holdout] step=148429 episodes=300 mse=4090.2764 explained_variance=-0.0021
[nnknn-rl] step=148429 episode=300 return=-500.0 length=500 loss=159.23141479492188 cases=83
[nnknn-rl][eval] step=148429 mean_return=-500.00 max_return=-500.00
[nnknn-rl] finished profile=fast mean_eval_return=-500.00 passed=False run_dir=results/rl/nnknn_rl_acrobot_20260802_124433_832510
{
  "task": "acrobot",
  "env_id": "Acrobot-v1",
  "profile": "fast",
  "seed": 0,
  "total_timesteps": 150000,
  "configured_total_timesteps": 150000,
  "actual_timesteps": 150000,
  "eval_episodes": 20,
  "success_threshold": -100.0,
  "passed": false,
  "algorithm": "nnknn_actor_critic_separate_memory_gae",
  "actor_type": "nnknn",
  "critic_type": "mlp",
  "architecture": {
    "separate_case_bases": true,
    "shared_nnknn_representation": false,
    "critic_target_shared_case_store": false,
    "actor_case_insertion": "raw_positive_advantage_only"
  },
  "gae": {
    "gamma": 0.99,
    "gae_lambda": 0.95,
    "advantage_clip": 5.0
  },
  "exploration": {
    "mode": "epsilon_mixed_policy",
    "applies_to_actor": true,
    "initial_epsilon": 1.0,
    "final_epsilon": 0.05,
    "fraction": 0.5,
    "final_step_epsilon": 0.05,
    "readiness": {
      "min_case_entries": 32,
      "min_cases_per_action": 8
    }
  },
  "final_eval": {
    "episodes": 20,
    "seed": 10000,
    "mean_return": -500.0,
    "std_return": 0.0,
    "min_return": -500.0,
    "max_return": -500.0,
    "mean_length": 500.0
  },
  "last_eval": {
    "episodes": 20,
    "seed": 10000,
    "mean_return": -500.0,
    "std_return": 0.0,
    "min_return": -500.0,
    "max_return": -500.0,
    "mean_length": 500.0
  },
  "selected_step": 150000,
  "selected_source": "final",
  "training_efficiency": {
    "best_model_step": 150000,
    "best_model_training_fraction": 1.0,
    "first_success_step": null,
    "first_success_training_fraction": null,
    "best_minus_last_return": 0.0,
    "budget_interpretation": "unsolved_or_underfit"
  },
  "early_stopping": {
    "enabled": true,
    "patience": 30,
    "min_delta": 1.0,
    "min_steps": 25000,
    "target_score": -60.0,
    "best_mean_return": -500.0,
    "evaluations": 3,
    "evaluations_without_improvement": 2,
    "stopped_early": false,
    "stopping_reason": "budget_exhausted",
    "stopping_step": 150000
  },
  "case_entries": 85,
  "critic_case_entries": null,
  "action_counts": [
    50,
    12,
    23
  ],
  "cases_pruned": 143,
  "cases_replaced": 0,
  "actor_cases_pruned": 143,
  "actor_cases_replaced": 0,
  "critic_cases_pruned": 0,
  "critic_cases_replaced": 0,
  "critic_label_updates": 0,
  "critic_label_update_samples": 0,
  "partial_rollout_segments": 1,
  "partial_rollout_samples": 71,
  "critic_target_enabled": false,
  "critic_target_value_mode": "none",
  "critic_target_sync_interval": 4,
  "critic_target_ema_tau": 0.05,
  "critic_target_value_syncs": 0,
  "critic_holdout_evaluations": 3,
  "latest_critic_holdout": {
    "global_step": 148429,
    "completed_episodes": 300,
    "diagnostic_index": 3,
    "critic_holdout_mse": 4090.2763671875,
    "critic_holdout_explained_variance": -0.00212860107421875,
    "critic_holdout_value_mean": -23.879392623901367,
    "critic_holdout_target_mean": -85.07830047607422,
    "critic_holdout_samples": 2500,
    "critic_holdout_episodes": 5,
    "critic_holdout_environment_steps": 2500,
    "critic_holdout_mean_episode_return": -500.0,
    "critic_holdout_mean_episode_length": 500.0,
    "critic_holdout_behavior_epsilon": 0.05,
    "critic_holdout_truncated_bootstraps": 5,
    "critic_holdout_target_method": "discounted_monte_carlo_with_truncation_bootstrap",
    "critic_holdout_bootstrap_source": "online_value_model",
    "critic_holdout_seed": 30010
  },
  "run_dir": "results/rl/nnknn_rl_acrobot_20260802_124433_832510"
}
Checkpoint: results/rl/nnknn_rl_acrobot_20260802_124433_832510/checkpoint.pt
