cases trainable: False
labels trainable: False
cases trainable: False
labels trainable: False
Enforcing normalize_over_cases = True for regression task.
[nnknn-rl] step=500 episode=1 return=-500.0 length=500 loss=None cases=0
[nnknn-rl] step=1000 episode=2 return=-500.0 length=500 loss=None cases=0
[nnknn-rl] step=1500 episode=3 return=-500.0 length=500 loss=None cases=0
[nnknn-rl] step=2000 episode=4 return=-500.0 length=500 loss=268.9029235839844 cases=0
[nnknn-rl] step=2500 episode=5 return=-500.0 length=500 loss=None cases=0
[nnknn-rl] step=5000 episode=10 return=-500.0 length=500 loss=None cases=0
[nnknn-rl] step=9732 episode=20 return=-500.0 length=500 loss=133.72616577148438 cases=39
[nnknn-rl] step=14556 episode=30 return=-500.0 length=500 loss=None cases=40
[nnknn-rl] step=19556 episode=40 return=-500.0 length=500 loss=72.29454040527344 cases=71
[nnknn-rl] step=24556 episode=50 return=-500.0 length=500 loss=None cases=71
[nnknn-rl] step=29556 episode=60 return=-500.0 length=500 loss=53.0562629699707 cases=73
[nnknn-rl] step=34556 episode=70 return=-500.0 length=500 loss=None cases=82
[nnknn-rl] step=39556 episode=80 return=-500.0 length=500 loss=41.902183532714844 cases=81
[nnknn-rl] step=44556 episode=90 return=-500.0 length=500 loss=None cases=78
[nnknn-rl][critic-holdout] step=49556 episodes=100 mse=787.8039 explained_variance=0.0073
[nnknn-rl] step=49556 episode=100 return=-500.0 length=500 loss=34.896087646484375 cases=86
[nnknn-rl][eval] step=49556 mean_return=-500.00 max_return=-500.00
[nnknn-rl] step=54556 episode=110 return=-500.0 length=500 loss=None cases=82
[nnknn-rl] step=58860 episode=120 return=-500.0 length=500 loss=73.41197204589844 cases=281
[nnknn-rl] step=61592 episode=130 return=-209.0 length=210 loss=None cases=461
[nnknn-rl] step=63683 episode=140 return=-191.0 length=192 loss=131.72926330566406 cases=500
[nnknn-rl] step=66128 episode=150 return=-500.0 length=500 loss=None cases=500
[nnknn-rl] step=70184 episode=160 return=-500.0 length=500 loss=48.64024353027344 cases=500
[nnknn-rl] step=74196 episode=170 return=-500.0 length=500 loss=None cases=492
[nnknn-rl] step=78972 episode=180 return=-500.0 length=500 loss=28.363096237182617 cases=477
[nnknn-rl] step=82634 episode=190 return=-175.0 length=176 loss=None cases=500
[nnknn-rl][critic-holdout] step=85330 episodes=200 mse=359.7487 explained_variance=0.4950
[nnknn-rl] step=85330 episode=200 return=-471.0 length=472 loss=70.63365936279297 cases=500
[nnknn-rl][eval] step=85330 mean_return=-500.00 max_return=-500.00
[nnknn-rl] step=88036 episode=210 return=-118.0 length=119 loss=None cases=500
[nnknn-rl] step=89657 episode=220 return=-157.0 length=158 loss=105.23674011230469 cases=500
[nnknn-rl] step=91330 episode=230 return=-203.0 length=204 loss=None cases=500
[nnknn-rl] step=92635 episode=240 return=-139.0 length=140 loss=85.60993194580078 cases=500
[nnknn-rl] step=94051 episode=250 return=-165.0 length=166 loss=None cases=500
[nnknn-rl] step=95263 episode=260 return=-132.0 length=133 loss=62.48609161376953 cases=500
[nnknn-rl] step=96442 episode=270 return=-120.0 length=121 loss=None cases=500
[nnknn-rl] step=97536 episode=280 return=-73.0 length=74 loss=76.23644256591797 cases=500
[nnknn-rl] step=98479 episode=290 return=-85.0 length=86 loss=None cases=500
[nnknn-rl][critic-holdout] step=99468 episodes=300 mse=152.8814 explained_variance=0.7964
[nnknn-rl] step=99468 episode=300 return=-116.0 length=117 loss=59.26679611206055 cases=500
[nnknn-rl][eval] step=99468 mean_return=-124.30 max_return=-64.00
[nnknn-rl] step=100398 episode=310 return=-75.0 length=76 loss=None cases=500
[nnknn-rl] step=101313 episode=320 return=-78.0 length=79 loss=64.19338989257812 cases=500
[nnknn-rl] step=102233 episode=330 return=-89.0 length=90 loss=None cases=500
[nnknn-rl] step=103157 episode=340 return=-97.0 length=98 loss=39.0681266784668 cases=500
[nnknn-rl] step=104079 episode=350 return=-127.0 length=128 loss=None cases=500
[nnknn-rl] step=104941 episode=360 return=-103.0 length=104 loss=37.036155700683594 cases=500
[nnknn-rl] step=105840 episode=370 return=-93.0 length=94 loss=None cases=500
[nnknn-rl] step=106792 episode=380 return=-105.0 length=106 loss=25.326095581054688 cases=500
[nnknn-rl] step=107725 episode=390 return=-90.0 length=91 loss=None cases=482
[nnknn-rl][critic-holdout] step=108766 episodes=400 mse=82.2011 explained_variance=0.8317
[nnknn-rl] step=108766 episode=400 return=-102.0 length=103 loss=33.962032318115234 cases=500
[nnknn-rl][eval] step=108766 mean_return=-82.15 max_return=-64.00
[nnknn-rl] step=109837 episode=410 return=-85.0 length=86 loss=None cases=500
[nnknn-rl] step=110777 episode=420 return=-98.0 length=99 loss=40.38562774658203 cases=500
[nnknn-rl] step=111750 episode=430 return=-92.0 length=93 loss=None cases=500
[nnknn-rl] step=112659 episode=440 return=-119.0 length=120 loss=30.60116958618164 cases=500
[nnknn-rl] step=113624 episode=450 return=-87.0 length=88 loss=None cases=500
[nnknn-rl] step=114642 episode=460 return=-91.0 length=92 loss=21.157697677612305 cases=500
[nnknn-rl] step=115611 episode=470 return=-89.0 length=90 loss=None cases=500
[nnknn-rl] step=116470 episode=480 return=-102.0 length=103 loss=34.321388244628906 cases=500
[nnknn-rl] step=117468 episode=490 return=-108.0 length=109 loss=None cases=500
[nnknn-rl][critic-holdout] step=118250 episodes=500 mse=44.7117 explained_variance=0.8698
[nnknn-rl] step=118250 episode=500 return=-70.0 length=71 loss=32.437129974365234 cases=465
[nnknn-rl][eval] step=118250 mean_return=-90.30 max_return=-68.00
[nnknn-rl] step=119164 episode=510 return=-101.0 length=102 loss=None cases=500
[nnknn-rl] step=120234 episode=520 return=-81.0 length=82 loss=75.4027099609375 cases=454
[nnknn-rl] step=121206 episode=530 return=-103.0 length=104 loss=None cases=500
[nnknn-rl] step=122143 episode=540 return=-101.0 length=102 loss=21.716726303100586 cases=500
[nnknn-rl] step=123134 episode=550 return=-83.0 length=84 loss=None cases=490
[nnknn-rl] step=124182 episode=560 return=-111.0 length=112 loss=29.075462341308594 cases=500
[nnknn-rl] step=125252 episode=570 return=-102.0 length=103 loss=None cases=474
[nnknn-rl] step=126210 episode=580 return=-94.0 length=95 loss=22.081201553344727 cases=500
[nnknn-rl] step=127191 episode=590 return=-115.0 length=116 loss=None cases=500
[nnknn-rl][critic-holdout] step=128095 episodes=600 mse=49.1605 explained_variance=0.8515
[nnknn-rl] step=128095 episode=600 return=-82.0 length=83 loss=14.554858207702637 cases=500
[nnknn-rl][eval] step=128095 mean_return=-83.25 max_return=-69.00
[nnknn-rl] step=128978 episode=610 return=-75.0 length=76 loss=None cases=483
[nnknn-rl] step=129850 episode=620 return=-108.0 length=109 loss=23.901805877685547 cases=500
[nnknn-rl] step=130681 episode=630 return=-83.0 length=84 loss=None cases=500
[nnknn-rl] step=131620 episode=640 return=-91.0 length=92 loss=23.847999572753906 cases=500
[nnknn-rl] step=132613 episode=650 return=-86.0 length=87 loss=None cases=500
[nnknn-rl] step=133578 episode=660 return=-115.0 length=116 loss=34.6486930847168 cases=500
[nnknn-rl] step=134484 episode=670 return=-102.0 length=103 loss=None cases=500
[nnknn-rl] step=135439 episode=680 return=-83.0 length=84 loss=32.28202438354492 cases=479
[nnknn-rl] step=136385 episode=690 return=-96.0 length=97 loss=None cases=500
[nnknn-rl][critic-holdout] step=137292 episodes=700 mse=48.0503 explained_variance=0.8832
[nnknn-rl] step=137292 episode=700 return=-88.0 length=89 loss=18.72475242614746 cases=471
[nnknn-rl][eval] step=137292 mean_return=-94.40 max_return=-70.00
[nnknn-rl] step=138237 episode=710 return=-88.0 length=89 loss=None cases=470
[nnknn-rl] step=139103 episode=720 return=-93.0 length=94 loss=15.231812477111816 cases=465
[nnknn-rl] step=139968 episode=730 return=-86.0 length=87 loss=None cases=500
[nnknn-rl] step=141102 episode=740 return=-102.0 length=103 loss=69.68109893798828 cases=500
[nnknn-rl] step=141964 episode=750 return=-102.0 length=103 loss=None cases=500
[nnknn-rl] step=142749 episode=760 return=-72.0 length=73 loss=16.745887756347656 cases=500
[nnknn-rl] step=143647 episode=770 return=-77.0 length=78 loss=None cases=491
[nnknn-rl] step=144580 episode=780 return=-91.0 length=92 loss=26.01024627685547 cases=482
[nnknn-rl] step=145591 episode=790 return=-99.0 length=100 loss=None cases=500
[nnknn-rl][critic-holdout] step=146587 episodes=800 mse=34.7475 explained_variance=0.8903
[nnknn-rl] step=146587 episode=800 return=-96.0 length=97 loss=51.68549346923828 cases=500
[nnknn-rl][eval] step=146587 mean_return=-79.70 max_return=-70.00
[nnknn-rl] step=147515 episode=810 return=-79.0 length=80 loss=None cases=452
[nnknn-rl] step=148679 episode=820 return=-74.0 length=75 loss=81.9892349243164 cases=500
[nnknn-rl] step=149516 episode=830 return=-90.0 length=91 loss=None cases=500
[nnknn-rl] finished profile=fast mean_eval_return=-79.70 passed=True run_dir=results/rl/nnknn_rl_acrobot_20260802_124433_945301
{
  "task": "acrobot",
  "env_id": "Acrobot-v1",
  "profile": "fast",
  "seed": 0,
  "total_timesteps": 150000,
  "configured_total_timesteps": 150000,
  "actual_timesteps": 150000,
  "eval_episodes": 20,
  "success_threshold": -100.0,
  "passed": true,
  "algorithm": "nnknn_actor_critic_separate_memory_gae",
  "actor_type": "nnknn",
  "critic_type": "nnknn",
  "architecture": {
    "separate_case_bases": true,
    "shared_nnknn_representation": true,
    "critic_target_shared_case_store": true,
    "actor_case_insertion": "raw_positive_advantage_only"
  },
  "gae": {
    "gamma": 0.99,
    "gae_lambda": 0.95,
    "advantage_clip": 5.0
  },
  "exploration": {
    "mode": "epsilon_mixed_policy",
    "applies_to_actor": true,
    "initial_epsilon": 1.0,
    "final_epsilon": 0.05,
    "fraction": 0.5,
    "final_step_epsilon": 0.05,
    "readiness": {
      "min_case_entries": 32,
      "min_cases_per_action": 8
    }
  },
  "final_eval": {
    "episodes": 20,
    "seed": 10000,
    "mean_return": -79.69999694824219,
    "std_return": 9.04488754272461,
    "min_return": -101.0,
    "max_return": -70.0,
    "mean_length": 80.69999694824219
  },
  "last_eval": {
    "episodes": 20,
    "seed": 10000,
    "mean_return": -85.3499984741211,
    "std_return": 16.147058486938477,
    "min_return": -149.0,
    "max_return": -72.0,
    "mean_length": 86.3499984741211
  },
  "selected_step": 146587,
  "selected_source": "best_eval",
  "training_efficiency": {
    "best_model_step": 146587,
    "best_model_training_fraction": 0.9772466666666667,
    "first_success_step": 108766,
    "first_success_training_fraction": 0.7251066666666667,
    "best_minus_last_return": 5.650001525878906,
    "budget_interpretation": "regressed_after_best"
  },
  "early_stopping": {
    "enabled": true,
    "patience": 30,
    "min_delta": 1.0,
    "min_steps": 25000,
    "target_score": -60.0,
    "best_mean_return": -79.69999694824219,
    "evaluations": 8,
    "evaluations_without_improvement": 0,
    "stopped_early": false,
    "stopping_reason": "budget_exhausted",
    "stopping_step": 150000
  },
  "case_entries": 500,
  "critic_case_entries": 500,
  "action_counts": [
    279,
    13,
    208
  ],
  "cases_pruned": 24568,
  "cases_replaced": 157217,
  "actor_cases_pruned": 9140,
  "actor_cases_replaced": 23145,
  "critic_cases_pruned": 15428,
  "critic_cases_replaced": 134072,
  "critic_label_updates": 0,
  "critic_label_update_samples": 0,
  "partial_rollout_segments": 1,
  "partial_rollout_samples": 58,
  "critic_target_enabled": true,
  "critic_target_value_mode": "ema",
  "critic_target_sync_interval": 4,
  "critic_target_ema_tau": 0.05,
  "critic_target_value_syncs": 53,
  "critic_holdout_evaluations": 8,
  "latest_critic_holdout": {
    "global_step": 146587,
    "completed_episodes": 800,
    "diagnostic_index": 8,
    "critic_holdout_mse": 34.747528076171875,
    "critic_holdout_explained_variance": 0.8902610540390015,
    "critic_holdout_value_mean": -35.50419235229492,
    "critic_holdout_target_mean": -34.7726936340332,
    "critic_holdout_samples": 464,
    "critic_holdout_episodes": 5,
    "critic_holdout_environment_steps": 464,
    "critic_holdout_mean_episode_return": -91.8,
    "critic_holdout_mean_episode_length": 92.8,
    "critic_holdout_behavior_epsilon": 0.05,
    "critic_holdout_truncated_bootstraps": 0,
    "critic_holdout_target_method": "discounted_monte_carlo_with_truncation_bootstrap",
    "critic_holdout_bootstrap_source": "target_value_model",
    "critic_holdout_seed": 30035
  },
  "run_dir": "results/rl/nnknn_rl_acrobot_20260802_124433_945301"
}
Checkpoint: results/rl/nnknn_rl_acrobot_20260802_124433_945301/checkpoint.pt
