cases trainable: False
labels trainable: False
Enforcing normalize_over_cases = True for regression task.
[nnknn-rl] step=32 episode=1 return=32.0 length=32 loss=None cases=None
[nnknn-rl] step=58 episode=2 return=26.0 length=26 loss=None cases=None
[nnknn-rl] step=116 episode=3 return=58.0 length=58 loss=None cases=None
[nnknn-rl] step=139 episode=4 return=23.0 length=23 loss=125.43025207519531 cases=None
[nnknn-rl] step=155 episode=5 return=16.0 length=16 loss=None cases=None
[nnknn-rl] step=245 episode=10 return=17.0 length=17 loss=None cases=None
[nnknn-rl] step=443 episode=20 return=24.0 length=24 loss=12.777170181274414 cases=None
[nnknn-rl] step=724 episode=30 return=25.0 length=25 loss=None cases=None
[nnknn-rl] step=1004 episode=40 return=21.0 length=21 loss=39.650814056396484 cases=None
[nnknn-rl] step=1375 episode=50 return=17.0 length=17 loss=None cases=None
[nnknn-rl] step=1728 episode=60 return=52.0 length=52 loss=74.73402404785156 cases=None
[nnknn-rl] step=2057 episode=70 return=22.0 length=22 loss=None cases=None
[nnknn-rl] step=2345 episode=80 return=20.0 length=20 loss=35.92780303955078 cases=None
[nnknn-rl] step=2612 episode=90 return=45.0 length=45 loss=None cases=None
[nnknn-rl][critic-holdout] step=3002 episodes=100 mse=148.3576 explained_variance=0.3038
[nnknn-rl] step=3002 episode=100 return=36.0 length=36 loss=22.568025588989258 cases=None
[nnknn-rl][eval] step=3002 mean_return=78.35 max_return=132.00
[nnknn-rl] step=3453 episode=110 return=45.0 length=45 loss=None cases=None
[nnknn-rl] step=3754 episode=120 return=20.0 length=20 loss=35.7119026184082 cases=None
[nnknn-rl] step=4241 episode=130 return=17.0 length=17 loss=None cases=None
[nnknn-rl] step=4774 episode=140 return=81.0 length=81 loss=107.75484466552734 cases=None
[nnknn-rl] step=5169 episode=150 return=16.0 length=16 loss=None cases=None
[nnknn-rl] step=5730 episode=160 return=64.0 length=64 loss=52.138832092285156 cases=None
[nnknn-rl] step=6269 episode=170 return=97.0 length=97 loss=None cases=None
[nnknn-rl] step=6777 episode=180 return=62.0 length=62 loss=80.07960510253906 cases=None
[nnknn-rl] step=7600 episode=190 return=60.0 length=60 loss=None cases=None
[nnknn-rl][critic-holdout] step=8408 episodes=200 mse=71.4783 explained_variance=0.4557
[nnknn-rl] step=8408 episode=200 return=60.0 length=60 loss=102.36798858642578 cases=None
[nnknn-rl][eval] step=8408 mean_return=214.95 max_return=417.00
[nnknn-rl] step=9209 episode=210 return=65.0 length=65 loss=None cases=None
[nnknn-rl] step=10166 episode=220 return=148.0 length=148 loss=102.91817474365234 cases=None
[nnknn-rl] step=11238 episode=230 return=331.0 length=331 loss=None cases=None
[nnknn-rl] step=12373 episode=240 return=114.0 length=114 loss=121.51268005371094 cases=None
[nnknn-rl] step=13262 episode=250 return=36.0 length=36 loss=None cases=None
[nnknn-rl] step=14708 episode=260 return=149.0 length=149 loss=103.91702270507812 cases=None
[nnknn-rl] step=15965 episode=270 return=186.0 length=186 loss=None cases=None
[nnknn-rl] step=16877 episode=280 return=39.0 length=39 loss=120.01490020751953 cases=None
[nnknn-rl] step=18606 episode=290 return=184.0 length=184 loss=None cases=None
[nnknn-rl][critic-holdout] step=19531 episodes=300 mse=2178.1479 explained_variance=-0.0004
[nnknn-rl] step=19531 episode=300 return=49.0 length=49 loss=108.8510513305664 cases=None
[nnknn-rl][eval] step=19531 mean_return=346.05 max_return=500.00
[nnknn-rl] step=20273 episode=310 return=31.0 length=31 loss=None cases=None
[nnknn-rl] step=22063 episode=320 return=67.0 length=67 loss=105.05089569091797 cases=None
[nnknn-rl] step=23577 episode=330 return=119.0 length=119 loss=None cases=None
[nnknn-rl] step=25448 episode=340 return=264.0 length=264 loss=111.23388671875 cases=None
[nnknn-rl] step=27400 episode=350 return=78.0 length=78 loss=None cases=None
[nnknn-rl] step=29613 episode=360 return=134.0 length=134 loss=105.46665954589844 cases=None
[nnknn-rl] step=32016 episode=370 return=182.0 length=182 loss=None cases=None
[nnknn-rl] step=34711 episode=380 return=496.0 length=496 loss=116.99664306640625 cases=None
[nnknn-rl] step=36847 episode=390 return=208.0 length=208 loss=None cases=None
[nnknn-rl][critic-holdout] step=38816 episodes=400 mse=715.8428 explained_variance=0.3443
[nnknn-rl] step=38816 episode=400 return=166.0 length=166 loss=73.74150848388672 cases=None
[nnknn-rl][eval] step=38816 mean_return=250.05 max_return=310.00
[nnknn-rl] step=40907 episode=410 return=390.0 length=390 loss=None cases=None
[nnknn-rl] step=43225 episode=420 return=309.0 length=309 loss=114.2896957397461 cases=None
[nnknn-rl] step=45274 episode=430 return=85.0 length=85 loss=None cases=None
[nnknn-rl] step=47950 episode=440 return=181.0 length=181 loss=110.0241928100586 cases=None
[nnknn-rl] step=50991 episode=450 return=182.0 length=182 loss=None cases=None
[nnknn-rl] step=53359 episode=460 return=154.0 length=154 loss=107.71078491210938 cases=None
[nnknn-rl] step=55961 episode=470 return=436.0 length=436 loss=None cases=None
[nnknn-rl] step=58500 episode=480 return=37.0 length=37 loss=101.31211853027344 cases=None
[nnknn-rl] step=61478 episode=490 return=100.0 length=100 loss=None cases=None
[nnknn-rl][critic-holdout] step=64614 episodes=500 mse=1713.7360 explained_variance=0.1786
[nnknn-rl] step=64614 episode=500 return=419.0 length=419 loss=115.56890106201172 cases=None
[nnknn-rl][eval] step=64614 mean_return=497.25 max_return=500.00
[nnknn-rl] step=67978 episode=510 return=295.0 length=295 loss=None cases=None
[nnknn-rl] step=71221 episode=520 return=298.0 length=298 loss=85.77297973632812 cases=None
[nnknn-rl] step=74023 episode=530 return=248.0 length=248 loss=None cases=None
[nnknn-rl] step=76969 episode=540 return=293.0 length=293 loss=91.37298583984375 cases=None
[nnknn-rl] step=79845 episode=550 return=221.0 length=221 loss=None cases=None
[nnknn-rl] step=82094 episode=560 return=252.0 length=252 loss=63.793724060058594 cases=None
[nnknn-rl] step=83636 episode=570 return=130.0 length=130 loss=None cases=None
[nnknn-rl] step=85719 episode=580 return=266.0 length=266 loss=62.45520782470703 cases=None
[nnknn-rl] step=88061 episode=590 return=192.0 length=192 loss=None cases=None
[nnknn-rl][critic-holdout] step=90779 episodes=600 mse=1273.7047 explained_variance=0.1913
[nnknn-rl] step=90779 episode=600 return=122.0 length=122 loss=72.28850555419922 cases=None
[nnknn-rl][eval] step=90779 mean_return=358.80 max_return=500.00
[nnknn-rl] step=93478 episode=610 return=500.0 length=500 loss=None cases=None
[nnknn-rl] step=97054 episode=620 return=157.0 length=157 loss=95.485595703125 cases=None
[nnknn-rl] step=100480 episode=630 return=245.0 length=245 loss=None cases=None
[nnknn-rl] step=103618 episode=640 return=341.0 length=341 loss=72.12908172607422 cases=None
[nnknn-rl] step=106776 episode=650 return=180.0 length=180 loss=None cases=None
[nnknn-rl] step=109771 episode=660 return=299.0 length=299 loss=74.11027526855469 cases=None
[nnknn-rl] step=113530 episode=670 return=500.0 length=500 loss=None cases=None
[nnknn-rl] step=116802 episode=680 return=499.0 length=499 loss=76.68559265136719 cases=None
[nnknn-rl] step=119482 episode=690 return=252.0 length=252 loss=None cases=None
[nnknn-rl][critic-holdout] step=122199 episodes=700 mse=1475.5902 explained_variance=0.3223
[nnknn-rl] step=122199 episode=700 return=149.0 length=149 loss=56.49828338623047 cases=None
[nnknn-rl][eval] step=122199 mean_return=457.05 max_return=500.00
[nnknn-rl] step=125547 episode=710 return=219.0 length=219 loss=None cases=None
[nnknn-rl] step=129523 episode=720 return=500.0 length=500 loss=70.94435119628906 cases=None
[nnknn-rl] step=133486 episode=730 return=159.0 length=159 loss=None cases=None
[nnknn-rl] step=137004 episode=740 return=248.0 length=248 loss=79.28614044189453 cases=None
[nnknn-rl] step=141338 episode=750 return=500.0 length=500 loss=None cases=None
[nnknn-rl] step=144572 episode=760 return=306.0 length=306 loss=66.88174438476562 cases=None
[nnknn-rl] step=147994 episode=770 return=394.0 length=394 loss=None cases=None
[nnknn-rl] finished profile=fast mean_eval_return=497.25 passed=True run_dir=results/rl/nnknn_rl_cartpole_20260820_075536_796147
{
  "task": "cartpole",
  "env_id": "CartPole-v1",
  "profile": "fast",
  "seed": 0,
  "total_timesteps": 150000,
  "configured_total_timesteps": 150000,
  "actual_timesteps": 150000,
  "eval_episodes": 20,
  "success_threshold": 475.0,
  "passed": true,
  "algorithm": "nnknn_actor_critic_separate_memory_gae",
  "actor_type": "mlp",
  "critic_type": "nnknn",
  "architecture": {
    "separate_case_bases": true,
    "shared_nnknn_representation": false,
    "critic_target_shared_case_store": true,
    "actor_case_insertion": "raw_positive_advantage_only"
  },
  "gae": {
    "gamma": 0.99,
    "gae_lambda": 0.95,
    "advantage_clip": 5.0
  },
  "exploration": {
    "mode": "standard_stochastic_policy",
    "applies_to_actor": false,
    "initial_epsilon": 0.0,
    "final_epsilon": 0.0,
    "fraction": 0.5,
    "final_step_epsilon": 0.0,
    "readiness": {
      "min_case_entries": 32,
      "min_cases_per_action": 8
    }
  },
  "final_eval": {
    "episodes": 20,
    "seed": 10000,
    "mean_return": 497.25,
    "std_return": 11.986971855163574,
    "min_return": 445.0,
    "max_return": 500.0,
    "mean_length": 497.25
  },
  "last_eval": {
    "episodes": 20,
    "seed": 10000,
    "mean_return": 357.1499938964844,
    "std_return": 44.491878509521484,
    "min_return": 238.0,
    "max_return": 444.0,
    "mean_length": 357.1499938964844
  },
  "selected_step": 64614,
  "selected_source": "best_eval",
  "training_efficiency": {
    "best_model_step": 64614,
    "best_model_training_fraction": 0.43076,
    "first_success_step": 64614,
    "first_success_training_fraction": 0.43076,
    "best_minus_last_return": 140.10000610351562,
    "budget_interpretation": "regressed_after_best"
  },
  "early_stopping": {
    "enabled": true,
    "patience": 30,
    "min_delta": 1.0,
    "min_steps": 25000,
    "target_score": 500.0,
    "best_mean_return": 497.25,
    "evaluations": 7,
    "evaluations_without_improvement": 2,
    "stopped_early": false,
    "stopping_reason": "budget_exhausted",
    "stopping_step": 150000
  },
  "case_entries": null,
  "critic_case_entries": 463,
  "action_counts": null,
  "cases_pruned": 12235,
  "cases_replaced": 137265,
  "actor_cases_pruned": 0,
  "actor_cases_replaced": 0,
  "critic_cases_pruned": 12235,
  "critic_cases_replaced": 137265,
  "critic_label_updates": 0,
  "critic_label_update_samples": 0,
  "partial_rollout_segments": 1,
  "partial_rollout_samples": 261,
  "critic_target_enabled": true,
  "critic_target_value_mode": "ema",
  "critic_target_sync_interval": 4,
  "critic_target_ema_tau": 0.05,
  "critic_target_value_syncs": 49,
  "critic_holdout_evaluations": 7,
  "latest_critic_holdout": {
    "global_step": 122199,
    "completed_episodes": 700,
    "diagnostic_index": 7,
    "critic_holdout_mse": 1475.5902099609375,
    "critic_holdout_explained_variance": 0.32234108448028564,
    "critic_holdout_value_mean": 43.22418212890625,
    "critic_holdout_target_mean": 75.9432601928711,
    "critic_holdout_samples": 1769,
    "critic_holdout_episodes": 5,
    "critic_holdout_environment_steps": 1769,
    "critic_holdout_mean_episode_return": 353.8,
    "critic_holdout_mean_episode_length": 353.8,
    "critic_holdout_behavior_epsilon": 0.0,
    "critic_holdout_truncated_bootstraps": 1,
    "critic_holdout_target_method": "discounted_monte_carlo_with_truncation_bootstrap",
    "critic_holdout_bootstrap_source": "target_value_model",
    "critic_holdout_seed": 30030
  },
  "run_dir": "results/rl/nnknn_rl_cartpole_20260820_075536_796147"
}
Checkpoint: results/rl/nnknn_rl_cartpole_20260820_075536_796147/checkpoint.pt
