cases trainable: False
labels trainable: False
Enforcing normalize_over_cases = True for regression task.
[nnknn-rl] step=32 episode=1 return=32.0 length=32 loss=None cases=None
[nnknn-rl] step=58 episode=2 return=26.0 length=26 loss=None cases=None
[nnknn-rl] step=116 episode=3 return=58.0 length=58 loss=None cases=None
[nnknn-rl] step=139 episode=4 return=23.0 length=23 loss=125.43025207519531 cases=None
[nnknn-rl] step=155 episode=5 return=16.0 length=16 loss=None cases=None
[nnknn-rl] step=245 episode=10 return=17.0 length=17 loss=None cases=None
[nnknn-rl] step=443 episode=20 return=24.0 length=24 loss=12.777170181274414 cases=None
[nnknn-rl] step=724 episode=30 return=25.0 length=25 loss=None cases=None
[nnknn-rl] step=1004 episode=40 return=21.0 length=21 loss=39.650814056396484 cases=None
[nnknn-rl] step=1375 episode=50 return=17.0 length=17 loss=None cases=None
[nnknn-rl] step=1728 episode=60 return=52.0 length=52 loss=74.73402404785156 cases=None
[nnknn-rl] step=2057 episode=70 return=22.0 length=22 loss=None cases=None
[nnknn-rl] step=2345 episode=80 return=20.0 length=20 loss=35.92780303955078 cases=None
[nnknn-rl] step=2612 episode=90 return=45.0 length=45 loss=None cases=None
[nnknn-rl][critic-holdout] step=3002 episodes=100 mse=148.3576 explained_variance=0.3038
[nnknn-rl] step=3002 episode=100 return=36.0 length=36 loss=22.568025588989258 cases=None
[nnknn-rl][eval] step=3002 mean_return=78.35 max_return=132.00
[nnknn-rl] step=3453 episode=110 return=45.0 length=45 loss=None cases=None
[nnknn-rl] step=3754 episode=120 return=20.0 length=20 loss=35.7119026184082 cases=None
[nnknn-rl] step=4241 episode=130 return=17.0 length=17 loss=None cases=None
[nnknn-rl] step=4774 episode=140 return=81.0 length=81 loss=107.75484466552734 cases=None
[nnknn-rl] step=5169 episode=150 return=16.0 length=16 loss=None cases=None
[nnknn-rl] step=5730 episode=160 return=64.0 length=64 loss=52.138832092285156 cases=None
[nnknn-rl] step=6269 episode=170 return=97.0 length=97 loss=None cases=None
[nnknn-rl] step=6777 episode=180 return=62.0 length=62 loss=80.48920440673828 cases=None
[nnknn-rl] step=7600 episode=190 return=60.0 length=60 loss=None cases=None
[nnknn-rl][critic-holdout] step=8408 episodes=200 mse=70.4645 explained_variance=0.4638
[nnknn-rl] step=8408 episode=200 return=60.0 length=60 loss=101.16921997070312 cases=None
[nnknn-rl][eval] step=8408 mean_return=213.50 max_return=428.00
[nnknn-rl] step=9299 episode=210 return=155.0 length=155 loss=None cases=None
[nnknn-rl] step=10202 episode=220 return=34.0 length=34 loss=69.76702117919922 cases=None
[nnknn-rl] step=11061 episode=230 return=37.0 length=37 loss=None cases=None
[nnknn-rl] step=11814 episode=240 return=53.0 length=53 loss=83.26978302001953 cases=None
[nnknn-rl] step=13064 episode=250 return=106.0 length=106 loss=None cases=None
[nnknn-rl] step=14110 episode=260 return=77.0 length=77 loss=103.48262023925781 cases=None
[nnknn-rl] step=15400 episode=270 return=169.0 length=169 loss=None cases=None
[nnknn-rl] step=16641 episode=280 return=66.0 length=66 loss=101.56709289550781 cases=None
[nnknn-rl] step=18107 episode=290 return=214.0 length=214 loss=None cases=None
[nnknn-rl][critic-holdout] step=19182 episodes=300 mse=1039.0157 explained_variance=0.1130
[nnknn-rl] step=19182 episode=300 return=129.0 length=129 loss=101.14324188232422 cases=None
[nnknn-rl][eval] step=19182 mean_return=316.85 max_return=427.00
[nnknn-rl] step=21153 episode=310 return=177.0 length=177 loss=None cases=None
[nnknn-rl] step=22333 episode=320 return=112.0 length=112 loss=116.36822509765625 cases=None
[nnknn-rl] step=23612 episode=330 return=61.0 length=61 loss=None cases=None
[nnknn-rl] step=25483 episode=340 return=199.0 length=199 loss=76.33538818359375 cases=None
[nnknn-rl] step=26758 episode=350 return=93.0 length=93 loss=None cases=None
[nnknn-rl] step=28488 episode=360 return=210.0 length=210 loss=98.69080352783203 cases=None
[nnknn-rl] step=30268 episode=370 return=237.0 length=237 loss=None cases=None
[nnknn-rl] step=32023 episode=380 return=89.0 length=89 loss=86.79817962646484 cases=None
[nnknn-rl] step=33766 episode=390 return=181.0 length=181 loss=None cases=None
[nnknn-rl][critic-holdout] step=36233 episodes=400 mse=555.0267 explained_variance=0.4887
[nnknn-rl] step=36233 episode=400 return=222.0 length=222 loss=72.23582458496094 cases=None
[nnknn-rl][eval] step=36233 mean_return=334.20 max_return=500.00
[nnknn-rl] step=38734 episode=410 return=175.0 length=175 loss=None cases=None
[nnknn-rl] step=41126 episode=420 return=306.0 length=306 loss=71.64366912841797 cases=None
[nnknn-rl] step=42960 episode=430 return=329.0 length=329 loss=None cases=None
[nnknn-rl] step=45180 episode=440 return=212.0 length=212 loss=51.837974548339844 cases=None
[nnknn-rl] step=47854 episode=450 return=500.0 length=500 loss=None cases=None
[nnknn-rl] step=50791 episode=460 return=263.0 length=263 loss=58.65214920043945 cases=None
[nnknn-rl] step=53169 episode=470 return=163.0 length=163 loss=None cases=None
[nnknn-rl] step=55525 episode=480 return=309.0 length=309 loss=81.67266845703125 cases=None
[nnknn-rl] step=57812 episode=490 return=293.0 length=293 loss=None cases=None
[nnknn-rl][critic-holdout] step=60187 episodes=500 mse=928.0115 explained_variance=0.3914
[nnknn-rl] step=60187 episode=500 return=107.0 length=107 loss=52.84699630737305 cases=None
[nnknn-rl][eval] step=60187 mean_return=384.85 max_return=500.00
[nnknn-rl] step=62858 episode=510 return=243.0 length=243 loss=None cases=None
[nnknn-rl] step=65337 episode=520 return=330.0 length=330 loss=34.6558723449707 cases=None
[nnknn-rl] step=67912 episode=530 return=209.0 length=209 loss=None cases=None
[nnknn-rl] step=71117 episode=540 return=226.0 length=226 loss=41.122371673583984 cases=None
[nnknn-rl] step=74223 episode=550 return=441.0 length=441 loss=None cases=None
[nnknn-rl] step=77428 episode=560 return=500.0 length=500 loss=48.06787109375 cases=None
[nnknn-rl] step=80562 episode=570 return=500.0 length=500 loss=None cases=None
[nnknn-rl] step=83704 episode=580 return=267.0 length=267 loss=45.22993850708008 cases=None
[nnknn-rl] step=86324 episode=590 return=307.0 length=307 loss=None cases=None
[nnknn-rl][critic-holdout] step=89292 episodes=600 mse=1251.4973 explained_variance=0.1473
[nnknn-rl] step=89292 episode=600 return=369.0 length=369 loss=45.697078704833984 cases=None
[nnknn-rl][eval] step=89292 mean_return=481.60 max_return=500.00
[nnknn-rl] step=92571 episode=610 return=328.0 length=328 loss=None cases=None
[nnknn-rl] step=95781 episode=620 return=285.0 length=285 loss=23.194089889526367 cases=None
[nnknn-rl] step=98639 episode=630 return=332.0 length=332 loss=None cases=None
[nnknn-rl] step=101671 episode=640 return=295.0 length=295 loss=51.48614501953125 cases=None
[nnknn-rl] step=104700 episode=650 return=409.0 length=409 loss=None cases=None
[nnknn-rl] step=108280 episode=660 return=453.0 length=453 loss=44.0968017578125 cases=None
[nnknn-rl] step=111627 episode=670 return=259.0 length=259 loss=None cases=None
[nnknn-rl] step=115130 episode=680 return=334.0 length=334 loss=35.00790023803711 cases=None
[nnknn-rl] step=118268 episode=690 return=287.0 length=287 loss=None cases=None
[nnknn-rl][critic-holdout] step=121565 episodes=700 mse=1022.5645 explained_variance=0.5919
[nnknn-rl] step=121565 episode=700 return=274.0 length=274 loss=37.02931594848633 cases=None
[nnknn-rl][eval] step=121565 mean_return=483.95 max_return=500.00
[nnknn-rl] step=125190 episode=710 return=500.0 length=500 loss=None cases=None
[nnknn-rl] step=128834 episode=720 return=452.0 length=452 loss=28.208702087402344 cases=None
[nnknn-rl] step=132329 episode=730 return=291.0 length=291 loss=None cases=None
[nnknn-rl] step=135901 episode=740 return=435.0 length=435 loss=25.032472610473633 cases=None
[nnknn-rl] step=139705 episode=750 return=500.0 length=500 loss=None cases=None
[nnknn-rl] step=143491 episode=760 return=417.0 length=417 loss=43.7517204284668 cases=None
[nnknn-rl] step=147240 episode=770 return=329.0 length=329 loss=None cases=None
[nnknn-rl] finished profile=fast mean_eval_return=498.50 passed=True run_dir=results/rl/nnknn_rl_cartpole_20260820_075536_786053
{
  "task": "cartpole",
  "env_id": "CartPole-v1",
  "profile": "fast",
  "seed": 0,
  "total_timesteps": 150000,
  "configured_total_timesteps": 150000,
  "actual_timesteps": 150000,
  "eval_episodes": 20,
  "success_threshold": 475.0,
  "passed": true,
  "algorithm": "nnknn_actor_critic_separate_memory_gae",
  "actor_type": "mlp",
  "critic_type": "nnknn",
  "architecture": {
    "separate_case_bases": true,
    "shared_nnknn_representation": false,
    "critic_target_shared_case_store": true,
    "actor_case_insertion": "raw_positive_advantage_only"
  },
  "gae": {
    "gamma": 0.99,
    "gae_lambda": 0.95,
    "advantage_clip": 5.0
  },
  "exploration": {
    "mode": "standard_stochastic_policy",
    "applies_to_actor": false,
    "initial_epsilon": 0.0,
    "final_epsilon": 0.0,
    "fraction": 0.5,
    "final_step_epsilon": 0.0,
    "readiness": {
      "min_case_entries": 32,
      "min_cases_per_action": 8
    }
  },
  "final_eval": {
    "episodes": 20,
    "seed": 10000,
    "mean_return": 498.5,
    "std_return": 6.538348197937012,
    "min_return": 470.0,
    "max_return": 500.0,
    "mean_length": 498.5
  },
  "last_eval": {
    "episodes": 20,
    "seed": 10000,
    "mean_return": 498.5,
    "std_return": 6.538348197937012,
    "min_return": 470.0,
    "max_return": 500.0,
    "mean_length": 498.5
  },
  "selected_step": 150000,
  "selected_source": "final",
  "training_efficiency": {
    "best_model_step": 150000,
    "best_model_training_fraction": 1.0,
    "first_success_step": 89292,
    "first_success_training_fraction": 0.59528,
    "best_minus_last_return": 0.0,
    "budget_interpretation": "final_is_best_check_for_underfit"
  },
  "early_stopping": {
    "enabled": true,
    "patience": 30,
    "min_delta": 1.0,
    "min_steps": 25000,
    "target_score": 500.0,
    "best_mean_return": 483.95001220703125,
    "evaluations": 7,
    "evaluations_without_improvement": 0,
    "stopped_early": false,
    "stopping_reason": "budget_exhausted",
    "stopping_step": 150000
  },
  "case_entries": null,
  "critic_case_entries": 500,
  "action_counts": null,
  "cases_pruned": 8378,
  "cases_replaced": 131351,
  "actor_cases_pruned": 0,
  "actor_cases_replaced": 0,
  "critic_cases_pruned": 8378,
  "critic_cases_replaced": 131351,
  "critic_label_updates": 1887,
  "critic_label_update_samples": 9771,
  "partial_rollout_segments": 1,
  "partial_rollout_samples": 101,
  "critic_target_enabled": true,
  "critic_target_value_mode": "ema",
  "critic_target_sync_interval": 4,
  "critic_target_ema_tau": 0.05,
  "critic_target_value_syncs": 49,
  "critic_holdout_evaluations": 7,
  "latest_critic_holdout": {
    "global_step": 121565,
    "completed_episodes": 700,
    "diagnostic_index": 7,
    "critic_holdout_mse": 1022.564453125,
    "critic_holdout_explained_variance": 0.5919189453125,
    "critic_holdout_value_mean": 50.785667419433594,
    "critic_holdout_target_mean": 78.89398193359375,
    "critic_holdout_samples": 2110,
    "critic_holdout_episodes": 5,
    "critic_holdout_environment_steps": 2110,
    "critic_holdout_mean_episode_return": 422.0,
    "critic_holdout_mean_episode_length": 422.0,
    "critic_holdout_behavior_epsilon": 0.0,
    "critic_holdout_truncated_bootstraps": 1,
    "critic_holdout_target_method": "discounted_monte_carlo_with_truncation_bootstrap",
    "critic_holdout_bootstrap_source": "target_value_model",
    "critic_holdout_seed": 30030
  },
  "run_dir": "results/rl/nnknn_rl_cartpole_20260820_075536_786053"
}
Checkpoint: results/rl/nnknn_rl_cartpole_20260820_075536_786053/checkpoint.pt
