cases trainable: False
labels trainable: False
cases trainable: False
labels trainable: False
Enforcing normalize_over_cases = True for regression task.
[nnknn-rl] step=18 episode=1 return=18.0 length=18 loss=None cases=0
[nnknn-rl] step=32 episode=2 return=14.0 length=14 loss=None cases=0
[nnknn-rl] step=44 episode=3 return=12.0 length=12 loss=None cases=0
[nnknn-rl] step=62 episode=4 return=18.0 length=18 loss=49.5064582824707 cases=62
[nnknn-rl] step=87 episode=5 return=25.0 length=25 loss=None cases=62
[nnknn-rl] step=212 episode=10 return=35.0 length=35 loss=None cases=138
[nnknn-rl] step=399 episode=20 return=36.0 length=36 loss=24.026826858520508 cases=249
[nnknn-rl] step=695 episode=30 return=20.0 length=20 loss=None cases=360
[nnknn-rl] step=921 episode=40 return=14.0 length=14 loss=30.89148712158203 cases=476
[nnknn-rl] step=1172 episode=50 return=20.0 length=20 loss=None cases=490
[nnknn-rl] step=1372 episode=60 return=22.0 length=22 loss=12.408539772033691 cases=481
[nnknn-rl] step=1543 episode=70 return=25.0 length=25 loss=None cases=493
[nnknn-rl] step=1792 episode=80 return=14.0 length=14 loss=16.665109634399414 cases=477
[nnknn-rl] step=2058 episode=90 return=41.0 length=41 loss=None cases=488
[nnknn-rl][critic-holdout] step=2296 episodes=100 mse=217.2328 explained_variance=0.1847
[nnknn-rl] step=2296 episode=100 return=28.0 length=28 loss=41.40339279174805 cases=490
[nnknn-rl][eval] step=2296 mean_return=255.00 max_return=500.00
[nnknn-rl] step=2500 episode=110 return=23.0 length=23 loss=None cases=489
[nnknn-rl] step=2727 episode=120 return=18.0 length=18 loss=19.799922943115234 cases=489
[nnknn-rl] step=2931 episode=130 return=19.0 length=19 loss=None cases=486
[nnknn-rl] step=3113 episode=140 return=32.0 length=32 loss=14.949002265930176 cases=484
[nnknn-rl] step=3365 episode=150 return=19.0 length=19 loss=None cases=500
[nnknn-rl] step=3591 episode=160 return=15.0 length=15 loss=9.88824462890625 cases=493
[nnknn-rl] step=3923 episode=170 return=29.0 length=29 loss=None cases=500
[nnknn-rl] step=4210 episode=180 return=79.0 length=79 loss=72.04491424560547 cases=500
[nnknn-rl] step=4482 episode=190 return=40.0 length=40 loss=None cases=500
[nnknn-rl][critic-holdout] step=4816 episodes=200 mse=27.0225 explained_variance=0.6061
[nnknn-rl] step=4816 episode=200 return=112.0 length=112 loss=106.6212158203125 cases=500
[nnknn-rl][eval] step=4816 mean_return=396.25 max_return=500.00
[nnknn-rl] step=5073 episode=210 return=21.0 length=21 loss=None cases=500
[nnknn-rl] step=5330 episode=220 return=20.0 length=20 loss=16.126911163330078 cases=500
[nnknn-rl] step=5556 episode=230 return=25.0 length=25 loss=None cases=500
[nnknn-rl] step=5837 episode=240 return=23.0 length=23 loss=44.248199462890625 cases=500
[nnknn-rl] step=6108 episode=250 return=33.0 length=33 loss=None cases=500
[nnknn-rl] step=6375 episode=260 return=26.0 length=26 loss=19.30457305908203 cases=500
[nnknn-rl] step=6637 episode=270 return=14.0 length=14 loss=None cases=500
[nnknn-rl] step=6903 episode=280 return=26.0 length=26 loss=20.8245906829834 cases=500
[nnknn-rl] step=7144 episode=290 return=12.0 length=12 loss=None cases=500
[nnknn-rl][critic-holdout] step=7420 episodes=300 mse=47.2659 explained_variance=0.2493
[nnknn-rl] step=7420 episode=300 return=14.0 length=14 loss=78.43317413330078 cases=500
[nnknn-rl][eval] step=7420 mean_return=483.10 max_return=500.00
[nnknn-rl] step=7662 episode=310 return=24.0 length=24 loss=None cases=500
[nnknn-rl] step=7919 episode=320 return=12.0 length=12 loss=18.247831344604492 cases=500
[nnknn-rl] step=8317 episode=330 return=20.0 length=20 loss=None cases=500
[nnknn-rl] step=8647 episode=340 return=35.0 length=35 loss=32.34246063232422 cases=500
[nnknn-rl] step=8934 episode=350 return=38.0 length=38 loss=None cases=500
[nnknn-rl] step=9219 episode=360 return=62.0 length=62 loss=64.19523620605469 cases=500
[nnknn-rl] step=9649 episode=370 return=57.0 length=57 loss=None cases=500
[nnknn-rl] step=10025 episode=380 return=34.0 length=34 loss=20.64151954650879 cases=500
[nnknn-rl] step=10359 episode=390 return=14.0 length=14 loss=None cases=500
[nnknn-rl][critic-holdout] step=10733 episodes=400 mse=40.8639 explained_variance=0.3665
[nnknn-rl] step=10733 episode=400 return=60.0 length=60 loss=44.467769622802734 cases=500
[nnknn-rl][eval] step=10733 mean_return=391.25 max_return=500.00
[nnknn-rl] step=11085 episode=410 return=52.0 length=52 loss=None cases=500
[nnknn-rl] step=11407 episode=420 return=34.0 length=34 loss=37.75264358520508 cases=500
[nnknn-rl] step=11796 episode=430 return=16.0 length=16 loss=None cases=500
[nnknn-rl] step=12104 episode=440 return=17.0 length=17 loss=67.96810913085938 cases=500
[nnknn-rl] step=12364 episode=450 return=39.0 length=39 loss=None cases=500
[nnknn-rl] step=12587 episode=460 return=19.0 length=19 loss=30.5859375 cases=476
[nnknn-rl] step=12936 episode=470 return=58.0 length=58 loss=None cases=500
[nnknn-rl] step=13182 episode=480 return=54.0 length=54 loss=45.67071533203125 cases=500
[nnknn-rl] step=13498 episode=490 return=41.0 length=41 loss=None cases=500
[nnknn-rl][critic-holdout] step=13842 episodes=500 mse=115.4024 explained_variance=0.2838
[nnknn-rl] step=13842 episode=500 return=61.0 length=61 loss=69.71975708007812 cases=500
[nnknn-rl][eval] step=13842 mean_return=325.55 max_return=500.00
[nnknn-rl] step=14184 episode=510 return=29.0 length=29 loss=None cases=500
[nnknn-rl] step=14448 episode=520 return=13.0 length=13 loss=77.26029968261719 cases=500
[nnknn-rl] step=14896 episode=530 return=25.0 length=25 loss=None cases=482
[nnknn-rl] step=15232 episode=540 return=58.0 length=58 loss=57.854408264160156 cases=500
[nnknn-rl] step=15548 episode=550 return=57.0 length=57 loss=None cases=500
[nnknn-rl] step=15834 episode=560 return=22.0 length=22 loss=46.123329162597656 cases=500
[nnknn-rl] step=16221 episode=570 return=49.0 length=49 loss=None cases=500
[nnknn-rl] step=16506 episode=580 return=21.0 length=21 loss=32.330379486083984 cases=480
[nnknn-rl] step=16888 episode=590 return=54.0 length=54 loss=None cases=500
[nnknn-rl][critic-holdout] step=17343 episodes=600 mse=68.6462 explained_variance=0.3163
[nnknn-rl] step=17343 episode=600 return=13.0 length=13 loss=59.00186538696289 cases=500
[nnknn-rl][eval] step=17343 mean_return=426.15 max_return=500.00
[nnknn-rl] step=17848 episode=610 return=28.0 length=28 loss=None cases=500
[nnknn-rl] step=18185 episode=620 return=13.0 length=13 loss=37.462867736816406 cases=500
[nnknn-rl] step=18570 episode=630 return=15.0 length=15 loss=None cases=500
[nnknn-rl] step=18807 episode=640 return=36.0 length=36 loss=40.01005935668945 cases=500
[nnknn-rl] step=19304 episode=650 return=54.0 length=54 loss=None cases=500
[nnknn-rl] step=19635 episode=660 return=16.0 length=16 loss=33.50224685668945 cases=500
[nnknn-rl] step=19949 episode=670 return=28.0 length=28 loss=None cases=500
[nnknn-rl] step=20321 episode=680 return=45.0 length=45 loss=49.687076568603516 cases=500
[nnknn-rl] step=20872 episode=690 return=33.0 length=33 loss=None cases=500
[nnknn-rl][critic-holdout] step=21360 episodes=700 mse=515.6426 explained_variance=0.2714
[nnknn-rl] step=21360 episode=700 return=12.0 length=12 loss=70.92959594726562 cases=500
[nnknn-rl][eval] step=21360 mean_return=453.00 max_return=500.00
[nnknn-rl] step=21997 episode=710 return=68.0 length=68 loss=None cases=496
[nnknn-rl] step=22311 episode=720 return=11.0 length=11 loss=34.6780891418457 cases=500
[nnknn-rl] step=22857 episode=730 return=36.0 length=36 loss=None cases=500
[nnknn-rl] step=23225 episode=740 return=18.0 length=18 loss=92.02603912353516 cases=500
[nnknn-rl] step=23564 episode=750 return=15.0 length=15 loss=None cases=500
[nnknn-rl] step=23995 episode=760 return=149.0 length=149 loss=98.93939208984375 cases=500
[nnknn-rl] step=24337 episode=770 return=46.0 length=46 loss=None cases=500
[nnknn-rl] step=24877 episode=780 return=94.0 length=94 loss=75.28743743896484 cases=500
[nnknn-rl] step=25300 episode=790 return=66.0 length=66 loss=None cases=500
[nnknn-rl][critic-holdout] step=25871 episodes=800 mse=242.1597 explained_variance=0.1194
[nnknn-rl] step=25871 episode=800 return=52.0 length=52 loss=99.0571060180664 cases=500
[nnknn-rl][eval] step=25871 mean_return=303.65 max_return=500.00
[nnknn-rl] step=26477 episode=810 return=50.0 length=50 loss=None cases=500
[nnknn-rl] step=26848 episode=820 return=14.0 length=14 loss=56.551937103271484 cases=500
[nnknn-rl] step=27346 episode=830 return=51.0 length=51 loss=None cases=500
[nnknn-rl] step=28158 episode=840 return=41.0 length=41 loss=86.5071029663086 cases=500
[nnknn-rl] step=28619 episode=850 return=43.0 length=43 loss=None cases=500
[nnknn-rl] step=29320 episode=860 return=93.0 length=93 loss=95.9872055053711 cases=480
[nnknn-rl] step=30128 episode=870 return=80.0 length=80 loss=None cases=500
[nnknn-rl] step=30776 episode=880 return=107.0 length=107 loss=106.67724609375 cases=489
[nnknn-rl] step=31416 episode=890 return=50.0 length=50 loss=None cases=500
[nnknn-rl][critic-holdout] step=32027 episodes=900 mse=605.6604 explained_variance=0.1097
[nnknn-rl] step=32027 episode=900 return=41.0 length=41 loss=108.61328887939453 cases=473
[nnknn-rl][eval] step=32027 mean_return=495.55 max_return=500.00
[nnknn-rl] step=32613 episode=910 return=64.0 length=64 loss=None cases=500
[nnknn-rl] step=33621 episode=920 return=183.0 length=183 loss=118.03795623779297 cases=500
[nnknn-rl] step=34776 episode=930 return=114.0 length=114 loss=None cases=500
[nnknn-rl] step=35600 episode=940 return=72.0 length=72 loss=80.51594543457031 cases=500
[nnknn-rl] step=35979 episode=950 return=14.0 length=14 loss=None cases=493
[nnknn-rl] step=36890 episode=960 return=55.0 length=55 loss=111.09306335449219 cases=498
[nnknn-rl] step=37673 episode=970 return=76.0 length=76 loss=None cases=500
[nnknn-rl] step=38685 episode=980 return=67.0 length=67 loss=108.234619140625 cases=500
[nnknn-rl] step=39713 episode=990 return=42.0 length=42 loss=None cases=500
[nnknn-rl][critic-holdout] step=40670 episodes=1000 mse=655.9902 explained_variance=0.1203
[nnknn-rl] step=40670 episode=1000 return=18.0 length=18 loss=104.36495971679688 cases=500
[nnknn-rl][eval] step=40670 mean_return=461.00 max_return=500.00
[nnknn-rl] step=42041 episode=1010 return=112.0 length=112 loss=None cases=500
[nnknn-rl] step=43039 episode=1020 return=131.0 length=131 loss=96.075439453125 cases=468
[nnknn-rl] step=44414 episode=1030 return=140.0 length=140 loss=None cases=500
[nnknn-rl] step=45887 episode=1040 return=156.0 length=156 loss=117.07220458984375 cases=500
[nnknn-rl] step=47774 episode=1050 return=218.0 length=218 loss=None cases=500
[nnknn-rl] step=49324 episode=1060 return=62.0 length=62 loss=114.24495697021484 cases=500
[nnknn-rl] step=51512 episode=1070 return=79.0 length=79 loss=None cases=500
[nnknn-rl] step=53260 episode=1080 return=192.0 length=192 loss=112.3104248046875 cases=500
[nnknn-rl] step=55003 episode=1090 return=174.0 length=174 loss=None cases=500
[nnknn-rl][critic-holdout] step=58125 episodes=1100 mse=1031.5522 explained_variance=0.1052
[nnknn-rl] step=58125 episode=1100 return=274.0 length=274 loss=117.22346496582031 cases=500
[nnknn-rl][eval] step=58125 mean_return=353.50 max_return=500.00
[nnknn-rl] step=60363 episode=1110 return=443.0 length=443 loss=None cases=472
[nnknn-rl] step=62423 episode=1120 return=157.0 length=157 loss=119.19977569580078 cases=452
[nnknn-rl] step=65024 episode=1130 return=226.0 length=226 loss=None cases=500
[nnknn-rl] step=67197 episode=1140 return=148.0 length=148 loss=81.08484649658203 cases=500
[nnknn-rl] step=69047 episode=1150 return=111.0 length=111 loss=None cases=500
[nnknn-rl] step=71124 episode=1160 return=172.0 length=172 loss=102.08920288085938 cases=500
[nnknn-rl] step=72979 episode=1170 return=134.0 length=134 loss=None cases=500
[nnknn-rl] step=75293 episode=1180 return=133.0 length=133 loss=106.55000305175781 cases=456
[nnknn-rl] step=77435 episode=1190 return=251.0 length=251 loss=None cases=500
[nnknn-rl][critic-holdout] step=79239 episodes=1200 mse=810.9790 explained_variance=0.3887
[nnknn-rl] step=79239 episode=1200 return=147.0 length=147 loss=85.95802307128906 cases=500
[nnknn-rl][eval] step=79239 mean_return=173.85 max_return=303.00
[nnknn-rl] step=80663 episode=1210 return=147.0 length=147 loss=None cases=500
[nnknn-rl] step=82254 episode=1220 return=192.0 length=192 loss=76.3150405883789 cases=474
[nnknn-rl] step=84063 episode=1230 return=207.0 length=207 loss=None cases=500
[nnknn-rl] step=86867 episode=1240 return=243.0 length=243 loss=98.3555679321289 cases=500
[nnknn-rl] step=89758 episode=1250 return=310.0 length=310 loss=None cases=500
[nnknn-rl] step=92718 episode=1260 return=243.0 length=243 loss=89.52090454101562 cases=460
[nnknn-rl] step=95232 episode=1270 return=216.0 length=216 loss=None cases=500
[nnknn-rl] step=97227 episode=1280 return=125.0 length=125 loss=109.3733901977539 cases=500
[nnknn-rl] step=99907 episode=1290 return=357.0 length=357 loss=None cases=465
[nnknn-rl][critic-holdout] step=102847 episodes=1300 mse=1315.9911 explained_variance=0.2781
[nnknn-rl] step=102847 episode=1300 return=256.0 length=256 loss=86.65775299072266 cases=474
[nnknn-rl][eval] step=102847 mean_return=400.20 max_return=500.00
[nnknn-rl] step=105348 episode=1310 return=245.0 length=245 loss=None cases=500
[nnknn-rl] step=107777 episode=1320 return=202.0 length=202 loss=92.61315155029297 cases=475
[nnknn-rl] step=110563 episode=1330 return=289.0 length=289 loss=None cases=500
[nnknn-rl] step=113513 episode=1340 return=217.0 length=217 loss=93.01535034179688 cases=500
[nnknn-rl] step=115690 episode=1350 return=130.0 length=130 loss=None cases=500
[nnknn-rl] step=117648 episode=1360 return=173.0 length=173 loss=105.78801727294922 cases=473
[nnknn-rl] step=119764 episode=1370 return=271.0 length=271 loss=None cases=469
[nnknn-rl] step=122073 episode=1380 return=151.0 length=151 loss=91.99663543701172 cases=500
[nnknn-rl] step=124420 episode=1390 return=255.0 length=255 loss=None cases=500
[nnknn-rl][critic-holdout] step=126716 episodes=1400 mse=786.8645 explained_variance=0.4620
[nnknn-rl] step=126716 episode=1400 return=175.0 length=175 loss=80.84320831298828 cases=500
[nnknn-rl][eval] step=126716 mean_return=195.40 max_return=292.00
[nnknn-rl] step=129511 episode=1410 return=242.0 length=242 loss=None cases=500
[nnknn-rl] step=132203 episode=1420 return=348.0 length=348 loss=89.57422637939453 cases=454
[nnknn-rl] step=135037 episode=1430 return=492.0 length=492 loss=None cases=500
[nnknn-rl] step=137425 episode=1440 return=111.0 length=111 loss=125.08189392089844 cases=500
[nnknn-rl] step=139759 episode=1450 return=335.0 length=335 loss=None cases=500
[nnknn-rl] step=141824 episode=1460 return=160.0 length=160 loss=101.9678726196289 cases=500
[nnknn-rl] step=143884 episode=1470 return=103.0 length=103 loss=None cases=500
[nnknn-rl] step=145542 episode=1480 return=271.0 length=271 loss=126.53602600097656 cases=500
[nnknn-rl] step=147922 episode=1490 return=75.0 length=75 loss=None cases=500
[nnknn-rl][critic-holdout] step=149837 episodes=1500 mse=1027.9094 explained_variance=0.1620
[nnknn-rl] step=149837 episode=1500 return=182.0 length=182 loss=83.28833770751953 cases=500
[nnknn-rl][eval] step=149837 mean_return=258.40 max_return=338.00
[nnknn-rl] finished profile=fast mean_eval_return=495.55 passed=True run_dir=results/rl/nnknn_rl_cartpole_20260820_075536_795975
{
  "task": "cartpole",
  "env_id": "CartPole-v1",
  "profile": "fast",
  "seed": 0,
  "total_timesteps": 150000,
  "configured_total_timesteps": 150000,
  "actual_timesteps": 150000,
  "eval_episodes": 20,
  "success_threshold": 475.0,
  "passed": true,
  "algorithm": "nnknn_actor_critic_separate_memory_gae",
  "actor_type": "nnknn",
  "critic_type": "nnknn",
  "architecture": {
    "separate_case_bases": true,
    "shared_nnknn_representation": true,
    "critic_target_shared_case_store": true,
    "actor_case_insertion": "raw_positive_advantage_only"
  },
  "gae": {
    "gamma": 0.99,
    "gae_lambda": 0.95,
    "advantage_clip": 5.0
  },
  "exploration": {
    "mode": "epsilon_mixed_policy",
    "applies_to_actor": true,
    "initial_epsilon": 1.0,
    "final_epsilon": 0.05,
    "fraction": 0.5,
    "final_step_epsilon": 0.05,
    "readiness": {
      "min_case_entries": 32,
      "min_cases_per_action": 8
    }
  },
  "final_eval": {
    "episodes": 20,
    "seed": 10000,
    "mean_return": 495.54998779296875,
    "std_return": 11.787599563598633,
    "min_return": 451.0,
    "max_return": 500.0,
    "mean_length": 495.54998779296875
  },
  "last_eval": {
    "episodes": 20,
    "seed": 10000,
    "mean_return": 235.35000610351562,
    "std_return": 57.15966796875,
    "min_return": 172.0,
    "max_return": 373.0,
    "mean_length": 235.35000610351562
  },
  "selected_step": 32027,
  "selected_source": "best_eval",
  "training_efficiency": {
    "best_model_step": 32027,
    "best_model_training_fraction": 0.21351333333333333,
    "first_success_step": 7420,
    "first_success_training_fraction": 0.049466666666666666,
    "best_minus_last_return": 260.1999816894531,
    "budget_interpretation": "regressed_after_best"
  },
  "early_stopping": {
    "enabled": true,
    "patience": 30,
    "min_delta": 1.0,
    "min_steps": 25000,
    "target_score": 500.0,
    "best_mean_return": 495.54998779296875,
    "evaluations": 15,
    "evaluations_without_improvement": 6,
    "stopped_early": false,
    "stopping_reason": "budget_exhausted",
    "stopping_step": 150000
  },
  "case_entries": 473,
  "critic_case_entries": 500,
  "action_counts": [
    248,
    225
  ],
  "cases_pruned": 50402,
  "cases_replaced": 221530,
  "actor_cases_pruned": 31775,
  "actor_cases_replaced": 90657,
  "critic_cases_pruned": 18627,
  "critic_cases_replaced": 130873,
  "critic_label_updates": 0,
  "critic_label_update_samples": 0,
  "partial_rollout_segments": 1,
  "partial_rollout_samples": 163,
  "critic_target_enabled": true,
  "critic_target_value_mode": "ema",
  "critic_target_sync_interval": 4,
  "critic_target_ema_tau": 0.05,
  "critic_target_value_syncs": 95,
  "critic_holdout_evaluations": 15,
  "latest_critic_holdout": {
    "global_step": 149837,
    "completed_episodes": 1500,
    "diagnostic_index": 15,
    "critic_holdout_mse": 1027.909423828125,
    "critic_holdout_explained_variance": 0.1619800329208374,
    "critic_holdout_value_mean": 44.42103958129883,
    "critic_holdout_target_mean": 65.48994445800781,
    "critic_holdout_samples": 1275,
    "critic_holdout_episodes": 5,
    "critic_holdout_environment_steps": 1275,
    "critic_holdout_mean_episode_return": 255.0,
    "critic_holdout_mean_episode_length": 255.0,
    "critic_holdout_behavior_epsilon": 0.05,
    "critic_holdout_truncated_bootstraps": 0,
    "critic_holdout_target_method": "discounted_monte_carlo_with_truncation_bootstrap",
    "critic_holdout_bootstrap_source": "target_value_model",
    "critic_holdout_seed": 30070
  },
  "run_dir": "results/rl/nnknn_rl_cartpole_20260820_075536_795975"
}
Checkpoint: results/rl/nnknn_rl_cartpole_20260820_075536_795975/checkpoint.pt
