cases trainable: False
labels trainable: False
cases trainable: False
labels trainable: False
Enforcing normalize_over_cases = True for regression task.
[nnknn-rl] step=18 episode=1 return=18.0 length=18 loss=None cases=0
[nnknn-rl] step=32 episode=2 return=14.0 length=14 loss=None cases=0
[nnknn-rl] step=44 episode=3 return=12.0 length=12 loss=None cases=0
[nnknn-rl] step=62 episode=4 return=18.0 length=18 loss=49.5064582824707 cases=62
[nnknn-rl] step=87 episode=5 return=25.0 length=25 loss=None cases=62
[nnknn-rl] step=212 episode=10 return=35.0 length=35 loss=None cases=138
[nnknn-rl] step=399 episode=20 return=36.0 length=36 loss=24.02726173400879 cases=249
[nnknn-rl] step=695 episode=30 return=20.0 length=20 loss=None cases=360
[nnknn-rl] step=921 episode=40 return=14.0 length=14 loss=30.734296798706055 cases=477
[nnknn-rl] step=1172 episode=50 return=20.0 length=20 loss=None cases=493
[nnknn-rl] step=1372 episode=60 return=22.0 length=22 loss=12.898266792297363 cases=484
[nnknn-rl] step=1543 episode=70 return=25.0 length=25 loss=None cases=496
[nnknn-rl] step=1792 episode=80 return=14.0 length=14 loss=16.900362014770508 cases=478
[nnknn-rl] step=2058 episode=90 return=41.0 length=41 loss=None cases=487
[nnknn-rl][critic-holdout] step=2296 episodes=100 mse=213.3547 explained_variance=0.1754
[nnknn-rl] step=2296 episode=100 return=28.0 length=28 loss=42.14225387573242 cases=498
[nnknn-rl][eval] step=2296 mean_return=315.15 max_return=500.00
[nnknn-rl] step=2500 episode=110 return=23.0 length=23 loss=None cases=489
[nnknn-rl] step=2727 episode=120 return=18.0 length=18 loss=20.553192138671875 cases=482
[nnknn-rl] step=2931 episode=130 return=19.0 length=19 loss=None cases=487
[nnknn-rl] step=3113 episode=140 return=32.0 length=32 loss=13.958224296569824 cases=490
[nnknn-rl] step=3365 episode=150 return=19.0 length=19 loss=None cases=500
[nnknn-rl] step=3667 episode=160 return=29.0 length=29 loss=23.67266082763672 cases=500
[nnknn-rl] step=3936 episode=170 return=15.0 length=15 loss=None cases=500
[nnknn-rl] step=4193 episode=180 return=15.0 length=15 loss=36.35504150390625 cases=500
[nnknn-rl] step=4412 episode=190 return=17.0 length=17 loss=None cases=500
[nnknn-rl][critic-holdout] step=4683 episodes=200 mse=119.7435 explained_variance=0.3319
[nnknn-rl] step=4683 episode=200 return=17.0 length=17 loss=20.08646583557129 cases=500
[nnknn-rl][eval] step=4683 mean_return=495.50 max_return=500.00
[nnknn-rl] step=5010 episode=210 return=17.0 length=17 loss=None cases=500
[nnknn-rl] step=5254 episode=220 return=14.0 length=14 loss=31.22218132019043 cases=500
[nnknn-rl] step=5508 episode=230 return=54.0 length=54 loss=None cases=500
[nnknn-rl] step=5699 episode=240 return=25.0 length=25 loss=10.48497486114502 cases=500
[nnknn-rl] step=5938 episode=250 return=19.0 length=19 loss=None cases=500
[nnknn-rl] step=6184 episode=260 return=19.0 length=19 loss=27.72947120666504 cases=500
[nnknn-rl] step=6574 episode=270 return=74.0 length=74 loss=None cases=500
[nnknn-rl] step=6938 episode=280 return=52.0 length=52 loss=62.959224700927734 cases=500
[nnknn-rl] step=7283 episode=290 return=48.0 length=48 loss=None cases=482
[nnknn-rl][critic-holdout] step=7566 episodes=300 mse=43.2667 explained_variance=0.3082
[nnknn-rl] step=7566 episode=300 return=23.0 length=23 loss=75.05323028564453 cases=500
[nnknn-rl][eval] step=7566 mean_return=495.90 max_return=500.00
[nnknn-rl] step=7843 episode=310 return=27.0 length=27 loss=None cases=500
[nnknn-rl] step=8226 episode=320 return=27.0 length=27 loss=20.184568405151367 cases=500
[nnknn-rl] step=8586 episode=330 return=38.0 length=38 loss=None cases=500
[nnknn-rl] step=8835 episode=340 return=25.0 length=25 loss=30.331104278564453 cases=500
[nnknn-rl] step=9033 episode=350 return=13.0 length=13 loss=None cases=495
[nnknn-rl] step=9350 episode=360 return=25.0 length=25 loss=24.225910186767578 cases=498
[nnknn-rl] step=9654 episode=370 return=64.0 length=64 loss=None cases=500
[nnknn-rl] step=9885 episode=380 return=14.0 length=14 loss=31.529788970947266 cases=500
[nnknn-rl] step=10237 episode=390 return=55.0 length=55 loss=None cases=500
[nnknn-rl][critic-holdout] step=10519 episodes=400 mse=33.0460 explained_variance=0.5062
[nnknn-rl] step=10519 episode=400 return=49.0 length=49 loss=45.046974182128906 cases=500
[nnknn-rl][eval] step=10519 mean_return=298.80 max_return=423.00
[nnknn-rl] step=10945 episode=410 return=28.0 length=28 loss=None cases=500
[nnknn-rl] step=11359 episode=420 return=16.0 length=16 loss=26.06713104248047 cases=500
[nnknn-rl] step=11636 episode=430 return=26.0 length=26 loss=None cases=500
[nnknn-rl] step=11947 episode=440 return=20.0 length=20 loss=20.525304794311523 cases=500
[nnknn-rl] step=12227 episode=450 return=23.0 length=23 loss=None cases=500
[nnknn-rl] step=12656 episode=460 return=14.0 length=14 loss=96.57826232910156 cases=489
[nnknn-rl] step=12922 episode=470 return=17.0 length=17 loss=None cases=500
[nnknn-rl] step=13203 episode=480 return=19.0 length=19 loss=36.1362190246582 cases=500
[nnknn-rl] step=13529 episode=490 return=35.0 length=35 loss=None cases=500
[nnknn-rl][critic-holdout] step=13856 episodes=500 mse=70.2537 explained_variance=0.3858
[nnknn-rl] step=13856 episode=500 return=35.0 length=35 loss=20.706012725830078 cases=500
[nnknn-rl][eval] step=13856 mean_return=345.25 max_return=500.00
[nnknn-rl] step=14197 episode=510 return=16.0 length=16 loss=None cases=500
[nnknn-rl] step=14516 episode=520 return=68.0 length=68 loss=78.66759490966797 cases=500
[nnknn-rl] step=14896 episode=530 return=25.0 length=25 loss=None cases=500
[nnknn-rl] step=15276 episode=540 return=28.0 length=28 loss=81.83639526367188 cases=500
[nnknn-rl] step=15736 episode=550 return=20.0 length=20 loss=None cases=500
[nnknn-rl] step=16053 episode=560 return=22.0 length=22 loss=55.29109573364258 cases=500
[nnknn-rl] step=16378 episode=570 return=25.0 length=25 loss=None cases=500
[nnknn-rl] step=16578 episode=580 return=18.0 length=18 loss=36.91123962402344 cases=500
[nnknn-rl] step=16887 episode=590 return=52.0 length=52 loss=None cases=500
[nnknn-rl][critic-holdout] step=17295 episodes=600 mse=74.3757 explained_variance=0.2283
[nnknn-rl] step=17295 episode=600 return=64.0 length=64 loss=50.75212097167969 cases=500
[nnknn-rl][eval] step=17295 mean_return=312.50 max_return=500.00
[nnknn-rl] step=17556 episode=610 return=23.0 length=23 loss=None cases=500
[nnknn-rl] step=17960 episode=620 return=10.0 length=10 loss=68.26248931884766 cases=500
[nnknn-rl] step=18388 episode=630 return=15.0 length=15 loss=None cases=500
[nnknn-rl] step=18642 episode=640 return=27.0 length=27 loss=27.06760025024414 cases=500
[nnknn-rl] step=18974 episode=650 return=35.0 length=35 loss=None cases=500
[nnknn-rl] step=19257 episode=660 return=24.0 length=24 loss=32.297035217285156 cases=500
[nnknn-rl] step=19591 episode=670 return=30.0 length=30 loss=None cases=500
[nnknn-rl] step=19939 episode=680 return=19.0 length=19 loss=87.23221588134766 cases=500
[nnknn-rl] step=20394 episode=690 return=59.0 length=59 loss=None cases=500
[nnknn-rl][critic-holdout] step=20774 episodes=700 mse=467.2410 explained_variance=0.2567
[nnknn-rl] step=20774 episode=700 return=10.0 length=10 loss=71.31544494628906 cases=500
[nnknn-rl][eval] step=20774 mean_return=293.70 max_return=500.00
[nnknn-rl] step=21216 episode=710 return=68.0 length=68 loss=None cases=500
[nnknn-rl] step=21597 episode=720 return=26.0 length=26 loss=37.05453872680664 cases=500
[nnknn-rl] step=22053 episode=730 return=91.0 length=91 loss=None cases=478
[nnknn-rl] step=22477 episode=740 return=23.0 length=23 loss=77.07074737548828 cases=500
[nnknn-rl] step=22954 episode=750 return=53.0 length=53 loss=None cases=500
[nnknn-rl] step=23368 episode=760 return=19.0 length=19 loss=34.83210754394531 cases=500
[nnknn-rl] step=23744 episode=770 return=109.0 length=109 loss=None cases=500
[nnknn-rl] step=24177 episode=780 return=45.0 length=45 loss=40.53329086303711 cases=500
[nnknn-rl] step=24562 episode=790 return=16.0 length=16 loss=None cases=500
[nnknn-rl][critic-holdout] step=25038 episodes=800 mse=445.0732 explained_variance=0.0301
[nnknn-rl] step=25038 episode=800 return=64.0 length=64 loss=58.36471939086914 cases=500
[nnknn-rl][eval] step=25038 mean_return=360.50 max_return=500.00
[nnknn-rl] step=25354 episode=810 return=105.0 length=105 loss=None cases=498
[nnknn-rl] step=25803 episode=820 return=28.0 length=28 loss=53.405277252197266 cases=500
[nnknn-rl] step=26221 episode=830 return=24.0 length=24 loss=None cases=500
[nnknn-rl] step=26708 episode=840 return=91.0 length=91 loss=74.60346221923828 cases=500
[nnknn-rl] step=27229 episode=850 return=76.0 length=76 loss=None cases=500
[nnknn-rl] step=27967 episode=860 return=91.0 length=91 loss=109.65279388427734 cases=500
[nnknn-rl] step=28658 episode=870 return=43.0 length=43 loss=None cases=500
[nnknn-rl] step=29288 episode=880 return=28.0 length=28 loss=118.57325744628906 cases=500
[nnknn-rl] step=30047 episode=890 return=108.0 length=108 loss=None cases=500
[nnknn-rl][critic-holdout] step=30559 episodes=900 mse=322.3968 explained_variance=0.2804
[nnknn-rl] step=30559 episode=900 return=73.0 length=73 loss=66.01448059082031 cases=484
[nnknn-rl][eval] step=30559 mean_return=291.85 max_return=500.00
[nnknn-rl] step=31371 episode=910 return=98.0 length=98 loss=None cases=500
[nnknn-rl] step=32035 episode=920 return=105.0 length=105 loss=112.2940444946289 cases=500
[nnknn-rl] step=32568 episode=930 return=19.0 length=19 loss=None cases=500
[nnknn-rl] step=33383 episode=940 return=181.0 length=181 loss=110.83929443359375 cases=500
[nnknn-rl] step=33990 episode=950 return=141.0 length=141 loss=None cases=500
[nnknn-rl] step=34661 episode=960 return=39.0 length=39 loss=98.46405029296875 cases=500
[nnknn-rl] step=35718 episode=970 return=86.0 length=86 loss=None cases=500
[nnknn-rl] step=36493 episode=980 return=87.0 length=87 loss=93.94803619384766 cases=496
[nnknn-rl] step=37450 episode=990 return=62.0 length=62 loss=None cases=500
[nnknn-rl][critic-holdout] step=38637 episodes=1000 mse=429.0708 explained_variance=0.2565
[nnknn-rl] step=38637 episode=1000 return=131.0 length=131 loss=106.59959411621094 cases=500
[nnknn-rl][eval] step=38637 mean_return=457.85 max_return=500.00
[nnknn-rl] step=39769 episode=1010 return=103.0 length=103 loss=None cases=500
[nnknn-rl] step=40358 episode=1020 return=66.0 length=66 loss=79.50765991210938 cases=500
[nnknn-rl] step=41343 episode=1030 return=92.0 length=92 loss=None cases=500
[nnknn-rl] step=42566 episode=1040 return=88.0 length=88 loss=98.58133697509766 cases=500
[nnknn-rl] step=44082 episode=1050 return=179.0 length=179 loss=None cases=500
[nnknn-rl] step=45613 episode=1060 return=168.0 length=168 loss=100.91617584228516 cases=500
[nnknn-rl] step=47237 episode=1070 return=87.0 length=87 loss=None cases=500
[nnknn-rl] step=48544 episode=1080 return=78.0 length=78 loss=75.80750274658203 cases=500
[nnknn-rl] step=50267 episode=1090 return=287.0 length=287 loss=None cases=500
[nnknn-rl][critic-holdout] step=51918 episodes=1100 mse=1551.9368 explained_variance=0.2103
[nnknn-rl] step=51918 episode=1100 return=68.0 length=68 loss=82.51881408691406 cases=500
[nnknn-rl][eval] step=51918 mean_return=471.95 max_return=500.00
[nnknn-rl] step=53564 episode=1110 return=103.0 length=103 loss=None cases=474
[nnknn-rl] step=55206 episode=1120 return=206.0 length=206 loss=74.54135131835938 cases=462
[nnknn-rl] step=57760 episode=1130 return=500.0 length=500 loss=None cases=500
[nnknn-rl] step=59713 episode=1140 return=151.0 length=151 loss=54.475093841552734 cases=500
[nnknn-rl] step=62221 episode=1150 return=172.0 length=172 loss=None cases=477
[nnknn-rl] step=64350 episode=1160 return=269.0 length=269 loss=61.363338470458984 cases=500
[nnknn-rl] step=66832 episode=1170 return=187.0 length=187 loss=None cases=500
[nnknn-rl] step=69817 episode=1180 return=254.0 length=254 loss=70.05065155029297 cases=500
[nnknn-rl] step=72761 episode=1190 return=233.0 length=233 loss=None cases=500
[nnknn-rl][critic-holdout] step=75647 episodes=1200 mse=1543.9098 explained_variance=-0.1176
[nnknn-rl] step=75647 episode=1200 return=193.0 length=193 loss=80.10416412353516 cases=500
[nnknn-rl][eval] step=75647 mean_return=385.85 max_return=500.00
[nnknn-rl] step=78594 episode=1210 return=423.0 length=423 loss=None cases=500
[nnknn-rl] step=82259 episode=1220 return=397.0 length=397 loss=71.00210571289062 cases=500
[nnknn-rl] step=85612 episode=1230 return=500.0 length=500 loss=None cases=500
[nnknn-rl] step=88425 episode=1240 return=316.0 length=316 loss=65.82095336914062 cases=459
[nnknn-rl] step=91565 episode=1250 return=235.0 length=235 loss=None cases=500
[nnknn-rl] step=95028 episode=1260 return=459.0 length=459 loss=59.70011520385742 cases=454
[nnknn-rl] step=98119 episode=1270 return=414.0 length=414 loss=None cases=500
[nnknn-rl] step=101025 episode=1280 return=230.0 length=230 loss=72.36823272705078 cases=452
[nnknn-rl] step=104312 episode=1290 return=256.0 length=256 loss=None cases=500
[nnknn-rl][critic-holdout] step=107890 episodes=1300 mse=1177.5312 explained_variance=0.3492
[nnknn-rl] step=107890 episode=1300 return=431.0 length=431 loss=48.33986282348633 cases=500
[nnknn-rl][eval] step=107890 mean_return=280.20 max_return=379.00
[nnknn-rl] step=111225 episode=1310 return=442.0 length=442 loss=None cases=500
[nnknn-rl] step=114183 episode=1320 return=282.0 length=282 loss=56.539955139160156 cases=500
[nnknn-rl] step=117334 episode=1330 return=347.0 length=347 loss=None cases=500
[nnknn-rl] step=120141 episode=1340 return=213.0 length=213 loss=87.69149780273438 cases=500
[nnknn-rl] step=122705 episode=1350 return=333.0 length=333 loss=None cases=500
[nnknn-rl] step=125358 episode=1360 return=175.0 length=175 loss=77.55430603027344 cases=500
[nnknn-rl] step=128052 episode=1370 return=290.0 length=290 loss=None cases=500
[nnknn-rl] step=131182 episode=1380 return=229.0 length=229 loss=52.15209197998047 cases=500
[nnknn-rl] step=133510 episode=1390 return=109.0 length=109 loss=None cases=500
[nnknn-rl][critic-holdout] step=136524 episodes=1400 mse=755.1760 explained_variance=0.4220
[nnknn-rl] step=136524 episode=1400 return=318.0 length=318 loss=46.096900939941406 cases=500
[nnknn-rl][eval] step=136524 mean_return=294.15 max_return=437.00
[nnknn-rl] step=139567 episode=1410 return=230.0 length=230 loss=None cases=500
[nnknn-rl] step=142405 episode=1420 return=227.0 length=227 loss=55.51163101196289 cases=500
[nnknn-rl] step=145019 episode=1430 return=301.0 length=301 loss=None cases=500
[nnknn-rl] step=147944 episode=1440 return=178.0 length=178 loss=95.10812377929688 cases=500
[nnknn-rl] finished profile=fast mean_eval_return=495.90 passed=True run_dir=results/rl/nnknn_rl_cartpole_20260820_075536_798185
{
  "task": "cartpole",
  "env_id": "CartPole-v1",
  "profile": "fast",
  "seed": 0,
  "total_timesteps": 150000,
  "configured_total_timesteps": 150000,
  "actual_timesteps": 150000,
  "eval_episodes": 20,
  "success_threshold": 475.0,
  "passed": true,
  "algorithm": "nnknn_actor_critic_separate_memory_gae",
  "actor_type": "nnknn",
  "critic_type": "nnknn",
  "architecture": {
    "separate_case_bases": true,
    "shared_nnknn_representation": true,
    "critic_target_shared_case_store": true,
    "actor_case_insertion": "raw_positive_advantage_only"
  },
  "gae": {
    "gamma": 0.99,
    "gae_lambda": 0.95,
    "advantage_clip": 5.0
  },
  "exploration": {
    "mode": "epsilon_mixed_policy",
    "applies_to_actor": true,
    "initial_epsilon": 1.0,
    "final_epsilon": 0.05,
    "fraction": 0.5,
    "final_step_epsilon": 0.05,
    "readiness": {
      "min_case_entries": 32,
      "min_cases_per_action": 8
    }
  },
  "final_eval": {
    "episodes": 20,
    "seed": 10000,
    "mean_return": 495.8999938964844,
    "std_return": 12.872063636779785,
    "min_return": 447.0,
    "max_return": 500.0,
    "mean_length": 495.8999938964844
  },
  "last_eval": {
    "episodes": 20,
    "seed": 10000,
    "mean_return": 330.1499938964844,
    "std_return": 45.784576416015625,
    "min_return": 263.0,
    "max_return": 500.0,
    "mean_length": 330.1499938964844
  },
  "selected_step": 7566,
  "selected_source": "best_eval",
  "training_efficiency": {
    "best_model_step": 7566,
    "best_model_training_fraction": 0.05044,
    "first_success_step": 4683,
    "first_success_training_fraction": 0.03122,
    "best_minus_last_return": 165.75,
    "budget_interpretation": "regressed_after_best"
  },
  "early_stopping": {
    "enabled": true,
    "patience": 30,
    "min_delta": 1.0,
    "min_steps": 25000,
    "target_score": 500.0,
    "best_mean_return": 495.5,
    "evaluations": 14,
    "evaluations_without_improvement": 7,
    "stopped_early": false,
    "stopping_reason": "budget_exhausted",
    "stopping_step": 150000
  },
  "case_entries": 500,
  "critic_case_entries": 500,
  "action_counts": [
    244,
    256
  ],
  "cases_pruned": 39142,
  "cases_replaced": 226569,
  "actor_cases_pruned": 26595,
  "actor_cases_replaced": 95176,
  "critic_cases_pruned": 12547,
  "critic_cases_replaced": 131393,
  "critic_label_updates": 1558,
  "critic_label_update_samples": 5560,
  "partial_rollout_segments": 1,
  "partial_rollout_samples": 308,
  "critic_target_enabled": true,
  "critic_target_value_mode": "ema",
  "critic_target_sync_interval": 4,
  "critic_target_ema_tau": 0.05,
  "critic_target_value_syncs": 91,
  "critic_holdout_evaluations": 14,
  "latest_critic_holdout": {
    "global_step": 136524,
    "completed_episodes": 1400,
    "diagnostic_index": 14,
    "critic_holdout_mse": 755.176025390625,
    "critic_holdout_explained_variance": 0.4219621419906616,
    "critic_holdout_value_mean": 48.5071907043457,
    "critic_holdout_target_mean": 67.5142593383789,
    "critic_holdout_samples": 1406,
    "critic_holdout_episodes": 5,
    "critic_holdout_environment_steps": 1406,
    "critic_holdout_mean_episode_return": 281.2,
    "critic_holdout_mean_episode_length": 281.2,
    "critic_holdout_behavior_epsilon": 0.05,
    "critic_holdout_truncated_bootstraps": 0,
    "critic_holdout_target_method": "discounted_monte_carlo_with_truncation_bootstrap",
    "critic_holdout_bootstrap_source": "target_value_model",
    "critic_holdout_seed": 30065
  },
  "run_dir": "results/rl/nnknn_rl_cartpole_20260820_075536_798185"
}
Checkpoint: results/rl/nnknn_rl_cartpole_20260820_075536_798185/checkpoint.pt
