cases trainable: False
labels trainable: False
cases trainable: False
labels trainable: False
Enforcing normalize_over_cases = True for regression task.
[nnknn-rl] step=500 episode=1 return=-500.0 length=500 loss=None cases=0
[nnknn-rl] step=1000 episode=2 return=-500.0 length=500 loss=None cases=0
[nnknn-rl] step=1500 episode=3 return=-500.0 length=500 loss=None cases=0
[nnknn-rl] step=2000 episode=4 return=-500.0 length=500 loss=268.9029235839844 cases=0
[nnknn-rl] step=2500 episode=5 return=-500.0 length=500 loss=None cases=0
[nnknn-rl] step=5000 episode=10 return=-500.0 length=500 loss=None cases=0
[nnknn-rl] step=9732 episode=20 return=-500.0 length=500 loss=135.8378448486328 cases=37
[nnknn-rl] step=14732 episode=30 return=-500.0 length=500 loss=None cases=41
[nnknn-rl] step=19732 episode=40 return=-500.0 length=500 loss=84.80049896240234 cases=47
[nnknn-rl] step=24732 episode=50 return=-500.0 length=500 loss=None cases=51
[nnknn-rl] step=29732 episode=60 return=-500.0 length=500 loss=49.296722412109375 cases=56
[nnknn-rl] step=34732 episode=70 return=-500.0 length=500 loss=None cases=63
[nnknn-rl] step=39627 episode=80 return=-394.0 length=395 loss=60.70663070678711 cases=137
[nnknn-rl] step=44276 episode=90 return=-444.0 length=445 loss=None cases=200
[nnknn-rl][critic-holdout] step=47964 episodes=100 mse=575.2484 explained_variance=0.1475
[nnknn-rl] step=47964 episode=100 return=-442.0 length=443 loss=121.55774688720703 cases=469
[nnknn-rl][eval] step=47964 mean_return=-156.25 max_return=-99.00
[nnknn-rl] step=50745 episode=110 return=-210.0 length=211 loss=None cases=496
[nnknn-rl] step=52887 episode=120 return=-194.0 length=195 loss=118.72250366210938 cases=500
[nnknn-rl] step=55010 episode=130 return=-229.0 length=230 loss=None cases=500
[nnknn-rl] step=56931 episode=140 return=-229.0 length=230 loss=71.82556915283203 cases=500
[nnknn-rl] step=58550 episode=150 return=-163.0 length=164 loss=None cases=500
[nnknn-rl] step=60119 episode=160 return=-141.0 length=142 loss=56.90403747558594 cases=500
[nnknn-rl] step=61671 episode=170 return=-132.0 length=133 loss=None cases=500
[nnknn-rl] step=62863 episode=180 return=-90.0 length=91 loss=70.25394439697266 cases=500
[nnknn-rl] step=64258 episode=190 return=-140.0 length=141 loss=None cases=500
[nnknn-rl][critic-holdout] step=65485 episodes=200 mse=191.5693 explained_variance=0.6320
[nnknn-rl] step=65485 episode=200 return=-113.0 length=114 loss=67.49949645996094 cases=500
[nnknn-rl][eval] step=65485 mean_return=-86.20 max_return=-71.00
[nnknn-rl] step=66917 episode=210 return=-135.0 length=136 loss=None cases=500
[nnknn-rl] step=67962 episode=220 return=-92.0 length=93 loss=96.90718078613281 cases=500
[nnknn-rl] step=69056 episode=230 return=-91.0 length=92 loss=None cases=500
[nnknn-rl] step=70111 episode=240 return=-127.0 length=128 loss=50.84088134765625 cases=500
[nnknn-rl] step=71090 episode=250 return=-78.0 length=79 loss=None cases=500
[nnknn-rl] step=72026 episode=260 return=-95.0 length=96 loss=44.726810455322266 cases=500
[nnknn-rl] step=73021 episode=270 return=-82.0 length=83 loss=None cases=500
[nnknn-rl] step=73975 episode=280 return=-109.0 length=110 loss=43.35118103027344 cases=500
[nnknn-rl] step=74872 episode=290 return=-89.0 length=90 loss=None cases=500
[nnknn-rl][critic-holdout] step=75869 episodes=300 mse=75.5128 explained_variance=0.8076
[nnknn-rl] step=75869 episode=300 return=-79.0 length=80 loss=40.576717376708984 cases=500
[nnknn-rl][eval] step=75869 mean_return=-91.90 max_return=-71.00
[nnknn-rl] step=76786 episode=310 return=-97.0 length=98 loss=None cases=500
[nnknn-rl] step=77781 episode=320 return=-70.0 length=71 loss=47.731346130371094 cases=500
[nnknn-rl] step=78683 episode=330 return=-87.0 length=88 loss=None cases=500
[nnknn-rl] step=79638 episode=340 return=-79.0 length=80 loss=45.144012451171875 cases=500
[nnknn-rl] step=80599 episode=350 return=-96.0 length=97 loss=None cases=500
[nnknn-rl] step=81569 episode=360 return=-80.0 length=81 loss=28.982959747314453 cases=500
[nnknn-rl] step=82480 episode=370 return=-79.0 length=80 loss=None cases=500
[nnknn-rl] step=83420 episode=380 return=-89.0 length=90 loss=22.327640533447266 cases=500
[nnknn-rl] step=84348 episode=390 return=-108.0 length=109 loss=None cases=500
[nnknn-rl][critic-holdout] step=85155 episodes=400 mse=470.2491 explained_variance=0.2120
[nnknn-rl] step=85155 episode=400 return=-101.0 length=102 loss=36.44544219970703 cases=500
[nnknn-rl][eval] step=85155 mean_return=-87.20 max_return=-69.00
[nnknn-rl] step=86263 episode=410 return=-116.0 length=117 loss=None cases=500
[nnknn-rl] step=87092 episode=420 return=-71.0 length=72 loss=41.75054168701172 cases=500
[nnknn-rl] step=87965 episode=430 return=-79.0 length=80 loss=None cases=500
[nnknn-rl] step=88815 episode=440 return=-110.0 length=111 loss=23.29349136352539 cases=500
[nnknn-rl] step=89730 episode=450 return=-80.0 length=81 loss=None cases=500
[nnknn-rl] step=90785 episode=460 return=-101.0 length=102 loss=44.253055572509766 cases=500
[nnknn-rl] step=91946 episode=470 return=-278.0 length=279 loss=None cases=500
[nnknn-rl] step=92907 episode=480 return=-76.0 length=77 loss=22.863323211669922 cases=500
[nnknn-rl] step=93806 episode=490 return=-70.0 length=71 loss=None cases=500
[nnknn-rl][critic-holdout] step=95132 episodes=500 mse=257.2504 explained_variance=0.3767
[nnknn-rl] step=95132 episode=500 return=-77.0 length=78 loss=126.02515411376953 cases=500
[nnknn-rl][eval] step=95132 mean_return=-82.15 max_return=-62.00
[nnknn-rl] step=96019 episode=510 return=-86.0 length=87 loss=None cases=500
[nnknn-rl] step=96879 episode=520 return=-97.0 length=98 loss=18.6966495513916 cases=500
[nnknn-rl] step=98118 episode=530 return=-97.0 length=98 loss=None cases=500
[nnknn-rl] step=98980 episode=540 return=-95.0 length=96 loss=30.3997802734375 cases=500
[nnknn-rl] step=99845 episode=550 return=-73.0 length=74 loss=None cases=500
[nnknn-rl] step=100701 episode=560 return=-87.0 length=88 loss=18.573650360107422 cases=500
[nnknn-rl] step=101572 episode=570 return=-85.0 length=86 loss=None cases=500
[nnknn-rl] step=102502 episode=580 return=-74.0 length=75 loss=58.35462951660156 cases=500
[nnknn-rl] step=103381 episode=590 return=-76.0 length=77 loss=None cases=500
[nnknn-rl][critic-holdout] step=104593 episodes=600 mse=134.0999 explained_variance=0.5958
[nnknn-rl] step=104593 episode=600 return=-99.0 length=100 loss=26.384815216064453 cases=500
[nnknn-rl][eval] step=104593 mean_return=-78.75 max_return=-69.00
[nnknn-rl] step=105556 episode=610 return=-212.0 length=213 loss=None cases=500
[nnknn-rl] step=106461 episode=620 return=-92.0 length=93 loss=15.919248580932617 cases=500
[nnknn-rl] step=107354 episode=630 return=-104.0 length=105 loss=None cases=500
[nnknn-rl] step=108229 episode=640 return=-85.0 length=86 loss=14.368261337280273 cases=500
[nnknn-rl] step=109148 episode=650 return=-98.0 length=99 loss=None cases=500
[nnknn-rl] step=110042 episode=660 return=-77.0 length=78 loss=25.235855102539062 cases=500
[nnknn-rl] step=110924 episode=670 return=-61.0 length=62 loss=None cases=500
[nnknn-rl] step=111764 episode=680 return=-70.0 length=71 loss=24.73835563659668 cases=500
[nnknn-rl] step=112591 episode=690 return=-71.0 length=72 loss=None cases=500
[nnknn-rl][critic-holdout] step=113645 episodes=700 mse=45.8800 explained_variance=0.8763
[nnknn-rl] step=113645 episode=700 return=-81.0 length=82 loss=75.05696868896484 cases=500
[nnknn-rl][eval] step=113645 mean_return=-81.30 max_return=-71.00
[nnknn-rl] step=114508 episode=710 return=-68.0 length=69 loss=None cases=500
[nnknn-rl] step=115511 episode=720 return=-109.0 length=110 loss=19.462650299072266 cases=500
[nnknn-rl] step=116588 episode=730 return=-85.0 length=86 loss=None cases=500
[nnknn-rl] step=117429 episode=740 return=-78.0 length=79 loss=10.224462509155273 cases=500
[nnknn-rl] step=118384 episode=750 return=-92.0 length=93 loss=None cases=500
[nnknn-rl] step=119413 episode=760 return=-72.0 length=73 loss=23.60499382019043 cases=500
[nnknn-rl] step=120210 episode=770 return=-70.0 length=71 loss=None cases=500
[nnknn-rl] step=121107 episode=780 return=-106.0 length=107 loss=18.90339469909668 cases=500
[nnknn-rl] step=122009 episode=790 return=-77.0 length=78 loss=None cases=500
[nnknn-rl][critic-holdout] step=122933 episodes=800 mse=83.0106 explained_variance=0.7530
[nnknn-rl] step=122933 episode=800 return=-91.0 length=92 loss=10.615856170654297 cases=500
[nnknn-rl][eval] step=122933 mean_return=-86.65 max_return=-71.00
[nnknn-rl] step=123925 episode=810 return=-102.0 length=103 loss=None cases=500
[nnknn-rl] step=124936 episode=820 return=-74.0 length=75 loss=42.308738708496094 cases=500
[nnknn-rl] step=125794 episode=830 return=-102.0 length=103 loss=None cases=500
[nnknn-rl] step=126674 episode=840 return=-84.0 length=85 loss=21.667600631713867 cases=500
[nnknn-rl] step=127536 episode=850 return=-98.0 length=99 loss=None cases=500
[nnknn-rl] step=128501 episode=860 return=-80.0 length=81 loss=15.4877290725708 cases=500
[nnknn-rl] step=129344 episode=870 return=-76.0 length=77 loss=None cases=500
[nnknn-rl] step=130333 episode=880 return=-102.0 length=103 loss=35.08272933959961 cases=500
[nnknn-rl] step=131177 episode=890 return=-72.0 length=73 loss=None cases=500
[nnknn-rl][critic-holdout] step=132504 episodes=900 mse=66.3577 explained_variance=0.8104
[nnknn-rl] step=132504 episode=900 return=-82.0 length=83 loss=11.799979209899902 cases=500
[nnknn-rl][eval] step=132504 mean_return=-80.95 max_return=-69.00
[nnknn-rl] step=133374 episode=910 return=-78.0 length=79 loss=None cases=500
[nnknn-rl] step=134266 episode=920 return=-95.0 length=96 loss=35.67195510864258 cases=500
[nnknn-rl] step=135319 episode=930 return=-122.0 length=123 loss=None cases=500
[nnknn-rl] step=136215 episode=940 return=-74.0 length=75 loss=12.797476768493652 cases=500
[nnknn-rl] step=138026 episode=950 return=-92.0 length=93 loss=None cases=500
[nnknn-rl] step=138960 episode=960 return=-97.0 length=98 loss=30.249820709228516 cases=500
[nnknn-rl] step=140213 episode=970 return=-89.0 length=90 loss=None cases=500
[nnknn-rl] step=141464 episode=980 return=-82.0 length=83 loss=25.596986770629883 cases=500
[nnknn-rl] step=142320 episode=990 return=-85.0 length=86 loss=None cases=500
[nnknn-rl][critic-holdout] step=143604 episodes=1000 mse=63.3028 explained_variance=0.8167
[nnknn-rl] step=143604 episode=1000 return=-84.0 length=85 loss=131.49501037597656 cases=500
[nnknn-rl][eval] step=143604 mean_return=-83.40 max_return=-71.00
[nnknn-rl] step=144544 episode=1010 return=-72.0 length=73 loss=None cases=500
[nnknn-rl] step=145645 episode=1020 return=-82.0 length=83 loss=12.611987113952637 cases=500
[nnknn-rl] step=146490 episode=1030 return=-63.0 length=64 loss=None cases=500
[nnknn-rl] step=147435 episode=1040 return=-101.0 length=102 loss=17.312326431274414 cases=500
[nnknn-rl] step=148316 episode=1050 return=-97.0 length=98 loss=None cases=500
[nnknn-rl] step=149218 episode=1060 return=-137.0 length=138 loss=32.50586700439453 cases=500
[nnknn-rl] finished profile=fast mean_eval_return=-78.75 passed=True run_dir=results/rl/nnknn_rl_acrobot_20260821_230330_093912
{
  "task": "acrobot",
  "env_id": "Acrobot-v1",
  "profile": "fast",
  "seed": 0,
  "total_timesteps": 150000,
  "configured_total_timesteps": 150000,
  "actual_timesteps": 150000,
  "eval_episodes": 20,
  "success_threshold": -100.0,
  "passed": true,
  "algorithm": "nnknn_actor_critic_separate_memory_gae",
  "actor_type": "nnknn",
  "critic_type": "nnknn",
  "architecture": {
    "separate_case_bases": true,
    "shared_nnknn_representation": true,
    "critic_target_shared_case_store": true,
    "actor_case_insertion": "raw_positive_advantage_only"
  },
  "gae": {
    "gamma": 0.99,
    "gae_lambda": 0.95,
    "advantage_clip": 5.0
  },
  "exploration": {
    "mode": "epsilon_mixed_policy",
    "applies_to_actor": true,
    "initial_epsilon": 1.0,
    "final_epsilon": 0.05,
    "fraction": 0.5,
    "final_step_epsilon": 0.05,
    "readiness": {
      "min_case_entries": 32,
      "min_cases_per_action": 8
    }
  },
  "final_eval": {
    "episodes": 20,
    "seed": 10000,
    "mean_return": -78.75,
    "std_return": 6.179603576660156,
    "min_return": -93.0,
    "max_return": -69.0,
    "mean_length": 79.75
  },
  "last_eval": {
    "episodes": 20,
    "seed": 10000,
    "mean_return": -89.9000015258789,
    "std_return": 25.48509407043457,
    "min_return": -166.0,
    "max_return": -71.0,
    "mean_length": 90.9000015258789
  },
  "selected_step": 104593,
  "selected_source": "best_eval",
  "training_efficiency": {
    "best_model_step": 104593,
    "best_model_training_fraction": 0.6972866666666667,
    "first_success_step": 65485,
    "first_success_training_fraction": 0.43656666666666666,
    "best_minus_last_return": 11.150001525878906,
    "budget_interpretation": "regressed_after_best"
  },
  "early_stopping": {
    "enabled": true,
    "patience": 30,
    "min_delta": 1.0,
    "min_steps": 25000,
    "target_score": -60.0,
    "best_mean_return": -78.75,
    "evaluations": 10,
    "evaluations_without_improvement": 4,
    "stopped_early": false,
    "stopping_reason": "budget_exhausted",
    "stopping_step": 150000
  },
  "case_entries": 500,
  "critic_case_entries": 500,
  "action_counts": [
    254,
    25,
    221
  ],
  "cases_pruned": 25641,
  "cases_replaced": 161782,
  "actor_cases_pruned": 11606,
  "actor_cases_replaced": 31174,
  "critic_cases_pruned": 14035,
  "critic_cases_replaced": 130608,
  "critic_label_updates": 1526,
  "critic_label_update_samples": 4857,
  "partial_rollout_segments": 1,
  "partial_rollout_samples": 73,
  "critic_target_enabled": true,
  "critic_target_value_mode": "ema",
  "critic_target_sync_interval": 4,
  "critic_target_ema_tau": 0.05,
  "critic_target_value_syncs": 68,
  "critic_holdout_evaluations": 10,
  "latest_critic_holdout": {
    "global_step": 143604,
    "completed_episodes": 1000,
    "diagnostic_index": 10,
    "critic_holdout_mse": 63.30276870727539,
    "critic_holdout_explained_variance": 0.8167362213134766,
    "critic_holdout_value_mean": -35.7000617980957,
    "critic_holdout_target_mean": -32.23957824707031,
    "critic_holdout_samples": 418,
    "critic_holdout_episodes": 5,
    "critic_holdout_environment_steps": 418,
    "critic_holdout_mean_episode_return": -82.6,
    "critic_holdout_mean_episode_length": 83.6,
    "critic_holdout_behavior_epsilon": 0.05,
    "critic_holdout_truncated_bootstraps": 0,
    "critic_holdout_target_method": "discounted_monte_carlo_with_truncation_bootstrap",
    "critic_holdout_bootstrap_source": "target_value_model",
    "critic_holdout_seed": 30045
  },
  "run_dir": "results/rl/nnknn_rl_acrobot_20260821_230330_093912"
}
Checkpoint: results/rl/nnknn_rl_acrobot_20260821_230330_093912/checkpoint.pt
