cases trainable: False
labels trainable: False
cases trainable: False
labels trainable: False
Enforcing normalize_over_cases = True for regression task.
[nnknn-rl] step=500 episode=1 return=-500.0 length=500 loss=None cases=0
[nnknn-rl] step=1000 episode=2 return=-500.0 length=500 loss=None cases=0
[nnknn-rl] step=1500 episode=3 return=-500.0 length=500 loss=None cases=0
[nnknn-rl] step=2000 episode=4 return=-500.0 length=500 loss=268.9029235839844 cases=0
[nnknn-rl] step=2500 episode=5 return=-500.0 length=500 loss=None cases=0
[nnknn-rl] step=5000 episode=10 return=-500.0 length=500 loss=None cases=0
[nnknn-rl] step=9732 episode=20 return=-500.0 length=500 loss=133.83734130859375 cases=39
[nnknn-rl] step=14410 episode=30 return=-457.0 length=458 loss=None cases=97
[nnknn-rl] step=19345 episode=40 return=-500.0 length=500 loss=67.76095581054688 cases=146
[nnknn-rl] step=24345 episode=50 return=-500.0 length=500 loss=None cases=143
[nnknn-rl] step=29203 episode=60 return=-500.0 length=500 loss=67.8345718383789 cases=198
[nnknn-rl] step=33243 episode=70 return=-415.0 length=416 loss=None cases=376
[nnknn-rl] step=37783 episode=80 return=-500.0 length=500 loss=49.09390640258789 cases=442
[nnknn-rl] step=42171 episode=90 return=-390.0 length=391 loss=None cases=463
[nnknn-rl][critic-holdout] step=44778 episodes=100 mse=443.4673 explained_variance=0.2875
[nnknn-rl] step=44778 episode=100 return=-197.0 length=198 loss=107.47042846679688 cases=500
[nnknn-rl][eval] step=44778 mean_return=-451.25 max_return=-151.00
[nnknn-rl] step=46861 episode=110 return=-190.0 length=191 loss=None cases=500
[nnknn-rl] step=49547 episode=120 return=-188.0 length=189 loss=96.84201049804688 cases=500
[nnknn-rl] step=51703 episode=130 return=-123.0 length=124 loss=None cases=500
[nnknn-rl] step=54107 episode=140 return=-222.0 length=223 loss=56.269283294677734 cases=500
[nnknn-rl] step=56563 episode=150 return=-195.0 length=196 loss=None cases=500
[nnknn-rl] step=58114 episode=160 return=-196.0 length=197 loss=72.7275619506836 cases=500
[nnknn-rl] step=60046 episode=170 return=-330.0 length=331 loss=None cases=500
[nnknn-rl] step=62986 episode=180 return=-500.0 length=500 loss=85.51876068115234 cases=500
[nnknn-rl] step=64715 episode=190 return=-269.0 length=270 loss=None cases=500
[nnknn-rl][critic-holdout] step=66826 episodes=200 mse=203.2014 explained_variance=0.6865
[nnknn-rl] step=66826 episode=200 return=-117.0 length=118 loss=74.56790161132812 cases=500
[nnknn-rl][eval] step=66826 mean_return=-279.80 max_return=-86.00
[nnknn-rl] step=68503 episode=210 return=-139.0 length=140 loss=None cases=500
[nnknn-rl] step=70306 episode=220 return=-173.0 length=174 loss=62.714988708496094 cases=500
[nnknn-rl] step=71895 episode=230 return=-140.0 length=141 loss=None cases=500
[nnknn-rl] step=73556 episode=240 return=-188.0 length=189 loss=51.548316955566406 cases=500
[nnknn-rl] step=75178 episode=250 return=-223.0 length=224 loss=None cases=500
[nnknn-rl] step=76557 episode=260 return=-125.0 length=126 loss=57.038597106933594 cases=500
[nnknn-rl] step=77988 episode=270 return=-143.0 length=144 loss=None cases=500
[nnknn-rl] step=79674 episode=280 return=-83.0 length=84 loss=57.791236877441406 cases=500
[nnknn-rl] step=80805 episode=290 return=-131.0 length=132 loss=None cases=500
[nnknn-rl][critic-holdout] step=82243 episodes=300 mse=116.5253 explained_variance=0.8164
[nnknn-rl] step=82243 episode=300 return=-99.0 length=100 loss=53.313053131103516 cases=500
[nnknn-rl][eval] step=82243 mean_return=-316.65 max_return=-72.00
[nnknn-rl] step=83368 episode=310 return=-100.0 length=101 loss=None cases=500
[nnknn-rl] step=84457 episode=320 return=-93.0 length=94 loss=51.9572639465332 cases=500
[nnknn-rl] step=85612 episode=330 return=-225.0 length=226 loss=None cases=474
[nnknn-rl] step=86602 episode=340 return=-120.0 length=121 loss=52.03761291503906 cases=500
[nnknn-rl] step=87948 episode=350 return=-248.0 length=249 loss=None cases=499
[nnknn-rl] step=89037 episode=360 return=-85.0 length=86 loss=95.44772338867188 cases=500
[nnknn-rl] step=90051 episode=370 return=-106.0 length=107 loss=None cases=498
[nnknn-rl] step=91024 episode=380 return=-91.0 length=92 loss=49.663841247558594 cases=500
[nnknn-rl] step=92069 episode=390 return=-100.0 length=101 loss=None cases=500
[nnknn-rl][critic-holdout] step=93275 episodes=400 mse=221.0811 explained_variance=0.4762
[nnknn-rl] step=93275 episode=400 return=-94.0 length=95 loss=28.56566619873047 cases=500
[nnknn-rl][eval] step=93275 mean_return=-92.35 max_return=-64.00
[nnknn-rl] step=94364 episode=410 return=-99.0 length=100 loss=None cases=500
[nnknn-rl] step=95351 episode=420 return=-88.0 length=89 loss=22.703100204467773 cases=500
[nnknn-rl] step=96536 episode=430 return=-173.0 length=174 loss=None cases=500
[nnknn-rl] step=97478 episode=440 return=-102.0 length=103 loss=45.66664123535156 cases=500
[nnknn-rl] step=98456 episode=450 return=-95.0 length=96 loss=None cases=461
[nnknn-rl] step=99367 episode=460 return=-108.0 length=109 loss=44.21805191040039 cases=500
[nnknn-rl] step=100422 episode=470 return=-85.0 length=86 loss=None cases=500
[nnknn-rl] step=101412 episode=480 return=-95.0 length=96 loss=40.950618743896484 cases=500
[nnknn-rl] step=102381 episode=490 return=-70.0 length=71 loss=None cases=500
[nnknn-rl][critic-holdout] step=103367 episodes=500 mse=54.3974 explained_variance=0.8519
[nnknn-rl] step=103367 episode=500 return=-82.0 length=83 loss=79.32757568359375 cases=500
[nnknn-rl][eval] step=103367 mean_return=-90.05 max_return=-71.00
[nnknn-rl] step=104523 episode=510 return=-136.0 length=137 loss=None cases=500
[nnknn-rl] step=105464 episode=520 return=-82.0 length=83 loss=42.426475524902344 cases=500
[nnknn-rl] step=106663 episode=530 return=-86.0 length=87 loss=None cases=500
[nnknn-rl] step=107638 episode=540 return=-106.0 length=107 loss=32.167171478271484 cases=500
[nnknn-rl] step=108580 episode=550 return=-87.0 length=88 loss=None cases=500
[nnknn-rl] step=109514 episode=560 return=-113.0 length=114 loss=30.47681427001953 cases=500
[nnknn-rl] step=110445 episode=570 return=-85.0 length=86 loss=None cases=500
[nnknn-rl] step=111581 episode=580 return=-216.0 length=217 loss=61.331504821777344 cases=493
[nnknn-rl] step=112531 episode=590 return=-93.0 length=94 loss=None cases=500
[nnknn-rl][critic-holdout] step=113590 episodes=600 mse=1298.6317 explained_variance=-0.3064
[nnknn-rl] step=113590 episode=600 return=-102.0 length=103 loss=35.78582763671875 cases=500
[nnknn-rl][eval] step=113590 mean_return=-79.60 max_return=-71.00
[nnknn-rl] step=114656 episode=610 return=-83.0 length=84 loss=None cases=500
[nnknn-rl] step=115568 episode=620 return=-71.0 length=72 loss=47.74143600463867 cases=500
[nnknn-rl] step=116601 episode=630 return=-113.0 length=114 loss=None cases=500
[nnknn-rl] step=117509 episode=640 return=-77.0 length=78 loss=33.3498420715332 cases=500
[nnknn-rl] step=118419 episode=650 return=-73.0 length=74 loss=None cases=500
[nnknn-rl] step=119967 episode=660 return=-500.0 length=500 loss=106.6925048828125 cases=483
[nnknn-rl] step=121164 episode=670 return=-123.0 length=124 loss=None cases=486
[nnknn-rl] step=122108 episode=680 return=-106.0 length=107 loss=18.37085723876953 cases=500
[nnknn-rl] step=123026 episode=690 return=-78.0 length=79 loss=None cases=497
[nnknn-rl][critic-holdout] step=123937 episodes=700 mse=240.7421 explained_variance=0.4903
[nnknn-rl] step=123937 episode=700 return=-71.0 length=72 loss=25.206653594970703 cases=500
[nnknn-rl][eval] step=123937 mean_return=-90.00 max_return=-71.00
[nnknn-rl] step=124907 episode=710 return=-80.0 length=81 loss=None cases=500
[nnknn-rl] step=125839 episode=720 return=-84.0 length=85 loss=29.76719856262207 cases=500
[nnknn-rl] step=126723 episode=730 return=-98.0 length=99 loss=None cases=500
[nnknn-rl] step=127674 episode=740 return=-87.0 length=88 loss=22.084348678588867 cases=500
[nnknn-rl] step=128746 episode=750 return=-99.0 length=100 loss=None cases=486
[nnknn-rl] step=129641 episode=760 return=-91.0 length=92 loss=29.114139556884766 cases=500
[nnknn-rl] step=130510 episode=770 return=-96.0 length=97 loss=None cases=500
[nnknn-rl] step=131560 episode=780 return=-81.0 length=82 loss=24.63843536376953 cases=500
[nnknn-rl] step=132469 episode=790 return=-96.0 length=97 loss=None cases=500
[nnknn-rl][critic-holdout] step=133702 episodes=800 mse=109.4340 explained_variance=0.6862
[nnknn-rl] step=133702 episode=800 return=-92.0 length=93 loss=38.52716827392578 cases=500
[nnknn-rl][eval] step=133702 mean_return=-85.95 max_return=-71.00
[nnknn-rl] step=135054 episode=810 return=-86.0 length=87 loss=None cases=485
[nnknn-rl] step=135990 episode=820 return=-75.0 length=76 loss=26.701322555541992 cases=500
[nnknn-rl] step=137418 episode=830 return=-93.0 length=94 loss=None cases=500
[nnknn-rl] step=138477 episode=840 return=-91.0 length=92 loss=83.9995346069336 cases=500
[nnknn-rl] step=139406 episode=850 return=-102.0 length=103 loss=None cases=500
[nnknn-rl] step=140448 episode=860 return=-81.0 length=82 loss=87.33799743652344 cases=469
[nnknn-rl] step=141322 episode=870 return=-76.0 length=77 loss=None cases=500
[nnknn-rl] step=142363 episode=880 return=-82.0 length=83 loss=22.37521743774414 cases=500
[nnknn-rl] step=143240 episode=890 return=-79.0 length=80 loss=None cases=500
[nnknn-rl][critic-holdout] step=144326 episodes=900 mse=82.6165 explained_variance=0.7815
[nnknn-rl] step=144326 episode=900 return=-177.0 length=178 loss=81.08407592773438 cases=500
[nnknn-rl][eval] step=144326 mean_return=-103.55 max_return=-72.00
[nnknn-rl] step=145340 episode=910 return=-65.0 length=66 loss=None cases=500
[nnknn-rl] step=146320 episode=920 return=-94.0 length=95 loss=29.143327713012695 cases=500
[nnknn-rl] step=147192 episode=930 return=-90.0 length=91 loss=None cases=500
[nnknn-rl] step=148078 episode=940 return=-96.0 length=97 loss=18.888980865478516 cases=500
[nnknn-rl] step=148933 episode=950 return=-72.0 length=73 loss=None cases=500
[nnknn-rl] finished profile=fast mean_eval_return=-79.60 passed=True run_dir=results/rl/nnknn_rl_acrobot_20260821_030830_828518
{
  "task": "acrobot",
  "env_id": "Acrobot-v1",
  "profile": "fast",
  "seed": 0,
  "total_timesteps": 150000,
  "configured_total_timesteps": 150000,
  "actual_timesteps": 150000,
  "eval_episodes": 20,
  "success_threshold": -100.0,
  "passed": true,
  "algorithm": "nnknn_actor_critic_separate_memory_gae",
  "actor_type": "nnknn",
  "critic_type": "nnknn",
  "architecture": {
    "separate_case_bases": true,
    "shared_nnknn_representation": true,
    "critic_target_shared_case_store": true,
    "actor_case_insertion": "raw_positive_advantage_only"
  },
  "gae": {
    "gamma": 0.99,
    "gae_lambda": 0.95,
    "advantage_clip": 5.0
  },
  "exploration": {
    "mode": "epsilon_mixed_policy",
    "applies_to_actor": true,
    "initial_epsilon": 1.0,
    "final_epsilon": 0.05,
    "fraction": 0.2,
    "final_step_epsilon": 0.05,
    "readiness": {
      "min_case_entries": 32,
      "min_cases_per_action": 8
    }
  },
  "final_eval": {
    "episodes": 20,
    "seed": 10000,
    "mean_return": -79.5999984741211,
    "std_return": 6.151422500610352,
    "min_return": -93.0,
    "max_return": -71.0,
    "mean_length": 80.5999984741211
  },
  "last_eval": {
    "episodes": 20,
    "seed": 10000,
    "mean_return": -84.05000305175781,
    "std_return": 12.595534324645996,
    "min_return": -118.0,
    "max_return": -57.0,
    "mean_length": 85.05000305175781
  },
  "selected_step": 113590,
  "selected_source": "best_eval",
  "training_efficiency": {
    "best_model_step": 113590,
    "best_model_training_fraction": 0.7572666666666666,
    "first_success_step": 93275,
    "first_success_training_fraction": 0.6218333333333333,
    "best_minus_last_return": 4.450004577636719,
    "budget_interpretation": "regressed_after_best"
  },
  "early_stopping": {
    "enabled": true,
    "patience": 30,
    "min_delta": 1.0,
    "min_steps": 25000,
    "target_score": -60.0,
    "best_mean_return": -79.5999984741211,
    "evaluations": 9,
    "evaluations_without_improvement": 3,
    "stopped_early": false,
    "stopping_reason": "budget_exhausted",
    "stopping_step": 150000
  },
  "case_entries": 500,
  "critic_case_entries": 500,
  "action_counts": [
    203,
    58,
    239
  ],
  "cases_pruned": 24977,
  "cases_replaced": 166798,
  "actor_cases_pruned": 10941,
  "actor_cases_replaced": 31334,
  "critic_cases_pruned": 14036,
  "critic_cases_replaced": 135464,
  "critic_label_updates": 0,
  "critic_label_update_samples": 0,
  "partial_rollout_segments": 1,
  "partial_rollout_samples": 36,
  "critic_target_enabled": true,
  "critic_target_value_mode": "ema",
  "critic_target_sync_interval": 4,
  "critic_target_ema_tau": 0.05,
  "critic_target_value_syncs": 61,
  "critic_holdout_evaluations": 9,
  "latest_critic_holdout": {
    "global_step": 144326,
    "completed_episodes": 900,
    "diagnostic_index": 9,
    "critic_holdout_mse": 82.61651611328125,
    "critic_holdout_explained_variance": 0.7815425395965576,
    "critic_holdout_value_mean": -36.892269134521484,
    "critic_holdout_target_mean": -32.48617172241211,
    "critic_holdout_samples": 419,
    "critic_holdout_episodes": 5,
    "critic_holdout_environment_steps": 419,
    "critic_holdout_mean_episode_return": -82.8,
    "critic_holdout_mean_episode_length": 83.8,
    "critic_holdout_behavior_epsilon": 0.05,
    "critic_holdout_truncated_bootstraps": 0,
    "critic_holdout_target_method": "discounted_monte_carlo_with_truncation_bootstrap",
    "critic_holdout_bootstrap_source": "target_value_model",
    "critic_holdout_seed": 30040
  },
  "run_dir": "results/rl/nnknn_rl_acrobot_20260821_030830_828518"
}
Checkpoint: results/rl/nnknn_rl_acrobot_20260821_030830_828518/checkpoint.pt
