cases trainable: False
labels trainable: False
Enforcing normalize_over_cases = True for regression task.
[nnknn-rl] step=13 episode=1 return=13.0 length=13 loss=None cases=None
[nnknn-rl] step=39 episode=2 return=26.0 length=26 loss=None cases=None
[nnknn-rl] step=50 episode=3 return=11.0 length=11 loss=None cases=None
[nnknn-rl] step=68 episode=4 return=18.0 length=18 loss=61.17145538330078 cases=None
[nnknn-rl] step=87 episode=5 return=19.0 length=19 loss=None cases=None
[nnknn-rl] step=157 episode=10 return=10.0 length=10 loss=None cases=None
[nnknn-rl] step=361 episode=20 return=14.0 length=14 loss=11.862360954284668 cases=None
[nnknn-rl] step=629 episode=30 return=38.0 length=38 loss=None cases=None
[nnknn-rl] step=961 episode=40 return=39.0 length=39 loss=48.878578186035156 cases=None
[nnknn-rl] step=1292 episode=50 return=22.0 length=22 loss=None cases=None
[nnknn-rl] step=1513 episode=60 return=31.0 length=31 loss=23.672500610351562 cases=None
[nnknn-rl] step=1876 episode=70 return=22.0 length=22 loss=None cases=None
[nnknn-rl] step=2324 episode=80 return=115.0 length=115 loss=79.25096893310547 cases=None
[nnknn-rl] step=2686 episode=90 return=47.0 length=47 loss=None cases=None
[nnknn-rl][critic-holdout] step=2949 episodes=100 mse=269.3459 explained_variance=0.3333
[nnknn-rl] step=2949 episode=100 return=26.0 length=26 loss=27.196447372436523 cases=None
[nnknn-rl][eval] step=2949 mean_return=59.95 max_return=107.00
[nnknn-rl] step=3251 episode=110 return=16.0 length=16 loss=None cases=None
[nnknn-rl] step=3842 episode=120 return=84.0 length=84 loss=118.048828125 cases=None
[nnknn-rl] step=4266 episode=130 return=55.0 length=55 loss=None cases=None
[nnknn-rl] step=4912 episode=140 return=50.0 length=50 loss=54.41259002685547 cases=None
[nnknn-rl] step=5284 episode=150 return=32.0 length=32 loss=None cases=None
[nnknn-rl] step=5648 episode=160 return=38.0 length=38 loss=46.064308166503906 cases=None
[nnknn-rl] step=6118 episode=170 return=40.0 length=40 loss=None cases=None
[nnknn-rl] step=6642 episode=180 return=65.0 length=65 loss=88.19734191894531 cases=None
[nnknn-rl] step=7343 episode=190 return=84.0 length=84 loss=None cases=None
[nnknn-rl][critic-holdout] step=7738 episodes=200 mse=120.5227 explained_variance=0.4127
[nnknn-rl] step=7738 episode=200 return=19.0 length=19 loss=30.93328094482422 cases=None
[nnknn-rl][eval] step=7738 mean_return=115.35 max_return=190.00
[nnknn-rl] step=8270 episode=210 return=48.0 length=48 loss=None cases=None
[nnknn-rl] step=8879 episode=220 return=67.0 length=67 loss=32.94441604614258 cases=None
[nnknn-rl] step=9582 episode=230 return=162.0 length=162 loss=None cases=None
[nnknn-rl] step=10319 episode=240 return=29.0 length=29 loss=60.81973648071289 cases=None
[nnknn-rl] step=11105 episode=250 return=126.0 length=126 loss=None cases=None
[nnknn-rl] step=11828 episode=260 return=36.0 length=36 loss=56.44565963745117 cases=None
[nnknn-rl] step=13029 episode=270 return=36.0 length=36 loss=None cases=None
[nnknn-rl] step=13744 episode=280 return=84.0 length=84 loss=81.54469299316406 cases=None
[nnknn-rl] step=14822 episode=290 return=35.0 length=35 loss=None cases=None
[nnknn-rl][critic-holdout] step=15776 episodes=300 mse=1227.4076 explained_variance=0.1486
[nnknn-rl] step=15776 episode=300 return=103.0 length=103 loss=69.18208312988281 cases=None
[nnknn-rl][eval] step=15776 mean_return=374.45 max_return=500.00
[nnknn-rl] step=17563 episode=310 return=44.0 length=44 loss=None cases=None
[nnknn-rl] step=18895 episode=320 return=124.0 length=124 loss=94.44780731201172 cases=None
[nnknn-rl] step=20103 episode=330 return=143.0 length=143 loss=None cases=None
[nnknn-rl] step=21303 episode=340 return=208.0 length=208 loss=99.8145751953125 cases=None
[nnknn-rl] step=22534 episode=350 return=168.0 length=168 loss=None cases=None
[nnknn-rl] step=23996 episode=360 return=82.0 length=82 loss=110.6630859375 cases=None
[nnknn-rl] step=25610 episode=370 return=55.0 length=55 loss=None cases=None
[nnknn-rl] step=27259 episode=380 return=233.0 length=233 loss=111.50202178955078 cases=None
[nnknn-rl] step=29348 episode=390 return=189.0 length=189 loss=None cases=None
[nnknn-rl][critic-holdout] step=30743 episodes=400 mse=1190.2880 explained_variance=0.2857
[nnknn-rl] step=30743 episode=400 return=112.0 length=112 loss=123.87287139892578 cases=None
[nnknn-rl][eval] step=30743 mean_return=457.80 max_return=500.00
[nnknn-rl] step=33117 episode=410 return=191.0 length=191 loss=None cases=None
[nnknn-rl] step=35282 episode=420 return=182.0 length=182 loss=92.95755767822266 cases=None
[nnknn-rl] step=37288 episode=430 return=329.0 length=329 loss=None cases=None
[nnknn-rl] step=39057 episode=440 return=95.0 length=95 loss=108.06749725341797 cases=None
[nnknn-rl] step=40703 episode=450 return=147.0 length=147 loss=None cases=None
[nnknn-rl] step=42824 episode=460 return=255.0 length=255 loss=72.68645477294922 cases=None
[nnknn-rl] step=44489 episode=470 return=138.0 length=138 loss=None cases=None
[nnknn-rl] step=46765 episode=480 return=182.0 length=182 loss=72.22126007080078 cases=None
[nnknn-rl] step=48564 episode=490 return=136.0 length=136 loss=None cases=None
[nnknn-rl][critic-holdout] step=50702 episodes=500 mse=743.3174 explained_variance=0.3429
[nnknn-rl] step=50702 episode=500 return=195.0 length=195 loss=80.80387115478516 cases=None
[nnknn-rl][eval] step=50702 mean_return=424.40 max_return=500.00
[nnknn-rl] step=52992 episode=510 return=253.0 length=253 loss=None cases=None
[nnknn-rl] step=54795 episode=520 return=189.0 length=189 loss=92.39268493652344 cases=None
[nnknn-rl] step=56740 episode=530 return=225.0 length=225 loss=None cases=None
[nnknn-rl] step=58719 episode=540 return=213.0 length=213 loss=89.91573333740234 cases=None
[nnknn-rl] step=60827 episode=550 return=268.0 length=268 loss=None cases=None
[nnknn-rl] step=63589 episode=560 return=273.0 length=273 loss=81.59455108642578 cases=None
[nnknn-rl] step=65773 episode=570 return=92.0 length=92 loss=None cases=None
[nnknn-rl] step=67975 episode=580 return=248.0 length=248 loss=104.62972259521484 cases=None
[nnknn-rl] step=70226 episode=590 return=274.0 length=274 loss=None cases=None
[nnknn-rl][critic-holdout] step=73387 episodes=600 mse=711.4534 explained_variance=0.3751
[nnknn-rl] step=73387 episode=600 return=500.0 length=500 loss=91.45365142822266 cases=None
[nnknn-rl][eval] step=73387 mean_return=494.90 max_return=500.00
[nnknn-rl] step=76396 episode=610 return=180.0 length=180 loss=None cases=None
[nnknn-rl] step=79255 episode=620 return=454.0 length=454 loss=91.94007110595703 cases=None
[nnknn-rl] step=82155 episode=630 return=160.0 length=160 loss=None cases=None
[nnknn-rl] step=86059 episode=640 return=305.0 length=305 loss=98.41500091552734 cases=None
[nnknn-rl] step=89451 episode=650 return=380.0 length=380 loss=None cases=None
[nnknn-rl] step=92886 episode=660 return=334.0 length=334 loss=74.85553741455078 cases=None
[nnknn-rl] step=95887 episode=670 return=118.0 length=118 loss=None cases=None
[nnknn-rl] step=99134 episode=680 return=323.0 length=323 loss=105.04361724853516 cases=None
[nnknn-rl] step=102328 episode=690 return=322.0 length=322 loss=None cases=None
[nnknn-rl][critic-holdout] step=105268 episodes=700 mse=1728.8994 explained_variance=-0.0265
[nnknn-rl] step=105268 episode=700 return=328.0 length=328 loss=118.87520599365234 cases=None
[nnknn-rl][eval] step=105268 mean_return=500.00 max_return=500.00
[nnknn-rl][early-stop] step=105268 reason=target_score
[nnknn-rl] finished profile=fast mean_eval_return=500.00 passed=True run_dir=results/rl/nnknn_rl_cartpole_20260821_030831_131475
{
  "task": "cartpole",
  "env_id": "CartPole-v1",
  "profile": "fast",
  "seed": 4,
  "total_timesteps": 105268,
  "configured_total_timesteps": 150000,
  "actual_timesteps": 105268,
  "eval_episodes": 20,
  "success_threshold": 475.0,
  "passed": true,
  "algorithm": "nnknn_actor_critic_separate_memory_gae",
  "actor_type": "mlp",
  "critic_type": "nnknn",
  "architecture": {
    "separate_case_bases": true,
    "shared_nnknn_representation": false,
    "critic_target_shared_case_store": true,
    "actor_case_insertion": "raw_positive_advantage_only"
  },
  "gae": {
    "gamma": 0.99,
    "gae_lambda": 0.95,
    "advantage_clip": 5.0
  },
  "exploration": {
    "mode": "standard_stochastic_policy",
    "applies_to_actor": false,
    "initial_epsilon": 0.0,
    "final_epsilon": 0.0,
    "fraction": 0.5,
    "final_step_epsilon": 0.0,
    "readiness": {
      "min_case_entries": 32,
      "min_cases_per_action": 8
    }
  },
  "final_eval": {
    "episodes": 20,
    "seed": 10000,
    "mean_return": 500.0,
    "std_return": 0.0,
    "min_return": 500.0,
    "max_return": 500.0,
    "mean_length": 500.0
  },
  "last_eval": {
    "episodes": 20,
    "seed": 10000,
    "mean_return": 500.0,
    "std_return": 0.0,
    "min_return": 500.0,
    "max_return": 500.0,
    "mean_length": 500.0
  },
  "selected_step": 105268,
  "selected_source": "final",
  "training_efficiency": {
    "best_model_step": 105268,
    "best_model_training_fraction": 1.0,
    "first_success_step": 73387,
    "first_success_training_fraction": 0.6971444313561577,
    "best_minus_last_return": 0.0,
    "budget_interpretation": "final_is_best_check_for_underfit"
  },
  "early_stopping": {
    "enabled": true,
    "patience": 30,
    "min_delta": 1.0,
    "min_steps": 25000,
    "target_score": 500.0,
    "best_mean_return": 500.0,
    "evaluations": 7,
    "evaluations_without_improvement": 0,
    "stopped_early": true,
    "stopping_reason": "target_score",
    "stopping_step": 105268
  },
  "case_entries": null,
  "critic_case_entries": 500,
  "action_counts": null,
  "cases_pruned": 10980,
  "cases_replaced": 93788,
  "actor_cases_pruned": 0,
  "actor_cases_replaced": 0,
  "critic_cases_pruned": 10980,
  "critic_cases_replaced": 93788,
  "critic_label_updates": 0,
  "critic_label_update_samples": 0,
  "partial_rollout_segments": 0,
  "partial_rollout_samples": 0,
  "critic_target_enabled": true,
  "critic_target_value_mode": "ema",
  "critic_target_sync_interval": 4,
  "critic_target_ema_tau": 0.05,
  "critic_target_value_syncs": 44,
  "critic_holdout_evaluations": 7,
  "latest_critic_holdout": {
    "global_step": 105268,
    "completed_episodes": 700,
    "diagnostic_index": 7,
    "critic_holdout_mse": 1728.8994140625,
    "critic_holdout_explained_variance": -0.02649831771850586,
    "critic_holdout_value_mean": 46.686710357666016,
    "critic_holdout_target_mean": 82.60464477539062,
    "critic_holdout_samples": 2022,
    "critic_holdout_episodes": 5,
    "critic_holdout_environment_steps": 2022,
    "critic_holdout_mean_episode_return": 404.4,
    "critic_holdout_mean_episode_length": 404.4,
    "critic_holdout_behavior_epsilon": 0.0,
    "critic_holdout_truncated_bootstraps": 3,
    "critic_holdout_target_method": "discounted_monte_carlo_with_truncation_bootstrap",
    "critic_holdout_bootstrap_source": "target_value_model",
    "critic_holdout_seed": 30030
  },
  "run_dir": "results/rl/nnknn_rl_cartpole_20260821_030831_131475"
}
Checkpoint: results/rl/nnknn_rl_cartpole_20260821_030831_131475/checkpoint.pt
