cases trainable: False
labels trainable: False
Enforcing normalize_over_cases = True for regression task.
[nnknn-rl] step=17 episode=1 return=17.0 length=17 loss=None cases=None
[nnknn-rl] step=54 episode=2 return=37.0 length=37 loss=None cases=None
[nnknn-rl] step=67 episode=3 return=13.0 length=13 loss=None cases=None
[nnknn-rl] step=95 episode=4 return=28.0 length=28 loss=91.21660614013672 cases=None
[nnknn-rl] step=112 episode=5 return=17.0 length=17 loss=None cases=None
[nnknn-rl] step=236 episode=10 return=41.0 length=41 loss=None cases=None
[nnknn-rl] step=467 episode=20 return=24.0 length=24 loss=26.02260971069336 cases=None
[nnknn-rl] step=695 episode=30 return=40.0 length=40 loss=None cases=None
[nnknn-rl] step=939 episode=40 return=22.0 length=22 loss=33.99167251586914 cases=None
[nnknn-rl] step=1174 episode=50 return=17.0 length=17 loss=None cases=None
[nnknn-rl] step=1438 episode=60 return=27.0 length=27 loss=22.425861358642578 cases=None
[nnknn-rl] step=1662 episode=70 return=23.0 length=23 loss=None cases=None
[nnknn-rl] step=1943 episode=80 return=72.0 length=72 loss=64.77971649169922 cases=None
[nnknn-rl] step=2225 episode=90 return=34.0 length=34 loss=None cases=None
[nnknn-rl][critic-holdout] step=2522 episodes=100 mse=248.2869 explained_variance=0.1811
[nnknn-rl] step=2522 episode=100 return=67.0 length=67 loss=70.29051971435547 cases=None
[nnknn-rl][eval] step=2522 mean_return=66.80 max_return=127.00
[nnknn-rl] step=2779 episode=110 return=68.0 length=68 loss=None cases=None
[nnknn-rl] step=3141 episode=120 return=11.0 length=11 loss=24.26695442199707 cases=None
[nnknn-rl] step=3422 episode=130 return=10.0 length=10 loss=None cases=None
[nnknn-rl] step=3864 episode=140 return=33.0 length=33 loss=69.05349731445312 cases=None
[nnknn-rl] step=4193 episode=150 return=20.0 length=20 loss=None cases=None
[nnknn-rl] step=4602 episode=160 return=31.0 length=31 loss=37.395179748535156 cases=None
[nnknn-rl] step=5195 episode=170 return=41.0 length=41 loss=None cases=None
[nnknn-rl] step=5585 episode=180 return=63.0 length=63 loss=36.585025787353516 cases=None
[nnknn-rl] step=6044 episode=190 return=116.0 length=116 loss=None cases=None
[nnknn-rl][critic-holdout] step=6521 episodes=200 mse=89.1684 explained_variance=0.4292
[nnknn-rl] step=6521 episode=200 return=88.0 length=88 loss=57.84677505493164 cases=None
[nnknn-rl][eval] step=6521 mean_return=184.25 max_return=500.00
[nnknn-rl] step=7052 episode=210 return=71.0 length=71 loss=None cases=None
[nnknn-rl] step=7738 episode=220 return=27.0 length=27 loss=80.50798034667969 cases=None
[nnknn-rl] step=8238 episode=230 return=58.0 length=58 loss=None cases=None
[nnknn-rl] step=8973 episode=240 return=104.0 length=104 loss=87.03913879394531 cases=None
[nnknn-rl] step=9883 episode=250 return=36.0 length=36 loss=None cases=None
[nnknn-rl] step=10579 episode=260 return=85.0 length=85 loss=66.47455596923828 cases=None
[nnknn-rl] step=11321 episode=270 return=99.0 length=99 loss=None cases=None
[nnknn-rl] step=12446 episode=280 return=142.0 length=142 loss=95.55608367919922 cases=None
[nnknn-rl] step=13307 episode=290 return=41.0 length=41 loss=None cases=None
[nnknn-rl][critic-holdout] step=14450 episodes=300 mse=569.7529 explained_variance=0.2105
[nnknn-rl] step=14450 episode=300 return=100.0 length=100 loss=90.86809539794922 cases=None
[nnknn-rl][eval] step=14450 mean_return=273.75 max_return=392.00
[nnknn-rl] step=15985 episode=310 return=45.0 length=45 loss=None cases=None
[nnknn-rl] step=17551 episode=320 return=221.0 length=221 loss=122.6900405883789 cases=None
[nnknn-rl] step=18758 episode=330 return=129.0 length=129 loss=None cases=None
[nnknn-rl] step=19876 episode=340 return=39.0 length=39 loss=109.07984924316406 cases=None
[nnknn-rl] step=21958 episode=350 return=447.0 length=447 loss=None cases=None
[nnknn-rl] step=24034 episode=360 return=264.0 length=264 loss=124.42808532714844 cases=None
[nnknn-rl] step=26411 episode=370 return=187.0 length=187 loss=None cases=None
[nnknn-rl] step=28034 episode=380 return=139.0 length=139 loss=113.44270324707031 cases=None
[nnknn-rl] step=29839 episode=390 return=184.0 length=184 loss=None cases=None
[nnknn-rl][critic-holdout] step=31947 episodes=400 mse=1271.2961 explained_variance=0.0953
[nnknn-rl] step=31947 episode=400 return=267.0 length=267 loss=107.40863037109375 cases=None
[nnknn-rl][eval] step=31947 mean_return=299.75 max_return=374.00
[nnknn-rl] step=34412 episode=410 return=185.0 length=185 loss=None cases=None
[nnknn-rl] step=36950 episode=420 return=253.0 length=253 loss=117.24945068359375 cases=None
[nnknn-rl] step=39368 episode=430 return=247.0 length=247 loss=None cases=None
[nnknn-rl] step=41506 episode=440 return=243.0 length=243 loss=86.33243560791016 cases=None
[nnknn-rl] step=43936 episode=450 return=103.0 length=103 loss=None cases=None
[nnknn-rl] step=46635 episode=460 return=281.0 length=281 loss=97.17561340332031 cases=None
[nnknn-rl] step=49346 episode=470 return=307.0 length=307 loss=None cases=None
[nnknn-rl] step=52542 episode=480 return=266.0 length=266 loss=92.18412780761719 cases=None
[nnknn-rl] step=55877 episode=490 return=302.0 length=302 loss=None cases=None
[nnknn-rl][critic-holdout] step=58543 episodes=500 mse=1062.4370 explained_variance=0.1316
[nnknn-rl] step=58543 episode=500 return=419.0 length=419 loss=97.91264343261719 cases=None
[nnknn-rl][eval] step=58543 mean_return=439.60 max_return=500.00
[nnknn-rl] step=61162 episode=510 return=263.0 length=263 loss=None cases=None
[nnknn-rl] step=63676 episode=520 return=181.0 length=181 loss=100.16271209716797 cases=None
[nnknn-rl] step=66278 episode=530 return=318.0 length=318 loss=None cases=None
[nnknn-rl] step=68644 episode=540 return=344.0 length=344 loss=73.77015686035156 cases=None
[nnknn-rl] step=71196 episode=550 return=270.0 length=270 loss=None cases=None
[nnknn-rl] step=73906 episode=560 return=260.0 length=260 loss=75.2256088256836 cases=None
[nnknn-rl] step=77124 episode=570 return=258.0 length=258 loss=None cases=None
[nnknn-rl] step=79930 episode=580 return=291.0 length=291 loss=105.8437728881836 cases=None
[nnknn-rl] step=82490 episode=590 return=246.0 length=246 loss=None cases=None
[nnknn-rl][critic-holdout] step=84752 episodes=600 mse=1082.2076 explained_variance=0.0600
[nnknn-rl] step=84752 episode=600 return=189.0 length=189 loss=96.34961700439453 cases=None
[nnknn-rl][eval] step=84752 mean_return=388.80 max_return=500.00
[nnknn-rl] step=87961 episode=610 return=218.0 length=218 loss=None cases=None
[nnknn-rl] step=91102 episode=620 return=339.0 length=339 loss=78.01619720458984 cases=None
[nnknn-rl] step=93718 episode=630 return=259.0 length=259 loss=None cases=None
[nnknn-rl] step=97343 episode=640 return=438.0 length=438 loss=92.14510345458984 cases=None
[nnknn-rl] step=100745 episode=650 return=374.0 length=374 loss=None cases=None
[nnknn-rl] step=103971 episode=660 return=146.0 length=146 loss=100.48202514648438 cases=None
[nnknn-rl] step=107668 episode=670 return=382.0 length=382 loss=None cases=None
[nnknn-rl] step=111055 episode=680 return=467.0 length=467 loss=103.0197525024414 cases=None
[nnknn-rl] step=114079 episode=690 return=244.0 length=244 loss=None cases=None
[nnknn-rl][critic-holdout] step=116612 episodes=700 mse=1605.7134 explained_variance=0.1234
[nnknn-rl] step=116612 episode=700 return=278.0 length=278 loss=114.18202209472656 cases=None
[nnknn-rl][eval] step=116612 mean_return=500.00 max_return=500.00
[nnknn-rl][early-stop] step=116612 reason=target_score
[nnknn-rl] finished profile=fast mean_eval_return=500.00 passed=True run_dir=results/rl/nnknn_rl_cartpole_20260821_030830_796126
{
  "task": "cartpole",
  "env_id": "CartPole-v1",
  "profile": "fast",
  "seed": 3,
  "total_timesteps": 116612,
  "configured_total_timesteps": 150000,
  "actual_timesteps": 116612,
  "eval_episodes": 20,
  "success_threshold": 475.0,
  "passed": true,
  "algorithm": "nnknn_actor_critic_separate_memory_gae",
  "actor_type": "mlp",
  "critic_type": "nnknn",
  "architecture": {
    "separate_case_bases": true,
    "shared_nnknn_representation": false,
    "critic_target_shared_case_store": true,
    "actor_case_insertion": "raw_positive_advantage_only"
  },
  "gae": {
    "gamma": 0.99,
    "gae_lambda": 0.95,
    "advantage_clip": 5.0
  },
  "exploration": {
    "mode": "standard_stochastic_policy",
    "applies_to_actor": false,
    "initial_epsilon": 0.0,
    "final_epsilon": 0.0,
    "fraction": 0.5,
    "final_step_epsilon": 0.0,
    "readiness": {
      "min_case_entries": 32,
      "min_cases_per_action": 8
    }
  },
  "final_eval": {
    "episodes": 20,
    "seed": 10000,
    "mean_return": 500.0,
    "std_return": 0.0,
    "min_return": 500.0,
    "max_return": 500.0,
    "mean_length": 500.0
  },
  "last_eval": {
    "episodes": 20,
    "seed": 10000,
    "mean_return": 500.0,
    "std_return": 0.0,
    "min_return": 500.0,
    "max_return": 500.0,
    "mean_length": 500.0
  },
  "selected_step": 116612,
  "selected_source": "final",
  "training_efficiency": {
    "best_model_step": 116612,
    "best_model_training_fraction": 1.0,
    "first_success_step": 116612,
    "first_success_training_fraction": 1.0,
    "best_minus_last_return": 0.0,
    "budget_interpretation": "final_is_best_check_for_underfit"
  },
  "early_stopping": {
    "enabled": true,
    "patience": 30,
    "min_delta": 1.0,
    "min_steps": 25000,
    "target_score": 500.0,
    "best_mean_return": 500.0,
    "evaluations": 7,
    "evaluations_without_improvement": 0,
    "stopped_early": true,
    "stopping_reason": "target_score",
    "stopping_step": 116612
  },
  "case_entries": null,
  "critic_case_entries": 500,
  "action_counts": null,
  "cases_pruned": 6879,
  "cases_replaced": 109233,
  "actor_cases_pruned": 0,
  "actor_cases_replaced": 0,
  "critic_cases_pruned": 6879,
  "critic_cases_replaced": 109233,
  "critic_label_updates": 0,
  "critic_label_update_samples": 0,
  "partial_rollout_segments": 0,
  "partial_rollout_samples": 0,
  "critic_target_enabled": true,
  "critic_target_value_mode": "ema",
  "critic_target_sync_interval": 4,
  "critic_target_ema_tau": 0.05,
  "critic_target_value_syncs": 44,
  "critic_holdout_evaluations": 7,
  "latest_critic_holdout": {
    "global_step": 116612,
    "completed_episodes": 700,
    "diagnostic_index": 7,
    "critic_holdout_mse": 1605.71337890625,
    "critic_holdout_explained_variance": 0.12341195344924927,
    "critic_holdout_value_mean": 46.78789138793945,
    "critic_holdout_target_mean": 81.11810302734375,
    "critic_holdout_samples": 2058,
    "critic_holdout_episodes": 5,
    "critic_holdout_environment_steps": 2058,
    "critic_holdout_mean_episode_return": 411.6,
    "critic_holdout_mean_episode_length": 411.6,
    "critic_holdout_behavior_epsilon": 0.0,
    "critic_holdout_truncated_bootstraps": 2,
    "critic_holdout_target_method": "discounted_monte_carlo_with_truncation_bootstrap",
    "critic_holdout_bootstrap_source": "target_value_model",
    "critic_holdout_seed": 30030
  },
  "run_dir": "results/rl/nnknn_rl_cartpole_20260821_030830_796126"
}
Checkpoint: results/rl/nnknn_rl_cartpole_20260821_030830_796126/checkpoint.pt
