cases trainable: False
labels trainable: False
Enforcing normalize_over_cases = True for regression task.
[nnknn-rl] step=13 episode=1 return=13.0 length=13 loss=None cases=None
[nnknn-rl] step=39 episode=2 return=26.0 length=26 loss=None cases=None
[nnknn-rl] step=50 episode=3 return=11.0 length=11 loss=None cases=None
[nnknn-rl] step=68 episode=4 return=18.0 length=18 loss=61.17145538330078 cases=None
[nnknn-rl] step=87 episode=5 return=19.0 length=19 loss=None cases=None
[nnknn-rl] step=157 episode=10 return=10.0 length=10 loss=None cases=None
[nnknn-rl] step=361 episode=20 return=14.0 length=14 loss=11.860542297363281 cases=None
[nnknn-rl] step=629 episode=30 return=38.0 length=38 loss=None cases=None
[nnknn-rl] step=961 episode=40 return=39.0 length=39 loss=49.754093170166016 cases=None
[nnknn-rl] step=1292 episode=50 return=22.0 length=22 loss=None cases=None
[nnknn-rl] step=1513 episode=60 return=31.0 length=31 loss=23.508237838745117 cases=None
[nnknn-rl] step=1763 episode=70 return=10.0 length=10 loss=None cases=None
[nnknn-rl] step=2060 episode=80 return=40.0 length=40 loss=36.72193145751953 cases=None
[nnknn-rl] step=2374 episode=90 return=26.0 length=26 loss=None cases=None
[nnknn-rl][critic-holdout] step=2822 episodes=100 mse=704.1710 explained_variance=0.1595
[nnknn-rl] step=2822 episode=100 return=42.0 length=42 loss=68.25743865966797 cases=None
[nnknn-rl][eval] step=2822 mean_return=85.35 max_return=174.00
[nnknn-rl] step=3133 episode=110 return=44.0 length=44 loss=None cases=None
[nnknn-rl] step=3565 episode=120 return=44.0 length=44 loss=54.63425827026367 cases=None
[nnknn-rl] step=3973 episode=130 return=78.0 length=78 loss=None cases=None
[nnknn-rl] step=4388 episode=140 return=44.0 length=44 loss=52.1041374206543 cases=None
[nnknn-rl] step=4787 episode=150 return=52.0 length=52 loss=None cases=None
[nnknn-rl] step=5250 episode=160 return=17.0 length=17 loss=50.145992279052734 cases=None
[nnknn-rl] step=5880 episode=170 return=38.0 length=38 loss=None cases=None
[nnknn-rl] step=6241 episode=180 return=13.0 length=13 loss=39.4035758972168 cases=None
[nnknn-rl] step=6760 episode=190 return=59.0 length=59 loss=None cases=None
[nnknn-rl][critic-holdout] step=7348 episodes=200 mse=78.2339 explained_variance=0.4888
[nnknn-rl] step=7348 episode=200 return=54.0 length=54 loss=68.26923370361328 cases=None
[nnknn-rl][eval] step=7348 mean_return=56.25 max_return=103.00
[nnknn-rl] step=7853 episode=210 return=137.0 length=137 loss=None cases=None
[nnknn-rl] step=8404 episode=220 return=74.0 length=74 loss=69.02376556396484 cases=None
[nnknn-rl] step=8963 episode=230 return=75.0 length=75 loss=None cases=None
[nnknn-rl] step=9664 episode=240 return=53.0 length=53 loss=41.218650817871094 cases=None
[nnknn-rl] step=10429 episode=250 return=94.0 length=94 loss=None cases=None
[nnknn-rl] step=11040 episode=260 return=62.0 length=62 loss=38.91463088989258 cases=None
[nnknn-rl] step=11844 episode=270 return=135.0 length=135 loss=None cases=None
[nnknn-rl] step=12683 episode=280 return=123.0 length=123 loss=78.25263214111328 cases=None
[nnknn-rl] step=13446 episode=290 return=71.0 length=71 loss=None cases=None
[nnknn-rl][critic-holdout] step=14426 episodes=300 mse=245.2426 explained_variance=0.3420
[nnknn-rl] step=14426 episode=300 return=142.0 length=142 loss=68.76921844482422 cases=None
[nnknn-rl][eval] step=14426 mean_return=170.05 max_return=256.00
[nnknn-rl] step=15563 episode=310 return=149.0 length=149 loss=None cases=None
[nnknn-rl] step=16840 episode=320 return=127.0 length=127 loss=88.42117309570312 cases=None
[nnknn-rl] step=18132 episode=330 return=114.0 length=114 loss=None cases=None
[nnknn-rl] step=19518 episode=340 return=106.0 length=106 loss=73.40632629394531 cases=None
[nnknn-rl] step=20966 episode=350 return=329.0 length=329 loss=None cases=None
[nnknn-rl] step=22103 episode=360 return=178.0 length=178 loss=99.50763702392578 cases=None
[nnknn-rl] step=23620 episode=370 return=238.0 length=238 loss=None cases=None
[nnknn-rl] step=24917 episode=380 return=169.0 length=169 loss=121.99885559082031 cases=None
[nnknn-rl] step=26404 episode=390 return=208.0 length=208 loss=None cases=None
[nnknn-rl][critic-holdout] step=28411 episodes=400 mse=1578.2334 explained_variance=0.1840
[nnknn-rl] step=28411 episode=400 return=214.0 length=214 loss=113.75418090820312 cases=None
[nnknn-rl][eval] step=28411 mean_return=460.20 max_return=500.00
[nnknn-rl] step=30260 episode=410 return=252.0 length=252 loss=None cases=None
[nnknn-rl] step=32735 episode=420 return=140.0 length=140 loss=99.99813842773438 cases=None
[nnknn-rl] step=34955 episode=430 return=309.0 length=309 loss=None cases=None
[nnknn-rl] step=36932 episode=440 return=241.0 length=241 loss=95.11067962646484 cases=None
[nnknn-rl] step=38890 episode=450 return=236.0 length=236 loss=None cases=None
[nnknn-rl] step=40354 episode=460 return=238.0 length=238 loss=107.36842346191406 cases=None
[nnknn-rl] step=42529 episode=470 return=194.0 length=194 loss=None cases=None
[nnknn-rl] step=44528 episode=480 return=163.0 length=163 loss=94.06627655029297 cases=None
[nnknn-rl] step=47442 episode=490 return=334.0 length=334 loss=None cases=None
[nnknn-rl][critic-holdout] step=50405 episodes=500 mse=1092.2354 explained_variance=0.1565
[nnknn-rl] step=50405 episode=500 return=333.0 length=333 loss=77.2885513305664 cases=None
[nnknn-rl][eval] step=50405 mean_return=481.90 max_return=500.00
[nnknn-rl] step=53622 episode=510 return=353.0 length=353 loss=None cases=None
[nnknn-rl] step=56159 episode=520 return=201.0 length=201 loss=87.51032257080078 cases=None
[nnknn-rl] step=58960 episode=530 return=355.0 length=355 loss=None cases=None
[nnknn-rl] step=61501 episode=540 return=109.0 length=109 loss=92.8799819946289 cases=None
[nnknn-rl] step=64416 episode=550 return=271.0 length=271 loss=None cases=None
[nnknn-rl] step=67069 episode=560 return=175.0 length=175 loss=68.27848815917969 cases=None
[nnknn-rl] step=70315 episode=570 return=458.0 length=458 loss=None cases=None
[nnknn-rl] step=73011 episode=580 return=272.0 length=272 loss=87.963134765625 cases=None
[nnknn-rl] step=76358 episode=590 return=283.0 length=283 loss=None cases=None
[nnknn-rl][critic-holdout] step=79353 episodes=600 mse=1589.6356 explained_variance=0.0973
[nnknn-rl] step=79353 episode=600 return=198.0 length=198 loss=137.73814392089844 cases=None
[nnknn-rl][eval] step=79353 mean_return=496.40 max_return=500.00
[nnknn-rl] step=82156 episode=610 return=197.0 length=197 loss=None cases=None
[nnknn-rl] step=84954 episode=620 return=199.0 length=199 loss=104.3812484741211 cases=None
[nnknn-rl] step=87678 episode=630 return=367.0 length=367 loss=None cases=None
[nnknn-rl] step=90157 episode=640 return=217.0 length=217 loss=122.41256713867188 cases=None
[nnknn-rl] step=92637 episode=650 return=151.0 length=151 loss=None cases=None
[nnknn-rl] step=94807 episode=660 return=176.0 length=176 loss=100.43413543701172 cases=None
[nnknn-rl] step=97143 episode=670 return=289.0 length=289 loss=None cases=None
[nnknn-rl] step=99867 episode=680 return=141.0 length=141 loss=89.90120697021484 cases=None
[nnknn-rl] step=102887 episode=690 return=283.0 length=283 loss=None cases=None
[nnknn-rl][critic-holdout] step=106023 episodes=700 mse=1695.9475 explained_variance=-0.1439
[nnknn-rl] step=106023 episode=700 return=487.0 length=487 loss=115.74333953857422 cases=None
[nnknn-rl][eval] step=106023 mean_return=500.00 max_return=500.00
[nnknn-rl][early-stop] step=106023 reason=target_score
[nnknn-rl] finished profile=fast mean_eval_return=500.00 passed=True run_dir=results/rl/nnknn_rl_cartpole_20260821_030831_141162
{
  "task": "cartpole",
  "env_id": "CartPole-v1",
  "profile": "fast",
  "seed": 4,
  "total_timesteps": 106023,
  "configured_total_timesteps": 150000,
  "actual_timesteps": 106023,
  "eval_episodes": 20,
  "success_threshold": 475.0,
  "passed": true,
  "algorithm": "nnknn_actor_critic_separate_memory_gae",
  "actor_type": "mlp",
  "critic_type": "nnknn",
  "architecture": {
    "separate_case_bases": true,
    "shared_nnknn_representation": false,
    "critic_target_shared_case_store": true,
    "actor_case_insertion": "raw_positive_advantage_only"
  },
  "gae": {
    "gamma": 0.99,
    "gae_lambda": 0.95,
    "advantage_clip": 5.0
  },
  "exploration": {
    "mode": "standard_stochastic_policy",
    "applies_to_actor": false,
    "initial_epsilon": 0.0,
    "final_epsilon": 0.0,
    "fraction": 0.5,
    "final_step_epsilon": 0.0,
    "readiness": {
      "min_case_entries": 32,
      "min_cases_per_action": 8
    }
  },
  "final_eval": {
    "episodes": 20,
    "seed": 10000,
    "mean_return": 500.0,
    "std_return": 0.0,
    "min_return": 500.0,
    "max_return": 500.0,
    "mean_length": 500.0
  },
  "last_eval": {
    "episodes": 20,
    "seed": 10000,
    "mean_return": 500.0,
    "std_return": 0.0,
    "min_return": 500.0,
    "max_return": 500.0,
    "mean_length": 500.0
  },
  "selected_step": 106023,
  "selected_source": "final",
  "training_efficiency": {
    "best_model_step": 106023,
    "best_model_training_fraction": 1.0,
    "first_success_step": 50405,
    "first_success_training_fraction": 0.47541571168520036,
    "best_minus_last_return": 0.0,
    "budget_interpretation": "final_is_best_check_for_underfit"
  },
  "early_stopping": {
    "enabled": true,
    "patience": 30,
    "min_delta": 1.0,
    "min_steps": 25000,
    "target_score": 500.0,
    "best_mean_return": 500.0,
    "evaluations": 7,
    "evaluations_without_improvement": 0,
    "stopped_early": true,
    "stopping_reason": "target_score",
    "stopping_step": 106023
  },
  "case_entries": null,
  "critic_case_entries": 500,
  "action_counts": null,
  "cases_pruned": 7153,
  "cases_replaced": 98370,
  "actor_cases_pruned": 0,
  "actor_cases_replaced": 0,
  "critic_cases_pruned": 7153,
  "critic_cases_replaced": 98370,
  "critic_label_updates": 0,
  "critic_label_update_samples": 0,
  "partial_rollout_segments": 0,
  "partial_rollout_samples": 0,
  "critic_target_enabled": true,
  "critic_target_value_mode": "ema",
  "critic_target_sync_interval": 4,
  "critic_target_ema_tau": 0.05,
  "critic_target_value_syncs": 44,
  "critic_holdout_evaluations": 7,
  "latest_critic_holdout": {
    "global_step": 106023,
    "completed_episodes": 700,
    "diagnostic_index": 7,
    "critic_holdout_mse": 1695.947509765625,
    "critic_holdout_explained_variance": -0.14385783672332764,
    "critic_holdout_value_mean": 47.06512451171875,
    "critic_holdout_target_mean": 80.12403869628906,
    "critic_holdout_samples": 1886,
    "critic_holdout_episodes": 5,
    "critic_holdout_environment_steps": 1886,
    "critic_holdout_mean_episode_return": 377.2,
    "critic_holdout_mean_episode_length": 377.2,
    "critic_holdout_behavior_epsilon": 0.0,
    "critic_holdout_truncated_bootstraps": 2,
    "critic_holdout_target_method": "discounted_monte_carlo_with_truncation_bootstrap",
    "critic_holdout_bootstrap_source": "target_value_model",
    "critic_holdout_seed": 30030
  },
  "run_dir": "results/rl/nnknn_rl_cartpole_20260821_030831_141162"
}
Checkpoint: results/rl/nnknn_rl_cartpole_20260821_030831_141162/checkpoint.pt
