cases trainable: False
labels trainable: False
Enforcing normalize_over_cases = True for regression task.
[nnknn-rl] step=20 episode=1 return=20.0 length=20 loss=None cases=None
[nnknn-rl] step=40 episode=2 return=20.0 length=20 loss=None cases=None
[nnknn-rl] step=60 episode=3 return=20.0 length=20 loss=None cases=None
[nnknn-rl] step=79 episode=4 return=19.0 length=19 loss=64.83038330078125 cases=None
[nnknn-rl] step=96 episode=5 return=17.0 length=17 loss=None cases=None
[nnknn-rl] step=292 episode=10 return=18.0 length=18 loss=None cases=None
[nnknn-rl] step=529 episode=20 return=12.0 length=12 loss=62.130550384521484 cases=None
[nnknn-rl] step=752 episode=30 return=43.0 length=43 loss=None cases=None
[nnknn-rl] step=1037 episode=40 return=10.0 length=10 loss=80.01049041748047 cases=None
[nnknn-rl] step=1258 episode=50 return=20.0 length=20 loss=None cases=None
[nnknn-rl] step=1510 episode=60 return=36.0 length=36 loss=22.15508460998535 cases=None
[nnknn-rl] step=1753 episode=70 return=43.0 length=43 loss=None cases=None
[nnknn-rl] step=2050 episode=80 return=30.0 length=30 loss=40.660037994384766 cases=None
[nnknn-rl] step=2507 episode=90 return=14.0 length=14 loss=None cases=None
[nnknn-rl][critic-holdout] step=2816 episodes=100 mse=32.1442 explained_variance=0.6561
[nnknn-rl] step=2816 episode=100 return=32.0 length=32 loss=27.85021209716797 cases=None
[nnknn-rl][eval] step=2816 mean_return=45.85 max_return=99.00
[nnknn-rl] step=3132 episode=110 return=28.0 length=28 loss=None cases=None
[nnknn-rl] step=3499 episode=120 return=84.0 length=84 loss=58.9447021484375 cases=None
[nnknn-rl] step=3783 episode=130 return=13.0 length=13 loss=None cases=None
[nnknn-rl] step=4192 episode=140 return=64.0 length=64 loss=41.56305694580078 cases=None
[nnknn-rl] step=4639 episode=150 return=19.0 length=19 loss=None cases=None
[nnknn-rl] step=5020 episode=160 return=53.0 length=53 loss=45.27003860473633 cases=None
[nnknn-rl] step=5440 episode=170 return=43.0 length=43 loss=None cases=None
[nnknn-rl] step=5861 episode=180 return=18.0 length=18 loss=70.80644989013672 cases=None
[nnknn-rl] step=6409 episode=190 return=33.0 length=33 loss=None cases=None
[nnknn-rl][critic-holdout] step=7013 episodes=200 mse=60.1737 explained_variance=0.5704
[nnknn-rl] step=7013 episode=200 return=51.0 length=51 loss=61.44377517700195 cases=None
[nnknn-rl][eval] step=7013 mean_return=203.00 max_return=369.00
[nnknn-rl] step=7526 episode=210 return=45.0 length=45 loss=None cases=None
[nnknn-rl] step=8213 episode=220 return=105.0 length=105 loss=71.74363708496094 cases=None
[nnknn-rl] step=8811 episode=230 return=49.0 length=49 loss=None cases=None
[nnknn-rl] step=9497 episode=240 return=23.0 length=23 loss=67.61442565917969 cases=None
[nnknn-rl] step=10170 episode=250 return=29.0 length=29 loss=None cases=None
[nnknn-rl] step=10880 episode=260 return=45.0 length=45 loss=62.04732131958008 cases=None
[nnknn-rl] step=11551 episode=270 return=164.0 length=164 loss=None cases=None
[nnknn-rl] step=12499 episode=280 return=97.0 length=97 loss=97.42487335205078 cases=None
[nnknn-rl] step=13573 episode=290 return=50.0 length=50 loss=None cases=None
[nnknn-rl][critic-holdout] step=14792 episodes=300 mse=575.4786 explained_variance=0.1708
[nnknn-rl] step=14792 episode=300 return=153.0 length=153 loss=109.84982299804688 cases=None
[nnknn-rl][eval] step=14792 mean_return=373.65 max_return=500.00
[nnknn-rl] step=15741 episode=310 return=86.0 length=86 loss=None cases=None
[nnknn-rl] step=16687 episode=320 return=39.0 length=39 loss=74.48685455322266 cases=None
[nnknn-rl] step=17761 episode=330 return=43.0 length=43 loss=None cases=None
[nnknn-rl] step=18799 episode=340 return=161.0 length=161 loss=101.3833236694336 cases=None
[nnknn-rl] step=19687 episode=350 return=99.0 length=99 loss=None cases=None
[nnknn-rl] step=21155 episode=360 return=233.0 length=233 loss=97.10659790039062 cases=None
[nnknn-rl] step=22892 episode=370 return=135.0 length=135 loss=None cases=None
[nnknn-rl] step=24327 episode=380 return=126.0 length=126 loss=86.65060424804688 cases=None
[nnknn-rl] step=26029 episode=390 return=220.0 length=220 loss=None cases=None
[nnknn-rl][critic-holdout] step=27329 episodes=400 mse=894.7213 explained_variance=0.1621
[nnknn-rl] step=27329 episode=400 return=16.0 length=16 loss=90.2347640991211 cases=None
[nnknn-rl][eval] step=27329 mean_return=324.55 max_return=500.00
[nnknn-rl] step=29105 episode=410 return=128.0 length=128 loss=None cases=None
[nnknn-rl] step=30532 episode=420 return=106.0 length=106 loss=98.95236206054688 cases=None
[nnknn-rl] step=31614 episode=430 return=105.0 length=105 loss=None cases=None
[nnknn-rl] step=33101 episode=440 return=196.0 length=196 loss=75.41881561279297 cases=None
[nnknn-rl] step=34747 episode=450 return=83.0 length=83 loss=None cases=None
[nnknn-rl] step=36403 episode=460 return=171.0 length=171 loss=73.72900390625 cases=None
[nnknn-rl] step=38364 episode=470 return=181.0 length=181 loss=None cases=None
[nnknn-rl] step=40408 episode=480 return=246.0 length=246 loss=85.15914154052734 cases=None
[nnknn-rl] step=42837 episode=490 return=239.0 length=239 loss=None cases=None
[nnknn-rl][critic-holdout] step=45092 episodes=500 mse=753.5360 explained_variance=0.3841
[nnknn-rl] step=45092 episode=500 return=133.0 length=133 loss=73.79605102539062 cases=None
[nnknn-rl][eval] step=45092 mean_return=260.25 max_return=423.00
[nnknn-rl] step=47032 episode=510 return=230.0 length=230 loss=None cases=None
[nnknn-rl] step=48720 episode=520 return=244.0 length=244 loss=73.62361145019531 cases=None
[nnknn-rl] step=50857 episode=530 return=141.0 length=141 loss=None cases=None
[nnknn-rl] step=52867 episode=540 return=243.0 length=243 loss=61.94429016113281 cases=None
[nnknn-rl] step=55258 episode=550 return=206.0 length=206 loss=None cases=None
[nnknn-rl] step=58821 episode=560 return=324.0 length=324 loss=75.49635314941406 cases=None
[nnknn-rl] step=61701 episode=570 return=500.0 length=500 loss=None cases=None
[nnknn-rl] step=65445 episode=580 return=365.0 length=365 loss=89.23445892333984 cases=None
[nnknn-rl] step=69464 episode=590 return=500.0 length=500 loss=None cases=None
[nnknn-rl][critic-holdout] step=72569 episodes=600 mse=1638.5609 explained_variance=0.3243
[nnknn-rl] step=72569 episode=600 return=187.0 length=187 loss=81.75050354003906 cases=None
[nnknn-rl][eval] step=72569 mean_return=470.10 max_return=500.00
[nnknn-rl] step=75670 episode=610 return=79.0 length=79 loss=None cases=None
[nnknn-rl] step=78553 episode=620 return=365.0 length=365 loss=93.40034484863281 cases=None
[nnknn-rl] step=80979 episode=630 return=239.0 length=239 loss=None cases=None
[nnknn-rl] step=83948 episode=640 return=211.0 length=211 loss=101.38478088378906 cases=None
[nnknn-rl] step=87405 episode=650 return=354.0 length=354 loss=None cases=None
[nnknn-rl] step=91525 episode=660 return=465.0 length=465 loss=84.23243713378906 cases=None
[nnknn-rl] step=95461 episode=670 return=500.0 length=500 loss=None cases=None
[nnknn-rl] step=99465 episode=680 return=298.0 length=298 loss=88.4969253540039 cases=None
[nnknn-rl] step=103175 episode=690 return=347.0 length=347 loss=None cases=None
[nnknn-rl][critic-holdout] step=106894 episodes=700 mse=1644.9865 explained_variance=0.2515
[nnknn-rl] step=106894 episode=700 return=500.0 length=500 loss=73.67350769042969 cases=None
[nnknn-rl][eval] step=106894 mean_return=479.90 max_return=500.00
[nnknn-rl] step=110229 episode=710 return=468.0 length=468 loss=None cases=None
[nnknn-rl] step=114017 episode=720 return=322.0 length=322 loss=85.84516906738281 cases=None
[nnknn-rl] step=117588 episode=730 return=459.0 length=459 loss=None cases=None
[nnknn-rl] step=122124 episode=740 return=338.0 length=338 loss=74.26744079589844 cases=None
[nnknn-rl] step=125880 episode=750 return=430.0 length=430 loss=None cases=None
[nnknn-rl] step=130158 episode=760 return=407.0 length=407 loss=85.6218032836914 cases=None
[nnknn-rl] step=134680 episode=770 return=481.0 length=481 loss=None cases=None
[nnknn-rl] step=138435 episode=780 return=204.0 length=204 loss=74.81101989746094 cases=None
[nnknn-rl] step=142499 episode=790 return=500.0 length=500 loss=None cases=None
[nnknn-rl][critic-holdout] step=146628 episodes=800 mse=1336.2035 explained_variance=0.4634
[nnknn-rl] step=146628 episode=800 return=500.0 length=500 loss=67.73494720458984 cases=None
[nnknn-rl][eval] step=146628 mean_return=500.00 max_return=500.00
[nnknn-rl][early-stop] step=146628 reason=target_score
[nnknn-rl] finished profile=fast mean_eval_return=500.00 passed=True run_dir=results/rl/nnknn_rl_cartpole_20260821_030831_199772
{
  "task": "cartpole",
  "env_id": "CartPole-v1",
  "profile": "fast",
  "seed": 1,
  "total_timesteps": 146628,
  "configured_total_timesteps": 150000,
  "actual_timesteps": 146628,
  "eval_episodes": 20,
  "success_threshold": 475.0,
  "passed": true,
  "algorithm": "nnknn_actor_critic_separate_memory_gae",
  "actor_type": "mlp",
  "critic_type": "nnknn",
  "architecture": {
    "separate_case_bases": true,
    "shared_nnknn_representation": false,
    "critic_target_shared_case_store": true,
    "actor_case_insertion": "raw_positive_advantage_only"
  },
  "gae": {
    "gamma": 0.99,
    "gae_lambda": 0.95,
    "advantage_clip": 5.0
  },
  "exploration": {
    "mode": "standard_stochastic_policy",
    "applies_to_actor": false,
    "initial_epsilon": 0.0,
    "final_epsilon": 0.0,
    "fraction": 0.5,
    "final_step_epsilon": 0.0,
    "readiness": {
      "min_case_entries": 32,
      "min_cases_per_action": 8
    }
  },
  "final_eval": {
    "episodes": 20,
    "seed": 10000,
    "mean_return": 500.0,
    "std_return": 0.0,
    "min_return": 500.0,
    "max_return": 500.0,
    "mean_length": 500.0
  },
  "last_eval": {
    "episodes": 20,
    "seed": 10000,
    "mean_return": 500.0,
    "std_return": 0.0,
    "min_return": 500.0,
    "max_return": 500.0,
    "mean_length": 500.0
  },
  "selected_step": 146628,
  "selected_source": "final",
  "training_efficiency": {
    "best_model_step": 146628,
    "best_model_training_fraction": 1.0,
    "first_success_step": 106894,
    "first_success_training_fraction": 0.7290149221158305,
    "best_minus_last_return": 0.0,
    "budget_interpretation": "final_is_best_check_for_underfit"
  },
  "early_stopping": {
    "enabled": true,
    "patience": 30,
    "min_delta": 1.0,
    "min_steps": 25000,
    "target_score": 500.0,
    "best_mean_return": 500.0,
    "evaluations": 8,
    "evaluations_without_improvement": 0,
    "stopped_early": true,
    "stopping_reason": "target_score",
    "stopping_step": 146628
  },
  "case_entries": null,
  "critic_case_entries": 500,
  "action_counts": null,
  "cases_pruned": 15301,
  "cases_replaced": 130827,
  "actor_cases_pruned": 0,
  "actor_cases_replaced": 0,
  "critic_cases_pruned": 15301,
  "critic_cases_replaced": 130827,
  "critic_label_updates": 0,
  "critic_label_update_samples": 0,
  "partial_rollout_segments": 0,
  "partial_rollout_samples": 0,
  "critic_target_enabled": true,
  "critic_target_value_mode": "ema",
  "critic_target_sync_interval": 4,
  "critic_target_ema_tau": 0.05,
  "critic_target_value_syncs": 51,
  "critic_holdout_evaluations": 8,
  "latest_critic_holdout": {
    "global_step": 146628,
    "completed_episodes": 800,
    "diagnostic_index": 8,
    "critic_holdout_mse": 1336.2034912109375,
    "critic_holdout_explained_variance": 0.4633983373641968,
    "critic_holdout_value_mean": 46.137203216552734,
    "critic_holdout_target_mean": 78.34452819824219,
    "critic_holdout_samples": 1853,
    "critic_holdout_episodes": 5,
    "critic_holdout_environment_steps": 1853,
    "critic_holdout_mean_episode_return": 370.6,
    "critic_holdout_mean_episode_length": 370.6,
    "critic_holdout_behavior_epsilon": 0.0,
    "critic_holdout_truncated_bootstraps": 2,
    "critic_holdout_target_method": "discounted_monte_carlo_with_truncation_bootstrap",
    "critic_holdout_bootstrap_source": "target_value_model",
    "critic_holdout_seed": 30035
  },
  "run_dir": "results/rl/nnknn_rl_cartpole_20260821_030831_199772"
}
Checkpoint: results/rl/nnknn_rl_cartpole_20260821_030831_199772/checkpoint.pt
