cases trainable: False
labels trainable: False
Enforcing normalize_over_cases = True for regression task.
[nnknn-rl] step=17 episode=1 return=17.0 length=17 loss=None cases=None
[nnknn-rl] step=54 episode=2 return=37.0 length=37 loss=None cases=None
[nnknn-rl] step=67 episode=3 return=13.0 length=13 loss=None cases=None
[nnknn-rl] step=95 episode=4 return=28.0 length=28 loss=91.21660614013672 cases=None
[nnknn-rl] step=112 episode=5 return=17.0 length=17 loss=None cases=None
[nnknn-rl] step=236 episode=10 return=41.0 length=41 loss=None cases=None
[nnknn-rl] step=467 episode=20 return=24.0 length=24 loss=26.022777557373047 cases=None
[nnknn-rl] step=695 episode=30 return=40.0 length=40 loss=None cases=None
[nnknn-rl] step=939 episode=40 return=22.0 length=22 loss=34.011226654052734 cases=None
[nnknn-rl] step=1174 episode=50 return=17.0 length=17 loss=None cases=None
[nnknn-rl] step=1438 episode=60 return=27.0 length=27 loss=20.478271484375 cases=None
[nnknn-rl] step=1662 episode=70 return=23.0 length=23 loss=None cases=None
[nnknn-rl] step=1943 episode=80 return=72.0 length=72 loss=65.78235626220703 cases=None
[nnknn-rl] step=2225 episode=90 return=34.0 length=34 loss=None cases=None
[nnknn-rl][critic-holdout] step=2522 episodes=100 mse=242.9849 explained_variance=0.1811
[nnknn-rl] step=2522 episode=100 return=67.0 length=67 loss=69.8215560913086 cases=None
[nnknn-rl][eval] step=2522 mean_return=68.05 max_return=127.00
[nnknn-rl] step=2779 episode=110 return=68.0 length=68 loss=None cases=None
[nnknn-rl] step=3141 episode=120 return=11.0 length=11 loss=26.784852981567383 cases=None
[nnknn-rl] step=3467 episode=130 return=23.0 length=23 loss=None cases=None
[nnknn-rl] step=3780 episode=140 return=19.0 length=19 loss=40.03331756591797 cases=None
[nnknn-rl] step=4179 episode=150 return=15.0 length=15 loss=None cases=None
[nnknn-rl] step=4603 episode=160 return=34.0 length=34 loss=35.459678649902344 cases=None
[nnknn-rl] step=5080 episode=170 return=44.0 length=44 loss=None cases=None
[nnknn-rl] step=5560 episode=180 return=72.0 length=72 loss=72.9399185180664 cases=None
[nnknn-rl] step=6022 episode=190 return=37.0 length=37 loss=None cases=None
[nnknn-rl][critic-holdout] step=6556 episodes=200 mse=245.0734 explained_variance=0.2142
[nnknn-rl] step=6556 episode=200 return=79.0 length=79 loss=49.218299865722656 cases=None
[nnknn-rl][eval] step=6556 mean_return=241.95 max_return=500.00
[nnknn-rl] step=7257 episode=210 return=57.0 length=57 loss=None cases=None
[nnknn-rl] step=7654 episode=220 return=36.0 length=36 loss=43.81432342529297 cases=None
[nnknn-rl] step=8426 episode=230 return=45.0 length=45 loss=None cases=None
[nnknn-rl] step=9306 episode=240 return=45.0 length=45 loss=101.06027221679688 cases=None
[nnknn-rl] step=9886 episode=250 return=65.0 length=65 loss=None cases=None
[nnknn-rl] step=10560 episode=260 return=120.0 length=120 loss=81.63580322265625 cases=None
[nnknn-rl] step=11372 episode=270 return=30.0 length=30 loss=None cases=None
[nnknn-rl] step=12608 episode=280 return=117.0 length=117 loss=108.41324615478516 cases=None
[nnknn-rl] step=13869 episode=290 return=187.0 length=187 loss=None cases=None
[nnknn-rl][critic-holdout] step=15015 episodes=300 mse=472.8852 explained_variance=0.0797
[nnknn-rl] step=15015 episode=300 return=65.0 length=65 loss=112.61227416992188 cases=None
[nnknn-rl][eval] step=15015 mean_return=311.75 max_return=394.00
[nnknn-rl] step=16271 episode=310 return=43.0 length=43 loss=None cases=None
[nnknn-rl] step=17652 episode=320 return=181.0 length=181 loss=123.52864074707031 cases=None
[nnknn-rl] step=18747 episode=330 return=122.0 length=122 loss=None cases=None
[nnknn-rl] step=19877 episode=340 return=34.0 length=34 loss=93.23429107666016 cases=None
[nnknn-rl] step=21478 episode=350 return=141.0 length=141 loss=None cases=None
[nnknn-rl] step=23266 episode=360 return=176.0 length=176 loss=131.64505004882812 cases=None
[nnknn-rl] step=25302 episode=370 return=183.0 length=183 loss=None cases=None
[nnknn-rl] step=26961 episode=380 return=81.0 length=81 loss=107.23308563232422 cases=None
[nnknn-rl] step=28963 episode=390 return=174.0 length=174 loss=None cases=None
[nnknn-rl][critic-holdout] step=31086 episodes=400 mse=874.5656 explained_variance=0.3598
[nnknn-rl] step=31086 episode=400 return=320.0 length=320 loss=114.78234100341797 cases=None
[nnknn-rl][eval] step=31086 mean_return=411.90 max_return=500.00
[nnknn-rl] step=32948 episode=410 return=323.0 length=323 loss=None cases=None
[nnknn-rl] step=34877 episode=420 return=217.0 length=217 loss=73.29330444335938 cases=None
[nnknn-rl] step=37200 episode=430 return=199.0 length=199 loss=None cases=None
[nnknn-rl] step=38794 episode=440 return=160.0 length=160 loss=69.5643539428711 cases=None
[nnknn-rl] step=39958 episode=450 return=39.0 length=39 loss=None cases=None
[nnknn-rl] step=41862 episode=460 return=221.0 length=221 loss=106.88985443115234 cases=None
[nnknn-rl] step=43785 episode=470 return=127.0 length=127 loss=None cases=None
[nnknn-rl] step=46062 episode=480 return=110.0 length=110 loss=78.83136749267578 cases=None
[nnknn-rl] step=48019 episode=490 return=201.0 length=201 loss=None cases=None
[nnknn-rl][critic-holdout] step=50262 episodes=500 mse=1157.1761 explained_variance=0.1267
[nnknn-rl] step=50262 episode=500 return=126.0 length=126 loss=71.7038345336914 cases=None
[nnknn-rl][eval] step=50262 mean_return=346.40 max_return=500.00
[nnknn-rl] step=52800 episode=510 return=458.0 length=458 loss=None cases=None
[nnknn-rl] step=55157 episode=520 return=227.0 length=227 loss=103.25286865234375 cases=None
[nnknn-rl] step=57713 episode=530 return=205.0 length=205 loss=None cases=None
[nnknn-rl] step=60111 episode=540 return=176.0 length=176 loss=70.96017456054688 cases=None
[nnknn-rl] step=62207 episode=550 return=326.0 length=326 loss=None cases=None
[nnknn-rl] step=64551 episode=560 return=216.0 length=216 loss=55.55613708496094 cases=None
[nnknn-rl] step=66590 episode=570 return=177.0 length=177 loss=None cases=None
[nnknn-rl] step=68963 episode=580 return=281.0 length=281 loss=107.04489135742188 cases=None
[nnknn-rl] step=71575 episode=590 return=359.0 length=359 loss=None cases=None
[nnknn-rl][critic-holdout] step=73586 episodes=600 mse=1094.0988 explained_variance=-0.0029
[nnknn-rl] step=73586 episode=600 return=218.0 length=218 loss=46.919273376464844 cases=None
[nnknn-rl][eval] step=73586 mean_return=327.00 max_return=500.00
[nnknn-rl] step=77006 episode=610 return=279.0 length=279 loss=None cases=None
[nnknn-rl] step=79538 episode=620 return=285.0 length=285 loss=89.22896575927734 cases=None
[nnknn-rl] step=82623 episode=630 return=337.0 length=337 loss=None cases=None
[nnknn-rl] step=85237 episode=640 return=500.0 length=500 loss=58.860633850097656 cases=None
[nnknn-rl] step=88592 episode=650 return=382.0 length=382 loss=None cases=None
[nnknn-rl] step=92038 episode=660 return=213.0 length=213 loss=107.623291015625 cases=None
[nnknn-rl] step=95004 episode=670 return=458.0 length=458 loss=None cases=None
[nnknn-rl] step=98250 episode=680 return=432.0 length=432 loss=65.56269836425781 cases=None
[nnknn-rl] step=102047 episode=690 return=416.0 length=416 loss=None cases=None
[nnknn-rl][critic-holdout] step=104944 episodes=700 mse=1603.1360 explained_variance=-0.0410
[nnknn-rl] step=104944 episode=700 return=231.0 length=231 loss=63.357337951660156 cases=None
[nnknn-rl][eval] step=104944 mean_return=493.50 max_return=500.00
[nnknn-rl] step=108296 episode=710 return=216.0 length=216 loss=None cases=None
[nnknn-rl] step=111635 episode=720 return=317.0 length=317 loss=97.66657257080078 cases=None
[nnknn-rl] step=115381 episode=730 return=500.0 length=500 loss=None cases=None
[nnknn-rl] step=119153 episode=740 return=224.0 length=224 loss=96.01685333251953 cases=None
[nnknn-rl] step=122797 episode=750 return=260.0 length=260 loss=None cases=None
[nnknn-rl] step=126038 episode=760 return=500.0 length=500 loss=61.58749771118164 cases=None
[nnknn-rl] step=129179 episode=770 return=256.0 length=256 loss=None cases=None
[nnknn-rl] step=133133 episode=780 return=500.0 length=500 loss=86.00011444091797 cases=None
[nnknn-rl] step=136592 episode=790 return=217.0 length=217 loss=None cases=None
[nnknn-rl][critic-holdout] step=140590 episodes=800 mse=1444.6855 explained_variance=0.2176
[nnknn-rl] step=140590 episode=800 return=301.0 length=301 loss=68.22371673583984 cases=None
[nnknn-rl][eval] step=140590 mean_return=498.50 max_return=500.00
[nnknn-rl] step=144441 episode=810 return=422.0 length=422 loss=None cases=None
[nnknn-rl] step=148438 episode=820 return=500.0 length=500 loss=76.7844009399414 cases=None
[nnknn-rl] finished profile=fast mean_eval_return=498.50 passed=True run_dir=results/rl/nnknn_rl_cartpole_20260821_030831_161272
{
  "task": "cartpole",
  "env_id": "CartPole-v1",
  "profile": "fast",
  "seed": 3,
  "total_timesteps": 150000,
  "configured_total_timesteps": 150000,
  "actual_timesteps": 150000,
  "eval_episodes": 20,
  "success_threshold": 475.0,
  "passed": true,
  "algorithm": "nnknn_actor_critic_separate_memory_gae",
  "actor_type": "mlp",
  "critic_type": "nnknn",
  "architecture": {
    "separate_case_bases": true,
    "shared_nnknn_representation": false,
    "critic_target_shared_case_store": true,
    "actor_case_insertion": "raw_positive_advantage_only"
  },
  "gae": {
    "gamma": 0.99,
    "gae_lambda": 0.95,
    "advantage_clip": 5.0
  },
  "exploration": {
    "mode": "standard_stochastic_policy",
    "applies_to_actor": false,
    "initial_epsilon": 0.0,
    "final_epsilon": 0.0,
    "fraction": 0.5,
    "final_step_epsilon": 0.0,
    "readiness": {
      "min_case_entries": 32,
      "min_cases_per_action": 8
    }
  },
  "final_eval": {
    "episodes": 20,
    "seed": 10000,
    "mean_return": 498.5,
    "std_return": 6.538348197937012,
    "min_return": 470.0,
    "max_return": 500.0,
    "mean_length": 498.5
  },
  "last_eval": {
    "episodes": 20,
    "seed": 10000,
    "mean_return": 497.8500061035156,
    "std_return": 6.342515468597412,
    "min_return": 472.0,
    "max_return": 500.0,
    "mean_length": 497.8500061035156
  },
  "selected_step": 140590,
  "selected_source": "best_eval",
  "training_efficiency": {
    "best_model_step": 140590,
    "best_model_training_fraction": 0.9372666666666667,
    "first_success_step": 104944,
    "first_success_training_fraction": 0.6996266666666666,
    "best_minus_last_return": 0.649993896484375,
    "budget_interpretation": "regressed_after_best"
  },
  "early_stopping": {
    "enabled": true,
    "patience": 30,
    "min_delta": 1.0,
    "min_steps": 25000,
    "target_score": 500.0,
    "best_mean_return": 498.5,
    "evaluations": 8,
    "evaluations_without_improvement": 0,
    "stopped_early": false,
    "stopping_reason": "budget_exhausted",
    "stopping_step": 150000
  },
  "case_entries": null,
  "critic_case_entries": 471,
  "action_counts": null,
  "cases_pruned": 21818,
  "cases_replaced": 127682,
  "actor_cases_pruned": 0,
  "actor_cases_replaced": 0,
  "critic_cases_pruned": 21818,
  "critic_cases_replaced": 127682,
  "critic_label_updates": 0,
  "critic_label_update_samples": 0,
  "partial_rollout_segments": 1,
  "partial_rollout_samples": 39,
  "critic_target_enabled": true,
  "critic_target_value_mode": "ema",
  "critic_target_sync_interval": 4,
  "critic_target_ema_tau": 0.05,
  "critic_target_value_syncs": 52,
  "critic_holdout_evaluations": 8,
  "latest_critic_holdout": {
    "global_step": 140590,
    "completed_episodes": 800,
    "diagnostic_index": 8,
    "critic_holdout_mse": 1444.685546875,
    "critic_holdout_explained_variance": 0.21757245063781738,
    "critic_holdout_value_mean": 49.52283477783203,
    "critic_holdout_target_mean": 82.61475372314453,
    "critic_holdout_samples": 2038,
    "critic_holdout_episodes": 5,
    "critic_holdout_environment_steps": 2038,
    "critic_holdout_mean_episode_return": 407.6,
    "critic_holdout_mean_episode_length": 407.6,
    "critic_holdout_behavior_epsilon": 0.0,
    "critic_holdout_truncated_bootstraps": 3,
    "critic_holdout_target_method": "discounted_monte_carlo_with_truncation_bootstrap",
    "critic_holdout_bootstrap_source": "target_value_model",
    "critic_holdout_seed": 30035
  },
  "run_dir": "results/rl/nnknn_rl_cartpole_20260821_030831_161272"
}
Checkpoint: results/rl/nnknn_rl_cartpole_20260821_030831_161272/checkpoint.pt
