cases trainable: False
labels trainable: False
Enforcing normalize_over_cases = True for regression task.
[nnknn-rl] step=17 episode=1 return=17.0 length=17 loss=None cases=None
[nnknn-rl] step=31 episode=2 return=14.0 length=14 loss=None cases=None
[nnknn-rl] step=41 episode=3 return=10.0 length=10 loss=None cases=None
[nnknn-rl] step=123 episode=4 return=82.0 length=82 loss=148.0658721923828 cases=None
[nnknn-rl] step=137 episode=5 return=14.0 length=14 loss=None cases=None
[nnknn-rl] step=275 episode=10 return=18.0 length=18 loss=None cases=None
[nnknn-rl] step=601 episode=20 return=60.0 length=60 loss=69.31359100341797 cases=None
[nnknn-rl] step=928 episode=30 return=89.0 length=89 loss=None cases=None
[nnknn-rl] step=1174 episode=40 return=23.0 length=23 loss=63.37626266479492 cases=None
[nnknn-rl] step=1433 episode=50 return=11.0 length=11 loss=None cases=None
[nnknn-rl] step=1752 episode=60 return=32.0 length=32 loss=43.43266296386719 cases=None
[nnknn-rl] step=2237 episode=70 return=31.0 length=31 loss=None cases=None
[nnknn-rl] step=2569 episode=80 return=20.0 length=20 loss=68.19674682617188 cases=None
[nnknn-rl] step=2928 episode=90 return=39.0 length=39 loss=None cases=None
[nnknn-rl][critic-holdout] step=3337 episodes=100 mse=41.1674 explained_variance=0.6031
[nnknn-rl] step=3337 episode=100 return=45.0 length=45 loss=62.498863220214844 cases=None
[nnknn-rl][eval] step=3337 mean_return=417.65 max_return=500.00
[nnknn-rl] step=3781 episode=110 return=23.0 length=23 loss=None cases=None
[nnknn-rl] step=4182 episode=120 return=46.0 length=46 loss=33.04081344604492 cases=None
[nnknn-rl] step=4639 episode=130 return=26.0 length=26 loss=None cases=None
[nnknn-rl] step=5088 episode=140 return=32.0 length=32 loss=39.310184478759766 cases=None
[nnknn-rl] step=5594 episode=150 return=21.0 length=21 loss=None cases=None
[nnknn-rl] step=6052 episode=160 return=16.0 length=16 loss=56.88601303100586 cases=None
[nnknn-rl] step=6528 episode=170 return=65.0 length=65 loss=None cases=None
[nnknn-rl] step=7142 episode=180 return=33.0 length=33 loss=83.6963882446289 cases=None
[nnknn-rl] step=7834 episode=190 return=57.0 length=57 loss=None cases=None
[nnknn-rl][critic-holdout] step=8327 episodes=200 mse=112.4334 explained_variance=0.5177
[nnknn-rl] step=8327 episode=200 return=34.0 length=34 loss=78.9715347290039 cases=None
[nnknn-rl][eval] step=8327 mean_return=365.70 max_return=500.00
[nnknn-rl] step=9014 episode=210 return=39.0 length=39 loss=None cases=None
[nnknn-rl] step=9994 episode=220 return=178.0 length=178 loss=96.56079864501953 cases=None
[nnknn-rl] step=10924 episode=230 return=120.0 length=120 loss=None cases=None
[nnknn-rl] step=12241 episode=240 return=180.0 length=180 loss=113.20697021484375 cases=None
[nnknn-rl] step=13151 episode=250 return=38.0 length=38 loss=None cases=None
[nnknn-rl] step=14242 episode=260 return=136.0 length=136 loss=85.97312927246094 cases=None
[nnknn-rl] step=15839 episode=270 return=176.0 length=176 loss=None cases=None
[nnknn-rl] step=17736 episode=280 return=292.0 length=292 loss=111.35676574707031 cases=None
[nnknn-rl] step=19389 episode=290 return=159.0 length=159 loss=None cases=None
[nnknn-rl][critic-holdout] step=21149 episodes=300 mse=696.2521 explained_variance=0.2846
[nnknn-rl] step=21149 episode=300 return=130.0 length=130 loss=94.8927230834961 cases=None
[nnknn-rl][eval] step=21149 mean_return=345.75 max_return=500.00
[nnknn-rl] step=23297 episode=310 return=175.0 length=175 loss=None cases=None
[nnknn-rl] step=24417 episode=320 return=208.0 length=208 loss=91.63064575195312 cases=None
[nnknn-rl] step=26102 episode=330 return=213.0 length=213 loss=None cases=None
[nnknn-rl] step=28228 episode=340 return=140.0 length=140 loss=89.99372863769531 cases=None
[nnknn-rl] step=30329 episode=350 return=140.0 length=140 loss=None cases=None
[nnknn-rl] step=32431 episode=360 return=372.0 length=372 loss=86.5089111328125 cases=None
[nnknn-rl] step=35236 episode=370 return=313.0 length=313 loss=None cases=None
[nnknn-rl] step=38155 episode=380 return=258.0 length=258 loss=106.28136444091797 cases=None
[nnknn-rl] step=40011 episode=390 return=165.0 length=165 loss=None cases=None
[nnknn-rl][critic-holdout] step=41423 episodes=400 mse=776.3153 explained_variance=0.4257
[nnknn-rl] step=41423 episode=400 return=269.0 length=269 loss=94.6556167602539 cases=None
[nnknn-rl][eval] step=41423 mean_return=274.75 max_return=500.00
[nnknn-rl] step=43361 episode=410 return=119.0 length=119 loss=None cases=None
[nnknn-rl] step=46395 episode=420 return=500.0 length=500 loss=78.90699768066406 cases=None
[nnknn-rl] step=48594 episode=430 return=203.0 length=203 loss=None cases=None
[nnknn-rl] step=51486 episode=440 return=136.0 length=136 loss=77.56233978271484 cases=None
[nnknn-rl] step=54862 episode=450 return=284.0 length=284 loss=None cases=None
[nnknn-rl] step=57276 episode=460 return=189.0 length=189 loss=90.15673828125 cases=None
[nnknn-rl] step=60198 episode=470 return=280.0 length=280 loss=None cases=None
[nnknn-rl] step=62880 episode=480 return=110.0 length=110 loss=80.44759368896484 cases=None
[nnknn-rl] step=66408 episode=490 return=450.0 length=450 loss=None cases=None
[nnknn-rl][critic-holdout] step=70036 episodes=500 mse=1618.7380 explained_variance=0.2729
[nnknn-rl] step=70036 episode=500 return=324.0 length=324 loss=76.5524673461914 cases=None
[nnknn-rl][eval] step=70036 mean_return=497.30 max_return=500.00
[nnknn-rl] step=73372 episode=510 return=442.0 length=442 loss=None cases=None
[nnknn-rl] step=75884 episode=520 return=186.0 length=186 loss=83.261474609375 cases=None
[nnknn-rl] step=78476 episode=530 return=500.0 length=500 loss=None cases=None
[nnknn-rl] step=81759 episode=540 return=500.0 length=500 loss=92.24686431884766 cases=None
[nnknn-rl] step=84477 episode=550 return=282.0 length=282 loss=None cases=None
[nnknn-rl] step=87940 episode=560 return=307.0 length=307 loss=71.3343734741211 cases=None
[nnknn-rl] step=90700 episode=570 return=389.0 length=389 loss=None cases=None
[nnknn-rl] step=93284 episode=580 return=226.0 length=226 loss=73.20331573486328 cases=None
[nnknn-rl] step=95444 episode=590 return=429.0 length=429 loss=None cases=None
[nnknn-rl][critic-holdout] step=97030 episodes=600 mse=994.1034 explained_variance=0.2669
[nnknn-rl] step=97030 episode=600 return=157.0 length=157 loss=49.30083465576172 cases=None
[nnknn-rl][eval] step=97030 mean_return=289.75 max_return=500.00
[nnknn-rl] step=99062 episode=610 return=228.0 length=228 loss=None cases=None
[nnknn-rl] step=100870 episode=620 return=158.0 length=158 loss=43.29313659667969 cases=None
[nnknn-rl] step=102722 episode=630 return=193.0 length=193 loss=None cases=None
[nnknn-rl] step=104714 episode=640 return=244.0 length=244 loss=51.36637878417969 cases=None
[nnknn-rl] step=106601 episode=650 return=175.0 length=175 loss=None cases=None
[nnknn-rl] step=108534 episode=660 return=239.0 length=239 loss=54.64312744140625 cases=None
[nnknn-rl] step=110795 episode=670 return=118.0 length=118 loss=None cases=None
[nnknn-rl] step=113330 episode=680 return=256.0 length=256 loss=59.78289794921875 cases=None
[nnknn-rl] step=116779 episode=690 return=312.0 length=312 loss=None cases=None
[nnknn-rl][critic-holdout] step=120269 episodes=700 mse=1312.9510 explained_variance=0.0934
[nnknn-rl] step=120269 episode=700 return=500.0 length=500 loss=88.41304779052734 cases=None
[nnknn-rl][eval] step=120269 mean_return=500.00 max_return=500.00
[nnknn-rl][early-stop] step=120269 reason=target_score
[nnknn-rl] finished profile=fast mean_eval_return=500.00 passed=True run_dir=results/rl/nnknn_rl_cartpole_20260821_030831_084262
{
  "task": "cartpole",
  "env_id": "CartPole-v1",
  "profile": "fast",
  "seed": 2,
  "total_timesteps": 120269,
  "configured_total_timesteps": 150000,
  "actual_timesteps": 120269,
  "eval_episodes": 20,
  "success_threshold": 475.0,
  "passed": true,
  "algorithm": "nnknn_actor_critic_separate_memory_gae",
  "actor_type": "mlp",
  "critic_type": "nnknn",
  "architecture": {
    "separate_case_bases": true,
    "shared_nnknn_representation": false,
    "critic_target_shared_case_store": true,
    "actor_case_insertion": "raw_positive_advantage_only"
  },
  "gae": {
    "gamma": 0.99,
    "gae_lambda": 0.95,
    "advantage_clip": 5.0
  },
  "exploration": {
    "mode": "standard_stochastic_policy",
    "applies_to_actor": false,
    "initial_epsilon": 0.0,
    "final_epsilon": 0.0,
    "fraction": 0.5,
    "final_step_epsilon": 0.0,
    "readiness": {
      "min_case_entries": 32,
      "min_cases_per_action": 8
    }
  },
  "final_eval": {
    "episodes": 20,
    "seed": 10000,
    "mean_return": 500.0,
    "std_return": 0.0,
    "min_return": 500.0,
    "max_return": 500.0,
    "mean_length": 500.0
  },
  "last_eval": {
    "episodes": 20,
    "seed": 10000,
    "mean_return": 500.0,
    "std_return": 0.0,
    "min_return": 500.0,
    "max_return": 500.0,
    "mean_length": 500.0
  },
  "selected_step": 120269,
  "selected_source": "final",
  "training_efficiency": {
    "best_model_step": 120269,
    "best_model_training_fraction": 1.0,
    "first_success_step": 70036,
    "first_success_training_fraction": 0.5823279481828235,
    "best_minus_last_return": 0.0,
    "budget_interpretation": "final_is_best_check_for_underfit"
  },
  "early_stopping": {
    "enabled": true,
    "patience": 30,
    "min_delta": 1.0,
    "min_steps": 25000,
    "target_score": 500.0,
    "best_mean_return": 500.0,
    "evaluations": 7,
    "evaluations_without_improvement": 0,
    "stopped_early": true,
    "stopping_reason": "target_score",
    "stopping_step": 120269
  },
  "case_entries": null,
  "critic_case_entries": 500,
  "action_counts": null,
  "cases_pruned": 8709,
  "cases_replaced": 111060,
  "actor_cases_pruned": 0,
  "actor_cases_replaced": 0,
  "critic_cases_pruned": 8709,
  "critic_cases_replaced": 111060,
  "critic_label_updates": 0,
  "critic_label_update_samples": 0,
  "partial_rollout_segments": 0,
  "partial_rollout_samples": 0,
  "critic_target_enabled": true,
  "critic_target_value_mode": "ema",
  "critic_target_sync_interval": 4,
  "critic_target_ema_tau": 0.05,
  "critic_target_value_syncs": 44,
  "critic_holdout_evaluations": 7,
  "latest_critic_holdout": {
    "global_step": 120269,
    "completed_episodes": 700,
    "diagnostic_index": 7,
    "critic_holdout_mse": 1312.9510498046875,
    "critic_holdout_explained_variance": 0.09335291385650635,
    "critic_holdout_value_mean": 47.04181671142578,
    "critic_holdout_target_mean": 73.85162353515625,
    "critic_holdout_samples": 1837,
    "critic_holdout_episodes": 5,
    "critic_holdout_environment_steps": 1837,
    "critic_holdout_mean_episode_return": 367.4,
    "critic_holdout_mean_episode_length": 367.4,
    "critic_holdout_behavior_epsilon": 0.0,
    "critic_holdout_truncated_bootstraps": 0,
    "critic_holdout_target_method": "discounted_monte_carlo_with_truncation_bootstrap",
    "critic_holdout_bootstrap_source": "target_value_model",
    "critic_holdout_seed": 30030
  },
  "run_dir": "results/rl/nnknn_rl_cartpole_20260821_030831_084262"
}
Checkpoint: results/rl/nnknn_rl_cartpole_20260821_030831_084262/checkpoint.pt
