[dqn] step=66 episode=1 return=-190.0 length=66 epsilon=0.999 loss=None
[dqn] step=180 episode=2 return=-291.5 length=114 epsilon=0.998 loss=None
[dqn] step=269 episode=3 return=-282.4 length=89 epsilon=0.997 loss=None
[dqn] step=361 episode=4 return=-92.6 length=92 epsilon=0.995 loss=None
[dqn] step=493 episode=5 return=-394.4 length=132 epsilon=0.994 loss=None
[dqn] step=945 episode=10 return=-342.1 length=85 epsilon=0.988 loss=None
[dqn] step=1964 episode=20 return=-115.3 length=110 epsilon=0.975 loss=1.5823860168457031
[dqn] step=2838 episode=30 return=-256.9 length=106 epsilon=0.964 loss=1.3089189529418945
[dqn] step=3698 episode=40 return=-78.9 length=86 epsilon=0.953 loss=2.003340244293213
[dqn] step=4590 episode=50 return=-65.7 length=101 epsilon=0.942 loss=1.6463853120803833
[dqn][eval] step=5000 mean_return=-130.95 max_return=-90.74
[dqn] step=5458 episode=60 return=-324.1 length=90 epsilon=0.931 loss=1.285662293434143
[dqn] step=6438 episode=70 return=-151.7 length=103 epsilon=0.918 loss=1.122459053993225
[dqn] step=7322 episode=80 return=-89.4 length=62 epsilon=0.907 loss=0.8474893569946289
[dqn] step=8167 episode=90 return=-146.1 length=87 epsilon=0.897 loss=1.1580920219421387
[dqn] step=9137 episode=100 return=-85.3 length=83 epsilon=0.884 loss=1.3186230659484863
[dqn][eval] step=10000 mean_return=-156.06 max_return=-85.67
[dqn] step=10009 episode=110 return=-25.4 length=90 epsilon=0.873 loss=1.5216469764709473
[dqn] step=10908 episode=120 return=-73.4 length=110 epsilon=0.862 loss=1.736400842666626
[dqn] step=11795 episode=130 return=-126.3 length=101 epsilon=0.851 loss=1.3961490392684937
[dqn] step=12757 episode=140 return=-110.2 length=123 epsilon=0.838 loss=1.3973636627197266
[dqn] step=13674 episode=150 return=-124.5 length=111 epsilon=0.827 loss=1.4084851741790771
[dqn] step=14665 episode=160 return=-156.7 length=79 epsilon=0.814 loss=2.0391342639923096
[dqn][eval] step=15000 mean_return=-110.23 max_return=-33.25
[dqn] step=15577 episode=170 return=-59.2 length=80 epsilon=0.803 loss=1.5234992504119873
[dqn] step=16446 episode=180 return=-49.2 length=88 epsilon=0.792 loss=1.1078420877456665
[dqn] step=17488 episode=190 return=-64.6 length=87 epsilon=0.778 loss=0.8894850015640259
[dqn] step=18506 episode=200 return=-71.5 length=123 epsilon=0.766 loss=1.3404817581176758
[dqn] step=19390 episode=210 return=-25.8 length=83 epsilon=0.754 loss=0.9651978611946106
[dqn][eval] step=20000 mean_return=-81.54 max_return=-43.69
[dqn] step=20461 episode=220 return=-99.3 length=126 epsilon=0.741 loss=0.9905774593353271
[dqn] step=21397 episode=230 return=-44.0 length=144 epsilon=0.729 loss=0.9196105599403381
[dqn] step=22394 episode=240 return=-90.1 length=100 epsilon=0.716 loss=1.1182361841201782
[dqn] step=23334 episode=250 return=-79.2 length=84 epsilon=0.704 loss=1.0798778533935547
[dqn] step=24324 episode=260 return=-68.1 length=111 epsilon=0.692 loss=1.0454686880111694
[dqn][eval] step=25000 mean_return=-82.55 max_return=-52.84
[dqn] step=25333 episode=270 return=-40.5 length=128 epsilon=0.679 loss=1.113450527191162
[dqn] step=26316 episode=280 return=-119.6 length=97 epsilon=0.667 loss=1.091119647026062
[dqn] step=27350 episode=290 return=7.2 length=141 epsilon=0.654 loss=1.2246692180633545
[dqn] step=28300 episode=300 return=-109.0 length=93 epsilon=0.642 loss=0.8665744662284851
[dqn] step=29225 episode=310 return=-45.0 length=91 epsilon=0.630 loss=2.0769054889678955
[dqn][eval] step=30000 mean_return=-152.76 max_return=-115.54
[dqn] step=30250 episode=320 return=-46.8 length=80 epsilon=0.617 loss=1.4100697040557861
[dqn] step=31268 episode=330 return=-43.9 length=126 epsilon=0.604 loss=0.9424684047698975
[dqn] step=32377 episode=340 return=-51.0 length=136 epsilon=0.590 loss=1.4757238626480103
[dqn] step=33813 episode=350 return=-54.9 length=114 epsilon=0.572 loss=1.560438871383667
[dqn] step=34836 episode=360 return=-35.8 length=83 epsilon=0.559 loss=1.632755160331726
[dqn][eval] step=35000 mean_return=-147.10 max_return=-91.76
[dqn] step=36864 episode=370 return=-18.7 length=102 epsilon=0.533 loss=1.963894009590149
[dqn] step=38811 episode=380 return=-26.4 length=134 epsilon=0.508 loss=1.1434166431427002
[dqn][eval] step=40000 mean_return=-341.73 max_return=-36.65
[dqn] step=41397 episode=390 return=-4.9 length=109 epsilon=0.476 loss=1.5407971143722534
[dqn] step=44297 episode=400 return=-26.7 length=100 epsilon=0.439 loss=2.389068603515625
[dqn][eval] step=45000 mean_return=-7.42 max_return=197.54
[dqn] step=48943 episode=410 return=-3.4 length=112 epsilon=0.380 loss=1.94524347782135
[dqn][eval] step=50000 mean_return=-80.97 max_return=231.74
[dqn] step=54128 episode=420 return=-36.3 length=102 epsilon=0.314 loss=2.017909288406372
[dqn][eval] step=55000 mean_return=36.71 max_return=272.87
[dqn][eval] step=60000 mean_return=39.85 max_return=265.88
[dqn] step=62426 episode=430 return=73.0 length=1000 epsilon=0.209 loss=0.5169972777366638
[dqn][eval] step=65000 mean_return=24.32 max_return=289.16
[dqn] step=67777 episode=440 return=225.6 length=674 epsilon=0.142 loss=0.6130578517913818
[dqn][eval] step=70000 mean_return=27.90 max_return=216.05
[dqn] step=74816 episode=450 return=195.9 length=585 epsilon=0.052 loss=0.24108698964118958
[dqn][eval] step=75000 mean_return=224.30 max_return=296.37
[dqn][eval] step=80000 mean_return=118.64 max_return=290.01
[dqn] step=80754 episode=460 return=238.1 length=587 epsilon=0.050 loss=0.13494737446308136
[dqn] step=84369 episode=470 return=171.7 length=1000 epsilon=0.050 loss=0.32183337211608887
[dqn][eval] step=85000 mean_return=138.60 max_return=294.44
[dqn] step=87081 episode=480 return=33.5 length=194 epsilon=0.050 loss=0.4085630476474762
[dqn][eval] step=90000 mean_return=92.59 max_return=296.53
[dqn] step=90835 episode=490 return=179.2 length=594 epsilon=0.050 loss=0.8911436796188354
[dqn] step=94257 episode=500 return=211.7 length=256 epsilon=0.050 loss=0.7633429169654846
[dqn][eval] step=95000 mean_return=145.31 max_return=289.94
[dqn] step=98009 episode=510 return=94.7 length=1000 epsilon=0.050 loss=1.0310609340667725
[dqn][eval] step=100000 mean_return=157.58 max_return=283.00
[dqn] step=102779 episode=520 return=239.3 length=952 epsilon=0.050 loss=0.23181867599487305
[dqn][eval] step=105000 mean_return=203.48 max_return=311.74
[dqn] step=106627 episode=530 return=30.1 length=159 epsilon=0.050 loss=0.15931694209575653
[dqn][eval] step=110000 mean_return=219.70 max_return=307.70
[dqn] step=110399 episode=540 return=271.2 length=268 epsilon=0.050 loss=0.27783769369125366
[dqn] step=114902 episode=550 return=17.7 length=173 epsilon=0.050 loss=1.1613377332687378
[dqn][eval] step=115000 mean_return=159.70 max_return=281.28
[dqn] step=118678 episode=560 return=3.1 length=138 epsilon=0.050 loss=0.13555294275283813
[dqn][eval] step=120000 mean_return=98.38 max_return=241.75
[dqn] step=122476 episode=570 return=10.9 length=71 epsilon=0.050 loss=0.5088871717453003
[dqn][eval] step=125000 mean_return=96.97 max_return=286.73
[dqn] step=126322 episode=580 return=-106.5 length=98 epsilon=0.050 loss=0.4204094707965851
[dqn] step=129820 episode=590 return=259.4 length=255 epsilon=0.050 loss=0.1449682116508484
[dqn][eval] step=130000 mean_return=123.34 max_return=288.91
[dqn] step=132859 episode=600 return=264.3 length=319 epsilon=0.050 loss=1.1908687353134155
[dqn][eval] step=135000 mean_return=101.07 max_return=250.26
[dqn] step=136366 episode=610 return=227.8 length=352 epsilon=0.050 loss=0.3930478096008301
[dqn] step=139597 episode=620 return=38.3 length=120 epsilon=0.050 loss=0.5435614585876465
[dqn][eval] step=140000 mean_return=100.95 max_return=272.69
[dqn] step=142349 episode=630 return=46.3 length=167 epsilon=0.050 loss=1.2213804721832275
[dqn] step=144560 episode=640 return=255.4 length=436 epsilon=0.050 loss=1.6015896797180176
[dqn][eval] step=145000 mean_return=59.51 max_return=233.19
[dqn] step=147877 episode=650 return=166.1 length=1000 epsilon=0.050 loss=0.5313131213188171
[dqn][eval] step=150000 mean_return=-0.78 max_return=282.27
[dqn] finished profile=fast mean_eval_return=224.30 passed=True run_dir=results/rl/dqn_lunarlander_20260821_031319_379688
{
  "task": "lunarlander",
  "env_id": "LunarLander-v3",
  "profile": "fast",
  "seed": 0,
  "total_timesteps": 150000,
  "configured_total_timesteps": 150000,
  "actual_timesteps": 150000,
  "eval_episodes": 20,
  "success_threshold": 200.0,
  "passed": true,
  "final_eval": {
    "episodes": 20,
    "seed": 10000,
    "mean_return": 224.3029327392578,
    "std_return": 46.064002990722656,
    "min_return": 53.61712646484375,
    "max_return": 296.3684997558594,
    "mean_length": 465.1499938964844
  },
  "last_eval": {
    "episodes": 20,
    "seed": 10000,
    "mean_return": -0.7831181287765503,
    "std_return": 146.48880004882812,
    "min_return": -199.51853942871094,
    "max_return": 282.2691650390625,
    "mean_length": 275.20001220703125
  },
  "selected_step": 75000,
  "selected_source": "best_eval",
  "training_efficiency": {
    "best_model_step": 75000,
    "best_model_training_fraction": 0.5,
    "first_success_step": 75000,
    "first_success_training_fraction": 0.5,
    "best_minus_last_return": 225.08605086803436,
    "budget_interpretation": "regressed_after_best"
  },
  "early_stopping": {
    "enabled": true,
    "patience": 30,
    "min_delta": 1.0,
    "min_steps": 25000,
    "target_score": 280.0,
    "best_mean_return": 224.3029327392578,
    "evaluations": 30,
    "evaluations_without_improvement": 15,
    "stopped_early": false,
    "stopping_reason": "budget_exhausted",
    "stopping_step": 150000
  },
  "run_dir": "results/rl/dqn_lunarlander_20260821_031319_379688"
}
Checkpoint: results/rl/dqn_lunarlander_20260821_031319_379688/checkpoint.pt
