[nnknn-rl] step=6 episode=1 return=0.0 length=6 loss=None cases=None
[nnknn-rl] step=12 episode=2 return=0.0 length=6 loss=None cases=None
[nnknn-rl] step=18 episode=3 return=0.0 length=6 loss=None cases=None
[nnknn-rl] step=24 episode=4 return=0.0 length=6 loss=-0.010807929560542107 cases=None
[nnknn-rl] step=30 episode=5 return=0.0 length=6 loss=None cases=None
[nnknn-rl] step=70 episode=10 return=0.0 length=6 loss=None cases=None
[nnknn-rl] step=150 episode=20 return=0.0 length=6 loss=0.27141034603118896 cases=None
[nnknn-rl] step=230 episode=30 return=0.0 length=6 loss=None cases=None
[nnknn-rl] step=330 episode=40 return=1.0 length=16 loss=0.4249047040939331 cases=None
[nnknn-rl] step=420 episode=50 return=1.0 length=16 loss=None cases=None
[nnknn-rl] step=532 episode=60 return=0.0 length=6 loss=0.17221878468990326 cases=None
[nnknn-rl] step=644 episode=70 return=1.0 length=16 loss=None cases=None
[nnknn-rl] step=754 episode=80 return=1.0 length=16 loss=0.15255340933799744 cases=None
[nnknn-rl] step=846 episode=90 return=0.0 length=6 loss=None cases=None
[nnknn-rl][critic-holdout] step=956 episodes=100 mse=0.2751 explained_variance=0.0182
[nnknn-rl] step=956 episode=100 return=1.0 length=16 loss=0.16129009425640106 cases=None
[nnknn-rl][eval] step=956 mean_return=0.40 max_return=1.00
[nnknn-rl] step=1068 episode=110 return=0.0 length=6 loss=None cases=None
[nnknn-rl] step=1158 episode=120 return=0.0 length=6 loss=0.33519646525382996 cases=None
[nnknn-rl] step=1248 episode=130 return=0.0 length=6 loss=None cases=None
[nnknn-rl] step=1338 episode=140 return=0.0 length=6 loss=0.19740407168865204 cases=None
[nnknn-rl] step=1450 episode=150 return=2.0 length=28 loss=None cases=None
[nnknn-rl] step=1562 episode=160 return=0.0 length=6 loss=0.31448179483413696 cases=None
[nnknn-rl] step=1642 episode=170 return=0.0 length=6 loss=None cases=None
[nnknn-rl] step=1744 episode=180 return=0.0 length=6 loss=0.5808835625648499 cases=None
[nnknn-rl] step=1844 episode=190 return=1.0 length=16 loss=None cases=None
[nnknn-rl][critic-holdout] step=1976 episodes=200 mse=0.1808 explained_variance=0.1069
[nnknn-rl] step=1976 episode=200 return=0.0 length=6 loss=0.33083006739616394 cases=None
[nnknn-rl][eval] step=1976 mean_return=0.40 max_return=1.00
[nnknn-rl] step=2066 episode=210 return=0.0 length=6 loss=None cases=None
[nnknn-rl] step=2188 episode=220 return=0.0 length=6 loss=0.15684223175048828 cases=None
[nnknn-rl] step=2308 episode=230 return=1.0 length=16 loss=None cases=None
[nnknn-rl] step=2388 episode=240 return=0.0 length=6 loss=0.2164991796016693 cases=None
[nnknn-rl] step=2488 episode=250 return=0.0 length=6 loss=None cases=None
[nnknn-rl] step=2608 episode=260 return=0.0 length=6 loss=0.17326931655406952 cases=None
[nnknn-rl] step=2728 episode=270 return=1.0 length=16 loss=None cases=None
[nnknn-rl] step=2798 episode=280 return=0.0 length=6 loss=0.15344096720218658 cases=None
[nnknn-rl] step=2920 episode=290 return=0.0 length=6 loss=None cases=None
[nnknn-rl][critic-holdout] step=3000 episodes=300 mse=0.5340 explained_variance=0.1561
[nnknn-rl] step=3000 episode=300 return=0.0 length=6 loss=0.13109813630580902 cases=None
[nnknn-rl][eval] step=3000 mean_return=0.40 max_return=1.00
[nnknn-rl] step=3102 episode=310 return=0.0 length=6 loss=None cases=None
[nnknn-rl] step=3202 episode=320 return=1.0 length=16 loss=0.14048607647418976 cases=None
[nnknn-rl] step=3324 episode=330 return=0.0 length=6 loss=None cases=None
[nnknn-rl] step=3444 episode=340 return=1.0 length=16 loss=0.12168329954147339 cases=None
[nnknn-rl] step=3524 episode=350 return=0.0 length=6 loss=None cases=None
[nnknn-rl] step=3604 episode=360 return=0.0 length=6 loss=0.10217560827732086 cases=None
[nnknn-rl] step=3704 episode=370 return=1.0 length=16 loss=None cases=None
[nnknn-rl] step=3794 episode=380 return=1.0 length=16 loss=0.14942553639411926 cases=None
[nnknn-rl] step=3936 episode=390 return=0.0 length=6 loss=None cases=None
[nnknn-rl][critic-holdout] step=4026 episodes=400 mse=0.5229 explained_variance=0.1585
[nnknn-rl] step=4026 episode=400 return=0.0 length=6 loss=0.061948638409376144 cases=None
[nnknn-rl][eval] step=4026 mean_return=0.55 max_return=1.00
[nnknn-rl] step=4106 episode=410 return=0.0 length=6 loss=None cases=None
[nnknn-rl] step=4196 episode=420 return=0.0 length=6 loss=0.15992651879787445 cases=None
[nnknn-rl] step=4286 episode=430 return=1.0 length=16 loss=None cases=None
[nnknn-rl] step=4376 episode=440 return=1.0 length=16 loss=0.09341346472501755 cases=None
[nnknn-rl] step=4476 episode=450 return=2.0 length=26 loss=None cases=None
[nnknn-rl] step=4598 episode=460 return=1.0 length=16 loss=0.13480430841445923 cases=None
[nnknn-rl] step=4698 episode=470 return=0.0 length=6 loss=None cases=None
[nnknn-rl] step=4778 episode=480 return=0.0 length=6 loss=0.07592452317476273 cases=None
[nnknn-rl] step=4848 episode=490 return=0.0 length=6 loss=None cases=None
[nnknn-rl][critic-holdout] step=4948 episodes=500 mse=0.2229 explained_variance=0.2865
[nnknn-rl] step=4948 episode=500 return=0.0 length=6 loss=0.021555118262767792 cases=None
[nnknn-rl][eval] step=4948 mean_return=0.40 max_return=1.00
[nnknn-rl] step=5038 episode=510 return=0.0 length=6 loss=None cases=None
[nnknn-rl] step=5170 episode=520 return=0.0 length=6 loss=0.24356260895729065 cases=None
[nnknn-rl] step=5280 episode=530 return=1.0 length=16 loss=None cases=None
[nnknn-rl] step=5392 episode=540 return=1.0 length=16 loss=0.13182228803634644 cases=None
[nnknn-rl] step=5524 episode=550 return=0.0 length=6 loss=None cases=None
[nnknn-rl] step=5626 episode=560 return=0.0 length=6 loss=0.13872063159942627 cases=None
[nnknn-rl] step=5768 episode=570 return=2.0 length=26 loss=None cases=None
[nnknn-rl] step=5880 episode=580 return=0.0 length=6 loss=0.11635863780975342 cases=None
[nnknn-rl] step=6012 episode=590 return=0.0 length=6 loss=None cases=None
[nnknn-rl][critic-holdout] step=6174 episodes=600 mse=0.1914 explained_variance=0.4634
[nnknn-rl] step=6174 episode=600 return=1.0 length=16 loss=0.4724920094013214 cases=None
[nnknn-rl][eval] step=6174 mean_return=0.40 max_return=1.00
[nnknn-rl] step=6276 episode=610 return=0.0 length=6 loss=None cases=None
[nnknn-rl] step=6386 episode=620 return=0.0 length=6 loss=0.047763511538505554 cases=None
[nnknn-rl] step=6496 episode=630 return=0.0 length=6 loss=None cases=None
[nnknn-rl] step=6608 episode=640 return=0.0 length=6 loss=0.1487259417772293 cases=None
[nnknn-rl] step=6718 episode=650 return=0.0 length=6 loss=None cases=None
[nnknn-rl] step=6850 episode=660 return=0.0 length=6 loss=0.1466096043586731 cases=None
[nnknn-rl] step=6970 episode=670 return=0.0 length=6 loss=None cases=None
[nnknn-rl] step=7070 episode=680 return=0.0 length=6 loss=0.12004876881837845 cases=None
[nnknn-rl] step=7170 episode=690 return=0.0 length=6 loss=None cases=None
[nnknn-rl][critic-holdout] step=7290 episodes=700 mse=0.4742 explained_variance=0.2876
[nnknn-rl] step=7290 episode=700 return=1.0 length=16 loss=0.18926838040351868 cases=None
[nnknn-rl][eval] step=7290 mean_return=0.40 max_return=1.00
[nnknn-rl] step=7504 episode=710 return=0.0 length=6 loss=None cases=None
[nnknn-rl] step=7604 episode=720 return=1.0 length=16 loss=0.17016547918319702 cases=None
[nnknn-rl] step=7746 episode=730 return=0.0 length=6 loss=None cases=None
[nnknn-rl] step=7846 episode=740 return=1.0 length=16 loss=0.007011428475379944 cases=None
[nnknn-rl] step=7968 episode=750 return=1.0 length=16 loss=None cases=None
[nnknn-rl] step=8068 episode=760 return=0.0 length=6 loss=0.030972100794315338 cases=None
[nnknn-rl] step=8188 episode=770 return=0.0 length=6 loss=None cases=None
[nnknn-rl] step=8288 episode=780 return=0.0 length=6 loss=0.07948761433362961 cases=None
[nnknn-rl] step=8398 episode=790 return=1.0 length=16 loss=None cases=None
[nnknn-rl][critic-holdout] step=8518 episodes=800 mse=0.5382 explained_variance=0.2308
[nnknn-rl] step=8518 episode=800 return=1.0 length=16 loss=0.18810749053955078 cases=None
[nnknn-rl][eval] step=8518 mean_return=0.40 max_return=1.00
[nnknn-rl] step=8650 episode=810 return=1.0 length=16 loss=None cases=None
[nnknn-rl] step=8770 episode=820 return=1.0 length=16 loss=0.11724783480167389 cases=None
[nnknn-rl] step=8880 episode=830 return=0.0 length=6 loss=None cases=None
[nnknn-rl] step=8990 episode=840 return=0.0 length=6 loss=0.12102193385362625 cases=None
[nnknn-rl] step=9100 episode=850 return=1.0 length=16 loss=None cases=None
[nnknn-rl] step=9180 episode=860 return=0.0 length=6 loss=0.10680817067623138 cases=None
[nnknn-rl] step=9310 episode=870 return=0.0 length=6 loss=None cases=None
[nnknn-rl] step=9430 episode=880 return=1.0 length=16 loss=-0.0019916892051696777 cases=None
[nnknn-rl] step=9500 episode=890 return=0.0 length=6 loss=None cases=None
[nnknn-rl][critic-holdout] step=9640 episodes=900 mse=0.0658 explained_variance=0.7084
[nnknn-rl] step=9640 episode=900 return=1.0 length=16 loss=0.07216843962669373 cases=None
[nnknn-rl][eval] step=9640 mean_return=0.40 max_return=1.00
[nnknn-rl] step=9730 episode=910 return=0.0 length=6 loss=None cases=None
[nnknn-rl] step=9862 episode=920 return=0.0 length=6 loss=0.5361818075180054 cases=None
[nnknn-rl] step=9972 episode=930 return=0.0 length=6 loss=None cases=None
[nnknn-rl] step=10072 episode=940 return=0.0 length=6 loss=0.05464163422584534 cases=None
[nnknn-rl] step=10172 episode=950 return=1.0 length=16 loss=None cases=None
[nnknn-rl] step=10282 episode=960 return=0.0 length=6 loss=0.026850445196032524 cases=None
[nnknn-rl] step=10424 episode=970 return=3.0 length=38 loss=None cases=None
[nnknn-rl] step=10544 episode=980 return=0.0 length=6 loss=0.20069342851638794 cases=None
[nnknn-rl] step=10664 episode=990 return=2.0 length=26 loss=None cases=None
[nnknn-rl][critic-holdout] step=10754 episodes=1000 mse=0.2198 explained_variance=0.3925
[nnknn-rl] step=10754 episode=1000 return=0.0 length=6 loss=-0.06279092282056808 cases=None
[nnknn-rl][eval] step=10754 mean_return=0.40 max_return=1.00
[nnknn-rl] step=10884 episode=1010 return=1.0 length=16 loss=None cases=None
[nnknn-rl] step=11046 episode=1020 return=1.0 length=16 loss=0.39867907762527466 cases=None
[nnknn-rl] step=11166 episode=1030 return=0.0 length=6 loss=None cases=None
[nnknn-rl] step=11296 episode=1040 return=1.0 length=16 loss=0.12842679023742676 cases=None
[nnknn-rl] step=11416 episode=1050 return=0.0 length=6 loss=None cases=None
[nnknn-rl] step=11576 episode=1060 return=1.0 length=16 loss=0.40259480476379395 cases=None
[nnknn-rl] step=11742 episode=1070 return=1.0 length=16 loss=None cases=None
[nnknn-rl] step=11894 episode=1080 return=2.0 length=26 loss=0.06865666806697845 cases=None
[nnknn-rl] step=12046 episode=1090 return=1.0 length=16 loss=None cases=None
[nnknn-rl][critic-holdout] step=12208 episodes=1100 mse=1.0960 explained_variance=0.0000
[nnknn-rl] step=12208 episode=1100 return=1.0 length=16 loss=0.19366878271102905 cases=None
[nnknn-rl][eval] step=12208 mean_return=0.40 max_return=1.00
[nnknn-rl] step=12288 episode=1110 return=1.0 length=16 loss=None cases=None
[nnknn-rl] step=12504 episode=1120 return=0.0 length=6 loss=0.38710108399391174 cases=None
[nnknn-rl] step=12604 episode=1130 return=0.0 length=6 loss=None cases=None
[nnknn-rl] step=12714 episode=1140 return=0.0 length=6 loss=0.17631666362285614 cases=None
[nnknn-rl] step=12854 episode=1150 return=1.0 length=16 loss=None cases=None
[nnknn-rl] step=12944 episode=1160 return=1.0 length=16 loss=-0.22504961490631104 cases=None
[nnknn-rl] step=13044 episode=1170 return=1.0 length=16 loss=None cases=None
[nnknn-rl] step=13176 episode=1180 return=0.0 length=6 loss=-0.0400816947221756 cases=None
[nnknn-rl] step=13330 episode=1190 return=0.0 length=6 loss=None cases=None
[nnknn-rl][critic-holdout] step=13420 episodes=1200 mse=0.2083 explained_variance=0.3126
[nnknn-rl] step=13420 episode=1200 return=0.0 length=6 loss=-0.06589110195636749 cases=None
[nnknn-rl][eval] step=13420 mean_return=0.40 max_return=1.00
[nnknn-rl] step=13542 episode=1210 return=0.0 length=6 loss=None cases=None
[nnknn-rl] step=13654 episode=1220 return=0.0 length=6 loss=0.12488581985235214 cases=None
[nnknn-rl] step=13786 episode=1230 return=1.0 length=16 loss=None cases=None
[nnknn-rl] step=13916 episode=1240 return=2.0 length=26 loss=0.24971485137939453 cases=None
[nnknn-rl] step=14048 episode=1250 return=1.0 length=16 loss=None cases=None
[nnknn-rl] step=14158 episode=1260 return=0.0 length=6 loss=-0.23339848220348358 cases=None
[nnknn-rl] step=14278 episode=1270 return=1.0 length=16 loss=None cases=None
[nnknn-rl] step=14482 episode=1280 return=1.0 length=16 loss=0.7504082918167114 cases=None
[nnknn-rl] step=14622 episode=1290 return=1.0 length=16 loss=None cases=None
[nnknn-rl][critic-holdout] step=14754 episodes=1300 mse=0.2080 explained_variance=0.4695
[nnknn-rl] step=14754 episode=1300 return=1.0 length=16 loss=0.10128255188465118 cases=None
[nnknn-rl][eval] step=14754 mean_return=0.40 max_return=1.00
[nnknn-rl] step=14874 episode=1310 return=0.0 length=6 loss=None cases=None
[nnknn-rl] step=14964 episode=1320 return=0.0 length=6 loss=-0.18196065723896027 cases=None
[nnknn-rl] step=15054 episode=1330 return=0.0 length=6 loss=None cases=None
[nnknn-rl] step=15224 episode=1340 return=1.0 length=16 loss=0.22713299095630646 cases=None
[nnknn-rl] step=15344 episode=1350 return=0.0 length=6 loss=None cases=None
[nnknn-rl] step=15434 episode=1360 return=0.0 length=6 loss=0.013747370801866055 cases=None
[nnknn-rl] step=15574 episode=1370 return=1.0 length=16 loss=None cases=None
[nnknn-rl] step=15694 episode=1380 return=0.0 length=6 loss=-0.13044577836990356 cases=None
[nnknn-rl] step=15814 episode=1390 return=1.0 length=16 loss=None cases=None
[nnknn-rl][critic-holdout] step=15944 episodes=1400 mse=0.1398 explained_variance=0.5799
[nnknn-rl] step=15944 episode=1400 return=1.0 length=16 loss=0.4272143542766571 cases=None
[nnknn-rl][eval] step=15944 mean_return=0.40 max_return=1.00
[nnknn-rl] step=16104 episode=1410 return=1.0 length=16 loss=None cases=None
[nnknn-rl] step=16234 episode=1420 return=2.0 length=26 loss=0.12062204629182816 cases=None
[nnknn-rl] step=16366 episode=1430 return=2.0 length=26 loss=None cases=None
[nnknn-rl] step=16506 episode=1440 return=1.0 length=16 loss=0.30165785551071167 cases=None
[nnknn-rl] step=16660 episode=1450 return=2.0 length=28 loss=None cases=None
[nnknn-rl] step=16780 episode=1460 return=1.0 length=16 loss=0.18385633826255798 cases=None
[nnknn-rl] step=16892 episode=1470 return=0.0 length=6 loss=None cases=None
[nnknn-rl] step=17032 episode=1480 return=0.0 length=6 loss=0.22007158398628235 cases=None
[nnknn-rl] step=17122 episode=1490 return=0.0 length=6 loss=None cases=None
[nnknn-rl][critic-holdout] step=17244 episodes=1500 mse=0.2985 explained_variance=0.3969
[nnknn-rl] step=17244 episode=1500 return=0.0 length=6 loss=0.07192829996347427 cases=None
[nnknn-rl][eval] step=17244 mean_return=0.40 max_return=1.00
[nnknn-rl] step=17396 episode=1510 return=1.0 length=16 loss=None cases=None
[nnknn-rl] step=17528 episode=1520 return=0.0 length=6 loss=0.05005288124084473 cases=None
[nnknn-rl] step=17702 episode=1530 return=2.0 length=26 loss=None cases=None
[nnknn-rl] step=17812 episode=1540 return=0.0 length=6 loss=-0.010046392679214478 cases=None
[nnknn-rl] step=17912 episode=1550 return=1.0 length=16 loss=None cases=None
[nnknn-rl] step=18042 episode=1560 return=1.0 length=16 loss=0.2407684028148651 cases=None
[nnknn-rl] step=18206 episode=1570 return=0.0 length=6 loss=None cases=None
[nnknn-rl] step=18338 episode=1580 return=2.0 length=28 loss=0.20469290018081665 cases=None
[nnknn-rl] step=18438 episode=1590 return=2.0 length=26 loss=None cases=None
[nnknn-rl][critic-holdout] step=18560 episodes=1600 mse=0.2063 explained_variance=0.6617
[nnknn-rl] step=18560 episode=1600 return=0.0 length=6 loss=-0.13878756761550903 cases=None
[nnknn-rl][eval] step=18560 mean_return=0.40 max_return=1.00
[nnknn-rl] step=18690 episode=1610 return=2.0 length=26 loss=None cases=None
[nnknn-rl] step=18810 episode=1620 return=0.0 length=6 loss=0.5364987850189209 cases=None
[nnknn-rl] step=18940 episode=1630 return=2.0 length=26 loss=None cases=None
[nnknn-rl] step=19070 episode=1640 return=0.0 length=6 loss=0.2106098085641861 cases=None
[nnknn-rl] step=19210 episode=1650 return=1.0 length=16 loss=None cases=None
[nnknn-rl] step=19320 episode=1660 return=1.0 length=16 loss=0.17394118010997772 cases=None
[nnknn-rl] step=19494 episode=1670 return=1.0 length=16 loss=None cases=None
[nnknn-rl] step=19658 episode=1680 return=0.0 length=6 loss=0.06249013543128967 cases=None
[nnknn-rl] step=19810 episode=1690 return=0.0 length=6 loss=None cases=None
[nnknn-rl][critic-holdout] step=19962 episodes=1700 mse=0.2501 explained_variance=0.3850
[nnknn-rl] step=19962 episode=1700 return=1.0 length=16 loss=0.056637607514858246 cases=None
[nnknn-rl][eval] step=19962 mean_return=0.40 max_return=1.00
[nnknn-rl] step=20092 episode=1710 return=0.0 length=6 loss=None cases=None
[nnknn-rl] step=20276 episode=1720 return=0.0 length=6 loss=0.15047815442085266 cases=None
[nnknn-rl] step=20426 episode=1730 return=0.0 length=6 loss=None cases=None
[nnknn-rl] step=20578 episode=1740 return=1.0 length=16 loss=0.052186816930770874 cases=None
[nnknn-rl] step=20708 episode=1750 return=1.0 length=16 loss=None cases=None
[nnknn-rl] step=20858 episode=1760 return=1.0 length=16 loss=-0.009998276829719543 cases=None
[nnknn-rl] step=21030 episode=1770 return=2.0 length=26 loss=None cases=None
[nnknn-rl] step=21192 episode=1780 return=1.0 length=16 loss=0.21475926041603088 cases=None
[nnknn-rl] step=21332 episode=1790 return=2.0 length=26 loss=None cases=None
[nnknn-rl][critic-holdout] step=21462 episodes=1800 mse=0.2352 explained_variance=0.4222
[nnknn-rl] step=21462 episode=1800 return=1.0 length=16 loss=0.08579014986753464 cases=None
[nnknn-rl][eval] step=21462 mean_return=0.40 max_return=1.00
[nnknn-rl] step=21626 episode=1810 return=0.0 length=6 loss=None cases=None
[nnknn-rl] step=21758 episode=1820 return=1.0 length=16 loss=0.08701787889003754 cases=None
[nnknn-rl] step=21880 episode=1830 return=0.0 length=6 loss=None cases=None
[nnknn-rl] step=22012 episode=1840 return=0.0 length=6 loss=0.12824201583862305 cases=None
[nnknn-rl] step=22172 episode=1850 return=0.0 length=6 loss=None cases=None
[nnknn-rl] step=22352 episode=1860 return=2.0 length=26 loss=0.2421729862689972 cases=None
[nnknn-rl] step=22516 episode=1870 return=1.0 length=16 loss=None cases=None
[nnknn-rl] step=22692 episode=1880 return=1.0 length=16 loss=0.019004344940185547 cases=None
[nnknn-rl] step=22842 episode=1890 return=2.0 length=26 loss=None cases=None
[nnknn-rl][critic-holdout] step=22992 episodes=1900 mse=0.1248 explained_variance=0.7739
[nnknn-rl] step=22992 episode=1900 return=1.0 length=16 loss=0.04164951294660568 cases=None
[nnknn-rl][eval] step=22992 mean_return=0.40 max_return=1.00
[nnknn-rl] step=23166 episode=1910 return=0.0 length=6 loss=None cases=None
[nnknn-rl] step=23368 episode=1920 return=1.0 length=16 loss=-0.05791151523590088 cases=None
[nnknn-rl] step=23498 episode=1930 return=0.0 length=6 loss=None cases=None
[nnknn-rl] step=23690 episode=1940 return=0.0 length=6 loss=0.17358097434043884 cases=None
[nnknn-rl] step=23862 episode=1950 return=2.0 length=28 loss=None cases=None
[nnknn-rl] step=24052 episode=1960 return=1.0 length=16 loss=0.235632985830307 cases=None
[nnknn-rl] step=24246 episode=1970 return=0.0 length=6 loss=None cases=None
[nnknn-rl] step=24416 episode=1980 return=1.0 length=16 loss=-0.019807741045951843 cases=None
[nnknn-rl] step=24620 episode=1990 return=1.0 length=16 loss=None cases=None
[nnknn-rl][critic-holdout] step=24782 episodes=2000 mse=0.1568 explained_variance=0.6313
[nnknn-rl] step=24782 episode=2000 return=1.0 length=16 loss=0.11109334230422974 cases=None
[nnknn-rl][eval] step=24782 mean_return=0.40 max_return=1.00
[nnknn-rl] step=24946 episode=2010 return=1.0 length=16 loss=None cases=None
[nnknn-rl] step=25088 episode=2020 return=1.0 length=16 loss=-0.1513780951499939 cases=None
[nnknn-rl] step=25260 episode=2030 return=0.0 length=6 loss=None cases=None
[nnknn-rl] step=25444 episode=2040 return=0.0 length=6 loss=0.039471954107284546 cases=None
[nnknn-rl] step=25626 episode=2050 return=1.0 length=16 loss=None cases=None
[nnknn-rl] step=25808 episode=2060 return=1.0 length=16 loss=0.021854117512702942 cases=None
[nnknn-rl] step=26034 episode=2070 return=1.0 length=16 loss=None cases=None
[nnknn-rl] step=26228 episode=2080 return=1.0 length=16 loss=-0.04127320647239685 cases=None
[nnknn-rl] step=26420 episode=2090 return=2.0 length=26 loss=None cases=None
[nnknn-rl][critic-holdout] step=26622 episodes=2100 mse=0.1489 explained_variance=0.6473
[nnknn-rl] step=26622 episode=2100 return=1.0 length=16 loss=-0.06696881353855133 cases=None
[nnknn-rl][eval] step=26622 mean_return=0.80 max_return=2.00
[nnknn-rl] step=26810 episode=2110 return=2.0 length=28 loss=None cases=None
[nnknn-rl] step=26990 episode=2120 return=1.0 length=16 loss=0.29349854588508606 cases=None
[nnknn-rl] step=27192 episode=2130 return=2.0 length=26 loss=None cases=None
[nnknn-rl] step=27374 episode=2140 return=1.0 length=16 loss=0.1553768813610077 cases=None
[nnknn-rl] step=27592 episode=2150 return=2.0 length=28 loss=None cases=None
[nnknn-rl] step=27790 episode=2160 return=2.0 length=28 loss=-0.050332605838775635 cases=None
[nnknn-rl] step=27982 episode=2170 return=0.0 length=6 loss=None cases=None
[nnknn-rl] step=28186 episode=2180 return=1.0 length=16 loss=0.16743244230747223 cases=None
[nnknn-rl] step=28388 episode=2190 return=1.0 length=16 loss=None cases=None
[nnknn-rl][critic-holdout] step=28582 episodes=2200 mse=0.0666 explained_variance=0.8348
[nnknn-rl] step=28582 episode=2200 return=1.0 length=16 loss=-0.05191308632493019 cases=None
[nnknn-rl][eval] step=28582 mean_return=1.30 max_return=2.00
[nnknn-rl] step=28794 episode=2210 return=2.0 length=26 loss=None cases=None
[nnknn-rl] step=29006 episode=2220 return=1.0 length=16 loss=0.14912086725234985 cases=None
[nnknn-rl] step=29198 episode=2230 return=2.0 length=26 loss=None cases=None
[nnknn-rl] step=29420 episode=2240 return=1.0 length=16 loss=0.07246122509241104 cases=None
[nnknn-rl] step=29594 episode=2250 return=2.0 length=28 loss=None cases=None
[nnknn-rl] step=29820 episode=2260 return=1.0 length=16 loss=-0.009861159138381481 cases=None
[nnknn-rl] step=29994 episode=2270 return=1.0 length=16 loss=None cases=None
[nnknn-rl] step=30156 episode=2280 return=1.0 length=16 loss=-0.11507523059844971 cases=None
[nnknn-rl] step=30336 episode=2290 return=1.0 length=16 loss=None cases=None
[nnknn-rl][critic-holdout] step=30516 episodes=2300 mse=0.0552 explained_variance=0.8841
[nnknn-rl] step=30516 episode=2300 return=0.0 length=6 loss=0.012971438467502594 cases=None
[nnknn-rl][eval] step=30516 mean_return=0.80 max_return=2.00
[nnknn-rl] step=30706 episode=2310 return=1.0 length=16 loss=None cases=None
[nnknn-rl] step=30910 episode=2320 return=1.0 length=16 loss=0.061181023716926575 cases=None
[nnknn-rl] step=31112 episode=2330 return=2.0 length=28 loss=None cases=None
[nnknn-rl] step=31302 episode=2340 return=1.0 length=16 loss=0.05293352156877518 cases=None
[nnknn-rl] step=31506 episode=2350 return=2.0 length=28 loss=None cases=None
[nnknn-rl] step=31688 episode=2360 return=1.0 length=16 loss=-0.35737186670303345 cases=None
[nnknn-rl] step=31910 episode=2370 return=2.0 length=26 loss=None cases=None
[nnknn-rl] step=32122 episode=2380 return=2.0 length=26 loss=-0.13439735770225525 cases=None
[nnknn-rl] step=32312 episode=2390 return=1.0 length=16 loss=None cases=None
[nnknn-rl][critic-holdout] step=32502 episodes=2400 mse=0.0090 explained_variance=0.9783
[nnknn-rl] step=32502 episode=2400 return=2.0 length=26 loss=0.10716059058904648 cases=None
[nnknn-rl][eval] step=32502 mean_return=1.30 max_return=2.00
[nnknn-rl] step=32706 episode=2410 return=2.0 length=26 loss=None cases=None
[nnknn-rl] step=32912 episode=2420 return=2.0 length=28 loss=-0.013933351263403893 cases=None
[nnknn-rl] step=33092 episode=2430 return=1.0 length=16 loss=None cases=None
[nnknn-rl] step=33272 episode=2440 return=0.0 length=6 loss=0.003565952181816101 cases=None
[nnknn-rl] step=33474 episode=2450 return=2.0 length=26 loss=None cases=None
[nnknn-rl] step=33660 episode=2460 return=0.0 length=6 loss=-0.018971875309944153 cases=None
[nnknn-rl] step=33852 episode=2470 return=2.0 length=26 loss=None cases=None
[nnknn-rl] step=34088 episode=2480 return=2.0 length=26 loss=-0.08255645632743835 cases=None
[nnknn-rl] step=34288 episode=2490 return=2.0 length=26 loss=None cases=None
[nnknn-rl][critic-holdout] step=34502 episodes=2500 mse=0.0109 explained_variance=0.9790
[nnknn-rl] step=34502 episode=2500 return=2.0 length=26 loss=-0.029648955911397934 cases=None
[nnknn-rl][eval] step=34502 mean_return=1.30 max_return=2.00
[nnknn-rl] step=34694 episode=2510 return=1.0 length=16 loss=None cases=None
[nnknn-rl] step=34854 episode=2520 return=1.0 length=16 loss=-0.06874017417430878 cases=None
[nnknn-rl] step=35044 episode=2530 return=1.0 length=16 loss=None cases=None
[nnknn-rl] step=35278 episode=2540 return=2.0 length=26 loss=-0.09397944808006287 cases=None
[nnknn-rl] step=35488 episode=2550 return=2.0 length=26 loss=None cases=None
[nnknn-rl] step=35658 episode=2560 return=1.0 length=16 loss=-0.04339732602238655 cases=None
[nnknn-rl] step=35882 episode=2570 return=2.0 length=26 loss=None cases=None
[nnknn-rl] step=36116 episode=2580 return=2.0 length=26 loss=-0.012287480756640434 cases=None
[nnknn-rl] step=36316 episode=2590 return=1.0 length=16 loss=None cases=None
[nnknn-rl][critic-holdout] step=36496 episodes=2600 mse=0.0060 explained_variance=0.9912
[nnknn-rl] step=36496 episode=2600 return=1.0 length=16 loss=0.12438230216503143 cases=None
[nnknn-rl][eval] step=36496 mean_return=1.40 max_return=2.00
[nnknn-rl] step=36696 episode=2610 return=1.0 length=16 loss=None cases=None
[nnknn-rl] step=36898 episode=2620 return=1.0 length=16 loss=-0.03728368505835533 cases=None
[nnknn-rl] step=37114 episode=2630 return=2.0 length=28 loss=None cases=None
[nnknn-rl] step=37320 episode=2640 return=2.0 length=26 loss=0.01039692759513855 cases=None
[nnknn-rl] step=37546 episode=2650 return=1.0 length=16 loss=None cases=None
[nnknn-rl] step=37796 episode=2660 return=2.0 length=26 loss=-0.03544881194829941 cases=None
[nnknn-rl] step=38006 episode=2670 return=1.0 length=16 loss=None cases=None
[nnknn-rl] step=38166 episode=2680 return=0.0 length=6 loss=-0.08592526614665985 cases=None
[nnknn-rl] step=38346 episode=2690 return=2.0 length=26 loss=None cases=None
[nnknn-rl][critic-holdout] step=38496 episodes=2700 mse=0.1014 explained_variance=0.7505
[nnknn-rl] step=38496 episode=2700 return=2.0 length=26 loss=-0.023316994309425354 cases=None
[nnknn-rl][eval] step=38496 mean_return=1.30 max_return=2.00
[nnknn-rl] step=38688 episode=2710 return=2.0 length=26 loss=None cases=None
[nnknn-rl] step=38902 episode=2720 return=2.0 length=26 loss=0.14660151302814484 cases=None
[nnknn-rl] step=39122 episode=2730 return=2.0 length=26 loss=None cases=None
[nnknn-rl] step=39334 episode=2740 return=1.0 length=16 loss=0.09168117493391037 cases=None
[nnknn-rl] step=39538 episode=2750 return=2.0 length=26 loss=None cases=None
[nnknn-rl] step=39738 episode=2760 return=2.0 length=26 loss=0.10789814591407776 cases=None
[nnknn-rl] step=39964 episode=2770 return=2.0 length=26 loss=None cases=None
[nnknn-rl] step=40158 episode=2780 return=2.0 length=28 loss=-0.028102615848183632 cases=None
[nnknn-rl] step=40350 episode=2790 return=1.0 length=16 loss=None cases=None
[nnknn-rl][critic-holdout] step=40566 episodes=2800 mse=0.0041 explained_variance=0.9905
[nnknn-rl] step=40566 episode=2800 return=2.0 length=28 loss=-0.11088123172521591 cases=None
[nnknn-rl][eval] step=40566 mean_return=1.35 max_return=2.00
[nnknn-rl] step=40820 episode=2810 return=2.0 length=26 loss=None cases=None
[nnknn-rl] step=41000 episode=2820 return=2.0 length=26 loss=0.020848441869020462 cases=None
[nnknn-rl] step=41202 episode=2830 return=2.0 length=26 loss=None cases=None
[nnknn-rl] step=41412 episode=2840 return=1.0 length=16 loss=0.04666198417544365 cases=None
[nnknn-rl] step=41604 episode=2850 return=1.0 length=16 loss=None cases=None
[nnknn-rl] step=41806 episode=2860 return=2.0 length=28 loss=0.034054290503263474 cases=None
[nnknn-rl] step=42008 episode=2870 return=1.0 length=16 loss=None cases=None
[nnknn-rl] step=42204 episode=2880 return=1.0 length=16 loss=0.01608920469880104 cases=None
[nnknn-rl] step=42408 episode=2890 return=2.0 length=28 loss=None cases=None
[nnknn-rl][critic-holdout] step=42620 episodes=2900 mse=0.0055 explained_variance=0.9946
[nnknn-rl] step=42620 episode=2900 return=2.0 length=26 loss=-0.049730271100997925 cases=None
[nnknn-rl][eval] step=42620 mean_return=1.35 max_return=2.00
[nnknn-rl] step=42820 episode=2910 return=1.0 length=16 loss=None cases=None
[nnknn-rl] step=43050 episode=2920 return=2.0 length=26 loss=-0.01707935892045498 cases=None
[nnknn-rl] step=43262 episode=2930 return=2.0 length=26 loss=None cases=None
[nnknn-rl] step=43464 episode=2940 return=2.0 length=26 loss=0.08517791330814362 cases=None
[nnknn-rl] step=43684 episode=2950 return=2.0 length=26 loss=None cases=None
[nnknn-rl] step=43886 episode=2960 return=0.0 length=6 loss=-0.053905703127384186 cases=None
[nnknn-rl] step=44088 episode=2970 return=1.0 length=16 loss=None cases=None
[nnknn-rl] step=44312 episode=2980 return=2.0 length=26 loss=0.01698434352874756 cases=None
[nnknn-rl] step=44542 episode=2990 return=0.0 length=6 loss=None cases=None
[nnknn-rl][critic-holdout] step=44746 episodes=3000 mse=0.0030 explained_variance=0.9934
[nnknn-rl] step=44746 episode=3000 return=2.0 length=26 loss=0.004063105676323175 cases=None
[nnknn-rl][eval] step=44746 mean_return=1.35 max_return=2.00
[nnknn-rl] step=44886 episode=3010 return=1.0 length=16 loss=None cases=None
[nnknn-rl] step=45088 episode=3020 return=1.0 length=16 loss=-0.038997139781713486 cases=None
[nnknn-rl] step=45272 episode=3030 return=2.0 length=28 loss=None cases=None
[nnknn-rl] step=45492 episode=3040 return=2.0 length=26 loss=0.06790829449892044 cases=None
[nnknn-rl] step=45694 episode=3050 return=1.0 length=16 loss=None cases=None
[nnknn-rl] step=45894 episode=3060 return=1.0 length=16 loss=0.08443870395421982 cases=None
[nnknn-rl] step=46096 episode=3070 return=1.0 length=16 loss=None cases=None
[nnknn-rl] step=46318 episode=3080 return=1.0 length=16 loss=0.09352367371320724 cases=None
[nnknn-rl] step=46548 episode=3090 return=2.0 length=26 loss=None cases=None
[nnknn-rl][critic-holdout] step=46728 episodes=3100 mse=0.0074 explained_variance=0.9904
[nnknn-rl] step=46728 episode=3100 return=1.0 length=16 loss=-0.07239249348640442 cases=None
[nnknn-rl][eval] step=46728 mean_return=1.35 max_return=2.00
[nnknn-rl] step=46938 episode=3110 return=2.0 length=26 loss=None cases=None
[nnknn-rl] step=47158 episode=3120 return=1.0 length=16 loss=-0.0822913870215416 cases=None
[nnknn-rl] step=47370 episode=3130 return=1.0 length=16 loss=None cases=None
[nnknn-rl] step=47594 episode=3140 return=2.0 length=26 loss=-0.018133962526917458 cases=None
[nnknn-rl] step=47794 episode=3150 return=1.0 length=16 loss=None cases=None
[nnknn-rl] step=47994 episode=3160 return=1.0 length=16 loss=-0.006083834450691938 cases=None
[nnknn-rl] step=48204 episode=3170 return=1.0 length=16 loss=None cases=None
[nnknn-rl] step=48406 episode=3180 return=1.0 length=16 loss=-0.1035623550415039 cases=None
[nnknn-rl] step=48618 episode=3190 return=1.0 length=16 loss=None cases=None
[nnknn-rl][critic-holdout] step=48870 episodes=3200 mse=0.0020 explained_variance=0.9975
[nnknn-rl] step=48870 episode=3200 return=2.0 length=26 loss=0.04968702048063278 cases=None
[nnknn-rl][eval] step=48870 mean_return=1.30 max_return=2.00
[nnknn-rl] step=49084 episode=3210 return=1.0 length=16 loss=None cases=None
[nnknn-rl] step=49276 episode=3220 return=1.0 length=16 loss=0.05624781548976898 cases=None
[nnknn-rl] step=49476 episode=3230 return=1.0 length=16 loss=None cases=None
[nnknn-rl] step=49692 episode=3240 return=1.0 length=16 loss=0.0059373038820922375 cases=None
[nnknn-rl] step=49912 episode=3250 return=1.0 length=16 loss=None cases=None
[nnknn-rl] step=50122 episode=3260 return=1.0 length=16 loss=0.008052158169448376 cases=None
[nnknn-rl] step=50342 episode=3270 return=2.0 length=26 loss=None cases=None
[nnknn-rl] step=50564 episode=3280 return=1.0 length=16 loss=0.02469848282635212 cases=None
[nnknn-rl] step=50796 episode=3290 return=2.0 length=26 loss=None cases=None
[nnknn-rl][critic-holdout] step=51008 episodes=3300 mse=0.0003 explained_variance=0.9994
[nnknn-rl] step=51008 episode=3300 return=2.0 length=28 loss=-0.027843235060572624 cases=None
[nnknn-rl][eval] step=51008 mean_return=1.35 max_return=2.00
[nnknn-rl] step=51198 episode=3310 return=1.0 length=16 loss=None cases=None
[nnknn-rl] step=51408 episode=3320 return=1.0 length=16 loss=0.008729534223675728 cases=None
[nnknn-rl] step=51588 episode=3330 return=1.0 length=16 loss=None cases=None
[nnknn-rl] step=51788 episode=3340 return=2.0 length=26 loss=-0.04041225090622902 cases=None
[nnknn-rl] step=52008 episode=3350 return=2.0 length=26 loss=None cases=None
[nnknn-rl] step=52198 episode=3360 return=1.0 length=16 loss=-0.04003296047449112 cases=None
[nnknn-rl] step=52420 episode=3370 return=2.0 length=26 loss=None cases=None
[nnknn-rl] step=52600 episode=3380 return=1.0 length=16 loss=-0.032848600298166275 cases=None
[nnknn-rl] step=52802 episode=3390 return=0.0 length=6 loss=None cases=None
[nnknn-rl][critic-holdout] step=53032 episodes=3400 mse=0.0910 explained_variance=0.7326
[nnknn-rl] step=53032 episode=3400 return=2.0 length=26 loss=-0.018261799588799477 cases=None
[nnknn-rl][eval] step=53032 mean_return=1.35 max_return=2.00
[nnknn-rl] step=53222 episode=3410 return=1.0 length=16 loss=None cases=None
[nnknn-rl] step=53436 episode=3420 return=2.0 length=26 loss=0.08605366945266724 cases=None
[nnknn-rl] step=53682 episode=3430 return=1.0 length=16 loss=None cases=None
[nnknn-rl] step=53882 episode=3440 return=1.0 length=16 loss=0.036596424877643585 cases=None
[nnknn-rl] step=54084 episode=3450 return=2.0 length=26 loss=None cases=None
[nnknn-rl] step=54306 episode=3460 return=1.0 length=16 loss=-0.09028457850217819 cases=None
[nnknn-rl] step=54526 episode=3470 return=2.0 length=26 loss=None cases=None
[nnknn-rl] step=54756 episode=3480 return=2.0 length=26 loss=-0.12557125091552734 cases=None
[nnknn-rl] step=54956 episode=3490 return=1.0 length=16 loss=None cases=None
[nnknn-rl][critic-holdout] step=55168 episodes=3500 mse=0.0009 explained_variance=0.9985
[nnknn-rl] step=55168 episode=3500 return=1.0 length=16 loss=-0.06903921812772751 cases=None
[nnknn-rl][eval] step=55168 mean_return=1.30 max_return=2.00
[nnknn-rl] step=55400 episode=3510 return=1.0 length=16 loss=None cases=None
[nnknn-rl] step=55610 episode=3520 return=1.0 length=16 loss=0.0774897113442421 cases=None
[nnknn-rl] step=55812 episode=3530 return=2.0 length=26 loss=None cases=None
[nnknn-rl] step=56056 episode=3540 return=2.0 length=26 loss=0.03033968061208725 cases=None
[nnknn-rl] step=56266 episode=3550 return=2.0 length=26 loss=None cases=None
[nnknn-rl] step=56510 episode=3560 return=2.0 length=26 loss=-0.01806497760117054 cases=None
[nnknn-rl] step=56764 episode=3570 return=2.0 length=26 loss=None cases=None
[nnknn-rl] step=56986 episode=3580 return=2.0 length=26 loss=-0.021908879280090332 cases=None
[nnknn-rl] step=57200 episode=3590 return=1.0 length=16 loss=None cases=None
[nnknn-rl][critic-holdout] step=57400 episodes=3600 mse=0.0003 explained_variance=0.9994
[nnknn-rl] step=57400 episode=3600 return=1.0 length=16 loss=-0.021477896720170975 cases=None
[nnknn-rl][eval] step=57400 mean_return=1.40 max_return=2.00
[nnknn-rl] step=57632 episode=3610 return=2.0 length=26 loss=None cases=None
[nnknn-rl] step=57854 episode=3620 return=1.0 length=16 loss=-0.15139034390449524 cases=None
[nnknn-rl] step=58074 episode=3630 return=2.0 length=26 loss=None cases=None
[nnknn-rl] step=58304 episode=3640 return=1.0 length=16 loss=-0.02243867702782154 cases=None
[nnknn-rl] step=58536 episode=3650 return=2.0 length=26 loss=None cases=None
[nnknn-rl] step=58756 episode=3660 return=2.0 length=26 loss=-0.022772716358304024 cases=None
[nnknn-rl] step=58978 episode=3670 return=2.0 length=26 loss=None cases=None
[nnknn-rl] step=59170 episode=3680 return=1.0 length=16 loss=-0.13540181517601013 cases=None
[nnknn-rl] step=59402 episode=3690 return=2.0 length=26 loss=None cases=None
[nnknn-rl][critic-holdout] step=59604 episodes=3700 mse=0.0016 explained_variance=0.9962
[nnknn-rl] step=59604 episode=3700 return=1.0 length=16 loss=-0.040527377277612686 cases=None
[nnknn-rl][eval] step=59604 mean_return=1.40 max_return=2.00
[nnknn-rl] step=59804 episode=3710 return=1.0 length=16 loss=None cases=None
[nnknn-rl] step=60036 episode=3720 return=2.0 length=26 loss=-0.07382520288228989 cases=None
[nnknn-rl] step=60238 episode=3730 return=1.0 length=16 loss=None cases=None
[nnknn-rl] step=60462 episode=3740 return=1.0 length=16 loss=-0.07515234500169754 cases=None
[nnknn-rl] step=60662 episode=3750 return=2.0 length=26 loss=None cases=None
[nnknn-rl] step=60904 episode=3760 return=2.0 length=26 loss=0.006445781793445349 cases=None
[nnknn-rl] step=61136 episode=3770 return=2.0 length=26 loss=None cases=None
[nnknn-rl] step=61348 episode=3780 return=1.0 length=16 loss=0.05385647341609001 cases=None
[nnknn-rl] step=61558 episode=3790 return=2.0 length=26 loss=None cases=None
[nnknn-rl][critic-holdout] step=61760 episodes=3800 mse=0.0013 explained_variance=0.9967
[nnknn-rl] step=61760 episode=3800 return=2.0 length=26 loss=0.10672178119421005 cases=None
[nnknn-rl][eval] step=61760 mean_return=1.35 max_return=2.00
[nnknn-rl] step=61950 episode=3810 return=2.0 length=26 loss=None cases=None
[nnknn-rl] step=62120 episode=3820 return=1.0 length=16 loss=0.06418661773204803 cases=None
[nnknn-rl] step=62352 episode=3830 return=2.0 length=26 loss=None cases=None
[nnknn-rl] step=62572 episode=3840 return=2.0 length=26 loss=-0.013680187985301018 cases=None
[nnknn-rl] step=62812 episode=3850 return=2.0 length=26 loss=None cases=None
[nnknn-rl] step=63032 episode=3860 return=2.0 length=26 loss=0.014224156737327576 cases=None
[nnknn-rl] step=63242 episode=3870 return=1.0 length=16 loss=None cases=None
[nnknn-rl] step=63444 episode=3880 return=1.0 length=16 loss=-0.03994559496641159 cases=None
[nnknn-rl] step=63646 episode=3890 return=1.0 length=16 loss=None cases=None
[nnknn-rl][critic-holdout] step=63868 episodes=3900 mse=0.0001 explained_variance=0.9997
[nnknn-rl] step=63868 episode=3900 return=1.0 length=16 loss=-0.08331578224897385 cases=None
[nnknn-rl][eval] step=63868 mean_return=1.35 max_return=2.00
[nnknn-rl] step=64078 episode=3910 return=2.0 length=26 loss=None cases=None
[nnknn-rl] step=64300 episode=3920 return=2.0 length=26 loss=0.03124333545565605 cases=None
[nnknn-rl] step=64512 episode=3930 return=1.0 length=16 loss=None cases=None
[nnknn-rl] step=64752 episode=3940 return=2.0 length=26 loss=-0.006222613621503115 cases=None
[nnknn-rl] step=64976 episode=3950 return=1.0 length=16 loss=None cases=None
[nnknn-rl] step=65196 episode=3960 return=0.0 length=6 loss=0.011145554482936859 cases=None
[nnknn-rl] step=65406 episode=3970 return=1.0 length=16 loss=None cases=None
[nnknn-rl] step=65586 episode=3980 return=1.0 length=16 loss=-0.062475062906742096 cases=None
[nnknn-rl] step=65778 episode=3990 return=1.0 length=16 loss=None cases=None
[nnknn-rl][critic-holdout] step=65968 episodes=4000 mse=0.0047 explained_variance=0.9943
[nnknn-rl] step=65968 episode=4000 return=2.0 length=26 loss=0.07703512161970139 cases=None
[nnknn-rl][eval] step=65968 mean_return=1.35 max_return=2.00
[nnknn-rl] step=66158 episode=4010 return=1.0 length=16 loss=None cases=None
[nnknn-rl] step=66338 episode=4020 return=1.0 length=16 loss=-0.2326098531484604 cases=None
[nnknn-rl] step=66560 episode=4030 return=2.0 length=28 loss=None cases=None
[nnknn-rl] step=66780 episode=4040 return=1.0 length=16 loss=0.057946644723415375 cases=None
[nnknn-rl] step=66984 episode=4050 return=1.0 length=16 loss=None cases=None
[nnknn-rl] step=67178 episode=4060 return=0.0 length=6 loss=0.001415446400642395 cases=None
[nnknn-rl] step=67390 episode=4070 return=1.0 length=16 loss=None cases=None
[nnknn-rl] step=67626 episode=4080 return=2.0 length=26 loss=-0.08941351622343063 cases=None
[nnknn-rl] step=67838 episode=4090 return=2.0 length=26 loss=None cases=None
[nnknn-rl][critic-holdout] step=68030 episodes=4100 mse=0.0019 explained_variance=0.9964
[nnknn-rl] step=68030 episode=4100 return=1.0 length=16 loss=0.034112900495529175 cases=None
[nnknn-rl][eval] step=68030 mean_return=1.40 max_return=2.00
[nnknn-rl] step=68252 episode=4110 return=1.0 length=16 loss=None cases=None
[nnknn-rl] step=68494 episode=4120 return=1.0 length=16 loss=0.004500658251345158 cases=None
[nnknn-rl] step=68718 episode=4130 return=1.0 length=16 loss=None cases=None
[nnknn-rl] step=68940 episode=4140 return=2.0 length=28 loss=-0.18047405779361725 cases=None
[nnknn-rl] step=69140 episode=4150 return=2.0 length=26 loss=None cases=None
[nnknn-rl] step=69362 episode=4160 return=1.0 length=16 loss=-0.0148736871778965 cases=None
[nnknn-rl] step=69554 episode=4170 return=1.0 length=16 loss=None cases=None
[nnknn-rl] step=69758 episode=4180 return=1.0 length=16 loss=0.10452035814523697 cases=None
[nnknn-rl] step=69980 episode=4190 return=2.0 length=26 loss=None cases=None
[nnknn-rl][critic-holdout] step=70190 episodes=4200 mse=0.0055 explained_variance=0.9957
[nnknn-rl] step=70190 episode=4200 return=2.0 length=26 loss=0.0717659667134285 cases=None
[nnknn-rl][eval] step=70190 mean_return=1.40 max_return=2.00
[nnknn-rl] step=70422 episode=4210 return=1.0 length=16 loss=None cases=None
[nnknn-rl] step=70632 episode=4220 return=1.0 length=16 loss=-0.02289055660367012 cases=None
[nnknn-rl] step=70854 episode=4230 return=2.0 length=26 loss=None cases=None
[nnknn-rl] step=71074 episode=4240 return=2.0 length=26 loss=-0.08773509413003922 cases=None
[nnknn-rl] step=71276 episode=4250 return=1.0 length=16 loss=None cases=None
[nnknn-rl] step=71466 episode=4260 return=1.0 length=16 loss=-0.06151336804032326 cases=None
[nnknn-rl] step=71686 episode=4270 return=1.0 length=16 loss=None cases=None
[nnknn-rl] step=71918 episode=4280 return=2.0 length=26 loss=0.023150602355599403 cases=None
[nnknn-rl] step=72120 episode=4290 return=1.0 length=16 loss=None cases=None
[nnknn-rl][critic-holdout] step=72332 episodes=4300 mse=0.0005 explained_variance=0.9991
[nnknn-rl] step=72332 episode=4300 return=2.0 length=26 loss=0.043702103197574615 cases=None
[nnknn-rl][eval] step=72332 mean_return=1.35 max_return=2.00
[nnknn-rl] step=72524 episode=4310 return=2.0 length=26 loss=None cases=None
[nnknn-rl] step=72714 episode=4320 return=1.0 length=16 loss=0.015063275583088398 cases=None
[nnknn-rl] step=72924 episode=4330 return=1.0 length=16 loss=None cases=None
[nnknn-rl] step=73094 episode=4340 return=1.0 length=16 loss=-0.008373399265110493 cases=None
[nnknn-rl] step=73314 episode=4350 return=2.0 length=26 loss=None cases=None
[nnknn-rl] step=73516 episode=4360 return=2.0 length=28 loss=-0.033920690417289734 cases=None
[nnknn-rl] step=73706 episode=4370 return=2.0 length=26 loss=None cases=None
[nnknn-rl] step=73886 episode=4380 return=1.0 length=16 loss=0.04278576746582985 cases=None
[nnknn-rl] step=74056 episode=4390 return=0.0 length=6 loss=None cases=None
[nnknn-rl][critic-holdout] step=74276 episodes=4400 mse=0.0047 explained_variance=0.9964
[nnknn-rl] step=74276 episode=4400 return=1.0 length=16 loss=0.11427183449268341 cases=None
[nnknn-rl][eval] step=74276 mean_return=1.35 max_return=2.00
[nnknn-rl] step=74488 episode=4410 return=2.0 length=26 loss=None cases=None
[nnknn-rl] step=74698 episode=4420 return=2.0 length=26 loss=0.12205544859170914 cases=None
[nnknn-rl] step=74940 episode=4430 return=2.0 length=26 loss=None cases=None
[nnknn-rl] step=75160 episode=4440 return=2.0 length=26 loss=0.045646317303180695 cases=None
[nnknn-rl] step=75342 episode=4450 return=2.0 length=28 loss=None cases=None
[nnknn-rl] step=75562 episode=4460 return=1.0 length=16 loss=-0.0438833087682724 cases=None
[nnknn-rl] step=75806 episode=4470 return=2.0 length=26 loss=None cases=None
[nnknn-rl] step=76036 episode=4480 return=2.0 length=26 loss=0.044519662857055664 cases=None
[nnknn-rl] step=76236 episode=4490 return=1.0 length=16 loss=None cases=None
[nnknn-rl][critic-holdout] step=76446 episodes=4500 mse=0.0073 explained_variance=0.9966
[nnknn-rl] step=76446 episode=4500 return=2.0 length=26 loss=0.054535895586013794 cases=None
[nnknn-rl][eval] step=76446 mean_return=1.35 max_return=2.00
[nnknn-rl] step=76648 episode=4510 return=1.0 length=16 loss=None cases=None
[nnknn-rl] step=76860 episode=4520 return=1.0 length=16 loss=-0.02969566360116005 cases=None
[nnknn-rl] step=77062 episode=4530 return=1.0 length=16 loss=None cases=None
[nnknn-rl] step=77282 episode=4540 return=2.0 length=26 loss=-0.054648108780384064 cases=None
[nnknn-rl] step=77494 episode=4550 return=1.0 length=16 loss=None cases=None
[nnknn-rl] step=77714 episode=4560 return=2.0 length=26 loss=0.044060178101062775 cases=None
[nnknn-rl] step=77914 episode=4570 return=1.0 length=16 loss=None cases=None
[nnknn-rl] step=78114 episode=4580 return=2.0 length=26 loss=0.06346189230680466 cases=None
[nnknn-rl] step=78294 episode=4590 return=1.0 length=16 loss=None cases=None
[nnknn-rl][critic-holdout] step=78516 episodes=4600 mse=0.0009 explained_variance=0.9995
[nnknn-rl] step=78516 episode=4600 return=1.0 length=16 loss=-0.045204125344753265 cases=None
[nnknn-rl][eval] step=78516 mean_return=1.35 max_return=2.00
[nnknn-rl] step=78736 episode=4610 return=2.0 length=26 loss=None cases=None
[nnknn-rl] step=78936 episode=4620 return=2.0 length=26 loss=-0.02634209208190441 cases=None
[nnknn-rl] step=79156 episode=4630 return=1.0 length=16 loss=None cases=None
[nnknn-rl] step=79386 episode=4640 return=2.0 length=26 loss=0.02146672084927559 cases=None
[nnknn-rl] step=79586 episode=4650 return=1.0 length=16 loss=None cases=None
[nnknn-rl] step=79808 episode=4660 return=2.0 length=26 loss=0.009329475462436676 cases=None
[nnknn-rl] step=80028 episode=4670 return=1.0 length=16 loss=None cases=None
[nnknn-rl] step=80218 episode=4680 return=1.0 length=16 loss=0.04362288489937782 cases=None
[nnknn-rl] step=80428 episode=4690 return=1.0 length=16 loss=None cases=None
[nnknn-rl][critic-holdout] step=80618 episodes=4700 mse=0.0005 explained_variance=0.9993
[nnknn-rl] step=80618 episode=4700 return=1.0 length=16 loss=0.03762967139482498 cases=None
[nnknn-rl][eval] step=80618 mean_return=1.35 max_return=2.00
[nnknn-rl] step=80818 episode=4710 return=2.0 length=26 loss=None cases=None
[nnknn-rl] step=81028 episode=4720 return=2.0 length=26 loss=-0.012154164724051952 cases=None
[nnknn-rl] step=81250 episode=4730 return=2.0 length=28 loss=None cases=None
[nnknn-rl] step=81482 episode=4740 return=2.0 length=26 loss=-0.05685761943459511 cases=None
[nnknn-rl] step=81704 episode=4750 return=2.0 length=26 loss=None cases=None
[nnknn-rl] step=81884 episode=4760 return=0.0 length=6 loss=0.01941797137260437 cases=None
[nnknn-rl] step=82094 episode=4770 return=2.0 length=26 loss=None cases=None
[nnknn-rl] step=82304 episode=4780 return=2.0 length=26 loss=-0.036326922476291656 cases=None
[nnknn-rl] step=82494 episode=4790 return=1.0 length=16 loss=None cases=None
[nnknn-rl][critic-holdout] step=82684 episodes=4800 mse=0.0029 explained_variance=0.9968
[nnknn-rl] step=82684 episode=4800 return=2.0 length=26 loss=0.04352988302707672 cases=None
[nnknn-rl][eval] step=82684 mean_return=1.35 max_return=2.00
[nnknn-rl] step=82884 episode=4810 return=1.0 length=16 loss=None cases=None
[nnknn-rl] step=83086 episode=4820 return=1.0 length=16 loss=0.06006792187690735 cases=None
[nnknn-rl] step=83318 episode=4830 return=1.0 length=16 loss=None cases=None
[nnknn-rl] step=83488 episode=4840 return=1.0 length=16 loss=0.09718751907348633 cases=None
[nnknn-rl] step=83708 episode=4850 return=1.0 length=16 loss=None cases=None
[nnknn-rl] step=83908 episode=4860 return=1.0 length=16 loss=-0.043121423572301865 cases=None
[nnknn-rl] step=84110 episode=4870 return=1.0 length=16 loss=None cases=None
[nnknn-rl] step=84332 episode=4880 return=2.0 length=28 loss=-0.05799514427781105 cases=None
[nnknn-rl] step=84572 episode=4890 return=2.0 length=26 loss=None cases=None
[nnknn-rl][critic-holdout] step=84766 episodes=4900 mse=0.0008 explained_variance=0.9991
[nnknn-rl] step=84766 episode=4900 return=2.0 length=28 loss=0.0002911060582846403 cases=None
[nnknn-rl][eval] step=84766 mean_return=1.35 max_return=2.00
[nnknn-rl] step=84976 episode=4910 return=1.0 length=16 loss=None cases=None
[nnknn-rl] step=85238 episode=4920 return=2.0 length=26 loss=0.017648562788963318 cases=None
[nnknn-rl] step=85448 episode=4930 return=1.0 length=16 loss=None cases=None
[nnknn-rl] step=85662 episode=4940 return=1.0 length=16 loss=-0.026343757286667824 cases=None
[nnknn-rl] step=85862 episode=4950 return=1.0 length=16 loss=None cases=None
[nnknn-rl] step=86052 episode=4960 return=2.0 length=26 loss=0.04569720849394798 cases=None
[nnknn-rl] step=86284 episode=4970 return=2.0 length=26 loss=None cases=None
[nnknn-rl] step=86484 episode=4980 return=1.0 length=16 loss=0.01946653425693512 cases=None
[nnknn-rl] step=86674 episode=4990 return=2.0 length=26 loss=None cases=None
[nnknn-rl][critic-holdout] step=86886 episodes=5000 mse=0.0011 explained_variance=0.9992
[nnknn-rl] step=86886 episode=5000 return=1.0 length=16 loss=-0.013243492692708969 cases=None
[nnknn-rl][eval] step=86886 mean_return=1.35 max_return=2.00
[nnknn-rl][early-stop] step=86886 reason=patience
[nnknn-rl] finished profile=fast mean_eval_return=1.40 passed=False run_dir=results/rl/nnknn_rl_minatar_breakout_20260821_031409_330415
{
  "task": "minatar_breakout",
  "env_id": "MinAtar/Breakout-v1",
  "profile": "fast",
  "seed": 0,
  "total_timesteps": 86886,
  "configured_total_timesteps": 150000,
  "actual_timesteps": 86886,
  "eval_episodes": 20,
  "success_threshold": 10.0,
  "passed": false,
  "algorithm": "nnknn_actor_critic_separate_memory_gae",
  "actor_type": "mlp",
  "critic_type": "mlp",
  "architecture": {
    "separate_case_bases": true,
    "shared_nnknn_representation": false,
    "critic_target_shared_case_store": false,
    "actor_case_insertion": "raw_positive_advantage_only"
  },
  "gae": {
    "gamma": 0.99,
    "gae_lambda": 0.95,
    "advantage_clip": 5.0
  },
  "exploration": {
    "mode": "standard_stochastic_policy",
    "applies_to_actor": false,
    "initial_epsilon": 0.0,
    "final_epsilon": 0.0,
    "fraction": 0.5,
    "final_step_epsilon": 0.0,
    "readiness": {
      "min_case_entries": 32,
      "min_cases_per_action": 8
    }
  },
  "final_eval": {
    "episodes": 20,
    "seed": 10000,
    "mean_return": 1.399999976158142,
    "std_return": 0.4898979365825653,
    "min_return": 1.0,
    "max_return": 2.0,
    "mean_length": 20.100000381469727
  },
  "last_eval": {
    "episodes": 20,
    "seed": 10000,
    "mean_return": 1.350000023841858,
    "std_return": 0.4769695997238159,
    "min_return": 1.0,
    "max_return": 2.0,
    "mean_length": 19.5
  },
  "selected_step": 36496,
  "selected_source": "best_eval",
  "training_efficiency": {
    "best_model_step": 36496,
    "best_model_training_fraction": 0.42004465621619136,
    "first_success_step": null,
    "first_success_training_fraction": null,
    "best_minus_last_return": 0.04999995231628418,
    "budget_interpretation": "unsolved_or_underfit"
  },
  "early_stopping": {
    "enabled": true,
    "patience": 30,
    "min_delta": 1.0,
    "min_steps": 25000,
    "target_score": 50.0,
    "best_mean_return": 0.4000000059604645,
    "evaluations": 50,
    "evaluations_without_improvement": 30,
    "stopped_early": true,
    "stopping_reason": "patience",
    "stopping_step": 86886
  },
  "case_entries": null,
  "critic_case_entries": null,
  "action_counts": null,
  "cases_pruned": 0,
  "cases_replaced": 0,
  "actor_cases_pruned": 0,
  "actor_cases_replaced": 0,
  "critic_cases_pruned": 0,
  "critic_cases_replaced": 0,
  "critic_label_updates": 0,
  "critic_label_update_samples": 0,
  "partial_rollout_segments": 0,
  "partial_rollout_samples": 0,
  "critic_target_enabled": false,
  "critic_target_value_mode": "none",
  "critic_target_sync_interval": 4,
  "critic_target_ema_tau": 0.05,
  "critic_target_value_syncs": 0,
  "critic_holdout_evaluations": 50,
  "latest_critic_holdout": {
    "global_step": 86886,
    "completed_episodes": 5000,
    "diagnostic_index": 50,
    "critic_holdout_mse": 0.0011182208545506,
    "critic_holdout_explained_variance": 0.9992333650588989,
    "critic_holdout_value_mean": 0.9325000643730164,
    "critic_holdout_target_mean": 0.9038530588150024,
    "critic_holdout_samples": 100,
    "critic_holdout_episodes": 5,
    "critic_holdout_environment_steps": 100,
    "critic_holdout_mean_episode_return": 1.4,
    "critic_holdout_mean_episode_length": 20.0,
    "critic_holdout_behavior_epsilon": 0.0,
    "critic_holdout_truncated_bootstraps": 0,
    "critic_holdout_target_method": "discounted_monte_carlo_with_truncation_bootstrap",
    "critic_holdout_bootstrap_source": "online_value_model",
    "critic_holdout_seed": 30245
  },
  "run_dir": "results/rl/nnknn_rl_minatar_breakout_20260821_031409_330415"
}
Checkpoint: results/rl/nnknn_rl_minatar_breakout_20260821_031409_330415/checkpoint.pt
