cases trainable: False
labels trainable: False
Enforcing normalize_over_cases = True for regression task.
[nnknn-rl] step=6 episode=1 return=0.0 length=6 loss=None cases=None
[nnknn-rl] step=12 episode=2 return=0.0 length=6 loss=None cases=None
[nnknn-rl] step=18 episode=3 return=0.0 length=6 loss=None cases=None
[nnknn-rl] step=24 episode=4 return=0.0 length=6 loss=-0.010977819561958313 cases=None
[nnknn-rl] step=30 episode=5 return=0.0 length=6 loss=None cases=None
[nnknn-rl] step=92 episode=10 return=0.0 length=6 loss=None cases=None
[nnknn-rl] step=172 episode=20 return=0.0 length=6 loss=0.13245747983455658 cases=None
[nnknn-rl] step=294 episode=30 return=0.0 length=6 loss=None cases=None
[nnknn-rl] step=384 episode=40 return=1.0 length=16 loss=0.12033291906118393 cases=None
[nnknn-rl] step=496 episode=50 return=0.0 length=6 loss=None cases=None
[nnknn-rl] step=586 episode=60 return=1.0 length=16 loss=0.15138182044029236 cases=None
[nnknn-rl] step=688 episode=70 return=0.0 length=6 loss=None cases=None
[nnknn-rl] step=802 episode=80 return=2.0 length=28 loss=0.2599841356277466 cases=None
[nnknn-rl] step=882 episode=90 return=1.0 length=16 loss=None cases=None
[nnknn-rl][critic-holdout] step=984 episodes=100 mse=0.1509 explained_variance=0.2300
[nnknn-rl] step=984 episode=100 return=0.0 length=6 loss=-0.033887673169374466 cases=None
[nnknn-rl][eval] step=984 mean_return=0.40 max_return=1.00
[nnknn-rl] step=1054 episode=110 return=0.0 length=6 loss=None cases=None
[nnknn-rl] step=1186 episode=120 return=0.0 length=6 loss=0.2842896282672882 cases=None
[nnknn-rl] step=1278 episode=130 return=0.0 length=6 loss=None cases=None
[nnknn-rl] step=1368 episode=140 return=0.0 length=6 loss=0.1037336215376854 cases=None
[nnknn-rl] step=1458 episode=150 return=1.0 length=16 loss=None cases=None
[nnknn-rl] step=1528 episode=160 return=0.0 length=6 loss=0.033954352140426636 cases=None
[nnknn-rl] step=1630 episode=170 return=0.0 length=6 loss=None cases=None
[nnknn-rl] step=1774 episode=180 return=2.0 length=28 loss=0.1628401279449463 cases=None
[nnknn-rl] step=1886 episode=190 return=2.0 length=28 loss=None cases=None
[nnknn-rl][critic-holdout] step=1976 episodes=200 mse=0.0974 explained_variance=0.5126
[nnknn-rl] step=1976 episode=200 return=0.0 length=6 loss=0.12142430245876312 cases=None
[nnknn-rl][eval] step=1976 mean_return=0.40 max_return=1.00
[nnknn-rl] step=2076 episode=210 return=0.0 length=6 loss=None cases=None
[nnknn-rl] step=2158 episode=220 return=0.0 length=6 loss=0.2985219359397888 cases=None
[nnknn-rl] step=2280 episode=230 return=0.0 length=6 loss=None cases=None
[nnknn-rl] step=2380 episode=240 return=1.0 length=16 loss=0.09635638445615768 cases=None
[nnknn-rl] step=2480 episode=250 return=0.0 length=6 loss=None cases=None
[nnknn-rl] step=2634 episode=260 return=4.0 length=48 loss=0.5507366061210632 cases=None
[nnknn-rl] step=2776 episode=270 return=1.0 length=16 loss=None cases=None
[nnknn-rl] step=2886 episode=280 return=0.0 length=6 loss=0.29081523418426514 cases=None
[nnknn-rl] step=2988 episode=290 return=0.0 length=6 loss=None cases=None
[nnknn-rl][critic-holdout] step=3120 episodes=300 mse=0.1724 explained_variance=0.2480
[nnknn-rl] step=3120 episode=300 return=1.0 length=16 loss=0.06278640031814575 cases=None
[nnknn-rl][eval] step=3120 mean_return=0.40 max_return=1.00
[nnknn-rl] step=3242 episode=310 return=1.0 length=16 loss=None cases=None
[nnknn-rl] step=3322 episode=320 return=1.0 length=16 loss=0.010238632559776306 cases=None
[nnknn-rl] step=3412 episode=330 return=0.0 length=6 loss=None cases=None
[nnknn-rl] step=3514 episode=340 return=2.0 length=28 loss=0.3336836099624634 cases=None
[nnknn-rl] step=3616 episode=350 return=0.0 length=6 loss=None cases=None
[nnknn-rl] step=3706 episode=360 return=0.0 length=6 loss=0.2086254060268402 cases=None
[nnknn-rl] step=3862 episode=370 return=0.0 length=6 loss=None cases=None
[nnknn-rl] step=3974 episode=380 return=0.0 length=6 loss=0.24726730585098267 cases=None
[nnknn-rl] step=4096 episode=390 return=0.0 length=6 loss=None cases=None
[nnknn-rl][critic-holdout] step=4186 episodes=400 mse=0.3257 explained_variance=0.3571
[nnknn-rl] step=4186 episode=400 return=0.0 length=6 loss=-0.05380745977163315 cases=None
[nnknn-rl][eval] step=4186 mean_return=0.40 max_return=1.00
[nnknn-rl] step=4276 episode=410 return=2.0 length=26 loss=None cases=None
[nnknn-rl] step=4386 episode=420 return=0.0 length=6 loss=0.12780433893203735 cases=None
[nnknn-rl] step=4446 episode=430 return=0.0 length=6 loss=None cases=None
[nnknn-rl] step=4536 episode=440 return=0.0 length=6 loss=0.18075737357139587 cases=None
[nnknn-rl] step=4678 episode=450 return=1.0 length=16 loss=None cases=None
[nnknn-rl] step=4738 episode=460 return=0.0 length=6 loss=-0.17082539200782776 cases=None
[nnknn-rl] step=4880 episode=470 return=2.0 length=26 loss=None cases=None
[nnknn-rl] step=5020 episode=480 return=0.0 length=6 loss=0.09339328110218048 cases=None
[nnknn-rl] step=5142 episode=490 return=0.0 length=6 loss=None cases=None
[nnknn-rl][critic-holdout] step=5276 episodes=500 mse=0.5020 explained_variance=0.3524
[nnknn-rl] step=5276 episode=500 return=2.0 length=28 loss=0.34459686279296875 cases=None
[nnknn-rl][eval] step=5276 mean_return=0.40 max_return=1.00
[nnknn-rl] step=5398 episode=510 return=0.0 length=6 loss=None cases=None
[nnknn-rl] step=5544 episode=520 return=1.0 length=16 loss=0.3586132228374481 cases=None
[nnknn-rl] step=5676 episode=530 return=1.0 length=16 loss=None cases=None
[nnknn-rl] step=5788 episode=540 return=0.0 length=6 loss=0.09709477424621582 cases=None
[nnknn-rl] step=5910 episode=550 return=1.0 length=16 loss=None cases=None
[nnknn-rl] step=6066 episode=560 return=2.0 length=28 loss=0.18496331572532654 cases=None
[nnknn-rl] step=6178 episode=570 return=0.0 length=6 loss=None cases=None
[nnknn-rl] step=6340 episode=580 return=1.0 length=16 loss=0.013194222003221512 cases=None
[nnknn-rl] step=6470 episode=590 return=1.0 length=16 loss=None cases=None
[nnknn-rl][critic-holdout] step=6590 episodes=600 mse=0.1104 explained_variance=0.5308
[nnknn-rl] step=6590 episode=600 return=0.0 length=6 loss=-0.16343525052070618 cases=None
[nnknn-rl][eval] step=6590 mean_return=0.40 max_return=1.00
[nnknn-rl] step=6700 episode=610 return=0.0 length=6 loss=None cases=None
[nnknn-rl] step=6790 episode=620 return=0.0 length=6 loss=0.16182613372802734 cases=None
[nnknn-rl] step=6910 episode=630 return=0.0 length=6 loss=None cases=None
[nnknn-rl] step=6980 episode=640 return=0.0 length=6 loss=-0.18520794808864594 cases=None
[nnknn-rl] step=7122 episode=650 return=0.0 length=6 loss=None cases=None
[nnknn-rl] step=7222 episode=660 return=1.0 length=16 loss=-0.05764827877283096 cases=None
[nnknn-rl] step=7352 episode=670 return=0.0 length=6 loss=None cases=None
[nnknn-rl] step=7462 episode=680 return=1.0 length=16 loss=-0.28533366322517395 cases=None
[nnknn-rl] step=7582 episode=690 return=0.0 length=6 loss=None cases=None
[nnknn-rl][critic-holdout] step=7682 episodes=700 mse=0.0370 explained_variance=0.8358
[nnknn-rl] step=7682 episode=700 return=1.0 length=16 loss=-0.07734109461307526 cases=None
[nnknn-rl][eval] step=7682 mean_return=0.40 max_return=1.00
[nnknn-rl] step=7812 episode=710 return=1.0 length=16 loss=None cases=None
[nnknn-rl] step=7922 episode=720 return=1.0 length=16 loss=0.02378184348344803 cases=None
[nnknn-rl] step=8042 episode=730 return=1.0 length=16 loss=None cases=None
[nnknn-rl] step=8162 episode=740 return=1.0 length=16 loss=0.02791743166744709 cases=None
[nnknn-rl] step=8272 episode=750 return=1.0 length=16 loss=None cases=None
[nnknn-rl] step=8382 episode=760 return=0.0 length=6 loss=0.011993268504738808 cases=None
[nnknn-rl] step=8482 episode=770 return=0.0 length=6 loss=None cases=None
[nnknn-rl] step=8582 episode=780 return=0.0 length=6 loss=0.011280187405645847 cases=None
[nnknn-rl] step=8692 episode=790 return=1.0 length=16 loss=None cases=None
[nnknn-rl][critic-holdout] step=8822 episodes=800 mse=0.0139 explained_variance=0.9349
[nnknn-rl] step=8822 episode=800 return=1.0 length=16 loss=0.3839878737926483 cases=None
[nnknn-rl][eval] step=8822 mean_return=0.40 max_return=1.00
[nnknn-rl] step=8912 episode=810 return=1.0 length=16 loss=None cases=None
[nnknn-rl] step=9032 episode=820 return=1.0 length=16 loss=0.014251524582505226 cases=None
[nnknn-rl] step=9162 episode=830 return=0.0 length=6 loss=None cases=None
[nnknn-rl] step=9272 episode=840 return=0.0 length=6 loss=0.007872435264289379 cases=None
[nnknn-rl] step=9392 episode=850 return=1.0 length=16 loss=None cases=None
[nnknn-rl] step=9482 episode=860 return=0.0 length=6 loss=0.007401376497000456 cases=None
[nnknn-rl] step=9582 episode=870 return=0.0 length=6 loss=None cases=None
[nnknn-rl] step=9712 episode=880 return=1.0 length=16 loss=0.006778814364224672 cases=None
[nnknn-rl] step=9782 episode=890 return=0.0 length=6 loss=None cases=None
[nnknn-rl][critic-holdout] step=9902 episodes=900 mse=0.0110 explained_variance=0.9515
[nnknn-rl] step=9902 episode=900 return=1.0 length=16 loss=0.009641209617257118 cases=None
[nnknn-rl][eval] step=9902 mean_return=0.40 max_return=1.00
[nnknn-rl] step=9992 episode=910 return=0.0 length=6 loss=None cases=None
[nnknn-rl] step=10102 episode=920 return=0.0 length=6 loss=0.008960871957242489 cases=None
[nnknn-rl] step=10212 episode=930 return=0.0 length=6 loss=None cases=None
[nnknn-rl] step=10312 episode=940 return=0.0 length=6 loss=0.009161273017525673 cases=None
[nnknn-rl] step=10432 episode=950 return=1.0 length=16 loss=None cases=None
[nnknn-rl] step=10542 episode=960 return=0.0 length=6 loss=0.005833967123180628 cases=None
[nnknn-rl] step=10672 episode=970 return=1.0 length=16 loss=None cases=None
[nnknn-rl] step=10772 episode=980 return=1.0 length=16 loss=0.015167499892413616 cases=None
[nnknn-rl] step=10882 episode=990 return=1.0 length=16 loss=None cases=None
[nnknn-rl][critic-holdout] step=10962 episodes=1000 mse=0.0118 explained_variance=0.9550
[nnknn-rl] step=10962 episode=1000 return=0.0 length=6 loss=0.006279525812715292 cases=None
[nnknn-rl][eval] step=10962 mean_return=0.40 max_return=1.00
[nnknn-rl] step=11082 episode=1010 return=1.0 length=16 loss=None cases=None
[nnknn-rl] step=11192 episode=1020 return=1.0 length=16 loss=0.0025464575737714767 cases=None
[nnknn-rl] step=11312 episode=1030 return=0.0 length=6 loss=None cases=None
[nnknn-rl] step=11412 episode=1040 return=1.0 length=16 loss=0.01378689892590046 cases=None
[nnknn-rl] step=11512 episode=1050 return=0.0 length=6 loss=None cases=None
[nnknn-rl] step=11622 episode=1060 return=0.0 length=6 loss=-0.04819563031196594 cases=None
[nnknn-rl] step=11732 episode=1070 return=0.0 length=6 loss=None cases=None
[nnknn-rl] step=11852 episode=1080 return=1.0 length=16 loss=0.008978912606835365 cases=None
[nnknn-rl] step=12002 episode=1090 return=2.0 length=26 loss=None cases=None
[nnknn-rl][critic-holdout] step=12092 episodes=1100 mse=0.0064 explained_variance=0.9683
[nnknn-rl] step=12092 episode=1100 return=0.0 length=6 loss=0.008737703785300255 cases=None
[nnknn-rl][eval] step=12092 mean_return=0.40 max_return=1.00
[nnknn-rl] step=12202 episode=1110 return=1.0 length=16 loss=None cases=None
[nnknn-rl] step=12302 episode=1120 return=0.0 length=6 loss=0.005979764275252819 cases=None
[nnknn-rl] step=12392 episode=1130 return=0.0 length=6 loss=None cases=None
[nnknn-rl] step=12502 episode=1140 return=1.0 length=16 loss=0.012799031101167202 cases=None
[nnknn-rl] step=12622 episode=1150 return=1.0 length=16 loss=None cases=None
[nnknn-rl] step=12712 episode=1160 return=1.0 length=16 loss=0.01329114381223917 cases=None
[nnknn-rl] step=12822 episode=1170 return=1.0 length=16 loss=None cases=None
[nnknn-rl] step=12942 episode=1180 return=1.0 length=16 loss=0.003559210104867816 cases=None
[nnknn-rl] step=13062 episode=1190 return=0.0 length=6 loss=None cases=None
[nnknn-rl][critic-holdout] step=13152 episodes=1200 mse=0.0066 explained_variance=0.9728
[nnknn-rl] step=13152 episode=1200 return=0.0 length=6 loss=0.00442692544311285 cases=None
[nnknn-rl][eval] step=13152 mean_return=0.40 max_return=1.00
[nnknn-rl] step=13262 episode=1210 return=0.0 length=6 loss=None cases=None
[nnknn-rl] step=13352 episode=1220 return=0.0 length=6 loss=0.01111018005758524 cases=None
[nnknn-rl] step=13482 episode=1230 return=1.0 length=16 loss=None cases=None
[nnknn-rl] step=13602 episode=1240 return=1.0 length=16 loss=0.0012335313949733973 cases=None
[nnknn-rl] step=13722 episode=1250 return=1.0 length=16 loss=None cases=None
[nnknn-rl] step=13812 episode=1260 return=0.0 length=6 loss=0.002890363335609436 cases=None
[nnknn-rl] step=13922 episode=1270 return=1.0 length=16 loss=None cases=None
[nnknn-rl] step=14042 episode=1280 return=1.0 length=16 loss=0.0025807551573961973 cases=None
[nnknn-rl] step=14162 episode=1290 return=0.0 length=6 loss=None cases=None
[nnknn-rl][critic-holdout] step=14262 episodes=1300 mse=0.0005 explained_variance=0.9974
[nnknn-rl] step=14262 episode=1300 return=0.0 length=6 loss=0.0029298553708940744 cases=None
[nnknn-rl][eval] step=14262 mean_return=0.40 max_return=1.00
[nnknn-rl] step=14382 episode=1310 return=0.0 length=6 loss=None cases=None
[nnknn-rl] step=14472 episode=1320 return=0.0 length=6 loss=0.004422049969434738 cases=None
[nnknn-rl] step=14562 episode=1330 return=0.0 length=6 loss=None cases=None
[nnknn-rl] step=14682 episode=1340 return=1.0 length=16 loss=0.010866755619645119 cases=None
[nnknn-rl] step=14782 episode=1350 return=0.0 length=6 loss=None cases=None
[nnknn-rl] step=14882 episode=1360 return=0.0 length=6 loss=0.053965386003255844 cases=None
[nnknn-rl] step=15022 episode=1370 return=1.0 length=16 loss=None cases=None
[nnknn-rl] step=15152 episode=1380 return=1.0 length=16 loss=0.0018253868911415339 cases=None
[nnknn-rl] step=15252 episode=1390 return=1.0 length=16 loss=None cases=None
[nnknn-rl][critic-holdout] step=15362 episodes=1400 mse=0.0150 explained_variance=0.9451
[nnknn-rl] step=15362 episode=1400 return=1.0 length=16 loss=0.01384599506855011 cases=None
[nnknn-rl][eval] step=15362 mean_return=0.40 max_return=1.00
[nnknn-rl] step=15492 episode=1410 return=1.0 length=16 loss=None cases=None
[nnknn-rl] step=15582 episode=1420 return=1.0 length=16 loss=0.0035410397686064243 cases=None
[nnknn-rl] step=15682 episode=1430 return=1.0 length=16 loss=None cases=None
[nnknn-rl] step=15772 episode=1440 return=1.0 length=16 loss=0.005018400494009256 cases=None
[nnknn-rl] step=15892 episode=1450 return=1.0 length=16 loss=None cases=None
[nnknn-rl] step=16032 episode=1460 return=0.0 length=6 loss=0.005490992683917284 cases=None
[nnknn-rl] step=16122 episode=1470 return=0.0 length=6 loss=None cases=None
[nnknn-rl] step=16202 episode=1480 return=0.0 length=6 loss=-0.1971973031759262 cases=None
[nnknn-rl] step=16332 episode=1490 return=1.0 length=16 loss=None cases=None
[nnknn-rl][critic-holdout] step=16442 episodes=1500 mse=0.0041 explained_variance=0.9817
[nnknn-rl] step=16442 episode=1500 return=1.0 length=16 loss=0.0030182376503944397 cases=None
[nnknn-rl][eval] step=16442 mean_return=0.40 max_return=1.00
[nnknn-rl] step=16552 episode=1510 return=0.0 length=6 loss=None cases=None
[nnknn-rl] step=16662 episode=1520 return=1.0 length=16 loss=0.006300158798694611 cases=None
[nnknn-rl] step=16782 episode=1530 return=1.0 length=16 loss=None cases=None
[nnknn-rl] step=16902 episode=1540 return=1.0 length=16 loss=0.004818533081561327 cases=None
[nnknn-rl] step=16992 episode=1550 return=0.0 length=6 loss=None cases=None
[nnknn-rl] step=17082 episode=1560 return=0.0 length=6 loss=0.0020413585007190704 cases=None
[nnknn-rl] step=17182 episode=1570 return=0.0 length=6 loss=None cases=None
[nnknn-rl] step=17302 episode=1580 return=1.0 length=16 loss=0.0049733370542526245 cases=None
[nnknn-rl] step=17402 episode=1590 return=1.0 length=16 loss=None cases=None
[nnknn-rl][critic-holdout] step=17502 episodes=1600 mse=0.0021 explained_variance=0.9886
[nnknn-rl] step=17502 episode=1600 return=0.0 length=6 loss=0.04219977185130119 cases=None
[nnknn-rl][eval] step=17502 mean_return=0.40 max_return=1.00
[nnknn-rl] step=17592 episode=1610 return=1.0 length=16 loss=None cases=None
[nnknn-rl] step=17662 episode=1620 return=0.0 length=6 loss=0.0008051955373957753 cases=None
[nnknn-rl] step=17772 episode=1630 return=1.0 length=16 loss=None cases=None
[nnknn-rl] step=17892 episode=1640 return=1.0 length=16 loss=0.4153396487236023 cases=None
[nnknn-rl] step=17972 episode=1650 return=0.0 length=6 loss=None cases=None
[nnknn-rl] step=18072 episode=1660 return=0.0 length=6 loss=0.0011943108402192593 cases=None
[nnknn-rl] step=18182 episode=1670 return=0.0 length=6 loss=None cases=None
[nnknn-rl] step=18312 episode=1680 return=1.0 length=16 loss=0.0023021120578050613 cases=None
[nnknn-rl] step=18432 episode=1690 return=1.0 length=16 loss=None cases=None
[nnknn-rl][critic-holdout] step=18522 episodes=1700 mse=0.0051 explained_variance=0.9778
[nnknn-rl] step=18522 episode=1700 return=1.0 length=16 loss=0.0035835914313793182 cases=None
[nnknn-rl][eval] step=18522 mean_return=0.40 max_return=1.00
[nnknn-rl] step=18612 episode=1710 return=0.0 length=6 loss=None cases=None
[nnknn-rl] step=18732 episode=1720 return=1.0 length=16 loss=0.004226342309266329 cases=None
[nnknn-rl] step=18842 episode=1730 return=1.0 length=16 loss=None cases=None
[nnknn-rl] step=18962 episode=1740 return=1.0 length=16 loss=0.001981229754164815 cases=None
[nnknn-rl] step=19062 episode=1750 return=0.0 length=6 loss=None cases=None
[nnknn-rl] step=19152 episode=1760 return=0.0 length=6 loss=-0.43234163522720337 cases=None
[nnknn-rl] step=19272 episode=1770 return=1.0 length=16 loss=None cases=None
[nnknn-rl] step=19382 episode=1780 return=0.0 length=6 loss=0.006650890689343214 cases=None
[nnknn-rl] step=19472 episode=1790 return=1.0 length=16 loss=None cases=None
[nnknn-rl][critic-holdout] step=19562 episodes=1800 mse=0.0048 explained_variance=0.9788
[nnknn-rl] step=19562 episode=1800 return=0.0 length=6 loss=0.00681737344712019 cases=None
[nnknn-rl][eval] step=19562 mean_return=0.40 max_return=1.00
[nnknn-rl] step=19694 episode=1810 return=1.0 length=16 loss=None cases=None
[nnknn-rl] step=19814 episode=1820 return=0.0 length=6 loss=0.004274452105164528 cases=None
[nnknn-rl] step=19914 episode=1830 return=0.0 length=6 loss=None cases=None
[nnknn-rl] step=20014 episode=1840 return=1.0 length=16 loss=0.0028309884946793318 cases=None
[nnknn-rl] step=20114 episode=1850 return=0.0 length=6 loss=None cases=None
[nnknn-rl] step=20224 episode=1860 return=1.0 length=16 loss=0.004584860056638718 cases=None
[nnknn-rl] step=20334 episode=1870 return=1.0 length=16 loss=None cases=None
[nnknn-rl] step=20454 episode=1880 return=1.0 length=16 loss=0.0032304555643349886 cases=None
[nnknn-rl] step=20534 episode=1890 return=1.0 length=16 loss=None cases=None
[nnknn-rl][critic-holdout] step=20644 episodes=1900 mse=0.0068 explained_variance=0.9746
[nnknn-rl] step=20644 episode=1900 return=0.0 length=6 loss=0.006226685363799334 cases=None
[nnknn-rl][eval] step=20644 mean_return=0.40 max_return=1.00
[nnknn-rl] step=20794 episode=1910 return=0.0 length=6 loss=None cases=None
[nnknn-rl] step=20934 episode=1920 return=1.0 length=16 loss=0.0022146031260490417 cases=None
[nnknn-rl] step=21066 episode=1930 return=3.0 length=38 loss=None cases=None
[nnknn-rl] step=21196 episode=1940 return=0.0 length=6 loss=-0.2002970576286316 cases=None
[nnknn-rl] step=21328 episode=1950 return=1.0 length=16 loss=None cases=None
[nnknn-rl] step=21448 episode=1960 return=0.0 length=6 loss=0.029353570193052292 cases=None
[nnknn-rl] step=21620 episode=1970 return=1.0 length=16 loss=None cases=None
[nnknn-rl] step=21752 episode=1980 return=0.0 length=6 loss=-0.06362327933311462 cases=None
[nnknn-rl] step=21872 episode=1990 return=0.0 length=6 loss=None cases=None
[nnknn-rl][critic-holdout] step=21984 episodes=2000 mse=0.5608 explained_variance=0.4580
[nnknn-rl] step=21984 episode=2000 return=1.0 length=16 loss=0.004870325326919556 cases=None
[nnknn-rl][eval] step=21984 mean_return=0.40 max_return=1.00
[nnknn-rl] step=22086 episode=2010 return=0.0 length=6 loss=None cases=None
[nnknn-rl] step=22208 episode=2020 return=1.0 length=16 loss=0.15298539400100708 cases=None
[nnknn-rl] step=22330 episode=2030 return=1.0 length=16 loss=None cases=None
[nnknn-rl] step=22470 episode=2040 return=1.0 length=16 loss=-0.029713373631238937 cases=None
[nnknn-rl] step=22590 episode=2050 return=0.0 length=6 loss=None cases=None
[nnknn-rl] step=22722 episode=2060 return=1.0 length=16 loss=0.38034525513648987 cases=None
[nnknn-rl] step=22852 episode=2070 return=1.0 length=16 loss=None cases=None
[nnknn-rl] step=23012 episode=2080 return=0.0 length=6 loss=0.41600629687309265 cases=None
[nnknn-rl] step=23142 episode=2090 return=1.0 length=16 loss=None cases=None
[nnknn-rl][critic-holdout] step=23252 episodes=2100 mse=0.1470 explained_variance=0.3477
[nnknn-rl] step=23252 episode=2100 return=1.0 length=16 loss=0.06571690738201141 cases=None
[nnknn-rl][eval] step=23252 mean_return=0.40 max_return=1.00
[nnknn-rl] step=23394 episode=2110 return=2.0 length=28 loss=None cases=None
[nnknn-rl] step=23534 episode=2120 return=1.0 length=16 loss=0.145060732960701 cases=None
[nnknn-rl] step=23644 episode=2130 return=1.0 length=16 loss=None cases=None
[nnknn-rl] step=23736 episode=2140 return=0.0 length=6 loss=-0.11015261709690094 cases=None
[nnknn-rl] step=23878 episode=2150 return=2.0 length=28 loss=None cases=None
[nnknn-rl] step=24002 episode=2160 return=2.0 length=28 loss=0.2031295895576477 cases=None
[nnknn-rl] step=24092 episode=2170 return=2.0 length=26 loss=None cases=None
[nnknn-rl] step=24172 episode=2180 return=0.0 length=6 loss=0.2396640032529831 cases=None
[nnknn-rl] step=24292 episode=2190 return=0.0 length=6 loss=None cases=None
[nnknn-rl][critic-holdout] step=24392 episodes=2200 mse=0.0344 explained_variance=0.8473
[nnknn-rl] step=24392 episode=2200 return=0.0 length=6 loss=-0.03962220251560211 cases=None
[nnknn-rl][eval] step=24392 mean_return=0.40 max_return=1.00
[nnknn-rl] step=24512 episode=2210 return=1.0 length=16 loss=None cases=None
[nnknn-rl] step=24612 episode=2220 return=0.0 length=6 loss=0.014509960077702999 cases=None
[nnknn-rl] step=24732 episode=2230 return=1.0 length=16 loss=None cases=None
[nnknn-rl] step=24852 episode=2240 return=0.0 length=6 loss=0.015325772576034069 cases=None
[nnknn-rl] step=24962 episode=2250 return=1.0 length=16 loss=None cases=None
[nnknn-rl] step=25082 episode=2260 return=0.0 length=6 loss=0.008673501200973988 cases=None
[nnknn-rl] step=25212 episode=2270 return=0.0 length=6 loss=None cases=None
[nnknn-rl] step=25292 episode=2280 return=0.0 length=6 loss=0.013092542998492718 cases=None
[nnknn-rl] step=25402 episode=2290 return=0.0 length=6 loss=None cases=None
[nnknn-rl][critic-holdout] step=25512 episodes=2300 mse=0.0134 explained_variance=0.9404
[nnknn-rl] step=25512 episode=2300 return=0.0 length=6 loss=0.012462716549634933 cases=None
[nnknn-rl][eval] step=25512 mean_return=0.40 max_return=1.00
[nnknn-rl] step=25612 episode=2310 return=0.0 length=6 loss=None cases=None
[nnknn-rl] step=25722 episode=2320 return=0.0 length=6 loss=0.0062583270482718945 cases=None
[nnknn-rl] step=25822 episode=2330 return=1.0 length=16 loss=None cases=None
[nnknn-rl] step=25922 episode=2340 return=0.0 length=6 loss=0.0076123434118926525 cases=None
[nnknn-rl] step=26032 episode=2350 return=1.0 length=16 loss=None cases=None
[nnknn-rl] step=26152 episode=2360 return=0.0 length=6 loss=0.024626534432172775 cases=None
[nnknn-rl] step=26282 episode=2370 return=1.0 length=16 loss=None cases=None
[nnknn-rl] step=26434 episode=2380 return=2.0 length=26 loss=0.2194875180721283 cases=None
[nnknn-rl] step=26548 episode=2390 return=0.0 length=6 loss=None cases=None
[nnknn-rl][critic-holdout] step=26680 episodes=2400 mse=0.2193 explained_variance=0.6486
[nnknn-rl] step=26680 episode=2400 return=1.0 length=16 loss=0.041465483605861664 cases=None
[nnknn-rl][eval] step=26680 mean_return=0.40 max_return=1.00
[nnknn-rl] step=26834 episode=2410 return=2.0 length=28 loss=None cases=None
[nnknn-rl] step=26934 episode=2420 return=1.0 length=16 loss=0.026101715862751007 cases=None
[nnknn-rl] step=27034 episode=2430 return=0.0 length=6 loss=None cases=None
[nnknn-rl] step=27146 episode=2440 return=1.0 length=16 loss=-0.12939274311065674 cases=None
[nnknn-rl] step=27258 episode=2450 return=0.0 length=6 loss=None cases=None
[nnknn-rl] step=27368 episode=2460 return=1.0 length=16 loss=0.036397166550159454 cases=None
[nnknn-rl] step=27512 episode=2470 return=0.0 length=6 loss=None cases=None
[nnknn-rl] step=27634 episode=2480 return=2.0 length=26 loss=0.22663384675979614 cases=None
[nnknn-rl] step=27744 episode=2490 return=1.0 length=16 loss=None cases=None
[nnknn-rl][critic-holdout] step=27874 episodes=2500 mse=0.3599 explained_variance=0.4949
[nnknn-rl] step=27874 episode=2500 return=2.0 length=26 loss=0.1834988296031952 cases=None
[nnknn-rl][eval] step=27874 mean_return=0.40 max_return=1.00
[nnknn-rl] step=28014 episode=2510 return=1.0 length=16 loss=None cases=None
[nnknn-rl] step=28136 episode=2520 return=1.0 length=16 loss=0.17909741401672363 cases=None
[nnknn-rl] step=28246 episode=2530 return=1.0 length=16 loss=None cases=None
[nnknn-rl] step=28428 episode=2540 return=3.0 length=38 loss=0.34501704573631287 cases=None
[nnknn-rl] step=28610 episode=2550 return=0.0 length=6 loss=None cases=None
[nnknn-rl] step=28720 episode=2560 return=0.0 length=6 loss=0.12372559309005737 cases=None
[nnknn-rl] step=28884 episode=2570 return=2.0 length=28 loss=None cases=None
[nnknn-rl] step=29014 episode=2580 return=1.0 length=16 loss=0.1271573305130005 cases=None
[nnknn-rl] step=29156 episode=2590 return=1.0 length=16 loss=None cases=None
[nnknn-rl][critic-holdout] step=29246 episodes=2600 mse=0.1977 explained_variance=0.5129
[nnknn-rl] step=29246 episode=2600 return=0.0 length=6 loss=-0.021522417664527893 cases=None
[nnknn-rl][eval] step=29246 mean_return=0.40 max_return=1.00
[nnknn-rl] step=29418 episode=2610 return=1.0 length=16 loss=None cases=None
[nnknn-rl] step=29548 episode=2620 return=0.0 length=6 loss=0.21716099977493286 cases=None
[nnknn-rl] step=29710 episode=2630 return=2.0 length=28 loss=None cases=None
[nnknn-rl] step=29862 episode=2640 return=0.0 length=6 loss=0.012419462203979492 cases=None
[nnknn-rl] step=30030 episode=2650 return=0.0 length=6 loss=None cases=None
[nnknn-rl] step=30214 episode=2660 return=2.0 length=26 loss=0.3101068437099457 cases=None
[nnknn-rl] step=30376 episode=2670 return=1.0 length=16 loss=None cases=None
[nnknn-rl] step=30496 episode=2680 return=0.0 length=6 loss=0.016263656318187714 cases=None
[nnknn-rl] step=30596 episode=2690 return=0.0 length=6 loss=None cases=None
[nnknn-rl][critic-holdout] step=30716 episodes=2700 mse=0.2155 explained_variance=0.5663
[nnknn-rl] step=30716 episode=2700 return=0.0 length=6 loss=0.0650620311498642 cases=None
[nnknn-rl][eval] step=30716 mean_return=0.40 max_return=1.00
[nnknn-rl] step=30838 episode=2710 return=0.0 length=6 loss=None cases=None
[nnknn-rl] step=30988 episode=2720 return=1.0 length=16 loss=-0.013150319457054138 cases=None
[nnknn-rl] step=31150 episode=2730 return=0.0 length=6 loss=None cases=None
[nnknn-rl] step=31340 episode=2740 return=1.0 length=16 loss=0.20022520422935486 cases=None
[nnknn-rl] step=31500 episode=2750 return=2.0 length=26 loss=None cases=None
[nnknn-rl] step=31660 episode=2760 return=2.0 length=26 loss=0.2070396989583969 cases=None
[nnknn-rl] step=31810 episode=2770 return=2.0 length=26 loss=None cases=None
[nnknn-rl] step=31942 episode=2780 return=0.0 length=6 loss=0.13600468635559082 cases=None
[nnknn-rl] step=32082 episode=2790 return=0.0 length=6 loss=None cases=None
[nnknn-rl][critic-holdout] step=32244 episodes=2800 mse=0.2075 explained_variance=0.5803
[nnknn-rl] step=32244 episode=2800 return=2.0 length=26 loss=-0.13052895665168762 cases=None
[nnknn-rl][eval] step=32244 mean_return=0.40 max_return=1.00
[nnknn-rl] step=32444 episode=2810 return=2.0 length=26 loss=None cases=None
[nnknn-rl] step=32640 episode=2820 return=2.0 length=28 loss=0.13542546331882477 cases=None
[nnknn-rl] step=32810 episode=2830 return=1.0 length=16 loss=None cases=None
[nnknn-rl] step=32960 episode=2840 return=0.0 length=6 loss=0.04469244182109833 cases=None
[nnknn-rl] step=33130 episode=2850 return=1.0 length=16 loss=None cases=None
[nnknn-rl] step=33302 episode=2860 return=2.0 length=26 loss=-0.0018905475735664368 cases=None
[nnknn-rl] step=33476 episode=2870 return=1.0 length=16 loss=None cases=None
[nnknn-rl] step=33670 episode=2880 return=1.0 length=16 loss=0.22199183702468872 cases=None
[nnknn-rl] step=33900 episode=2890 return=2.0 length=28 loss=None cases=None
[nnknn-rl][critic-holdout] step=34070 episodes=2900 mse=0.3663 explained_variance=0.2634
[nnknn-rl] step=34070 episode=2900 return=2.0 length=26 loss=-0.035606563091278076 cases=None
[nnknn-rl][eval] step=34070 mean_return=0.40 max_return=1.00
[nnknn-rl] step=34204 episode=2910 return=0.0 length=6 loss=None cases=None
[nnknn-rl] step=34386 episode=2920 return=0.0 length=6 loss=0.03672673553228378 cases=None
[nnknn-rl] step=34548 episode=2930 return=0.0 length=6 loss=None cases=None
[nnknn-rl] step=34720 episode=2940 return=2.0 length=26 loss=0.08087851852178574 cases=None
[nnknn-rl] step=34922 episode=2950 return=1.0 length=16 loss=None cases=None
[nnknn-rl] step=35102 episode=2960 return=1.0 length=16 loss=0.10646477341651917 cases=None
[nnknn-rl] step=35286 episode=2970 return=1.0 length=16 loss=None cases=None
[nnknn-rl] step=35470 episode=2980 return=2.0 length=28 loss=0.025645975023508072 cases=None
[nnknn-rl] step=35690 episode=2990 return=0.0 length=6 loss=None cases=None
[nnknn-rl][critic-holdout] step=35870 episodes=3000 mse=0.1311 explained_variance=0.8191
[nnknn-rl] step=35870 episode=3000 return=2.0 length=26 loss=0.05806196853518486 cases=None
[nnknn-rl][eval] step=35870 mean_return=0.40 max_return=1.00
[nnknn-rl] step=36050 episode=3010 return=1.0 length=16 loss=None cases=None
[nnknn-rl] step=36242 episode=3020 return=1.0 length=16 loss=0.09256342798471451 cases=None
[nnknn-rl] step=36436 episode=3030 return=2.0 length=28 loss=None cases=None
[nnknn-rl] step=36630 episode=3040 return=2.0 length=28 loss=-0.025761768221855164 cases=None
[nnknn-rl] step=36784 episode=3050 return=1.0 length=16 loss=None cases=None
[nnknn-rl] step=36976 episode=3060 return=1.0 length=16 loss=0.10734469443559647 cases=None
[nnknn-rl] step=37178 episode=3070 return=1.0 length=16 loss=None cases=None
[nnknn-rl] step=37368 episode=3080 return=1.0 length=16 loss=-0.17434534430503845 cases=None
[nnknn-rl] step=37560 episode=3090 return=1.0 length=16 loss=None cases=None
[nnknn-rl][critic-holdout] step=37700 episodes=3100 mse=0.1591 explained_variance=0.6972
[nnknn-rl] step=37700 episode=3100 return=0.0 length=6 loss=0.14987564086914062 cases=None
[nnknn-rl][eval] step=37700 mean_return=0.40 max_return=1.00
[nnknn-rl] step=37892 episode=3110 return=2.0 length=26 loss=None cases=None
[nnknn-rl] step=38106 episode=3120 return=0.0 length=6 loss=-0.11636492609977722 cases=None
[nnknn-rl] step=38306 episode=3130 return=1.0 length=16 loss=None cases=None
[nnknn-rl] step=38480 episode=3140 return=2.0 length=26 loss=-0.11964207887649536 cases=None
[nnknn-rl] step=38682 episode=3150 return=1.0 length=16 loss=None cases=None
[nnknn-rl] step=38884 episode=3160 return=1.0 length=16 loss=0.08187311887741089 cases=None
[nnknn-rl] step=39078 episode=3170 return=1.0 length=16 loss=None cases=None
[nnknn-rl] step=39280 episode=3180 return=2.0 length=26 loss=0.14479310810565948 cases=None
[nnknn-rl] step=39460 episode=3190 return=1.0 length=16 loss=None cases=None
[nnknn-rl][critic-holdout] step=39702 episodes=3200 mse=0.1842 explained_variance=0.6403
[nnknn-rl] step=39702 episode=3200 return=2.0 length=26 loss=0.07838073372840881 cases=None
[nnknn-rl][eval] step=39702 mean_return=1.30 max_return=2.00
[nnknn-rl] step=39906 episode=3210 return=1.0 length=16 loss=None cases=None
[nnknn-rl] step=40078 episode=3220 return=0.0 length=6 loss=0.07681688666343689 cases=None
[nnknn-rl] step=40278 episode=3230 return=1.0 length=16 loss=None cases=None
[nnknn-rl] step=40480 episode=3240 return=1.0 length=16 loss=-0.21794620156288147 cases=None
[nnknn-rl] step=40682 episode=3250 return=1.0 length=16 loss=None cases=None
[nnknn-rl] step=40886 episode=3260 return=1.0 length=16 loss=-0.08562086522579193 cases=None
[nnknn-rl] step=41090 episode=3270 return=2.0 length=26 loss=None cases=None
[nnknn-rl] step=41292 episode=3280 return=1.0 length=16 loss=0.09556610137224197 cases=None
[nnknn-rl] step=41522 episode=3290 return=2.0 length=26 loss=None cases=None
[nnknn-rl][critic-holdout] step=41732 episodes=3300 mse=0.0696 explained_variance=0.8860
[nnknn-rl] step=41732 episode=3300 return=2.0 length=26 loss=0.1363723874092102 cases=None
[nnknn-rl][eval] step=41732 mean_return=1.30 max_return=2.00
[nnknn-rl] step=41922 episode=3310 return=1.0 length=16 loss=None cases=None
[nnknn-rl] step=42102 episode=3320 return=0.0 length=6 loss=-0.1282358169555664 cases=None
[nnknn-rl] step=42286 episode=3330 return=1.0 length=16 loss=None cases=None
[nnknn-rl] step=42466 episode=3340 return=0.0 length=6 loss=-0.21653276681900024 cases=None
[nnknn-rl] step=42686 episode=3350 return=2.0 length=26 loss=None cases=None
[nnknn-rl] step=42866 episode=3360 return=0.0 length=6 loss=-0.1052904725074768 cases=None
[nnknn-rl] step=43076 episode=3370 return=2.0 length=26 loss=None cases=None
[nnknn-rl] step=43246 episode=3380 return=1.0 length=16 loss=-0.02988765761256218 cases=None
[nnknn-rl] step=43446 episode=3390 return=2.0 length=26 loss=None cases=None
[nnknn-rl][critic-holdout] step=43666 episodes=3400 mse=0.0711 explained_variance=0.7758
[nnknn-rl] step=43666 episode=3400 return=2.0 length=26 loss=0.07613503932952881 cases=None
[nnknn-rl][eval] step=43666 mean_return=1.30 max_return=2.00
[nnknn-rl] step=43840 episode=3410 return=1.0 length=16 loss=None cases=None
[nnknn-rl] step=44030 episode=3420 return=2.0 length=26 loss=0.02270592749118805 cases=None
[nnknn-rl] step=44250 episode=3430 return=1.0 length=16 loss=None cases=None
[nnknn-rl] step=44432 episode=3440 return=1.0 length=16 loss=-0.14425665140151978 cases=None
[nnknn-rl] step=44624 episode=3450 return=2.0 length=26 loss=None cases=None
[nnknn-rl] step=44844 episode=3460 return=1.0 length=16 loss=0.05359787493944168 cases=None
[nnknn-rl] step=45066 episode=3470 return=2.0 length=26 loss=None cases=None
[nnknn-rl] step=45276 episode=3480 return=2.0 length=26 loss=0.06625386327505112 cases=None
[nnknn-rl] step=45466 episode=3490 return=0.0 length=6 loss=None cases=None
[nnknn-rl][critic-holdout] step=45676 episodes=3500 mse=0.0221 explained_variance=0.9380
[nnknn-rl] step=45676 episode=3500 return=1.0 length=16 loss=0.0693013146519661 cases=None
[nnknn-rl][eval] step=45676 mean_return=1.35 max_return=2.00
[nnknn-rl] step=45912 episode=3510 return=1.0 length=16 loss=None cases=None
[nnknn-rl] step=46126 episode=3520 return=1.0 length=16 loss=0.05912807583808899 cases=None
[nnknn-rl] step=46296 episode=3530 return=1.0 length=16 loss=None cases=None
[nnknn-rl] step=46526 episode=3540 return=2.0 length=28 loss=0.07470960915088654 cases=None
[nnknn-rl] step=46718 episode=3550 return=2.0 length=26 loss=None cases=None
[nnknn-rl] step=46952 episode=3560 return=2.0 length=28 loss=0.07179166376590729 cases=None
[nnknn-rl] step=47208 episode=3570 return=2.0 length=28 loss=None cases=None
[nnknn-rl] step=47418 episode=3580 return=2.0 length=26 loss=-0.035346899181604385 cases=None
[nnknn-rl] step=47630 episode=3590 return=1.0 length=16 loss=None cases=None
[nnknn-rl][critic-holdout] step=47830 episodes=3600 mse=0.0435 explained_variance=0.9322
[nnknn-rl] step=47830 episode=3600 return=1.0 length=16 loss=0.03184119239449501 cases=None
[nnknn-rl][eval] step=47830 mean_return=1.35 max_return=2.00
[nnknn-rl] step=48064 episode=3610 return=2.0 length=28 loss=None cases=None
[nnknn-rl] step=48286 episode=3620 return=1.0 length=16 loss=0.07259487360715866 cases=None
[nnknn-rl] step=48506 episode=3630 return=2.0 length=26 loss=None cases=None
[nnknn-rl] step=48742 episode=3640 return=1.0 length=16 loss=-0.039967361837625504 cases=None
[nnknn-rl] step=48972 episode=3650 return=2.0 length=26 loss=None cases=None
[nnknn-rl] step=49196 episode=3660 return=2.0 length=26 loss=0.047462187707424164 cases=None
[nnknn-rl] step=49418 episode=3670 return=2.0 length=26 loss=None cases=None
[nnknn-rl] step=49608 episode=3680 return=1.0 length=16 loss=0.08100459724664688 cases=None
[nnknn-rl] step=49838 episode=3690 return=2.0 length=26 loss=None cases=None
[nnknn-rl][critic-holdout] step=50040 episodes=3700 mse=0.0083 explained_variance=0.9787
[nnknn-rl] step=50040 episode=3700 return=1.0 length=16 loss=0.04020869359374046 cases=None
[nnknn-rl][eval] step=50040 mean_return=1.30 max_return=2.00
[nnknn-rl] step=50240 episode=3710 return=1.0 length=16 loss=None cases=None
[nnknn-rl] step=50470 episode=3720 return=2.0 length=26 loss=0.017947833985090256 cases=None
[nnknn-rl] step=50660 episode=3730 return=1.0 length=16 loss=None cases=None
[nnknn-rl] step=50882 episode=3740 return=1.0 length=16 loss=0.02772361785173416 cases=None
[nnknn-rl] step=51084 episode=3750 return=2.0 length=28 loss=None cases=None
[nnknn-rl] step=51316 episode=3760 return=2.0 length=26 loss=0.009857305325567722 cases=None
[nnknn-rl] step=51518 episode=3770 return=2.0 length=26 loss=None cases=None
[nnknn-rl] step=51728 episode=3780 return=1.0 length=16 loss=0.018903028219938278 cases=None
[nnknn-rl] step=51934 episode=3790 return=2.0 length=28 loss=None cases=None
[nnknn-rl][critic-holdout] step=52134 episodes=3800 mse=0.0070 explained_variance=0.9779
[nnknn-rl] step=52134 episode=3800 return=2.0 length=26 loss=0.034957896918058395 cases=None
[nnknn-rl][eval] step=52134 mean_return=1.30 max_return=2.00
[nnknn-rl] step=52324 episode=3810 return=2.0 length=26 loss=None cases=None
[nnknn-rl] step=52476 episode=3820 return=1.0 length=16 loss=0.0067617883905768394 cases=None
[nnknn-rl] step=52706 episode=3830 return=2.0 length=26 loss=None cases=None
[nnknn-rl] step=52928 episode=3840 return=2.0 length=26 loss=0.015698784962296486 cases=None
[nnknn-rl] step=53170 episode=3850 return=2.0 length=26 loss=None cases=None
[nnknn-rl] step=53396 episode=3860 return=2.0 length=28 loss=0.0007868427783250809 cases=None
[nnknn-rl] step=53608 episode=3870 return=1.0 length=16 loss=None cases=None
[nnknn-rl] step=53808 episode=3880 return=1.0 length=16 loss=0.04511405527591705 cases=None
[nnknn-rl] step=54010 episode=3890 return=1.0 length=16 loss=None cases=None
[nnknn-rl][critic-holdout] step=54230 episodes=3900 mse=0.0088 explained_variance=0.9821
[nnknn-rl] step=54230 episode=3900 return=1.0 length=16 loss=0.01610313542187214 cases=None
[nnknn-rl][eval] step=54230 mean_return=1.35 max_return=2.00
[nnknn-rl] step=54440 episode=3910 return=2.0 length=26 loss=None cases=None
[nnknn-rl] step=54662 episode=3920 return=2.0 length=26 loss=0.022244654595851898 cases=None
[nnknn-rl] step=54872 episode=3930 return=1.0 length=16 loss=None cases=None
[nnknn-rl] step=55112 episode=3940 return=2.0 length=26 loss=0.01211235485970974 cases=None
[nnknn-rl] step=55336 episode=3950 return=1.0 length=16 loss=None cases=None
[nnknn-rl] step=55570 episode=3960 return=1.0 length=16 loss=0.013455599546432495 cases=None
[nnknn-rl] step=55780 episode=3970 return=1.0 length=16 loss=None cases=None
[nnknn-rl] step=55960 episode=3980 return=1.0 length=16 loss=0.0014722689520567656 cases=None
[nnknn-rl] step=56172 episode=3990 return=2.0 length=28 loss=None cases=None
[nnknn-rl][critic-holdout] step=56364 episodes=4000 mse=0.0040 explained_variance=0.9902
[nnknn-rl] step=56364 episode=4000 return=2.0 length=28 loss=-0.13795745372772217 cases=None
[nnknn-rl][eval] step=56364 mean_return=1.35 max_return=2.00
[nnknn-rl] step=56564 episode=4010 return=1.0 length=16 loss=None cases=None
[nnknn-rl] step=56754 episode=4020 return=1.0 length=16 loss=0.02591555565595627 cases=None
[nnknn-rl] step=56974 episode=4030 return=2.0 length=26 loss=None cases=None
[nnknn-rl] step=57194 episode=4040 return=1.0 length=16 loss=0.00954422727227211 cases=None
[nnknn-rl] step=57394 episode=4050 return=1.0 length=16 loss=None cases=None
[nnknn-rl] step=57594 episode=4060 return=1.0 length=16 loss=0.04501434415578842 cases=None
[nnknn-rl] step=57806 episode=4070 return=1.0 length=16 loss=None cases=None
[nnknn-rl] step=58038 episode=4080 return=2.0 length=26 loss=0.04319880157709122 cases=None
[nnknn-rl] step=58248 episode=4090 return=2.0 length=26 loss=None cases=None
[nnknn-rl][critic-holdout] step=58444 episodes=4100 mse=0.0132 explained_variance=0.9725
[nnknn-rl] step=58444 episode=4100 return=1.0 length=16 loss=0.01333750132471323 cases=None
[nnknn-rl][eval] step=58444 mean_return=1.35 max_return=2.00
[nnknn-rl] step=58664 episode=4110 return=1.0 length=16 loss=None cases=None
[nnknn-rl] step=58908 episode=4120 return=1.0 length=16 loss=0.028956569731235504 cases=None
[nnknn-rl] step=59128 episode=4130 return=1.0 length=16 loss=None cases=None
[nnknn-rl] step=59350 episode=4140 return=2.0 length=26 loss=0.01879405602812767 cases=None
[nnknn-rl] step=59560 episode=4150 return=2.0 length=26 loss=None cases=None
[nnknn-rl] step=59782 episode=4160 return=1.0 length=16 loss=0.03051147051155567 cases=None
[nnknn-rl] step=59976 episode=4170 return=1.0 length=16 loss=None cases=None
[nnknn-rl] step=60178 episode=4180 return=1.0 length=16 loss=0.004625589586794376 cases=None
[nnknn-rl] step=60402 episode=4190 return=2.0 length=26 loss=None cases=None
[nnknn-rl][critic-holdout] step=60612 episodes=4200 mse=0.0055 explained_variance=0.9859
[nnknn-rl] step=60612 episode=4200 return=2.0 length=26 loss=0.0092429518699646 cases=None
[nnknn-rl][eval] step=60612 mean_return=1.30 max_return=2.00
[nnknn-rl] step=60848 episode=4210 return=1.0 length=16 loss=None cases=None
[nnknn-rl] step=61058 episode=4220 return=1.0 length=16 loss=0.05466734617948532 cases=None
[nnknn-rl] step=61280 episode=4230 return=2.0 length=26 loss=None cases=None
[nnknn-rl] step=61500 episode=4240 return=2.0 length=26 loss=0.020424634218215942 cases=None
[nnknn-rl] step=61700 episode=4250 return=1.0 length=16 loss=None cases=None
[nnknn-rl] step=61890 episode=4260 return=1.0 length=16 loss=0.010657059028744698 cases=None
[nnknn-rl] step=62112 episode=4270 return=1.0 length=16 loss=None cases=None
[nnknn-rl] step=62344 episode=4280 return=2.0 length=26 loss=0.023649465292692184 cases=None
[nnknn-rl] step=62544 episode=4290 return=1.0 length=16 loss=None cases=None
[nnknn-rl][critic-holdout] step=62754 episodes=4300 mse=0.0047 explained_variance=0.9861
[nnknn-rl] step=62754 episode=4300 return=2.0 length=26 loss=0.03253192454576492 cases=None
[nnknn-rl][eval] step=62754 mean_return=1.35 max_return=2.00
[nnknn-rl] step=62944 episode=4310 return=2.0 length=26 loss=None cases=None
[nnknn-rl] step=63134 episode=4320 return=1.0 length=16 loss=0.0025429946836084127 cases=None
[nnknn-rl] step=63346 episode=4330 return=1.0 length=16 loss=None cases=None
[nnknn-rl] step=63516 episode=4340 return=1.0 length=16 loss=0.046991460025310516 cases=None
[nnknn-rl] step=63738 episode=4350 return=2.0 length=28 loss=None cases=None
[nnknn-rl] step=63950 episode=4360 return=2.0 length=26 loss=0.0355367437005043 cases=None
[nnknn-rl] step=64140 episode=4370 return=2.0 length=26 loss=None cases=None
[nnknn-rl] step=64320 episode=4380 return=1.0 length=16 loss=0.014355460181832314 cases=None
[nnknn-rl] step=64510 episode=4390 return=1.0 length=16 loss=None cases=None
[nnknn-rl][critic-holdout] step=64732 episodes=4400 mse=0.0050 explained_variance=0.9859
[nnknn-rl] step=64732 episode=4400 return=1.0 length=16 loss=-0.011466753669083118 cases=None
[nnknn-rl][eval] step=64732 mean_return=1.35 max_return=2.00
[nnknn-rl] step=64944 episode=4410 return=2.0 length=26 loss=None cases=None
[nnknn-rl] step=65156 episode=4420 return=2.0 length=26 loss=0.027920398861169815 cases=None
[nnknn-rl] step=65400 episode=4430 return=2.0 length=28 loss=None cases=None
[nnknn-rl] step=65620 episode=4440 return=2.0 length=26 loss=0.019703542813658714 cases=None
[nnknn-rl] step=65802 episode=4450 return=2.0 length=26 loss=None cases=None
[nnknn-rl] step=66024 episode=4460 return=1.0 length=16 loss=0.01986890658736229 cases=None
[nnknn-rl] step=66264 episode=4470 return=2.0 length=26 loss=None cases=None
[nnknn-rl] step=66494 episode=4480 return=2.0 length=26 loss=0.016851723194122314 cases=None
[nnknn-rl] step=66696 episode=4490 return=1.0 length=16 loss=None cases=None
[nnknn-rl][critic-holdout] step=66886 episodes=4500 mse=0.0161 explained_variance=0.9643
[nnknn-rl] step=66886 episode=4500 return=2.0 length=26 loss=0.03186255693435669 cases=None
[nnknn-rl][eval] step=66886 mean_return=1.30 max_return=2.00
[nnknn-rl] step=67086 episode=4510 return=1.0 length=16 loss=None cases=None
[nnknn-rl] step=67286 episode=4520 return=1.0 length=16 loss=0.014049733988940716 cases=None
[nnknn-rl] step=67490 episode=4530 return=1.0 length=16 loss=None cases=None
[nnknn-rl] step=67712 episode=4540 return=2.0 length=26 loss=-0.008750999346375465 cases=None
[nnknn-rl] step=67912 episode=4550 return=1.0 length=16 loss=None cases=None
[nnknn-rl] step=68104 episode=4560 return=2.0 length=28 loss=0.0445965901017189 cases=None
[nnknn-rl] step=68304 episode=4570 return=1.0 length=16 loss=None cases=None
[nnknn-rl] step=68504 episode=4580 return=2.0 length=26 loss=0.00942944921553135 cases=None
[nnknn-rl] step=68684 episode=4590 return=1.0 length=16 loss=None cases=None
[nnknn-rl][critic-holdout] step=68910 episodes=4600 mse=0.0099 explained_variance=0.9806
[nnknn-rl] step=68910 episode=4600 return=1.0 length=16 loss=-0.01929902844130993 cases=None
[nnknn-rl][eval] step=68910 mean_return=1.35 max_return=2.00
[nnknn-rl] step=69130 episode=4610 return=2.0 length=26 loss=None cases=None
[nnknn-rl] step=69310 episode=4620 return=2.0 length=26 loss=0.006358366459608078 cases=None
[nnknn-rl] step=69532 episode=4630 return=1.0 length=16 loss=None cases=None
[nnknn-rl] step=69762 episode=4640 return=2.0 length=26 loss=-0.005487510934472084 cases=None
[nnknn-rl] step=69952 episode=4650 return=1.0 length=16 loss=None cases=None
[nnknn-rl] step=70182 episode=4660 return=2.0 length=26 loss=0.02219574898481369 cases=None
[nnknn-rl] step=70394 episode=4670 return=1.0 length=16 loss=None cases=None
[nnknn-rl] step=70586 episode=4680 return=1.0 length=16 loss=-0.04166247695684433 cases=None
[nnknn-rl] step=70786 episode=4690 return=1.0 length=16 loss=None cases=None
[nnknn-rl][critic-holdout] step=70976 episodes=4700 mse=0.0027 explained_variance=0.9951
[nnknn-rl] step=70976 episode=4700 return=1.0 length=16 loss=-0.007011117413640022 cases=None
[nnknn-rl][eval] step=70976 mean_return=1.30 max_return=2.00
[nnknn-rl] step=71176 episode=4710 return=2.0 length=26 loss=None cases=None
[nnknn-rl] step=71366 episode=4720 return=2.0 length=26 loss=0.04402369633316994 cases=None
[nnknn-rl] step=71576 episode=4730 return=2.0 length=26 loss=None cases=None
[nnknn-rl] step=71806 episode=4740 return=2.0 length=26 loss=-0.010098506696522236 cases=None
[nnknn-rl] step=72032 episode=4750 return=2.0 length=28 loss=None cases=None
[nnknn-rl] step=72224 episode=4760 return=1.0 length=16 loss=0.0033232495188713074 cases=None
[nnknn-rl] step=72428 episode=4770 return=2.0 length=26 loss=None cases=None
[nnknn-rl] step=72656 episode=4780 return=2.0 length=28 loss=-0.029661573469638824 cases=None
[nnknn-rl] step=72848 episode=4790 return=1.0 length=16 loss=None cases=None
[nnknn-rl][critic-holdout] step=73048 episodes=4800 mse=0.0068 explained_variance=0.9867
[nnknn-rl] step=73048 episode=4800 return=2.0 length=26 loss=0.022260427474975586 cases=None
[nnknn-rl][eval] step=73048 mean_return=1.35 max_return=2.00
[nnknn-rl] step=73248 episode=4810 return=1.0 length=16 loss=None cases=None
[nnknn-rl] step=73438 episode=4820 return=1.0 length=16 loss=0.02710118144750595 cases=None
[nnknn-rl] step=73650 episode=4830 return=1.0 length=16 loss=None cases=None
[nnknn-rl] step=73820 episode=4840 return=1.0 length=16 loss=-0.03029257245361805 cases=None
[nnknn-rl] step=74042 episode=4850 return=1.0 length=16 loss=None cases=None
[nnknn-rl] step=74242 episode=4860 return=1.0 length=16 loss=-0.0014421690721064806 cases=None
[nnknn-rl] step=74446 episode=4870 return=1.0 length=16 loss=None cases=None
[nnknn-rl] step=74666 episode=4880 return=2.0 length=26 loss=-0.019899629056453705 cases=None
[nnknn-rl] step=74886 episode=4890 return=1.0 length=16 loss=None cases=None
[nnknn-rl][critic-holdout] step=75076 episodes=4900 mse=0.0040 explained_variance=0.9876
[nnknn-rl] step=75076 episode=4900 return=2.0 length=26 loss=-0.019751550629734993 cases=None
[nnknn-rl][eval] step=75076 mean_return=1.30 max_return=2.00
[nnknn-rl] step=75286 episode=4910 return=1.0 length=16 loss=None cases=None
[nnknn-rl] step=75548 episode=4920 return=2.0 length=26 loss=0.013149320147931576 cases=None
[nnknn-rl] step=75760 episode=4930 return=1.0 length=16 loss=None cases=None
[nnknn-rl] step=75970 episode=4940 return=1.0 length=16 loss=0.013194586150348186 cases=None
[nnknn-rl] step=76180 episode=4950 return=1.0 length=16 loss=None cases=None
[nnknn-rl] step=76370 episode=4960 return=2.0 length=26 loss=-0.009023047052323818 cases=None
[nnknn-rl] step=76602 episode=4970 return=2.0 length=26 loss=None cases=None
[nnknn-rl] step=76802 episode=4980 return=1.0 length=16 loss=-0.012789633125066757 cases=None
[nnknn-rl] step=76992 episode=4990 return=2.0 length=26 loss=None cases=None
[nnknn-rl][critic-holdout] step=77202 episodes=5000 mse=0.0535 explained_variance=0.8847
[nnknn-rl] step=77202 episode=5000 return=1.0 length=16 loss=-0.005664743483066559 cases=None
[nnknn-rl][eval] step=77202 mean_return=1.30 max_return=2.00
[nnknn-rl] step=77392 episode=5010 return=1.0 length=16 loss=None cases=None
[nnknn-rl] step=77614 episode=5020 return=2.0 length=28 loss=0.006221785210072994 cases=None
[nnknn-rl] step=77814 episode=5030 return=2.0 length=26 loss=None cases=None
[nnknn-rl] step=78024 episode=5040 return=1.0 length=16 loss=-0.011375746689736843 cases=None
[nnknn-rl] step=78226 episode=5050 return=1.0 length=16 loss=None cases=None
[nnknn-rl] step=78446 episode=5060 return=1.0 length=16 loss=0.00642793532460928 cases=None
[nnknn-rl] step=78666 episode=5070 return=2.0 length=26 loss=None cases=None
[nnknn-rl] step=78866 episode=5080 return=2.0 length=26 loss=0.028496868908405304 cases=None
[nnknn-rl] step=79076 episode=5090 return=1.0 length=16 loss=None cases=None
[nnknn-rl][critic-holdout] step=79296 episodes=5100 mse=0.0082 explained_variance=0.9851
[nnknn-rl] step=79296 episode=5100 return=1.0 length=16 loss=0.050865527242422104 cases=None
[nnknn-rl][eval] step=79296 mean_return=1.30 max_return=2.00
[nnknn-rl] step=79530 episode=5110 return=2.0 length=26 loss=None cases=None
[nnknn-rl] step=79752 episode=5120 return=2.0 length=26 loss=0.008533250540494919 cases=None
[nnknn-rl] step=79942 episode=5130 return=1.0 length=16 loss=None cases=None
[nnknn-rl] step=80132 episode=5140 return=1.0 length=16 loss=-0.0635683685541153 cases=None
[nnknn-rl] step=80344 episode=5150 return=2.0 length=28 loss=None cases=None
[nnknn-rl] step=80578 episode=5160 return=2.0 length=26 loss=-0.024289630353450775 cases=None
[nnknn-rl] step=80768 episode=5170 return=1.0 length=16 loss=None cases=None
[nnknn-rl] step=80968 episode=5180 return=2.0 length=26 loss=-0.0444297268986702 cases=None
[nnknn-rl] step=81180 episode=5190 return=2.0 length=26 loss=None cases=None
[nnknn-rl][critic-holdout] step=81410 episodes=5200 mse=0.0019 explained_variance=0.9959
[nnknn-rl] step=81410 episode=5200 return=2.0 length=26 loss=-0.02612096443772316 cases=None
[nnknn-rl][eval] step=81410 mean_return=1.40 max_return=2.00
[nnknn-rl][early-stop] step=81410 reason=patience
[nnknn-rl] finished profile=fast mean_eval_return=1.40 passed=False run_dir=results/rl/nnknn_rl_minatar_breakout_20260821_031320_216789
{
  "task": "minatar_breakout",
  "env_id": "MinAtar/Breakout-v1",
  "profile": "fast",
  "seed": 0,
  "total_timesteps": 81410,
  "configured_total_timesteps": 150000,
  "actual_timesteps": 81410,
  "eval_episodes": 20,
  "success_threshold": 10.0,
  "passed": false,
  "algorithm": "nnknn_actor_critic_separate_memory_gae",
  "actor_type": "mlp",
  "critic_type": "nnknn",
  "architecture": {
    "separate_case_bases": true,
    "shared_nnknn_representation": false,
    "critic_target_shared_case_store": true,
    "actor_case_insertion": "raw_positive_advantage_only"
  },
  "gae": {
    "gamma": 0.99,
    "gae_lambda": 0.95,
    "advantage_clip": 5.0
  },
  "exploration": {
    "mode": "standard_stochastic_policy",
    "applies_to_actor": false,
    "initial_epsilon": 0.0,
    "final_epsilon": 0.0,
    "fraction": 0.5,
    "final_step_epsilon": 0.0,
    "readiness": {
      "min_case_entries": 32,
      "min_cases_per_action": 8
    }
  },
  "final_eval": {
    "episodes": 20,
    "seed": 10000,
    "mean_return": 1.399999976158142,
    "std_return": 0.4898979365825653,
    "min_return": 1.0,
    "max_return": 2.0,
    "mean_length": 20.200000762939453
  },
  "last_eval": {
    "episodes": 20,
    "seed": 10000,
    "mean_return": 1.399999976158142,
    "std_return": 0.4898979365825653,
    "min_return": 1.0,
    "max_return": 2.0,
    "mean_length": 20.200000762939453
  },
  "selected_step": 81410,
  "selected_source": "final",
  "training_efficiency": {
    "best_model_step": 81410,
    "best_model_training_fraction": 1.0,
    "first_success_step": null,
    "first_success_training_fraction": null,
    "best_minus_last_return": 0.0,
    "budget_interpretation": "unsolved_or_underfit"
  },
  "early_stopping": {
    "enabled": true,
    "patience": 30,
    "min_delta": 1.0,
    "min_steps": 25000,
    "target_score": 50.0,
    "best_mean_return": 0.4000000059604645,
    "evaluations": 52,
    "evaluations_without_improvement": 30,
    "stopped_early": true,
    "stopping_reason": "patience",
    "stopping_step": 81410
  },
  "case_entries": null,
  "critic_case_entries": 276,
  "action_counts": null,
  "cases_pruned": 3424,
  "cases_replaced": 110,
  "actor_cases_pruned": 0,
  "actor_cases_replaced": 0,
  "critic_cases_pruned": 3424,
  "critic_cases_replaced": 110,
  "critic_label_updates": 62775,
  "critic_label_update_samples": 77600,
  "partial_rollout_segments": 0,
  "partial_rollout_samples": 0,
  "critic_target_enabled": true,
  "critic_target_value_mode": "ema",
  "critic_target_sync_interval": 4,
  "critic_target_ema_tau": 0.05,
  "critic_target_value_syncs": 326,
  "critic_holdout_evaluations": 52,
  "latest_critic_holdout": {
    "global_step": 81410,
    "completed_episodes": 5200,
    "diagnostic_index": 52,
    "critic_holdout_mse": 0.0019113278249278665,
    "critic_holdout_explained_variance": 0.9958536028862,
    "critic_holdout_value_mean": 0.972294807434082,
    "critic_holdout_target_mean": 0.9841273427009583,
    "critic_holdout_samples": 112,
    "critic_holdout_episodes": 5,
    "critic_holdout_environment_steps": 112,
    "critic_holdout_mean_episode_return": 1.6,
    "critic_holdout_mean_episode_length": 22.4,
    "critic_holdout_behavior_epsilon": 0.0,
    "critic_holdout_truncated_bootstraps": 0,
    "critic_holdout_target_method": "discounted_monte_carlo_with_truncation_bootstrap",
    "critic_holdout_bootstrap_source": "target_value_model",
    "critic_holdout_seed": 30255
  },
  "run_dir": "results/rl/nnknn_rl_minatar_breakout_20260821_031320_216789"
}
Checkpoint: results/rl/nnknn_rl_minatar_breakout_20260821_031320_216789/checkpoint.pt
