cases trainable: False
labels trainable: False
Enforcing normalize_over_cases = True for regression task.
[nnknn-rl] step=87 episode=1 return=-292.7 length=87 loss=None cases=None
[nnknn-rl] step=194 episode=2 return=-111.7 length=107 loss=None cases=None
[nnknn-rl] step=313 episode=3 return=-89.6 length=119 loss=None cases=None
[nnknn-rl] step=400 episode=4 return=-245.1 length=87 loss=2358.83984375 cases=None
[nnknn-rl] step=517 episode=5 return=23.0 length=117 loss=None cases=None
[nnknn-rl] step=1055 episode=10 return=-170.3 length=111 loss=None cases=None
[nnknn-rl] step=2021 episode=20 return=-108.1 length=97 loss=2223.5263671875 cases=None
[nnknn-rl] step=2871 episode=30 return=-169.9 length=117 loss=None cases=None
[nnknn-rl] step=3765 episode=40 return=-267.2 length=95 loss=739.8590087890625 cases=None
[nnknn-rl] step=4642 episode=50 return=-171.5 length=95 loss=None cases=None
[nnknn-rl] step=5459 episode=60 return=-239.5 length=86 loss=1108.699951171875 cases=None
[nnknn-rl] step=6363 episode=70 return=-321.2 length=90 loss=None cases=None
[nnknn-rl] step=7216 episode=80 return=-83.0 length=68 loss=1111.141845703125 cases=None
[nnknn-rl] step=8072 episode=90 return=-173.1 length=75 loss=None cases=None
[nnknn-rl][critic-holdout] step=9021 episodes=100 mse=3103.0354 explained_variance=0.0906
[nnknn-rl] step=9021 episode=100 return=-16.4 length=92 loss=829.4454956054688 cases=None
[nnknn-rl][eval] step=9021 mean_return=-229.90 max_return=-65.83
[nnknn-rl] step=9888 episode=110 return=-75.2 length=69 loss=None cases=None
[nnknn-rl] step=10746 episode=120 return=-69.9 length=96 loss=790.0979614257812 cases=None
[nnknn-rl] step=11631 episode=130 return=-163.7 length=110 loss=None cases=None
[nnknn-rl] step=12581 episode=140 return=-178.1 length=128 loss=122.35897827148438 cases=None
[nnknn-rl] step=13551 episode=150 return=-195.6 length=102 loss=None cases=None
[nnknn-rl] step=14512 episode=160 return=-134.4 length=81 loss=236.74147033691406 cases=None
[nnknn-rl] step=15449 episode=170 return=-80.4 length=96 loss=None cases=None
[nnknn-rl] step=16321 episode=180 return=-104.8 length=77 loss=210.99217224121094 cases=None
[nnknn-rl] step=17486 episode=190 return=-318.9 length=122 loss=None cases=None
[nnknn-rl][critic-holdout] step=18573 episodes=200 mse=291.4772 explained_variance=0.3326
[nnknn-rl] step=18573 episode=200 return=-185.4 length=128 loss=769.49951171875 cases=None
[nnknn-rl][eval] step=18573 mean_return=-1253.68 max_return=-30.87
[nnknn-rl] step=19474 episode=210 return=-136.3 length=76 loss=None cases=None
[nnknn-rl] step=20557 episode=220 return=-68.6 length=127 loss=249.5570831298828 cases=None
[nnknn-rl] step=21466 episode=230 return=-63.4 length=144 loss=None cases=None
[nnknn-rl] step=22424 episode=240 return=-134.3 length=96 loss=587.6997680664062 cases=None
[nnknn-rl] step=23401 episode=250 return=-137.0 length=106 loss=None cases=None
[nnknn-rl] step=24362 episode=260 return=-214.8 length=114 loss=341.1126708984375 cases=None
[nnknn-rl] step=25367 episode=270 return=-126.9 length=138 loss=None cases=None
[nnknn-rl] step=26345 episode=280 return=-210.3 length=78 loss=670.5411376953125 cases=None
[nnknn-rl] step=27385 episode=290 return=-206.7 length=107 loss=None cases=None
[nnknn-rl][critic-holdout] step=28365 episodes=300 mse=3180.9045 explained_variance=0.0007
[nnknn-rl] step=28365 episode=300 return=-129.1 length=92 loss=134.50140380859375 cases=None
[nnknn-rl][eval] step=28365 mean_return=-1371.53 max_return=-202.25
[nnknn-rl] step=29302 episode=310 return=-232.1 length=113 loss=None cases=None
[nnknn-rl] step=30401 episode=320 return=-100.4 length=84 loss=445.2454833984375 cases=None
[nnknn-rl] step=31480 episode=330 return=-296.3 length=143 loss=None cases=None
[nnknn-rl] step=32660 episode=340 return=-239.5 length=127 loss=598.4451904296875 cases=None
[nnknn-rl] step=33764 episode=350 return=-101.3 length=116 loss=None cases=None
[nnknn-rl] step=34701 episode=360 return=-50.7 length=72 loss=206.73526000976562 cases=None
[nnknn-rl] step=35843 episode=370 return=-76.9 length=78 loss=None cases=None
[nnknn-rl] step=36993 episode=380 return=-131.2 length=112 loss=248.0277099609375 cases=None
[nnknn-rl] step=38216 episode=390 return=-139.2 length=125 loss=None cases=None
[nnknn-rl][critic-holdout] step=39362 episodes=400 mse=939.0123 explained_variance=0.3352
[nnknn-rl] step=39362 episode=400 return=-174.8 length=106 loss=547.6524047851562 cases=None
[nnknn-rl][eval] step=39362 mean_return=-1061.31 max_return=-541.60
[nnknn-rl] step=40689 episode=410 return=-185.8 length=133 loss=None cases=None
[nnknn-rl] step=41944 episode=420 return=-75.4 length=114 loss=381.752685546875 cases=None
[nnknn-rl] step=43097 episode=430 return=-62.5 length=117 loss=None cases=None
[nnknn-rl] step=44481 episode=440 return=-115.0 length=111 loss=314.07318115234375 cases=None
[nnknn-rl] step=45769 episode=450 return=-71.9 length=95 loss=None cases=None
[nnknn-rl] step=47027 episode=460 return=-152.7 length=159 loss=652.5781860351562 cases=None
[nnknn-rl] step=48253 episode=470 return=-162.3 length=123 loss=None cases=None
[nnknn-rl] step=49455 episode=480 return=-37.9 length=156 loss=208.9452667236328 cases=None
[nnknn-rl] step=50750 episode=490 return=-415.7 length=145 loss=None cases=None
[nnknn-rl][critic-holdout] step=52037 episodes=500 mse=3074.8101 explained_variance=0.1981
[nnknn-rl] step=52037 episode=500 return=-78.4 length=136 loss=297.6135559082031 cases=None
[nnknn-rl][eval] step=52037 mean_return=-2035.47 max_return=-1646.63
[nnknn-rl] step=53151 episode=510 return=-80.0 length=114 loss=None cases=None
[nnknn-rl] step=54440 episode=520 return=-120.7 length=139 loss=92.13152313232422 cases=None
[nnknn-rl] step=55697 episode=530 return=-68.6 length=84 loss=None cases=None
[nnknn-rl] step=57301 episode=540 return=-51.7 length=89 loss=567.1510620117188 cases=None
[nnknn-rl] step=58502 episode=550 return=-52.0 length=142 loss=None cases=None
[nnknn-rl] step=60730 episode=560 return=-72.5 length=200 loss=250.05535888671875 cases=None
[nnknn-rl] step=62144 episode=570 return=-65.6 length=86 loss=None cases=None
[nnknn-rl] step=63453 episode=580 return=-62.1 length=155 loss=203.2855682373047 cases=None
[nnknn-rl] step=65021 episode=590 return=-216.3 length=170 loss=None cases=None
[nnknn-rl][critic-holdout] step=66376 episodes=600 mse=1319.6816 explained_variance=0.5674
[nnknn-rl] step=66376 episode=600 return=-46.0 length=104 loss=171.50332641601562 cases=None
[nnknn-rl][eval] step=66376 mean_return=-999.09 max_return=-796.17
[nnknn-rl] step=68772 episode=610 return=11.4 length=138 loss=None cases=None
[nnknn-rl] step=70156 episode=620 return=-1.3 length=87 loss=700.3274536132812 cases=None
[nnknn-rl] step=72568 episode=630 return=-121.7 length=139 loss=None cases=None
[nnknn-rl] step=74921 episode=640 return=-66.5 length=165 loss=310.6065979003906 cases=None
[nnknn-rl] step=78494 episode=650 return=-31.7 length=277 loss=None cases=None
[nnknn-rl] step=80128 episode=660 return=-144.2 length=192 loss=365.6482849121094 cases=None
[nnknn-rl] step=82429 episode=670 return=-121.2 length=874 loss=None cases=None
[nnknn-rl] step=84124 episode=680 return=-195.9 length=291 loss=346.73236083984375 cases=None
[nnknn-rl] step=86360 episode=690 return=3.0 length=167 loss=None cases=None
[nnknn-rl][critic-holdout] step=87845 episodes=700 mse=1417.8516 explained_variance=0.2388
[nnknn-rl] step=87845 episode=700 return=-16.8 length=153 loss=323.7455749511719 cases=None
[nnknn-rl][eval] step=87845 mean_return=-491.83 max_return=-341.30
[nnknn-rl] step=89407 episode=710 return=-21.8 length=143 loss=None cases=None
[nnknn-rl] step=91361 episode=720 return=37.8 length=157 loss=310.4552917480469 cases=None
[nnknn-rl] step=93201 episode=730 return=-2.7 length=160 loss=None cases=None
[nnknn-rl] step=95165 episode=740 return=11.3 length=276 loss=264.7771301269531 cases=None
[nnknn-rl] step=98464 episode=750 return=4.6 length=140 loss=None cases=None
[nnknn-rl] step=101335 episode=760 return=-1.8 length=277 loss=153.04673767089844 cases=None
[nnknn-rl] step=105846 episode=770 return=-33.3 length=1000 loss=None cases=None
[nnknn-rl] step=109103 episode=780 return=-264.9 length=209 loss=371.23150634765625 cases=None
[nnknn-rl] step=113476 episode=790 return=19.0 length=1000 loss=None cases=None
[nnknn-rl][critic-holdout] step=118179 episodes=800 mse=2244.1560 explained_variance=0.1733
[nnknn-rl] step=118179 episode=800 return=32.3 length=237 loss=183.95352172851562 cases=None
[nnknn-rl][eval] step=118179 mean_return=-544.51 max_return=-374.85
[nnknn-rl] step=120987 episode=810 return=-272.8 length=262 loss=None cases=None
[nnknn-rl] step=124617 episode=820 return=-44.1 length=212 loss=214.74229431152344 cases=None
[nnknn-rl] step=127336 episode=830 return=11.1 length=164 loss=None cases=None
[nnknn-rl] step=130928 episode=840 return=-11.9 length=256 loss=178.6698760986328 cases=None
[nnknn-rl] step=135762 episode=850 return=64.6 length=190 loss=None cases=None
[nnknn-rl] step=139196 episode=860 return=-58.8 length=165 loss=208.4821319580078 cases=None
[nnknn-rl] step=143953 episode=870 return=-25.7 length=1000 loss=None cases=None
[nnknn-rl] step=148516 episode=880 return=-69.0 length=129 loss=224.4375 cases=None
[nnknn-rl] finished profile=fast mean_eval_return=-229.90 passed=False run_dir=results/rl/nnknn_rl_lunarlander_20260821_031320_475732
{
  "task": "lunarlander",
  "env_id": "LunarLander-v3",
  "profile": "fast",
  "seed": 0,
  "total_timesteps": 150000,
  "configured_total_timesteps": 150000,
  "actual_timesteps": 150000,
  "eval_episodes": 20,
  "success_threshold": 200.0,
  "passed": false,
  "algorithm": "nnknn_actor_critic_separate_memory_gae",
  "actor_type": "mlp",
  "critic_type": "nnknn",
  "architecture": {
    "separate_case_bases": true,
    "shared_nnknn_representation": false,
    "critic_target_shared_case_store": true,
    "actor_case_insertion": "raw_positive_advantage_only"
  },
  "gae": {
    "gamma": 0.99,
    "gae_lambda": 0.95,
    "advantage_clip": 5.0
  },
  "exploration": {
    "mode": "standard_stochastic_policy",
    "applies_to_actor": false,
    "initial_epsilon": 0.0,
    "final_epsilon": 0.0,
    "fraction": 0.5,
    "final_step_epsilon": 0.0,
    "readiness": {
      "min_case_entries": 32,
      "min_cases_per_action": 8
    }
  },
  "final_eval": {
    "episodes": 20,
    "seed": 10000,
    "mean_return": -229.8965301513672,
    "std_return": 171.83583068847656,
    "min_return": -666.1756591796875,
    "max_return": -65.83134460449219,
    "mean_length": 85.30000305175781
  },
  "last_eval": {
    "episodes": 20,
    "seed": 10000,
    "mean_return": -504.69683837890625,
    "std_return": 69.12033081054688,
    "min_return": -599.9274291992188,
    "max_return": -343.1225280761719,
    "mean_length": 539.9500122070312
  },
  "selected_step": 9021,
  "selected_source": "best_eval",
  "training_efficiency": {
    "best_model_step": 9021,
    "best_model_training_fraction": 0.06014,
    "first_success_step": null,
    "first_success_training_fraction": null,
    "best_minus_last_return": 274.80030822753906,
    "budget_interpretation": "unsolved_or_underfit"
  },
  "early_stopping": {
    "enabled": true,
    "patience": 30,
    "min_delta": 1.0,
    "min_steps": 25000,
    "target_score": 280.0,
    "best_mean_return": -229.8965301513672,
    "evaluations": 8,
    "evaluations_without_improvement": 6,
    "stopped_early": false,
    "stopping_reason": "budget_exhausted",
    "stopping_step": 150000
  },
  "case_entries": null,
  "critic_case_entries": 500,
  "action_counts": null,
  "cases_pruned": 19925,
  "cases_replaced": 129574,
  "actor_cases_pruned": 0,
  "actor_cases_replaced": 0,
  "critic_cases_pruned": 19925,
  "critic_cases_replaced": 129574,
  "critic_label_updates": 1,
  "critic_label_update_samples": 1,
  "partial_rollout_segments": 1,
  "partial_rollout_samples": 131,
  "critic_target_enabled": true,
  "critic_target_value_mode": "ema",
  "critic_target_sync_interval": 4,
  "critic_target_ema_tau": 0.05,
  "critic_target_value_syncs": 56,
  "critic_holdout_evaluations": 8,
  "latest_critic_holdout": {
    "global_step": 118179,
    "completed_episodes": 800,
    "diagnostic_index": 8,
    "critic_holdout_mse": 2244.156005859375,
    "critic_holdout_explained_variance": 0.17329514026641846,
    "critic_holdout_value_mean": -41.9152717590332,
    "critic_holdout_target_mean": -7.861893177032471,
    "critic_holdout_samples": 2756,
    "critic_holdout_episodes": 5,
    "critic_holdout_environment_steps": 2756,
    "critic_holdout_mean_episode_return": -6.187066489061346,
    "critic_holdout_mean_episode_length": 551.2,
    "critic_holdout_behavior_epsilon": 0.0,
    "critic_holdout_truncated_bootstraps": 2,
    "critic_holdout_target_method": "discounted_monte_carlo_with_truncation_bootstrap",
    "critic_holdout_bootstrap_source": "target_value_model",
    "critic_holdout_seed": 30035
  },
  "run_dir": "results/rl/nnknn_rl_lunarlander_20260821_031320_475732"
}
Checkpoint: results/rl/nnknn_rl_lunarlander_20260821_031320_475732/checkpoint.pt
