cases trainable: False
labels trainable: False
cases trainable: False
labels trainable: False
Enforcing normalize_over_cases = True for regression task.
[nnknn-rl] step=14 episode=1 return=14.0 length=14 loss=None cases=0
[nnknn-rl] step=102 episode=2 return=88.0 length=88 loss=None cases=0
[nnknn-rl] step=132 episode=3 return=30.0 length=30 loss=None cases=0
[nnknn-rl] step=169 episode=4 return=37.0 length=37 loss=156.03953552246094 cases=169
[nnknn-rl] step=185 episode=5 return=16.0 length=16 loss=None cases=169
[nnknn-rl] step=272 episode=10 return=12.0 length=12 loss=None cases=200
[nnknn-rl] step=447 episode=20 return=34.0 length=34 loss=20.299083709716797 cases=284
[nnknn-rl] step=644 episode=30 return=12.0 length=12 loss=None cases=364
[nnknn-rl] step=878 episode=40 return=15.0 length=15 loss=26.489221572875977 cases=488
[nnknn-rl] step=1029 episode=50 return=15.0 length=15 loss=None cases=508
[nnknn-rl] step=1299 episode=60 return=13.0 length=13 loss=55.82262420654297 cases=654
[nnknn-rl] step=1598 episode=70 return=23.0 length=23 loss=None cases=764
[nnknn-rl] step=1830 episode=80 return=36.0 length=36 loss=18.944372177124023 cases=950
[nnknn-rl] step=2041 episode=90 return=20.0 length=20 loss=None cases=987
[nnknn-rl][critic-holdout] step=2296 episodes=100 mse=46.9173 explained_variance=0.3658
[nnknn-rl] step=2296 episode=100 return=34.0 length=34 loss=25.787235260009766 cases=1134
[nnknn-rl][eval] step=2296 mean_return=212.85 max_return=476.00
[nnknn-rl] step=2487 episode=110 return=11.0 length=11 loss=None cases=1197
[nnknn-rl] step=2694 episode=120 return=19.0 length=19 loss=12.685766220092773 cases=1279
[nnknn-rl] step=2907 episode=130 return=15.0 length=15 loss=None cases=1375
[nnknn-rl] step=3130 episode=140 return=27.0 length=27 loss=28.18594741821289 cases=1414
[nnknn-rl] step=3456 episode=150 return=16.0 length=16 loss=None cases=1578
[nnknn-rl] step=3895 episode=160 return=37.0 length=37 loss=123.93064880371094 cases=1919
[nnknn-rl] step=4168 episode=170 return=68.0 length=68 loss=None cases=1806
[nnknn-rl] step=4456 episode=180 return=18.0 length=18 loss=42.2125358581543 cases=1933
[nnknn-rl] step=4654 episode=190 return=12.0 length=12 loss=None cases=1903
[nnknn-rl][critic-holdout] step=4926 episodes=200 mse=49.5811 explained_variance=0.0736
[nnknn-rl] step=4926 episode=200 return=18.0 length=18 loss=36.13023376464844 cases=1940
[nnknn-rl][eval] step=4926 mean_return=335.00 max_return=500.00
[nnknn-rl] step=5160 episode=210 return=21.0 length=21 loss=None cases=1844
[nnknn-rl] step=5397 episode=220 return=19.0 length=19 loss=26.41767120361328 cases=1958
[nnknn-rl] step=5624 episode=230 return=15.0 length=15 loss=None cases=1950
[nnknn-rl] step=5824 episode=240 return=10.0 length=10 loss=51.91130828857422 cases=1930
[nnknn-rl] step=5990 episode=250 return=14.0 length=14 loss=None cases=1975
[nnknn-rl] step=6205 episode=260 return=10.0 length=10 loss=38.97267150878906 cases=1882
[nnknn-rl] step=6503 episode=270 return=62.0 length=62 loss=None cases=1999
[nnknn-rl] step=6764 episode=280 return=10.0 length=10 loss=30.50247573852539 cases=1919
[nnknn-rl] step=7044 episode=290 return=23.0 length=23 loss=None cases=1922
[nnknn-rl][critic-holdout] step=7304 episodes=300 mse=60.2771 explained_variance=0.0357
[nnknn-rl] step=7304 episode=300 return=51.0 length=51 loss=48.488441467285156 cases=1927
[nnknn-rl][eval] step=7304 mean_return=394.75 max_return=500.00
[nnknn-rl] step=7586 episode=310 return=47.0 length=47 loss=None cases=1944
[nnknn-rl] step=7881 episode=320 return=25.0 length=25 loss=50.21762466430664 cases=1987
[nnknn-rl] step=8116 episode=330 return=11.0 length=11 loss=None cases=1962
[nnknn-rl] step=8285 episode=340 return=22.0 length=22 loss=12.49776554107666 cases=2000
[nnknn-rl] step=8507 episode=350 return=16.0 length=16 loss=None cases=1991
[nnknn-rl] step=8695 episode=360 return=20.0 length=20 loss=21.125560760498047 cases=1968
[nnknn-rl] step=8885 episode=370 return=13.0 length=13 loss=None cases=1971
[nnknn-rl] step=9250 episode=380 return=32.0 length=32 loss=80.55785369873047 cases=2000
[nnknn-rl] step=9455 episode=390 return=11.0 length=11 loss=None cases=1993
[nnknn-rl][critic-holdout] step=9740 episodes=400 mse=407.3925 explained_variance=0.1042
[nnknn-rl] step=9740 episode=400 return=17.0 length=17 loss=25.145132064819336 cases=1998
[nnknn-rl][eval] step=9740 mean_return=290.70 max_return=500.00
[nnknn-rl] step=9973 episode=410 return=14.0 length=14 loss=None cases=2000
[nnknn-rl] step=10187 episode=420 return=14.0 length=14 loss=19.32208824157715 cases=1986
[nnknn-rl] step=10368 episode=430 return=15.0 length=15 loss=None cases=1982
[nnknn-rl] step=10764 episode=440 return=18.0 length=18 loss=55.201236724853516 cases=2000
[nnknn-rl] step=10993 episode=450 return=32.0 length=32 loss=None cases=1993
[nnknn-rl] step=11276 episode=460 return=34.0 length=34 loss=25.979537963867188 cases=2000
[nnknn-rl] step=11603 episode=470 return=12.0 length=12 loss=None cases=2000
[nnknn-rl] step=11880 episode=480 return=39.0 length=39 loss=41.08662033081055 cases=2000
[nnknn-rl] step=12168 episode=490 return=21.0 length=21 loss=None cases=2000
[nnknn-rl][critic-holdout] step=12480 episodes=500 mse=105.0886 explained_variance=0.3078
[nnknn-rl] step=12480 episode=500 return=20.0 length=20 loss=19.837099075317383 cases=1987
[nnknn-rl][eval] step=12480 mean_return=302.20 max_return=500.00
[nnknn-rl] step=12826 episode=510 return=25.0 length=25 loss=None cases=2000
[nnknn-rl] step=13086 episode=520 return=19.0 length=19 loss=25.694364547729492 cases=2000
[nnknn-rl] step=13387 episode=530 return=12.0 length=12 loss=None cases=2000
[nnknn-rl] step=13632 episode=540 return=43.0 length=43 loss=34.580787658691406 cases=2000
[nnknn-rl] step=13915 episode=550 return=31.0 length=31 loss=None cases=2000
[nnknn-rl] step=14272 episode=560 return=33.0 length=33 loss=28.540496826171875 cases=2000
[nnknn-rl] step=14560 episode=570 return=64.0 length=64 loss=None cases=2000
[nnknn-rl] step=14903 episode=580 return=55.0 length=55 loss=46.115665435791016 cases=2000
[nnknn-rl] step=15372 episode=590 return=25.0 length=25 loss=None cases=2000
[nnknn-rl][critic-holdout] step=15698 episodes=600 mse=40.9493 explained_variance=0.4571
[nnknn-rl] step=15698 episode=600 return=16.0 length=16 loss=68.35595703125 cases=2000
[nnknn-rl][eval] step=15698 mean_return=264.40 max_return=457.00
[nnknn-rl] step=16006 episode=610 return=19.0 length=19 loss=None cases=2000
[nnknn-rl] step=16429 episode=620 return=56.0 length=56 loss=53.506256103515625 cases=2000
[nnknn-rl] step=16780 episode=630 return=58.0 length=58 loss=None cases=2000
[nnknn-rl] step=16998 episode=640 return=23.0 length=23 loss=27.992799758911133 cases=2000
[nnknn-rl] step=17239 episode=650 return=18.0 length=18 loss=None cases=2000
[nnknn-rl] step=17567 episode=660 return=19.0 length=19 loss=51.189910888671875 cases=2000
[nnknn-rl] step=18010 episode=670 return=18.0 length=18 loss=None cases=2000
[nnknn-rl] step=18368 episode=680 return=15.0 length=15 loss=28.523387908935547 cases=1995
[nnknn-rl] step=18771 episode=690 return=16.0 length=16 loss=None cases=2000
[nnknn-rl][critic-holdout] step=19226 episodes=700 mse=221.3792 explained_variance=0.1939
[nnknn-rl] step=19226 episode=700 return=71.0 length=71 loss=95.0954818725586 cases=2000
[nnknn-rl][eval] step=19226 mean_return=201.80 max_return=470.00
[nnknn-rl] step=19751 episode=710 return=98.0 length=98 loss=None cases=2000
[nnknn-rl] step=20208 episode=720 return=64.0 length=64 loss=52.060768127441406 cases=2000
[nnknn-rl] step=20804 episode=730 return=112.0 length=112 loss=None cases=2000
[nnknn-rl] step=21423 episode=740 return=60.0 length=60 loss=128.01443481445312 cases=2000
[nnknn-rl] step=21871 episode=750 return=15.0 length=15 loss=None cases=2000
[nnknn-rl] step=22267 episode=760 return=75.0 length=75 loss=75.64249420166016 cases=2000
[nnknn-rl] step=22790 episode=770 return=144.0 length=144 loss=None cases=2000
[nnknn-rl] step=23382 episode=780 return=21.0 length=21 loss=65.8548583984375 cases=2000
[nnknn-rl] step=23682 episode=790 return=22.0 length=22 loss=None cases=2000
[nnknn-rl][critic-holdout] step=24169 episodes=800 mse=258.5421 explained_variance=0.2587
[nnknn-rl] step=24169 episode=800 return=58.0 length=58 loss=89.94068145751953 cases=2000
[nnknn-rl][eval] step=24169 mean_return=298.55 max_return=500.00
[nnknn-rl] step=24828 episode=810 return=18.0 length=18 loss=None cases=2000
[nnknn-rl] step=25284 episode=820 return=64.0 length=64 loss=52.67964172363281 cases=2000
[nnknn-rl] step=25741 episode=830 return=21.0 length=21 loss=None cases=2000
[nnknn-rl] step=26340 episode=840 return=17.0 length=17 loss=66.98857116699219 cases=2000
[nnknn-rl] step=26935 episode=850 return=39.0 length=39 loss=None cases=2000
[nnknn-rl] step=27494 episode=860 return=57.0 length=57 loss=70.02317810058594 cases=2000
[nnknn-rl] step=28055 episode=870 return=51.0 length=51 loss=None cases=2000
[nnknn-rl] step=28537 episode=880 return=85.0 length=85 loss=92.75086212158203 cases=2000
[nnknn-rl] step=29149 episode=890 return=12.0 length=12 loss=None cases=2000
[nnknn-rl][critic-holdout] step=29746 episodes=900 mse=231.6991 explained_variance=0.1674
[nnknn-rl] step=29746 episode=900 return=15.0 length=15 loss=94.37971496582031 cases=2000
[nnknn-rl][eval] step=29746 mean_return=318.05 max_return=500.00
[nnknn-rl] step=30524 episode=910 return=97.0 length=97 loss=None cases=2000
[nnknn-rl] step=31011 episode=920 return=39.0 length=39 loss=72.89278411865234 cases=1829
[nnknn-rl] step=31934 episode=930 return=20.0 length=20 loss=None cases=2000
[nnknn-rl] step=32487 episode=940 return=31.0 length=31 loss=73.08732604980469 cases=2000
[nnknn-rl] step=33041 episode=950 return=125.0 length=125 loss=None cases=2000
[nnknn-rl] step=33850 episode=960 return=145.0 length=145 loss=111.87288665771484 cases=2000
[nnknn-rl] step=34463 episode=970 return=57.0 length=57 loss=None cases=2000
[nnknn-rl] step=35196 episode=980 return=79.0 length=79 loss=87.49674987792969 cases=2000
[nnknn-rl] step=35773 episode=990 return=72.0 length=72 loss=None cases=2000
[nnknn-rl][critic-holdout] step=36262 episodes=1000 mse=654.6820 explained_variance=0.2928
[nnknn-rl] step=36262 episode=1000 return=30.0 length=30 loss=89.69763946533203 cases=2000
[nnknn-rl][eval] step=36262 mean_return=445.55 max_return=500.00
[nnknn-rl] step=37241 episode=1010 return=39.0 length=39 loss=None cases=2000
[nnknn-rl] step=38091 episode=1020 return=105.0 length=105 loss=82.90583801269531 cases=2000
[nnknn-rl] step=38903 episode=1030 return=159.0 length=159 loss=None cases=2000
[nnknn-rl] step=39929 episode=1040 return=102.0 length=102 loss=124.25241088867188 cases=2000
[nnknn-rl] step=41007 episode=1050 return=136.0 length=136 loss=None cases=2000
[nnknn-rl] step=42104 episode=1060 return=214.0 length=214 loss=117.53899383544922 cases=2000
[nnknn-rl] step=43264 episode=1070 return=94.0 length=94 loss=None cases=2000
[nnknn-rl] step=44337 episode=1080 return=58.0 length=58 loss=110.5630874633789 cases=2000
[nnknn-rl] step=45588 episode=1090 return=118.0 length=118 loss=None cases=2000
[nnknn-rl][critic-holdout] step=46938 episodes=1100 mse=589.1167 explained_variance=0.0977
[nnknn-rl] step=46938 episode=1100 return=48.0 length=48 loss=90.56365966796875 cases=2000
[nnknn-rl][eval] step=46938 mean_return=314.75 max_return=500.00
[nnknn-rl] step=48138 episode=1110 return=62.0 length=62 loss=None cases=2000
[nnknn-rl] step=49664 episode=1120 return=24.0 length=24 loss=115.81501007080078 cases=1840
[nnknn-rl] step=51309 episode=1130 return=106.0 length=106 loss=None cases=2000
[nnknn-rl] step=53156 episode=1140 return=188.0 length=188 loss=97.5340347290039 cases=2000
[nnknn-rl] step=55135 episode=1150 return=89.0 length=89 loss=None cases=2000
[nnknn-rl] step=57200 episode=1160 return=265.0 length=265 loss=123.7103271484375 cases=2000
[nnknn-rl] step=59299 episode=1170 return=77.0 length=77 loss=None cases=1871
[nnknn-rl] step=61666 episode=1180 return=156.0 length=156 loss=113.29271697998047 cases=2000
[nnknn-rl] step=64706 episode=1190 return=295.0 length=295 loss=None cases=2000
[nnknn-rl][critic-holdout] step=67804 episodes=1200 mse=995.7145 explained_variance=0.2889
[nnknn-rl] step=67804 episode=1200 return=357.0 length=357 loss=90.96985626220703 cases=2000
[nnknn-rl][eval] step=67804 mean_return=405.50 max_return=500.00
[nnknn-rl] step=71014 episode=1210 return=500.0 length=500 loss=None cases=2000
[nnknn-rl] step=74761 episode=1220 return=392.0 length=392 loss=77.74393463134766 cases=1838
[nnknn-rl] step=77562 episode=1230 return=164.0 length=164 loss=None cases=2000
[nnknn-rl] step=80857 episode=1240 return=500.0 length=500 loss=70.32147979736328 cases=2000
[nnknn-rl] step=83984 episode=1250 return=401.0 length=401 loss=None cases=1812
[nnknn-rl] step=87353 episode=1260 return=253.0 length=253 loss=104.40946960449219 cases=2000
[nnknn-rl] step=91030 episode=1270 return=500.0 length=500 loss=None cases=1825
[nnknn-rl] step=93822 episode=1280 return=321.0 length=321 loss=102.69978332519531 cases=2000
[nnknn-rl] step=98018 episode=1290 return=500.0 length=500 loss=None cases=1820
[nnknn-rl][critic-holdout] step=101396 episodes=1300 mse=1161.5825 explained_variance=0.2029
[nnknn-rl] step=101396 episode=1300 return=399.0 length=399 loss=87.16356658935547 cases=2000
[nnknn-rl][eval] step=101396 mean_return=468.00 max_return=500.00
[nnknn-rl] step=105568 episode=1310 return=326.0 length=326 loss=None cases=2000
[nnknn-rl] step=108623 episode=1320 return=283.0 length=283 loss=101.0614242553711 cases=1857
[nnknn-rl] step=111935 episode=1330 return=302.0 length=302 loss=None cases=2000
[nnknn-rl] step=115075 episode=1340 return=203.0 length=203 loss=98.39795684814453 cases=2000
[nnknn-rl] step=117623 episode=1350 return=500.0 length=500 loss=None cases=1999
[nnknn-rl] step=120389 episode=1360 return=500.0 length=500 loss=77.6981430053711 cases=2000
[nnknn-rl] step=123093 episode=1370 return=222.0 length=222 loss=None cases=2000
[nnknn-rl] step=126248 episode=1380 return=251.0 length=251 loss=96.61397552490234 cases=2000
[nnknn-rl] step=129058 episode=1390 return=319.0 length=319 loss=None cases=2000
[nnknn-rl][critic-holdout] step=132099 episodes=1400 mse=495.4146 explained_variance=0.3334
[nnknn-rl] step=132099 episode=1400 return=222.0 length=222 loss=70.98854064941406 cases=2000
[nnknn-rl][eval] step=132099 mean_return=405.80 max_return=500.00
[nnknn-rl] step=135958 episode=1410 return=227.0 length=227 loss=None cases=2000
[nnknn-rl] step=139660 episode=1420 return=330.0 length=330 loss=65.67884063720703 cases=2000
[nnknn-rl] step=143144 episode=1430 return=242.0 length=242 loss=None cases=1858
[nnknn-rl] step=146159 episode=1440 return=261.0 length=261 loss=38.177284240722656 cases=2000
[nnknn-rl] step=149245 episode=1450 return=500.0 length=500 loss=None cases=1855
[nnknn-rl] finished profile=fast mean_eval_return=474.60 passed=False run_dir=results/rl/nnknn_rl_cartpole_20260822_161152_506370
{
  "task": "cartpole",
  "env_id": "CartPole-v1",
  "profile": "fast",
  "seed": 2,
  "total_timesteps": 150000,
  "configured_total_timesteps": 150000,
  "actual_timesteps": 150000,
  "eval_episodes": 20,
  "success_threshold": 475.0,
  "passed": false,
  "algorithm": "nnknn_actor_critic_separate_memory_gae",
  "actor_type": "nnknn",
  "critic_type": "nnknn",
  "architecture": {
    "separate_case_bases": true,
    "shared_nnknn_representation": true,
    "critic_target_shared_case_store": true,
    "actor_case_insertion": "raw_positive_advantage_only"
  },
  "gae": {
    "gamma": 0.99,
    "gae_lambda": 0.95,
    "advantage_clip": 5.0
  },
  "exploration": {
    "mode": "epsilon_mixed_policy",
    "applies_to_actor": true,
    "initial_epsilon": 1.0,
    "final_epsilon": 0.05,
    "fraction": 0.5,
    "final_step_epsilon": 0.05,
    "readiness": {
      "min_case_entries": 32,
      "min_cases_per_action": 8
    }
  },
  "final_eval": {
    "episodes": 20,
    "seed": 10000,
    "mean_return": 474.6000061035156,
    "std_return": 50.92485046386719,
    "min_return": 316.0,
    "max_return": 500.0,
    "mean_length": 474.6000061035156
  },
  "last_eval": {
    "episodes": 20,
    "seed": 10000,
    "mean_return": 474.6000061035156,
    "std_return": 50.92485046386719,
    "min_return": 316.0,
    "max_return": 500.0,
    "mean_length": 474.6000061035156
  },
  "selected_step": 150000,
  "selected_source": "final",
  "training_efficiency": {
    "best_model_step": 150000,
    "best_model_training_fraction": 1.0,
    "first_success_step": null,
    "first_success_training_fraction": null,
    "best_minus_last_return": 0.0,
    "budget_interpretation": "unsolved_or_underfit"
  },
  "early_stopping": {
    "enabled": true,
    "patience": 30,
    "min_delta": 1.0,
    "min_steps": 25000,
    "target_score": 500.0,
    "best_mean_return": 468.0,
    "evaluations": 14,
    "evaluations_without_improvement": 1,
    "stopped_early": false,
    "stopping_reason": "budget_exhausted",
    "stopping_step": 150000
  },
  "case_entries": 2000,
  "critic_case_entries": 2000,
  "action_counts": [
    997,
    1003
  ],
  "cases_pruned": 98264,
  "cases_replaced": 166008,
  "actor_cases_pruned": 42928,
  "actor_cases_replaced": 75890,
  "critic_cases_pruned": 55336,
  "critic_cases_replaced": 90118,
  "critic_label_updates": 920,
  "critic_label_update_samples": 2546,
  "partial_rollout_segments": 1,
  "partial_rollout_samples": 25,
  "critic_target_enabled": true,
  "critic_target_value_mode": "ema",
  "critic_target_sync_interval": 4,
  "critic_target_ema_tau": 0.05,
  "critic_target_value_syncs": 92,
  "critic_holdout_evaluations": 14,
  "latest_critic_holdout": {
    "global_step": 132099,
    "completed_episodes": 1400,
    "diagnostic_index": 14,
    "critic_holdout_mse": 495.4146423339844,
    "critic_holdout_explained_variance": 0.3333629369735718,
    "critic_holdout_value_mean": 56.62617111206055,
    "critic_holdout_target_mean": 64.13346862792969,
    "critic_holdout_samples": 1252,
    "critic_holdout_episodes": 5,
    "critic_holdout_environment_steps": 1252,
    "critic_holdout_mean_episode_return": 250.4,
    "critic_holdout_mean_episode_length": 250.4,
    "critic_holdout_behavior_epsilon": 0.05,
    "critic_holdout_truncated_bootstraps": 0,
    "critic_holdout_target_method": "discounted_monte_carlo_with_truncation_bootstrap",
    "critic_holdout_bootstrap_source": "target_value_model",
    "critic_holdout_seed": 30065
  },
  "run_dir": "results/rl/nnknn_rl_cartpole_20260822_161152_506370"
}
Checkpoint: results/rl/nnknn_rl_cartpole_20260822_161152_506370/checkpoint.pt
