cases trainable: False
labels trainable: False
cases trainable: False
labels trainable: False
Enforcing normalize_over_cases = True for regression task.
[nnknn-rl] step=14 episode=1 return=14.0 length=14 loss=None cases=0
[nnknn-rl] step=102 episode=2 return=88.0 length=88 loss=None cases=0
[nnknn-rl] step=132 episode=3 return=30.0 length=30 loss=None cases=0
[nnknn-rl] step=169 episode=4 return=37.0 length=37 loss=156.03953552246094 cases=100
[nnknn-rl] step=185 episode=5 return=16.0 length=16 loss=None cases=100
[nnknn-rl] step=272 episode=10 return=12.0 length=12 loss=None cases=97
[nnknn-rl] step=447 episode=20 return=34.0 length=34 loss=22.756624221801758 cases=100
[nnknn-rl] step=644 episode=30 return=12.0 length=12 loss=None cases=98
[nnknn-rl] step=921 episode=40 return=14.0 length=14 loss=86.43903350830078 cases=100
[nnknn-rl] step=1110 episode=50 return=11.0 length=11 loss=None cases=100
[nnknn-rl] step=1308 episode=60 return=14.0 length=14 loss=34.78224182128906 cases=100
[nnknn-rl] step=1514 episode=70 return=19.0 length=19 loss=None cases=100
[nnknn-rl] step=1792 episode=80 return=14.0 length=14 loss=4.802464485168457 cases=100
[nnknn-rl] step=2010 episode=90 return=23.0 length=23 loss=None cases=100
[nnknn-rl][critic-holdout] step=2241 episodes=100 mse=65.6196 explained_variance=0.1160
[nnknn-rl] step=2241 episode=100 return=30.0 length=30 loss=21.4566593170166 cases=100
[nnknn-rl][eval] step=2241 mean_return=240.55 max_return=327.00
[nnknn-rl] step=2495 episode=110 return=10.0 length=10 loss=None cases=100
[nnknn-rl] step=2823 episode=120 return=63.0 length=63 loss=58.33466339111328 cases=100
[nnknn-rl] step=3046 episode=130 return=18.0 length=18 loss=None cases=100
[nnknn-rl] step=3274 episode=140 return=21.0 length=21 loss=15.405415534973145 cases=100
[nnknn-rl] step=3504 episode=150 return=11.0 length=11 loss=None cases=100
[nnknn-rl] step=3803 episode=160 return=21.0 length=21 loss=49.685367584228516 cases=100
[nnknn-rl] step=4098 episode=170 return=14.0 length=14 loss=None cases=100
[nnknn-rl] step=4296 episode=180 return=14.0 length=14 loss=16.96110725402832 cases=100
[nnknn-rl] step=4610 episode=190 return=38.0 length=38 loss=None cases=100
[nnknn-rl][critic-holdout] step=4780 episodes=200 mse=24.0592 explained_variance=0.5195
[nnknn-rl] step=4780 episode=200 return=15.0 length=15 loss=22.24292755126953 cases=100
[nnknn-rl][eval] step=4780 mean_return=315.95 max_return=500.00
[nnknn-rl] step=5058 episode=210 return=43.0 length=43 loss=None cases=98
[nnknn-rl] step=5309 episode=220 return=31.0 length=31 loss=20.002872467041016 cases=100
[nnknn-rl] step=5655 episode=230 return=14.0 length=14 loss=None cases=100
[nnknn-rl] step=5909 episode=240 return=11.0 length=11 loss=41.19635772705078 cases=100
[nnknn-rl] step=6134 episode=250 return=23.0 length=23 loss=None cases=100
[nnknn-rl] step=6418 episode=260 return=41.0 length=41 loss=42.16679000854492 cases=100
[nnknn-rl] step=6738 episode=270 return=13.0 length=13 loss=None cases=99
[nnknn-rl] step=7017 episode=280 return=19.0 length=19 loss=36.70474624633789 cases=100
[nnknn-rl] step=7291 episode=290 return=41.0 length=41 loss=None cases=99
[nnknn-rl][critic-holdout] step=7511 episodes=300 mse=51.4387 explained_variance=0.1774
[nnknn-rl] step=7511 episode=300 return=11.0 length=11 loss=22.435667037963867 cases=100
[nnknn-rl][eval] step=7511 mean_return=248.55 max_return=500.00
[nnknn-rl] step=7794 episode=310 return=39.0 length=39 loss=None cases=100
[nnknn-rl] step=8127 episode=320 return=13.0 length=13 loss=65.61163330078125 cases=100
[nnknn-rl] step=8410 episode=330 return=10.0 length=10 loss=None cases=98
[nnknn-rl] step=8667 episode=340 return=48.0 length=48 loss=32.44248962402344 cases=100
[nnknn-rl] step=8901 episode=350 return=19.0 length=19 loss=None cases=100
[nnknn-rl] step=9179 episode=360 return=32.0 length=32 loss=24.858951568603516 cases=96
[nnknn-rl] step=9386 episode=370 return=10.0 length=10 loss=None cases=100
[nnknn-rl] step=9645 episode=380 return=20.0 length=20 loss=31.883161544799805 cases=96
[nnknn-rl] step=9906 episode=390 return=19.0 length=19 loss=None cases=100
[nnknn-rl][critic-holdout] step=10146 episodes=400 mse=27.9312 explained_variance=0.4945
[nnknn-rl] step=10146 episode=400 return=24.0 length=24 loss=21.561519622802734 cases=100
[nnknn-rl][eval] step=10146 mean_return=207.20 max_return=296.00
[nnknn-rl] step=10372 episode=410 return=48.0 length=48 loss=None cases=100
[nnknn-rl] step=10656 episode=420 return=17.0 length=17 loss=68.70211029052734 cases=100
[nnknn-rl] step=10893 episode=430 return=23.0 length=23 loss=None cases=97
[nnknn-rl] step=11122 episode=440 return=43.0 length=43 loss=31.40901756286621 cases=96
[nnknn-rl] step=11365 episode=450 return=18.0 length=18 loss=None cases=100
[nnknn-rl] step=11594 episode=460 return=20.0 length=20 loss=28.592554092407227 cases=100
[nnknn-rl] step=11880 episode=470 return=35.0 length=35 loss=None cases=98
[nnknn-rl] step=12206 episode=480 return=45.0 length=45 loss=31.662254333496094 cases=100
[nnknn-rl] step=12465 episode=490 return=17.0 length=17 loss=None cases=100
[nnknn-rl][critic-holdout] step=12801 episodes=500 mse=74.8842 explained_variance=0.3692
[nnknn-rl] step=12801 episode=500 return=21.0 length=21 loss=81.20144653320312 cases=98
[nnknn-rl][eval] step=12801 mean_return=132.10 max_return=266.00
[nnknn-rl] step=13005 episode=510 return=10.0 length=10 loss=None cases=99
[nnknn-rl] step=13296 episode=520 return=21.0 length=21 loss=36.68316650390625 cases=100
[nnknn-rl] step=13591 episode=530 return=15.0 length=15 loss=None cases=99
[nnknn-rl] step=13851 episode=540 return=20.0 length=20 loss=14.132335662841797 cases=100
[nnknn-rl] step=14154 episode=550 return=14.0 length=14 loss=None cases=100
[nnknn-rl] step=14493 episode=560 return=55.0 length=55 loss=44.47951126098633 cases=100
[nnknn-rl] step=14783 episode=570 return=13.0 length=13 loss=None cases=100
[nnknn-rl] step=15261 episode=580 return=23.0 length=23 loss=108.06026458740234 cases=99
[nnknn-rl] step=15508 episode=590 return=13.0 length=13 loss=None cases=100
[nnknn-rl][critic-holdout] step=15927 episodes=600 mse=20.3549 explained_variance=0.5785
[nnknn-rl] step=15927 episode=600 return=25.0 length=25 loss=51.73967742919922 cases=100
[nnknn-rl][eval] step=15927 mean_return=477.50 max_return=500.00
[nnknn-rl] step=16283 episode=610 return=73.0 length=73 loss=None cases=100
[nnknn-rl] step=16571 episode=620 return=15.0 length=15 loss=36.216182708740234 cases=100
[nnknn-rl] step=16913 episode=630 return=53.0 length=53 loss=None cases=100
[nnknn-rl] step=17213 episode=640 return=15.0 length=15 loss=28.859731674194336 cases=100
[nnknn-rl] step=17651 episode=650 return=13.0 length=13 loss=None cases=100
[nnknn-rl] step=18068 episode=660 return=61.0 length=61 loss=80.9268569946289 cases=100
[nnknn-rl] step=18510 episode=670 return=153.0 length=153 loss=None cases=100
[nnknn-rl] step=18846 episode=680 return=74.0 length=74 loss=61.28141403198242 cases=96
[nnknn-rl] step=19160 episode=690 return=25.0 length=25 loss=None cases=100
[nnknn-rl][critic-holdout] step=19484 episodes=700 mse=1118.5641 explained_variance=0.1442
[nnknn-rl] step=19484 episode=700 return=15.0 length=15 loss=55.09697341918945 cases=100
[nnknn-rl][eval] step=19484 mean_return=257.35 max_return=450.00
[nnknn-rl] step=19922 episode=710 return=157.0 length=157 loss=None cases=100
[nnknn-rl] step=20247 episode=720 return=33.0 length=33 loss=38.385009765625 cases=100
[nnknn-rl] step=20620 episode=730 return=83.0 length=83 loss=None cases=100
[nnknn-rl] step=21079 episode=740 return=24.0 length=24 loss=79.71819305419922 cases=100
[nnknn-rl] step=21556 episode=750 return=60.0 length=60 loss=None cases=100
[nnknn-rl] step=21891 episode=760 return=24.0 length=24 loss=21.09609031677246 cases=100
[nnknn-rl] step=22289 episode=770 return=21.0 length=21 loss=None cases=100
[nnknn-rl] step=22646 episode=780 return=42.0 length=42 loss=47.57761001586914 cases=100
[nnknn-rl] step=23234 episode=790 return=25.0 length=25 loss=None cases=100
[nnknn-rl][critic-holdout] step=23662 episodes=800 mse=553.9952 explained_variance=0.2160
[nnknn-rl] step=23662 episode=800 return=20.0 length=20 loss=52.10179138183594 cases=100
[nnknn-rl][eval] step=23662 mean_return=477.20 max_return=500.00
[nnknn-rl] step=24157 episode=810 return=24.0 length=24 loss=None cases=100
[nnknn-rl] step=24877 episode=820 return=60.0 length=60 loss=65.77745056152344 cases=100
[nnknn-rl] step=25310 episode=830 return=29.0 length=29 loss=None cases=99
[nnknn-rl] step=25726 episode=840 return=27.0 length=27 loss=79.55403137207031 cases=99
[nnknn-rl] step=26315 episode=850 return=27.0 length=27 loss=None cases=100
[nnknn-rl] step=26901 episode=860 return=22.0 length=22 loss=48.404258728027344 cases=98
[nnknn-rl] step=27534 episode=870 return=187.0 length=187 loss=None cases=100
[nnknn-rl] step=28072 episode=880 return=67.0 length=67 loss=65.20453643798828 cases=100
[nnknn-rl] step=28445 episode=890 return=83.0 length=83 loss=None cases=100
[nnknn-rl][critic-holdout] step=29244 episodes=900 mse=521.2982 explained_variance=0.1077
[nnknn-rl] step=29244 episode=900 return=96.0 length=96 loss=92.148681640625 cases=100
[nnknn-rl][eval] step=29244 mean_return=373.35 max_return=500.00
[nnknn-rl] step=29733 episode=910 return=25.0 length=25 loss=None cases=100
[nnknn-rl] step=30265 episode=920 return=47.0 length=47 loss=69.95476531982422 cases=100
[nnknn-rl] step=30975 episode=930 return=92.0 length=92 loss=None cases=100
[nnknn-rl] step=31496 episode=940 return=101.0 length=101 loss=78.65154266357422 cases=100
[nnknn-rl] step=32128 episode=950 return=32.0 length=32 loss=None cases=95
[nnknn-rl] step=32648 episode=960 return=12.0 length=12 loss=77.08924102783203 cases=100
[nnknn-rl] step=33227 episode=970 return=169.0 length=169 loss=None cases=100
[nnknn-rl] step=33946 episode=980 return=65.0 length=65 loss=100.2703628540039 cases=100
[nnknn-rl] step=34552 episode=990 return=85.0 length=85 loss=None cases=100
[nnknn-rl][critic-holdout] step=35319 episodes=1000 mse=275.8824 explained_variance=0.1191
[nnknn-rl] step=35319 episode=1000 return=245.0 length=245 loss=89.0450210571289 cases=91
[nnknn-rl][eval] step=35319 mean_return=494.15 max_return=500.00
[nnknn-rl] step=35851 episode=1010 return=25.0 length=25 loss=None cases=98
[nnknn-rl] step=36286 episode=1020 return=18.0 length=18 loss=70.53729248046875 cases=100
[nnknn-rl] step=37140 episode=1030 return=52.0 length=52 loss=None cases=100
[nnknn-rl] step=38222 episode=1040 return=137.0 length=137 loss=101.86205291748047 cases=100
[nnknn-rl] step=38968 episode=1050 return=29.0 length=29 loss=None cases=99
[nnknn-rl] step=40140 episode=1060 return=64.0 length=64 loss=69.83988189697266 cases=100
[nnknn-rl] step=41397 episode=1070 return=68.0 length=68 loss=None cases=93
[nnknn-rl] step=42702 episode=1080 return=160.0 length=160 loss=69.41495513916016 cases=100
[nnknn-rl] step=43761 episode=1090 return=72.0 length=72 loss=None cases=100
[nnknn-rl][critic-holdout] step=45192 episodes=1100 mse=855.0524 explained_variance=0.1575
[nnknn-rl] step=45192 episode=1100 return=135.0 length=135 loss=55.17204666137695 cases=100
[nnknn-rl][eval] step=45192 mean_return=484.80 max_return=500.00
[nnknn-rl] step=46249 episode=1110 return=16.0 length=16 loss=None cases=100
[nnknn-rl] step=47633 episode=1120 return=44.0 length=44 loss=58.83475112915039 cases=98
[nnknn-rl] step=49173 episode=1130 return=92.0 length=92 loss=None cases=100
[nnknn-rl] step=50911 episode=1140 return=151.0 length=151 loss=84.54220581054688 cases=100
[nnknn-rl] step=52585 episode=1150 return=31.0 length=31 loss=None cases=100
[nnknn-rl] step=54053 episode=1160 return=230.0 length=230 loss=55.90593338012695 cases=100
[nnknn-rl] step=55839 episode=1170 return=232.0 length=232 loss=None cases=100
[nnknn-rl] step=57501 episode=1180 return=94.0 length=94 loss=48.15606689453125 cases=95
[nnknn-rl] step=59850 episode=1190 return=175.0 length=175 loss=None cases=100
[nnknn-rl][critic-holdout] step=61927 episodes=1200 mse=2373.5803 explained_variance=0.0349
[nnknn-rl] step=61927 episode=1200 return=327.0 length=327 loss=36.82684326171875 cases=99
[nnknn-rl][eval] step=61927 mean_return=487.75 max_return=500.00
[nnknn-rl] step=65097 episode=1210 return=500.0 length=500 loss=None cases=100
[nnknn-rl] step=68702 episode=1220 return=385.0 length=385 loss=31.18354034423828 cases=100
[nnknn-rl] step=72148 episode=1230 return=311.0 length=311 loss=None cases=100
[nnknn-rl] step=75716 episode=1240 return=492.0 length=492 loss=31.031726837158203 cases=100
[nnknn-rl] step=79330 episode=1250 return=500.0 length=500 loss=None cases=94
[nnknn-rl] step=82962 episode=1260 return=345.0 length=345 loss=36.3157844543457 cases=100
[nnknn-rl] step=86105 episode=1270 return=223.0 length=223 loss=None cases=100
[nnknn-rl] step=89216 episode=1280 return=500.0 length=500 loss=27.28102684020996 cases=95
[nnknn-rl] step=92278 episode=1290 return=294.0 length=294 loss=None cases=100
[nnknn-rl][critic-holdout] step=95529 episodes=1300 mse=1576.6343 explained_variance=0.4378
[nnknn-rl] step=95529 episode=1300 return=166.0 length=166 loss=43.62977981567383 cases=94
[nnknn-rl][eval] step=95529 mean_return=466.20 max_return=500.00
[nnknn-rl] step=97920 episode=1310 return=230.0 length=230 loss=None cases=93
[nnknn-rl] step=100957 episode=1320 return=298.0 length=298 loss=17.622764587402344 cases=100
[nnknn-rl] step=104083 episode=1330 return=241.0 length=241 loss=None cases=93
[nnknn-rl] step=106986 episode=1340 return=273.0 length=273 loss=38.42177963256836 cases=100
[nnknn-rl] step=110123 episode=1350 return=437.0 length=437 loss=None cases=100
[nnknn-rl] step=113029 episode=1360 return=260.0 length=260 loss=19.651174545288086 cases=100
[nnknn-rl] step=116160 episode=1370 return=230.0 length=230 loss=None cases=100
[nnknn-rl] step=119948 episode=1380 return=500.0 length=500 loss=30.043439865112305 cases=100
[nnknn-rl] step=123291 episode=1390 return=322.0 length=322 loss=None cases=100
[nnknn-rl][critic-holdout] step=126091 episodes=1400 mse=1690.7778 explained_variance=0.4217
[nnknn-rl] step=126091 episode=1400 return=262.0 length=262 loss=55.25938034057617 cases=100
[nnknn-rl][eval] step=126091 mean_return=490.15 max_return=500.00
[nnknn-rl] step=129320 episode=1410 return=359.0 length=359 loss=None cases=100
[nnknn-rl] step=132870 episode=1420 return=417.0 length=417 loss=19.611167907714844 cases=100
[nnknn-rl] step=137220 episode=1430 return=448.0 length=448 loss=None cases=100
[nnknn-rl] step=141283 episode=1440 return=404.0 length=404 loss=17.166765213012695 cases=100
[nnknn-rl] step=144985 episode=1450 return=398.0 length=398 loss=None cases=93
[nnknn-rl] step=149047 episode=1460 return=451.0 length=451 loss=16.14844512939453 cases=100
[nnknn-rl] finished profile=fast mean_eval_return=494.15 passed=True run_dir=results/rl/nnknn_rl_cartpole_20260822_161152_533697
{
  "task": "cartpole",
  "env_id": "CartPole-v1",
  "profile": "fast",
  "seed": 2,
  "total_timesteps": 150000,
  "configured_total_timesteps": 150000,
  "actual_timesteps": 150000,
  "eval_episodes": 20,
  "success_threshold": 475.0,
  "passed": true,
  "algorithm": "nnknn_actor_critic_separate_memory_gae",
  "actor_type": "nnknn",
  "critic_type": "nnknn",
  "architecture": {
    "separate_case_bases": true,
    "shared_nnknn_representation": true,
    "critic_target_shared_case_store": true,
    "actor_case_insertion": "raw_positive_advantage_only"
  },
  "gae": {
    "gamma": 0.99,
    "gae_lambda": 0.95,
    "advantage_clip": 5.0
  },
  "exploration": {
    "mode": "epsilon_mixed_policy",
    "applies_to_actor": true,
    "initial_epsilon": 1.0,
    "final_epsilon": 0.05,
    "fraction": 0.5,
    "final_step_epsilon": 0.05,
    "readiness": {
      "min_case_entries": 32,
      "min_cases_per_action": 8
    }
  },
  "final_eval": {
    "episodes": 20,
    "seed": 10000,
    "mean_return": 494.1499938964844,
    "std_return": 25.49955940246582,
    "min_return": 383.0,
    "max_return": 500.0,
    "mean_length": 494.1499938964844
  },
  "last_eval": {
    "episodes": 20,
    "seed": 10000,
    "mean_return": 469.3999938964844,
    "std_return": 50.49494934082031,
    "min_return": 341.0,
    "max_return": 500.0,
    "mean_length": 469.3999938964844
  },
  "selected_step": 35319,
  "selected_source": "best_eval",
  "training_efficiency": {
    "best_model_step": 35319,
    "best_model_training_fraction": 0.23546,
    "first_success_step": 15927,
    "first_success_training_fraction": 0.10618,
    "best_minus_last_return": 24.75,
    "budget_interpretation": "regressed_after_best"
  },
  "early_stopping": {
    "enabled": true,
    "patience": 30,
    "min_delta": 1.0,
    "min_steps": 25000,
    "target_score": 500.0,
    "best_mean_return": 494.1499938964844,
    "evaluations": 14,
    "evaluations_without_improvement": 4,
    "stopped_early": false,
    "stopping_reason": "budget_exhausted",
    "stopping_step": 150000
  },
  "case_entries": 91,
  "critic_case_entries": 100,
  "action_counts": [
    45,
    46
  ],
  "cases_pruned": 42991,
  "cases_replaced": 229243,
  "actor_cases_pruned": 37661,
  "actor_cases_replaced": 93085,
  "critic_cases_pruned": 5330,
  "critic_cases_replaced": 136158,
  "critic_label_updates": 1130,
  "critic_label_update_samples": 8412,
  "partial_rollout_segments": 1,
  "partial_rollout_samples": 453,
  "critic_target_enabled": true,
  "critic_target_value_mode": "ema",
  "critic_target_sync_interval": 4,
  "critic_target_ema_tau": 0.05,
  "critic_target_value_syncs": 92,
  "critic_holdout_evaluations": 14,
  "latest_critic_holdout": {
    "global_step": 126091,
    "completed_episodes": 1400,
    "diagnostic_index": 14,
    "critic_holdout_mse": 1690.77783203125,
    "critic_holdout_explained_variance": 0.42172300815582275,
    "critic_holdout_value_mean": 40.5344352722168,
    "critic_holdout_target_mean": 77.1479721069336,
    "critic_holdout_samples": 1600,
    "critic_holdout_episodes": 5,
    "critic_holdout_environment_steps": 1600,
    "critic_holdout_mean_episode_return": 320.0,
    "critic_holdout_mean_episode_length": 320.0,
    "critic_holdout_behavior_epsilon": 0.05,
    "critic_holdout_truncated_bootstraps": 2,
    "critic_holdout_target_method": "discounted_monte_carlo_with_truncation_bootstrap",
    "critic_holdout_bootstrap_source": "target_value_model",
    "critic_holdout_seed": 30065
  },
  "run_dir": "results/rl/nnknn_rl_cartpole_20260822_161152_533697"
}
Checkpoint: results/rl/nnknn_rl_cartpole_20260822_161152_533697/checkpoint.pt
