cases trainable: False
labels trainable: False
cases trainable: False
labels trainable: False
Enforcing normalize_over_cases = True for regression task.
[nnknn-rl] step=29 episode=1 return=29.0 length=29 loss=None cases=0
[nnknn-rl] step=40 episode=2 return=11.0 length=11 loss=None cases=0
[nnknn-rl] step=52 episode=3 return=12.0 length=12 loss=None cases=0
[nnknn-rl] step=72 episode=4 return=20.0 length=20 loss=68.32059478759766 cases=72
[nnknn-rl] step=84 episode=5 return=12.0 length=12 loss=None cases=72
[nnknn-rl] step=193 episode=10 return=25.0 length=25 loss=None cases=96
[nnknn-rl] step=357 episode=20 return=15.0 length=15 loss=16.502323150634766 cases=96
[nnknn-rl] step=555 episode=30 return=23.0 length=23 loss=None cases=100
[nnknn-rl] step=712 episode=40 return=17.0 length=17 loss=9.476301193237305 cases=100
[nnknn-rl] step=896 episode=50 return=23.0 length=23 loss=None cases=100
[nnknn-rl] step=1172 episode=60 return=48.0 length=48 loss=59.565948486328125 cases=100
[nnknn-rl] step=1429 episode=70 return=10.0 length=10 loss=None cases=100
[nnknn-rl] step=1666 episode=80 return=13.0 length=13 loss=47.026187896728516 cases=100
[nnknn-rl] step=1904 episode=90 return=16.0 length=16 loss=None cases=100
[nnknn-rl][critic-holdout] step=2182 episodes=100 mse=198.9442 explained_variance=0.0968
[nnknn-rl] step=2182 episode=100 return=16.0 length=16 loss=20.247560501098633 cases=100
[nnknn-rl][eval] step=2182 mean_return=487.50 max_return=500.00
[nnknn-rl] step=2449 episode=110 return=43.0 length=43 loss=None cases=100
[nnknn-rl] step=2667 episode=120 return=15.0 length=15 loss=28.085905075073242 cases=100
[nnknn-rl] step=2881 episode=130 return=10.0 length=10 loss=None cases=100
[nnknn-rl] step=3194 episode=140 return=41.0 length=41 loss=38.07207107543945 cases=100
[nnknn-rl] step=3452 episode=150 return=15.0 length=15 loss=None cases=100
[nnknn-rl] step=3706 episode=160 return=26.0 length=26 loss=36.758853912353516 cases=100
[nnknn-rl] step=3900 episode=170 return=12.0 length=12 loss=None cases=100
[nnknn-rl] step=4211 episode=180 return=14.0 length=14 loss=57.875247955322266 cases=100
[nnknn-rl] step=4442 episode=190 return=22.0 length=22 loss=None cases=100
[nnknn-rl][critic-holdout] step=4727 episodes=200 mse=10.8895 explained_variance=0.7247
[nnknn-rl] step=4727 episode=200 return=19.0 length=19 loss=34.583251953125 cases=100
[nnknn-rl][eval] step=4727 mean_return=440.50 max_return=500.00
[nnknn-rl] step=5060 episode=210 return=19.0 length=19 loss=None cases=100
[nnknn-rl] step=5313 episode=220 return=18.0 length=18 loss=27.387277603149414 cases=100
[nnknn-rl] step=5529 episode=230 return=18.0 length=18 loss=None cases=100
[nnknn-rl] step=5766 episode=240 return=16.0 length=16 loss=15.369812965393066 cases=96
[nnknn-rl] step=6117 episode=250 return=22.0 length=22 loss=None cases=100
[nnknn-rl] step=6399 episode=260 return=45.0 length=45 loss=34.728179931640625 cases=100
[nnknn-rl] step=6609 episode=270 return=38.0 length=38 loss=None cases=100
[nnknn-rl] step=6890 episode=280 return=18.0 length=18 loss=36.45069122314453 cases=100
[nnknn-rl] step=7130 episode=290 return=58.0 length=58 loss=None cases=100
[nnknn-rl][critic-holdout] step=7482 episodes=300 mse=40.9925 explained_variance=0.3835
[nnknn-rl] step=7482 episode=300 return=20.0 length=20 loss=73.94393920898438 cases=100
[nnknn-rl][eval] step=7482 mean_return=109.00 max_return=161.00
[nnknn-rl] step=7831 episode=310 return=65.0 length=65 loss=None cases=100
[nnknn-rl] step=8220 episode=320 return=42.0 length=42 loss=78.78440856933594 cases=100
[nnknn-rl] step=8471 episode=330 return=16.0 length=16 loss=None cases=98
[nnknn-rl] step=8759 episode=340 return=53.0 length=53 loss=41.82255935668945 cases=100
[nnknn-rl] step=9090 episode=350 return=13.0 length=13 loss=None cases=100
[nnknn-rl] step=9315 episode=360 return=18.0 length=18 loss=21.067813873291016 cases=100
[nnknn-rl] step=9601 episode=370 return=10.0 length=10 loss=None cases=100
[nnknn-rl] step=9874 episode=380 return=14.0 length=14 loss=17.20966339111328 cases=100
[nnknn-rl] step=10136 episode=390 return=50.0 length=50 loss=None cases=100
[nnknn-rl][critic-holdout] step=10660 episodes=400 mse=24.3277 explained_variance=0.5778
[nnknn-rl] step=10660 episode=400 return=10.0 length=10 loss=132.4026336669922 cases=100
[nnknn-rl][eval] step=10660 mean_return=215.50 max_return=302.00
[nnknn-rl] step=10968 episode=410 return=11.0 length=11 loss=None cases=100
[nnknn-rl] step=11309 episode=420 return=21.0 length=21 loss=80.0546646118164 cases=100
[nnknn-rl] step=11544 episode=430 return=25.0 length=25 loss=None cases=100
[nnknn-rl] step=11907 episode=440 return=20.0 length=20 loss=49.13505172729492 cases=100
[nnknn-rl] step=12205 episode=450 return=24.0 length=24 loss=None cases=100
[nnknn-rl] step=12525 episode=460 return=28.0 length=28 loss=73.0934829711914 cases=100
[nnknn-rl] step=12801 episode=470 return=18.0 length=18 loss=None cases=100
[nnknn-rl] step=13070 episode=480 return=39.0 length=39 loss=26.413652420043945 cases=92
[nnknn-rl] step=13363 episode=490 return=27.0 length=27 loss=None cases=100
[nnknn-rl][critic-holdout] step=13674 episodes=500 mse=107.8128 explained_variance=0.2919
[nnknn-rl] step=13674 episode=500 return=36.0 length=36 loss=15.986117362976074 cases=97
[nnknn-rl][eval] step=13674 mean_return=423.70 max_return=500.00
[nnknn-rl] step=14002 episode=510 return=14.0 length=14 loss=None cases=100
[nnknn-rl] step=14459 episode=520 return=33.0 length=33 loss=87.73859405517578 cases=100
[nnknn-rl] step=14742 episode=530 return=43.0 length=43 loss=None cases=100
[nnknn-rl] step=14990 episode=540 return=35.0 length=35 loss=42.39861297607422 cases=100
[nnknn-rl] step=15221 episode=550 return=35.0 length=35 loss=None cases=100
[nnknn-rl] step=15524 episode=560 return=12.0 length=12 loss=51.63459777832031 cases=100
[nnknn-rl] step=15770 episode=570 return=23.0 length=23 loss=None cases=100
[nnknn-rl] step=16088 episode=580 return=38.0 length=38 loss=29.47549819946289 cases=100
[nnknn-rl] step=16462 episode=590 return=30.0 length=30 loss=None cases=100
[nnknn-rl][critic-holdout] step=16756 episodes=600 mse=21.3071 explained_variance=0.6070
[nnknn-rl] step=16756 episode=600 return=19.0 length=19 loss=35.512020111083984 cases=100
[nnknn-rl][eval] step=16756 mean_return=497.60 max_return=500.00
[nnknn-rl] step=17062 episode=610 return=13.0 length=13 loss=None cases=100
[nnknn-rl] step=17495 episode=620 return=21.0 length=21 loss=34.58939743041992 cases=100
[nnknn-rl] step=17815 episode=630 return=28.0 length=28 loss=None cases=100
[nnknn-rl] step=18280 episode=640 return=21.0 length=21 loss=79.12899017333984 cases=100
[nnknn-rl] step=18469 episode=650 return=24.0 length=24 loss=None cases=97
[nnknn-rl] step=18729 episode=660 return=21.0 length=21 loss=37.839881896972656 cases=99
[nnknn-rl] step=19076 episode=670 return=17.0 length=17 loss=None cases=100
[nnknn-rl] step=19488 episode=680 return=32.0 length=32 loss=79.27423858642578 cases=100
[nnknn-rl] step=19935 episode=690 return=48.0 length=48 loss=None cases=100
[nnknn-rl][critic-holdout] step=20183 episodes=700 mse=509.9790 explained_variance=0.2255
[nnknn-rl] step=20183 episode=700 return=20.0 length=20 loss=32.38547134399414 cases=100
[nnknn-rl][eval] step=20183 mean_return=392.60 max_return=457.00
[nnknn-rl] step=20414 episode=710 return=17.0 length=17 loss=None cases=99
[nnknn-rl] step=20706 episode=720 return=14.0 length=14 loss=27.156408309936523 cases=100
[nnknn-rl] step=21106 episode=730 return=59.0 length=59 loss=None cases=94
[nnknn-rl] step=21465 episode=740 return=45.0 length=45 loss=59.71006393432617 cases=100
[nnknn-rl] step=21862 episode=750 return=95.0 length=95 loss=None cases=99
[nnknn-rl] step=22229 episode=760 return=72.0 length=72 loss=52.723270416259766 cases=100
[nnknn-rl] step=22727 episode=770 return=58.0 length=58 loss=None cases=100
[nnknn-rl] step=23282 episode=780 return=55.0 length=55 loss=98.33417510986328 cases=100
[nnknn-rl] step=23763 episode=790 return=52.0 length=52 loss=None cases=100
[nnknn-rl][critic-holdout] step=24285 episodes=800 mse=608.2496 explained_variance=0.1637
[nnknn-rl] step=24285 episode=800 return=60.0 length=60 loss=74.02823638916016 cases=100
[nnknn-rl][eval] step=24285 mean_return=494.35 max_return=500.00
[nnknn-rl] step=24694 episode=810 return=31.0 length=31 loss=None cases=100
[nnknn-rl] step=25217 episode=820 return=74.0 length=74 loss=60.38957595825195 cases=100
[nnknn-rl] step=25884 episode=830 return=33.0 length=33 loss=None cases=100
[nnknn-rl] step=26438 episode=840 return=99.0 length=99 loss=119.11304473876953 cases=100
[nnknn-rl] step=26891 episode=850 return=41.0 length=41 loss=None cases=100
[nnknn-rl] step=27446 episode=860 return=100.0 length=100 loss=67.48529815673828 cases=100
[nnknn-rl] step=27854 episode=870 return=60.0 length=60 loss=None cases=100
[nnknn-rl] step=28320 episode=880 return=35.0 length=35 loss=55.723876953125 cases=100
[nnknn-rl] step=28964 episode=890 return=108.0 length=108 loss=None cases=97
[nnknn-rl][critic-holdout] step=29372 episodes=900 mse=723.7551 explained_variance=0.1479
[nnknn-rl] step=29372 episode=900 return=95.0 length=95 loss=59.33079147338867 cases=100
[nnknn-rl][eval] step=29372 mean_return=493.40 max_return=500.00
[nnknn-rl] step=29874 episode=910 return=24.0 length=24 loss=None cases=99
[nnknn-rl] step=30751 episode=920 return=71.0 length=71 loss=91.00125885009766 cases=100
[nnknn-rl] step=31573 episode=930 return=144.0 length=144 loss=None cases=98
[nnknn-rl] step=32272 episode=940 return=185.0 length=185 loss=91.34439086914062 cases=100
[nnknn-rl] step=33034 episode=950 return=88.0 length=88 loss=None cases=98
[nnknn-rl] step=33658 episode=960 return=90.0 length=90 loss=73.46722412109375 cases=100
[nnknn-rl] step=34646 episode=970 return=110.0 length=110 loss=None cases=99
[nnknn-rl] step=35682 episode=980 return=39.0 length=39 loss=82.13206481933594 cases=100
[nnknn-rl] step=36302 episode=990 return=30.0 length=30 loss=None cases=100
[nnknn-rl][critic-holdout] step=37310 episodes=1000 mse=626.0673 explained_variance=0.1838
[nnknn-rl] step=37310 episode=1000 return=161.0 length=161 loss=70.21900939941406 cases=100
[nnknn-rl][eval] step=37310 mean_return=484.25 max_return=500.00
[nnknn-rl] step=38282 episode=1010 return=53.0 length=53 loss=None cases=100
[nnknn-rl] step=39371 episode=1020 return=89.0 length=89 loss=61.02009201049805 cases=97
[nnknn-rl] step=40379 episode=1030 return=87.0 length=87 loss=None cases=100
[nnknn-rl] step=41349 episode=1040 return=159.0 length=159 loss=68.45824432373047 cases=100
[nnknn-rl] step=42309 episode=1050 return=29.0 length=29 loss=None cases=100
[nnknn-rl] step=43563 episode=1060 return=132.0 length=132 loss=61.37443161010742 cases=100
[nnknn-rl] step=45225 episode=1070 return=209.0 length=209 loss=None cases=100
[nnknn-rl] step=46552 episode=1080 return=148.0 length=148 loss=71.58708953857422 cases=100
[nnknn-rl] step=47742 episode=1090 return=147.0 length=147 loss=None cases=100
[nnknn-rl][critic-holdout] step=49690 episodes=1100 mse=1430.8712 explained_variance=0.1308
[nnknn-rl] step=49690 episode=1100 return=347.0 length=347 loss=67.94789123535156 cases=100
[nnknn-rl][eval] step=49690 mean_return=444.55 max_return=500.00
[nnknn-rl] step=51119 episode=1110 return=227.0 length=227 loss=None cases=100
[nnknn-rl] step=53238 episode=1120 return=382.0 length=382 loss=53.53547668457031 cases=100
[nnknn-rl] step=55071 episode=1130 return=282.0 length=282 loss=None cases=100
[nnknn-rl] step=57690 episode=1140 return=197.0 length=197 loss=46.420249938964844 cases=100
[nnknn-rl] step=59855 episode=1150 return=164.0 length=164 loss=None cases=95
[nnknn-rl] step=62313 episode=1160 return=306.0 length=306 loss=40.60643005371094 cases=92
[nnknn-rl] step=65472 episode=1170 return=308.0 length=308 loss=None cases=100
[nnknn-rl] step=68904 episode=1180 return=359.0 length=359 loss=45.54509735107422 cases=100
[nnknn-rl] step=72417 episode=1190 return=500.0 length=500 loss=None cases=100
[nnknn-rl][critic-holdout] step=75646 episodes=1200 mse=1903.9412 explained_variance=0.2653
[nnknn-rl] step=75646 episode=1200 return=231.0 length=231 loss=19.721044540405273 cases=100
[nnknn-rl][eval] step=75646 mean_return=468.55 max_return=500.00
[nnknn-rl] step=79151 episode=1210 return=349.0 length=349 loss=None cases=100
[nnknn-rl] step=82332 episode=1220 return=269.0 length=269 loss=47.82843017578125 cases=100
[nnknn-rl] step=85721 episode=1230 return=408.0 length=408 loss=None cases=100
[nnknn-rl] step=89018 episode=1240 return=500.0 length=500 loss=20.08120346069336 cases=100
[nnknn-rl] step=92325 episode=1250 return=202.0 length=202 loss=None cases=100
[nnknn-rl] step=96532 episode=1260 return=386.0 length=386 loss=18.661123275756836 cases=100
[nnknn-rl] step=100326 episode=1270 return=500.0 length=500 loss=None cases=100
[nnknn-rl] step=104247 episode=1280 return=296.0 length=296 loss=44.069618225097656 cases=100
[nnknn-rl] step=108226 episode=1290 return=327.0 length=327 loss=None cases=100
[nnknn-rl][critic-holdout] step=112088 episodes=1300 mse=1915.7401 explained_variance=0.2024
[nnknn-rl] step=112088 episode=1300 return=426.0 length=426 loss=35.833717346191406 cases=100
[nnknn-rl][eval] step=112088 mean_return=500.00 max_return=500.00
[nnknn-rl][early-stop] step=112088 reason=target_score
[nnknn-rl] finished profile=fast mean_eval_return=500.00 passed=True run_dir=results/rl/nnknn_rl_cartpole_20260822_161152_516563
{
  "task": "cartpole",
  "env_id": "CartPole-v1",
  "profile": "fast",
  "seed": 1,
  "total_timesteps": 112088,
  "configured_total_timesteps": 150000,
  "actual_timesteps": 112088,
  "eval_episodes": 20,
  "success_threshold": 475.0,
  "passed": true,
  "algorithm": "nnknn_actor_critic_separate_memory_gae",
  "actor_type": "nnknn",
  "critic_type": "nnknn",
  "architecture": {
    "separate_case_bases": true,
    "shared_nnknn_representation": true,
    "critic_target_shared_case_store": true,
    "actor_case_insertion": "raw_positive_advantage_only"
  },
  "gae": {
    "gamma": 0.99,
    "gae_lambda": 0.95,
    "advantage_clip": 5.0
  },
  "exploration": {
    "mode": "epsilon_mixed_policy",
    "applies_to_actor": true,
    "initial_epsilon": 1.0,
    "final_epsilon": 0.05,
    "fraction": 0.5,
    "final_step_epsilon": 0.05,
    "readiness": {
      "min_case_entries": 32,
      "min_cases_per_action": 8
    }
  },
  "final_eval": {
    "episodes": 20,
    "seed": 10000,
    "mean_return": 500.0,
    "std_return": 0.0,
    "min_return": 500.0,
    "max_return": 500.0,
    "mean_length": 500.0
  },
  "last_eval": {
    "episodes": 20,
    "seed": 10000,
    "mean_return": 500.0,
    "std_return": 0.0,
    "min_return": 500.0,
    "max_return": 500.0,
    "mean_length": 500.0
  },
  "selected_step": 112088,
  "selected_source": "final",
  "training_efficiency": {
    "best_model_step": 112088,
    "best_model_training_fraction": 1.0,
    "first_success_step": 2182,
    "first_success_training_fraction": 0.019466847476982373,
    "best_minus_last_return": 0.0,
    "budget_interpretation": "final_is_best_check_for_underfit"
  },
  "early_stopping": {
    "enabled": true,
    "patience": 30,
    "min_delta": 1.0,
    "min_steps": 25000,
    "target_score": 500.0,
    "best_mean_return": 500.0,
    "evaluations": 13,
    "evaluations_without_improvement": 0,
    "stopped_early": true,
    "stopping_reason": "target_score",
    "stopping_step": 112088
  },
  "case_entries": 100,
  "critic_case_entries": 100,
  "action_counts": [
    43,
    57
  ],
  "cases_pruned": 16686,
  "cases_replaced": 184051,
  "actor_cases_pruned": 11875,
  "actor_cases_replaced": 83785,
  "critic_cases_pruned": 4811,
  "critic_cases_replaced": 100266,
  "critic_label_updates": 809,
  "critic_label_update_samples": 6911,
  "partial_rollout_segments": 0,
  "partial_rollout_samples": 0,
  "critic_target_enabled": true,
  "critic_target_value_mode": "ema",
  "critic_target_sync_interval": 4,
  "critic_target_ema_tau": 0.05,
  "critic_target_value_syncs": 82,
  "critic_holdout_evaluations": 13,
  "latest_critic_holdout": {
    "global_step": 112088,
    "completed_episodes": 1300,
    "diagnostic_index": 13,
    "critic_holdout_mse": 1915.7401123046875,
    "critic_holdout_explained_variance": 0.2023613452911377,
    "critic_holdout_value_mean": 38.456905364990234,
    "critic_holdout_target_mean": 76.17324829101562,
    "critic_holdout_samples": 1954,
    "critic_holdout_episodes": 5,
    "critic_holdout_environment_steps": 1954,
    "critic_holdout_mean_episode_return": 390.8,
    "critic_holdout_mean_episode_length": 390.8,
    "critic_holdout_behavior_epsilon": 0.05,
    "critic_holdout_truncated_bootstraps": 1,
    "critic_holdout_target_method": "discounted_monte_carlo_with_truncation_bootstrap",
    "critic_holdout_bootstrap_source": "target_value_model",
    "critic_holdout_seed": 30060
  },
  "run_dir": "results/rl/nnknn_rl_cartpole_20260822_161152_516563"
}
Checkpoint: results/rl/nnknn_rl_cartpole_20260822_161152_516563/checkpoint.pt
