cases trainable: False
labels trainable: False
cases trainable: False
labels trainable: False
Enforcing normalize_over_cases = True for regression task.
[nnknn-rl] step=18 episode=1 return=18.0 length=18 loss=None cases=0
[nnknn-rl] step=32 episode=2 return=14.0 length=14 loss=None cases=0
[nnknn-rl] step=44 episode=3 return=12.0 length=12 loss=None cases=0
[nnknn-rl] step=62 episode=4 return=18.0 length=18 loss=49.5064582824707 cases=62
[nnknn-rl] step=87 episode=5 return=25.0 length=25 loss=None cases=62
[nnknn-rl] step=212 episode=10 return=35.0 length=35 loss=None cases=100
[nnknn-rl] step=399 episode=20 return=36.0 length=36 loss=27.874645233154297 cases=100
[nnknn-rl] step=695 episode=30 return=20.0 length=20 loss=None cases=100
[nnknn-rl] step=921 episode=40 return=14.0 length=14 loss=31.460105895996094 cases=100
[nnknn-rl] step=1172 episode=50 return=20.0 length=20 loss=None cases=100
[nnknn-rl] step=1372 episode=60 return=22.0 length=22 loss=15.678285598754883 cases=100
[nnknn-rl] step=1541 episode=70 return=18.0 length=18 loss=None cases=100
[nnknn-rl] step=1758 episode=80 return=17.0 length=17 loss=20.09422492980957 cases=100
[nnknn-rl] step=1985 episode=90 return=18.0 length=18 loss=None cases=100
[nnknn-rl][critic-holdout] step=2187 episodes=100 mse=192.1594 explained_variance=0.1427
[nnknn-rl] step=2187 episode=100 return=34.0 length=34 loss=20.817720413208008 cases=100
[nnknn-rl][eval] step=2187 mean_return=306.20 max_return=500.00
[nnknn-rl] step=2414 episode=110 return=19.0 length=19 loss=None cases=100
[nnknn-rl] step=2625 episode=120 return=10.0 length=10 loss=19.36216926574707 cases=100
[nnknn-rl] step=2855 episode=130 return=13.0 length=13 loss=None cases=100
[nnknn-rl] step=3033 episode=140 return=13.0 length=13 loss=17.472488403320312 cases=100
[nnknn-rl] step=3261 episode=150 return=32.0 length=32 loss=None cases=100
[nnknn-rl] step=3523 episode=160 return=32.0 length=32 loss=25.61020851135254 cases=100
[nnknn-rl] step=3788 episode=170 return=13.0 length=13 loss=None cases=100
[nnknn-rl] step=4066 episode=180 return=12.0 length=12 loss=57.83855056762695 cases=100
[nnknn-rl] step=4304 episode=190 return=26.0 length=26 loss=None cases=98
[nnknn-rl][critic-holdout] step=4530 episodes=200 mse=14.0398 explained_variance=0.6268
[nnknn-rl] step=4530 episode=200 return=23.0 length=23 loss=22.031686782836914 cases=100
[nnknn-rl][eval] step=4530 mean_return=49.90 max_return=101.00
[nnknn-rl] step=4787 episode=210 return=34.0 length=34 loss=None cases=97
[nnknn-rl] step=5096 episode=220 return=25.0 length=25 loss=69.52018737792969 cases=100
[nnknn-rl] step=5408 episode=230 return=49.0 length=49 loss=None cases=100
[nnknn-rl] step=5652 episode=240 return=25.0 length=25 loss=59.14606475830078 cases=100
[nnknn-rl] step=5914 episode=250 return=59.0 length=59 loss=None cases=97
[nnknn-rl] step=6196 episode=260 return=24.0 length=24 loss=24.380373001098633 cases=100
[nnknn-rl] step=6459 episode=270 return=24.0 length=24 loss=None cases=98
[nnknn-rl] step=6856 episode=280 return=59.0 length=59 loss=61.30231475830078 cases=100
[nnknn-rl] step=7143 episode=290 return=15.0 length=15 loss=None cases=92
[nnknn-rl][critic-holdout] step=7375 episodes=300 mse=43.4835 explained_variance=0.3545
[nnknn-rl] step=7375 episode=300 return=16.0 length=16 loss=59.83445358276367 cases=100
[nnknn-rl][eval] step=7375 mean_return=67.55 max_return=140.00
[nnknn-rl] step=7664 episode=310 return=32.0 length=32 loss=None cases=100
[nnknn-rl] step=7937 episode=320 return=17.0 length=17 loss=12.520684242248535 cases=100
[nnknn-rl] step=8285 episode=330 return=59.0 length=59 loss=None cases=100
[nnknn-rl] step=8544 episode=340 return=44.0 length=44 loss=35.80048370361328 cases=100
[nnknn-rl] step=8858 episode=350 return=24.0 length=24 loss=None cases=100
[nnknn-rl] step=9033 episode=360 return=13.0 length=13 loss=16.363605499267578 cases=100
[nnknn-rl] step=9356 episode=370 return=18.0 length=18 loss=None cases=100
[nnknn-rl] step=9688 episode=380 return=27.0 length=27 loss=41.868858337402344 cases=96
[nnknn-rl] step=9980 episode=390 return=40.0 length=40 loss=None cases=98
[nnknn-rl][critic-holdout] step=10251 episodes=400 mse=43.6232 explained_variance=0.4161
[nnknn-rl] step=10251 episode=400 return=12.0 length=12 loss=15.623149871826172 cases=100
[nnknn-rl][eval] step=10251 mean_return=62.35 max_return=128.00
[nnknn-rl] step=10523 episode=410 return=61.0 length=61 loss=None cases=100
[nnknn-rl] step=10864 episode=420 return=13.0 length=13 loss=102.28250885009766 cases=100
[nnknn-rl] step=11291 episode=430 return=35.0 length=35 loss=None cases=93
[nnknn-rl] step=11613 episode=440 return=13.0 length=13 loss=42.18048858642578 cases=100
[nnknn-rl] step=11859 episode=450 return=40.0 length=40 loss=None cases=100
[nnknn-rl] step=12178 episode=460 return=96.0 length=96 loss=77.11406707763672 cases=100
[nnknn-rl] step=12617 episode=470 return=104.0 length=104 loss=None cases=100
[nnknn-rl] step=12958 episode=480 return=22.0 length=22 loss=24.60285186767578 cases=100
[nnknn-rl] step=13297 episode=490 return=25.0 length=25 loss=None cases=100
[nnknn-rl][critic-holdout] step=13656 episodes=500 mse=100.0952 explained_variance=0.3318
[nnknn-rl] step=13656 episode=500 return=26.0 length=26 loss=21.561279296875 cases=100
[nnknn-rl][eval] step=13656 mean_return=392.25 max_return=500.00
[nnknn-rl] step=13895 episode=510 return=29.0 length=29 loss=None cases=100
[nnknn-rl] step=14305 episode=520 return=51.0 length=51 loss=36.090049743652344 cases=100
[nnknn-rl] step=14697 episode=530 return=62.0 length=62 loss=None cases=100
[nnknn-rl] step=15200 episode=540 return=59.0 length=59 loss=76.51152038574219 cases=100
[nnknn-rl] step=15588 episode=550 return=27.0 length=27 loss=None cases=98
[nnknn-rl] step=15843 episode=560 return=28.0 length=28 loss=26.62080192565918 cases=100
[nnknn-rl] step=16216 episode=570 return=32.0 length=32 loss=None cases=100
[nnknn-rl] step=16508 episode=580 return=20.0 length=20 loss=39.118995666503906 cases=100
[nnknn-rl] step=16747 episode=590 return=48.0 length=48 loss=None cases=100
[nnknn-rl][critic-holdout] step=16945 episodes=600 mse=20.0861 explained_variance=0.4995
[nnknn-rl] step=16945 episode=600 return=19.0 length=19 loss=23.85546875 cases=99
[nnknn-rl][eval] step=16945 mean_return=457.65 max_return=500.00
[nnknn-rl] step=17432 episode=610 return=49.0 length=49 loss=None cases=100
[nnknn-rl] step=17871 episode=620 return=115.0 length=115 loss=83.85128021240234 cases=100
[nnknn-rl] step=18246 episode=630 return=28.0 length=28 loss=None cases=98
[nnknn-rl] step=18568 episode=640 return=13.0 length=13 loss=28.58544921875 cases=100
[nnknn-rl] step=18850 episode=650 return=11.0 length=11 loss=None cases=100
[nnknn-rl] step=19166 episode=660 return=39.0 length=39 loss=33.77012634277344 cases=100
[nnknn-rl] step=19733 episode=670 return=16.0 length=16 loss=None cases=100
[nnknn-rl] step=20046 episode=680 return=45.0 length=45 loss=41.648399353027344 cases=100
[nnknn-rl] step=20411 episode=690 return=83.0 length=83 loss=None cases=100
[nnknn-rl][critic-holdout] step=20877 episodes=700 mse=725.5412 explained_variance=0.2066
[nnknn-rl] step=20877 episode=700 return=39.0 length=39 loss=83.49626159667969 cases=100
[nnknn-rl][eval] step=20877 mean_return=499.75 max_return=500.00
[nnknn-rl] step=21290 episode=710 return=16.0 length=16 loss=None cases=100
[nnknn-rl] step=21645 episode=720 return=34.0 length=34 loss=65.58792114257812 cases=100
[nnknn-rl] step=22124 episode=730 return=56.0 length=56 loss=None cases=100
[nnknn-rl] step=22377 episode=740 return=20.0 length=20 loss=22.315698623657227 cases=100
[nnknn-rl] step=22722 episode=750 return=65.0 length=65 loss=None cases=100
[nnknn-rl] step=23070 episode=760 return=21.0 length=21 loss=25.66594886779785 cases=100
[nnknn-rl] step=23365 episode=770 return=14.0 length=14 loss=None cases=100
[nnknn-rl] step=23781 episode=780 return=69.0 length=69 loss=54.888912200927734 cases=96
[nnknn-rl] step=24118 episode=790 return=73.0 length=73 loss=None cases=95
[nnknn-rl][critic-holdout] step=24559 episodes=800 mse=481.6362 explained_variance=0.1506
[nnknn-rl] step=24559 episode=800 return=60.0 length=60 loss=61.63954162597656 cases=100
[nnknn-rl][eval] step=24559 mean_return=194.05 max_return=297.00
[nnknn-rl] step=24909 episode=810 return=21.0 length=21 loss=None cases=99
[nnknn-rl] step=25269 episode=820 return=39.0 length=39 loss=40.66914367675781 cases=99
[nnknn-rl] step=25987 episode=830 return=52.0 length=52 loss=None cases=100
[nnknn-rl] step=26601 episode=840 return=44.0 length=44 loss=56.48842239379883 cases=100
[nnknn-rl] step=27012 episode=850 return=71.0 length=71 loss=None cases=97
[nnknn-rl] step=27509 episode=860 return=54.0 length=54 loss=67.87327575683594 cases=100
[nnknn-rl] step=28157 episode=870 return=43.0 length=43 loss=None cases=100
[nnknn-rl] step=28551 episode=880 return=30.0 length=30 loss=46.66421127319336 cases=100
[nnknn-rl] step=29294 episode=890 return=67.0 length=67 loss=None cases=100
[nnknn-rl][critic-holdout] step=29941 episodes=900 mse=221.1537 explained_variance=0.2236
[nnknn-rl] step=29941 episode=900 return=39.0 length=39 loss=70.34808349609375 cases=100
[nnknn-rl][eval] step=29941 mean_return=267.95 max_return=455.00
[nnknn-rl] step=30560 episode=910 return=51.0 length=51 loss=None cases=100
[nnknn-rl] step=31059 episode=920 return=34.0 length=34 loss=85.5086898803711 cases=100
[nnknn-rl] step=31699 episode=930 return=31.0 length=31 loss=None cases=100
[nnknn-rl] step=32310 episode=940 return=29.0 length=29 loss=70.15740203857422 cases=100
[nnknn-rl] step=32896 episode=950 return=14.0 length=14 loss=None cases=100
[nnknn-rl] step=33614 episode=960 return=171.0 length=171 loss=88.5750503540039 cases=100
[nnknn-rl] step=34599 episode=970 return=107.0 length=107 loss=None cases=100
[nnknn-rl] step=35458 episode=980 return=306.0 length=306 loss=103.49881744384766 cases=100
[nnknn-rl] step=36163 episode=990 return=56.0 length=56 loss=None cases=100
[nnknn-rl][critic-holdout] step=37250 episodes=1000 mse=364.9961 explained_variance=0.2225
[nnknn-rl] step=37250 episode=1000 return=53.0 length=53 loss=74.40499114990234 cases=95
[nnknn-rl][eval] step=37250 mean_return=455.00 max_return=500.00
[nnknn-rl] step=38147 episode=1010 return=133.0 length=133 loss=None cases=100
[nnknn-rl] step=38997 episode=1020 return=86.0 length=86 loss=66.06867980957031 cases=100
[nnknn-rl] step=40047 episode=1030 return=48.0 length=48 loss=None cases=99
[nnknn-rl] step=41246 episode=1040 return=32.0 length=32 loss=66.005859375 cases=100
[nnknn-rl] step=42159 episode=1050 return=35.0 length=35 loss=None cases=100
[nnknn-rl] step=43458 episode=1060 return=145.0 length=145 loss=60.87273025512695 cases=93
[nnknn-rl] step=44595 episode=1070 return=182.0 length=182 loss=None cases=100
[nnknn-rl] step=46083 episode=1080 return=88.0 length=88 loss=60.200218200683594 cases=100
[nnknn-rl] step=47342 episode=1090 return=16.0 length=16 loss=None cases=93
[nnknn-rl][critic-holdout] step=48743 episodes=1100 mse=811.0265 explained_variance=0.3112
[nnknn-rl] step=48743 episode=1100 return=122.0 length=122 loss=38.875850677490234 cases=100
[nnknn-rl][eval] step=48743 mean_return=500.00 max_return=500.00
[nnknn-rl][early-stop] step=48743 reason=target_score
[nnknn-rl] finished profile=fast mean_eval_return=500.00 passed=True run_dir=results/rl/nnknn_rl_cartpole_20260822_161152_513956
{
  "task": "cartpole",
  "env_id": "CartPole-v1",
  "profile": "fast",
  "seed": 0,
  "total_timesteps": 48743,
  "configured_total_timesteps": 150000,
  "actual_timesteps": 48743,
  "eval_episodes": 20,
  "success_threshold": 475.0,
  "passed": true,
  "algorithm": "nnknn_actor_critic_separate_memory_gae",
  "actor_type": "nnknn",
  "critic_type": "nnknn",
  "architecture": {
    "separate_case_bases": true,
    "shared_nnknn_representation": true,
    "critic_target_shared_case_store": true,
    "actor_case_insertion": "raw_positive_advantage_only"
  },
  "gae": {
    "gamma": 0.99,
    "gae_lambda": 0.95,
    "advantage_clip": 5.0
  },
  "exploration": {
    "mode": "epsilon_mixed_policy",
    "applies_to_actor": true,
    "initial_epsilon": 1.0,
    "final_epsilon": 0.05,
    "fraction": 0.5,
    "final_step_epsilon": 0.3825886666666667,
    "readiness": {
      "min_case_entries": 32,
      "min_cases_per_action": 8
    }
  },
  "final_eval": {
    "episodes": 20,
    "seed": 10000,
    "mean_return": 500.0,
    "std_return": 0.0,
    "min_return": 500.0,
    "max_return": 500.0,
    "mean_length": 500.0
  },
  "last_eval": {
    "episodes": 20,
    "seed": 10000,
    "mean_return": 500.0,
    "std_return": 0.0,
    "min_return": 500.0,
    "max_return": 500.0,
    "mean_length": 500.0
  },
  "selected_step": 48743,
  "selected_source": "final",
  "training_efficiency": {
    "best_model_step": 48743,
    "best_model_training_fraction": 1.0,
    "first_success_step": 20877,
    "first_success_training_fraction": 0.42830765443243135,
    "best_minus_last_return": 0.0,
    "budget_interpretation": "final_is_best_check_for_underfit"
  },
  "early_stopping": {
    "enabled": true,
    "patience": 30,
    "min_delta": 1.0,
    "min_steps": 25000,
    "target_score": 500.0,
    "best_mean_return": 499.75,
    "evaluations": 11,
    "evaluations_without_improvement": 3,
    "stopped_early": true,
    "stopping_reason": "target_score",
    "stopping_step": 48743
  },
  "case_entries": 100,
  "critic_case_entries": 100,
  "action_counts": [
    53,
    47
  ],
  "cases_pruned": 12468,
  "cases_replaced": 69918,
  "actor_cases_pruned": 8645,
  "actor_cases_replaced": 26068,
  "critic_cases_pruned": 3823,
  "critic_cases_replaced": 43850,
  "critic_label_updates": 406,
  "critic_label_update_samples": 970,
  "partial_rollout_segments": 0,
  "partial_rollout_samples": 0,
  "critic_target_enabled": true,
  "critic_target_value_mode": "ema",
  "critic_target_sync_interval": 4,
  "critic_target_ema_tau": 0.05,
  "critic_target_value_syncs": 69,
  "critic_holdout_evaluations": 11,
  "latest_critic_holdout": {
    "global_step": 48743,
    "completed_episodes": 1100,
    "diagnostic_index": 11,
    "critic_holdout_mse": 811.0264892578125,
    "critic_holdout_explained_variance": 0.3112252354621887,
    "critic_holdout_value_mean": 27.141109466552734,
    "critic_holdout_target_mean": 46.83088302612305,
    "critic_holdout_samples": 582,
    "critic_holdout_episodes": 5,
    "critic_holdout_environment_steps": 582,
    "critic_holdout_mean_episode_return": 116.4,
    "critic_holdout_mean_episode_length": 116.4,
    "critic_holdout_behavior_epsilon": 0.3825886666666667,
    "critic_holdout_truncated_bootstraps": 0,
    "critic_holdout_target_method": "discounted_monte_carlo_with_truncation_bootstrap",
    "critic_holdout_bootstrap_source": "target_value_model",
    "critic_holdout_seed": 30050
  },
  "run_dir": "results/rl/nnknn_rl_cartpole_20260822_161152_513956"
}
Checkpoint: results/rl/nnknn_rl_cartpole_20260822_161152_513956/checkpoint.pt
