cases trainable: False
labels trainable: False
cases trainable: False
labels trainable: False
Enforcing normalize_over_cases = True for regression task.
[nnknn-rl] step=18 episode=1 return=18.0 length=18 loss=None cases=0
[nnknn-rl] step=32 episode=2 return=14.0 length=14 loss=None cases=0
[nnknn-rl] step=44 episode=3 return=12.0 length=12 loss=None cases=0
[nnknn-rl] step=62 episode=4 return=18.0 length=18 loss=49.5064582824707 cases=62
[nnknn-rl] step=87 episode=5 return=25.0 length=25 loss=None cases=62
[nnknn-rl] step=212 episode=10 return=35.0 length=35 loss=None cases=138
[nnknn-rl] step=399 episode=20 return=36.0 length=36 loss=24.026826858520508 cases=249
[nnknn-rl] step=695 episode=30 return=20.0 length=20 loss=None cases=362
[nnknn-rl] step=921 episode=40 return=14.0 length=14 loss=28.867938995361328 cases=541
[nnknn-rl] step=1182 episode=50 return=21.0 length=21 loss=None cases=646
[nnknn-rl] step=1348 episode=60 return=34.0 length=34 loss=31.25540542602539 cases=709
[nnknn-rl] step=1577 episode=70 return=15.0 length=15 loss=None cases=794
[nnknn-rl] step=1795 episode=80 return=24.0 length=24 loss=23.29798698425293 cases=903
[nnknn-rl] step=2050 episode=90 return=26.0 length=26 loss=None cases=996
[nnknn-rl][critic-holdout] step=2258 episodes=100 mse=194.5724 explained_variance=0.1987
[nnknn-rl] step=2258 episode=100 return=11.0 length=11 loss=28.13071632385254 cases=1053
[nnknn-rl][eval] step=2258 mean_return=138.35 max_return=242.00
[nnknn-rl] step=2452 episode=110 return=17.0 length=17 loss=None cases=1105
[nnknn-rl] step=2669 episode=120 return=13.0 length=13 loss=19.04361915588379 cases=1227
[nnknn-rl] step=2906 episode=130 return=20.0 length=20 loss=None cases=1333
[nnknn-rl] step=3113 episode=140 return=29.0 length=29 loss=14.701004981994629 cases=1351
[nnknn-rl] step=3409 episode=150 return=14.0 length=14 loss=None cases=1491
[nnknn-rl] step=3629 episode=160 return=17.0 length=17 loss=22.21539878845215 cases=1635
[nnknn-rl] step=3938 episode=170 return=49.0 length=49 loss=None cases=1787
[nnknn-rl] step=4136 episode=180 return=18.0 length=18 loss=12.44255256652832 cases=1799
[nnknn-rl] step=4409 episode=190 return=11.0 length=11 loss=None cases=1940
[nnknn-rl][critic-holdout] step=4623 episodes=200 mse=28.9244 explained_variance=0.5890
[nnknn-rl] step=4623 episode=200 return=8.0 length=8 loss=19.132984161376953 cases=1965
[nnknn-rl][eval] step=4623 mean_return=443.50 max_return=500.00
[nnknn-rl] step=4943 episode=210 return=16.0 length=16 loss=None cases=1956
[nnknn-rl] step=5187 episode=220 return=16.0 length=16 loss=32.21470260620117 cases=1895
[nnknn-rl] step=5427 episode=230 return=13.0 length=13 loss=None cases=1988
[nnknn-rl] step=5684 episode=240 return=31.0 length=31 loss=28.45015525817871 cases=1920
[nnknn-rl] step=5910 episode=250 return=55.0 length=55 loss=None cases=1974
[nnknn-rl] step=6199 episode=260 return=33.0 length=33 loss=48.285865783691406 cases=1891
[nnknn-rl] step=6483 episode=270 return=21.0 length=21 loss=None cases=1939
[nnknn-rl] step=6763 episode=280 return=20.0 length=20 loss=24.0600528717041 cases=1912
[nnknn-rl] step=6974 episode=290 return=19.0 length=19 loss=None cases=2000
[nnknn-rl][critic-holdout] step=7226 episodes=300 mse=47.7958 explained_variance=0.2634
[nnknn-rl] step=7226 episode=300 return=10.0 length=10 loss=51.35591125488281 cases=1950
[nnknn-rl][eval] step=7226 mean_return=393.65 max_return=500.00
[nnknn-rl] step=7543 episode=310 return=22.0 length=22 loss=None cases=1962
[nnknn-rl] step=7839 episode=320 return=60.0 length=60 loss=78.08675384521484 cases=1997
[nnknn-rl] step=8081 episode=330 return=46.0 length=46 loss=None cases=2000
[nnknn-rl] step=8328 episode=340 return=8.0 length=8 loss=28.829936981201172 cases=2000
[nnknn-rl] step=8726 episode=350 return=34.0 length=34 loss=None cases=2000
[nnknn-rl] step=9012 episode=360 return=32.0 length=32 loss=25.10796356201172 cases=2000
[nnknn-rl] step=9291 episode=370 return=24.0 length=24 loss=None cases=2000
[nnknn-rl] step=9559 episode=380 return=11.0 length=11 loss=33.5347900390625 cases=2000
[nnknn-rl] step=9886 episode=390 return=13.0 length=13 loss=None cases=2000
[nnknn-rl][critic-holdout] step=10120 episodes=400 mse=37.1013 explained_variance=0.3774
[nnknn-rl] step=10120 episode=400 return=16.0 length=16 loss=24.574878692626953 cases=2000
[nnknn-rl][eval] step=10120 mean_return=394.80 max_return=500.00
[nnknn-rl] step=10403 episode=410 return=15.0 length=15 loss=None cases=2000
[nnknn-rl] step=10815 episode=420 return=50.0 length=50 loss=76.20574188232422 cases=2000
[nnknn-rl] step=11155 episode=430 return=48.0 length=48 loss=None cases=2000
[nnknn-rl] step=11523 episode=440 return=37.0 length=37 loss=69.83697509765625 cases=2000
[nnknn-rl] step=11805 episode=450 return=11.0 length=11 loss=None cases=2000
[nnknn-rl] step=12089 episode=460 return=29.0 length=29 loss=40.877540588378906 cases=2000
[nnknn-rl] step=12403 episode=470 return=23.0 length=23 loss=None cases=2000
[nnknn-rl] step=12699 episode=480 return=26.0 length=26 loss=17.007061004638672 cases=2000
[nnknn-rl] step=13025 episode=490 return=11.0 length=11 loss=None cases=2000
[nnknn-rl][critic-holdout] step=13332 episodes=500 mse=69.1692 explained_variance=0.3273
[nnknn-rl] step=13332 episode=500 return=20.0 length=20 loss=25.85222625732422 cases=2000
[nnknn-rl][eval] step=13332 mean_return=413.75 max_return=500.00
[nnknn-rl] step=13608 episode=510 return=14.0 length=14 loss=None cases=2000
[nnknn-rl] step=13976 episode=520 return=13.0 length=13 loss=70.1230239868164 cases=2000
[nnknn-rl] step=14431 episode=530 return=27.0 length=27 loss=None cases=2000
[nnknn-rl] step=14793 episode=540 return=75.0 length=75 loss=63.435787200927734 cases=2000
[nnknn-rl] step=15187 episode=550 return=56.0 length=56 loss=None cases=2000
[nnknn-rl] step=15692 episode=560 return=36.0 length=36 loss=103.94109344482422 cases=2000
[nnknn-rl] step=15954 episode=570 return=24.0 length=24 loss=None cases=2000
[nnknn-rl] step=16462 episode=580 return=58.0 length=58 loss=75.68362426757812 cases=2000
[nnknn-rl] step=16752 episode=590 return=48.0 length=48 loss=None cases=2000
[nnknn-rl][critic-holdout] step=17155 episodes=600 mse=101.4302 explained_variance=0.3755
[nnknn-rl] step=17155 episode=600 return=55.0 length=55 loss=95.29615783691406 cases=2000
[nnknn-rl][eval] step=17155 mean_return=376.75 max_return=500.00
[nnknn-rl] step=17474 episode=610 return=14.0 length=14 loss=None cases=2000
[nnknn-rl] step=17939 episode=620 return=42.0 length=42 loss=85.91020965576172 cases=2000
[nnknn-rl] step=18256 episode=630 return=58.0 length=58 loss=None cases=2000
[nnknn-rl] step=18618 episode=640 return=18.0 length=18 loss=44.554298400878906 cases=1996
[nnknn-rl] step=18916 episode=650 return=64.0 length=64 loss=None cases=2000
[nnknn-rl] step=19292 episode=660 return=26.0 length=26 loss=43.61720275878906 cases=2000
[nnknn-rl] step=19631 episode=670 return=11.0 length=11 loss=None cases=2000
[nnknn-rl] step=19924 episode=680 return=52.0 length=52 loss=62.484825134277344 cases=2000
[nnknn-rl] step=20162 episode=690 return=30.0 length=30 loss=None cases=2000
[nnknn-rl][critic-holdout] step=20651 episodes=700 mse=497.5768 explained_variance=0.2672
[nnknn-rl] step=20651 episode=700 return=52.0 length=52 loss=62.45280075073242 cases=2000
[nnknn-rl][eval] step=20651 mean_return=367.85 max_return=500.00
[nnknn-rl] step=21290 episode=710 return=92.0 length=92 loss=None cases=2000
[nnknn-rl] step=21761 episode=720 return=36.0 length=36 loss=52.860748291015625 cases=2000
[nnknn-rl] step=22272 episode=730 return=14.0 length=14 loss=None cases=2000
[nnknn-rl] step=22517 episode=740 return=69.0 length=69 loss=60.395545959472656 cases=2000
[nnknn-rl] step=22906 episode=750 return=18.0 length=18 loss=None cases=2000
[nnknn-rl] step=23399 episode=760 return=35.0 length=35 loss=36.987342834472656 cases=2000
[nnknn-rl] step=23629 episode=770 return=15.0 length=15 loss=None cases=2000
[nnknn-rl] step=24075 episode=780 return=52.0 length=52 loss=71.12373352050781 cases=2000
[nnknn-rl] step=24394 episode=790 return=21.0 length=21 loss=None cases=2000
[nnknn-rl][critic-holdout] step=24891 episodes=800 mse=373.1111 explained_variance=0.2517
[nnknn-rl] step=24891 episode=800 return=16.0 length=16 loss=88.1388931274414 cases=2000
[nnknn-rl][eval] step=24891 mean_return=315.75 max_return=500.00
[nnknn-rl] step=25204 episode=810 return=27.0 length=27 loss=None cases=2000
[nnknn-rl] step=25727 episode=820 return=106.0 length=106 loss=79.80330657958984 cases=2000
[nnknn-rl] step=26327 episode=830 return=34.0 length=34 loss=None cases=2000
[nnknn-rl] step=26726 episode=840 return=18.0 length=18 loss=70.77875518798828 cases=2000
[nnknn-rl] step=27106 episode=850 return=61.0 length=61 loss=None cases=2000
[nnknn-rl] step=27763 episode=860 return=101.0 length=101 loss=109.38703918457031 cases=2000
[nnknn-rl] step=28342 episode=870 return=52.0 length=52 loss=None cases=2000
[nnknn-rl] step=29151 episode=880 return=106.0 length=106 loss=105.40667724609375 cases=2000
[nnknn-rl] step=29921 episode=890 return=137.0 length=137 loss=None cases=2000
[nnknn-rl][critic-holdout] step=30556 episodes=900 mse=744.1842 explained_variance=0.2265
[nnknn-rl] step=30556 episode=900 return=73.0 length=73 loss=67.33928680419922 cases=2000
[nnknn-rl][eval] step=30556 mean_return=337.70 max_return=500.00
[nnknn-rl] step=31130 episode=910 return=71.0 length=71 loss=None cases=2000
[nnknn-rl] step=31958 episode=920 return=261.0 length=261 loss=118.7451400756836 cases=2000
[nnknn-rl] step=32677 episode=930 return=65.0 length=65 loss=None cases=2000
[nnknn-rl] step=33439 episode=940 return=26.0 length=26 loss=95.08651733398438 cases=2000
[nnknn-rl] step=34062 episode=950 return=68.0 length=68 loss=None cases=2000
[nnknn-rl] step=35013 episode=960 return=70.0 length=70 loss=93.96598052978516 cases=2000
[nnknn-rl] step=35654 episode=970 return=45.0 length=45 loss=None cases=2000
[nnknn-rl] step=36521 episode=980 return=115.0 length=115 loss=100.9968032836914 cases=2000
[nnknn-rl] step=37236 episode=990 return=41.0 length=41 loss=None cases=2000
[nnknn-rl][critic-holdout] step=38203 episodes=1000 mse=228.5359 explained_variance=0.2697
[nnknn-rl] step=38203 episode=1000 return=78.0 length=78 loss=121.74861145019531 cases=2000
[nnknn-rl][eval] step=38203 mean_return=368.65 max_return=500.00
[nnknn-rl] step=39214 episode=1010 return=64.0 length=64 loss=None cases=2000
[nnknn-rl] step=40305 episode=1020 return=19.0 length=19 loss=108.24679565429688 cases=2000
[nnknn-rl] step=41576 episode=1030 return=188.0 length=188 loss=None cases=2000
[nnknn-rl] step=42728 episode=1040 return=64.0 length=64 loss=104.24810791015625 cases=1942
[nnknn-rl] step=44072 episode=1050 return=135.0 length=135 loss=None cases=2000
[nnknn-rl] step=45722 episode=1060 return=254.0 length=254 loss=114.62084197998047 cases=2000
[nnknn-rl] step=47369 episode=1070 return=31.0 length=31 loss=None cases=2000
[nnknn-rl] step=49322 episode=1080 return=63.0 length=63 loss=123.59373474121094 cases=2000
[nnknn-rl] step=50977 episode=1090 return=296.0 length=296 loss=None cases=2000
[nnknn-rl][critic-holdout] step=52872 episodes=1100 mse=648.6462 explained_variance=0.2210
[nnknn-rl] step=52872 episode=1100 return=173.0 length=173 loss=106.32232666015625 cases=2000
[nnknn-rl][eval] step=52872 mean_return=370.40 max_return=500.00
[nnknn-rl] step=54511 episode=1110 return=217.0 length=217 loss=None cases=2000
[nnknn-rl] step=56354 episode=1120 return=139.0 length=139 loss=92.24870300292969 cases=1809
[nnknn-rl] step=58572 episode=1130 return=209.0 length=209 loss=None cases=2000
[nnknn-rl] step=60719 episode=1140 return=254.0 length=254 loss=72.99854278564453 cases=2000
[nnknn-rl] step=62682 episode=1150 return=159.0 length=159 loss=None cases=1811
[nnknn-rl] step=65339 episode=1160 return=185.0 length=185 loss=70.52368927001953 cases=1859
[nnknn-rl] step=67895 episode=1170 return=288.0 length=288 loss=None cases=2000
[nnknn-rl] step=71058 episode=1180 return=272.0 length=272 loss=78.29835510253906 cases=2000
[nnknn-rl] step=73903 episode=1190 return=241.0 length=241 loss=None cases=1844
[nnknn-rl][critic-holdout] step=77549 episodes=1200 mse=1032.9750 explained_variance=0.4443
[nnknn-rl] step=77549 episode=1200 return=279.0 length=279 loss=63.61018371582031 cases=2000
[nnknn-rl][eval] step=77549 mean_return=291.55 max_return=500.00
[nnknn-rl] step=80939 episode=1210 return=238.0 length=238 loss=None cases=1882
[nnknn-rl] step=84362 episode=1220 return=274.0 length=274 loss=70.09049987792969 cases=1838
[nnknn-rl] step=88279 episode=1230 return=305.0 length=305 loss=None cases=1825
[nnknn-rl] step=91719 episode=1240 return=265.0 length=265 loss=80.38874816894531 cases=2000
[nnknn-rl] step=96109 episode=1250 return=415.0 length=415 loss=None cases=2000
[nnknn-rl] step=100623 episode=1260 return=413.0 length=413 loss=76.11495971679688 cases=1824
[nnknn-rl] step=104689 episode=1270 return=363.0 length=363 loss=None cases=2000
[nnknn-rl] step=109094 episode=1280 return=500.0 length=500 loss=54.06369400024414 cases=2000
[nnknn-rl] step=113336 episode=1290 return=500.0 length=500 loss=None cases=2000
[nnknn-rl][critic-holdout] step=117808 episodes=1300 mse=707.6718 explained_variance=0.2788
[nnknn-rl] step=117808 episode=1300 return=500.0 length=500 loss=61.89999008178711 cases=2000
[nnknn-rl][eval] step=117808 mean_return=455.90 max_return=500.00
[nnknn-rl] step=121536 episode=1310 return=433.0 length=433 loss=None cases=1823
[nnknn-rl] step=125296 episode=1320 return=313.0 length=313 loss=50.24019241333008 cases=1854
[nnknn-rl] step=129056 episode=1330 return=298.0 length=298 loss=None cases=1807
[nnknn-rl] step=133584 episode=1340 return=338.0 length=338 loss=80.99537658691406 cases=1866
[nnknn-rl] step=137095 episode=1350 return=146.0 length=146 loss=None cases=2000
[nnknn-rl] step=141896 episode=1360 return=408.0 length=408 loss=65.35556030273438 cases=2000
[nnknn-rl] step=146471 episode=1370 return=299.0 length=299 loss=None cases=2000
[nnknn-rl] finished profile=fast mean_eval_return=455.90 passed=False run_dir=results/rl/nnknn_rl_cartpole_20260822_161152_495843
{
  "task": "cartpole",
  "env_id": "CartPole-v1",
  "profile": "fast",
  "seed": 0,
  "total_timesteps": 150000,
  "configured_total_timesteps": 150000,
  "actual_timesteps": 150000,
  "eval_episodes": 20,
  "success_threshold": 475.0,
  "passed": false,
  "algorithm": "nnknn_actor_critic_separate_memory_gae",
  "actor_type": "nnknn",
  "critic_type": "nnknn",
  "architecture": {
    "separate_case_bases": true,
    "shared_nnknn_representation": true,
    "critic_target_shared_case_store": true,
    "actor_case_insertion": "raw_positive_advantage_only"
  },
  "gae": {
    "gamma": 0.99,
    "gae_lambda": 0.95,
    "advantage_clip": 5.0
  },
  "exploration": {
    "mode": "epsilon_mixed_policy",
    "applies_to_actor": true,
    "initial_epsilon": 1.0,
    "final_epsilon": 0.05,
    "fraction": 0.5,
    "final_step_epsilon": 0.05,
    "readiness": {
      "min_case_entries": 32,
      "min_cases_per_action": 8
    }
  },
  "final_eval": {
    "episodes": 20,
    "seed": 10000,
    "mean_return": 455.8999938964844,
    "std_return": 40.611454010009766,
    "min_return": 375.0,
    "max_return": 500.0,
    "mean_length": 455.8999938964844
  },
  "last_eval": {
    "episodes": 20,
    "seed": 10000,
    "mean_return": 447.29998779296875,
    "std_return": 44.59943771362305,
    "min_return": 369.0,
    "max_return": 500.0,
    "mean_length": 447.29998779296875
  },
  "selected_step": 117808,
  "selected_source": "best_eval",
  "training_efficiency": {
    "best_model_step": 117808,
    "best_model_training_fraction": 0.7853866666666667,
    "first_success_step": null,
    "first_success_training_fraction": null,
    "best_minus_last_return": 8.600006103515625,
    "budget_interpretation": "unsolved_or_underfit"
  },
  "early_stopping": {
    "enabled": true,
    "patience": 30,
    "min_delta": 1.0,
    "min_steps": 25000,
    "target_score": 500.0,
    "best_mean_return": 455.8999938964844,
    "evaluations": 13,
    "evaluations_without_improvement": 0,
    "stopped_early": false,
    "stopping_reason": "budget_exhausted",
    "stopping_step": 150000
  },
  "case_entries": 2000,
  "critic_case_entries": 1834,
  "action_counts": [
    958,
    1042
  ],
  "cases_pruned": 102330,
  "cases_replaced": 164098,
  "actor_cases_pruned": 45227,
  "actor_cases_replaced": 75110,
  "critic_cases_pruned": 57103,
  "critic_cases_replaced": 88988,
  "critic_label_updates": 623,
  "critic_label_update_samples": 1909,
  "partial_rollout_segments": 1,
  "partial_rollout_samples": 185,
  "critic_target_enabled": true,
  "critic_target_value_mode": "ema",
  "critic_target_sync_interval": 4,
  "critic_target_ema_tau": 0.05,
  "critic_target_value_syncs": 87,
  "critic_holdout_evaluations": 13,
  "latest_critic_holdout": {
    "global_step": 117808,
    "completed_episodes": 1300,
    "diagnostic_index": 13,
    "critic_holdout_mse": 707.6717529296875,
    "critic_holdout_explained_variance": 0.27877897024154663,
    "critic_holdout_value_mean": 61.05615997314453,
    "critic_holdout_target_mean": 78.98601531982422,
    "critic_holdout_samples": 2043,
    "critic_holdout_episodes": 5,
    "critic_holdout_environment_steps": 2043,
    "critic_holdout_mean_episode_return": 408.6,
    "critic_holdout_mean_episode_length": 408.6,
    "critic_holdout_behavior_epsilon": 0.05,
    "critic_holdout_truncated_bootstraps": 2,
    "critic_holdout_target_method": "discounted_monte_carlo_with_truncation_bootstrap",
    "critic_holdout_bootstrap_source": "target_value_model",
    "critic_holdout_seed": 30060
  },
  "run_dir": "results/rl/nnknn_rl_cartpole_20260822_161152_495843"
}
Checkpoint: results/rl/nnknn_rl_cartpole_20260822_161152_495843/checkpoint.pt
