A.L.E: Arcade Learning Environment (version 0.12.1+8a8fafb)
[Powered by Stella]
[nec] step=977 episode=1 return=-21.0 length=977 epsilon=0.981 loss=None entries=977
[nec] step=1878 episode=2 return=-21.0 length=901 epsilon=0.964 loss=None entries=1878
[nec] step=2805 episode=3 return=-20.0 length=927 epsilon=0.947 loss=0.1526443213224411 entries=2805
[nec] step=3704 episode=4 return=-20.0 length=899 epsilon=0.930 loss=0.15877392888069153 entries=3704
[nec] step=4468 episode=5 return=-21.0 length=764 epsilon=0.915 loss=0.1694900393486023 entries=4468
[nec] step=9185 episode=10 return=-21.0 length=1032 epsilon=0.826 loss=0.061249393969774246 entries=9185
[nec] step=18699 episode=20 return=-20.0 length=990 epsilon=0.645 loss=0.06826318800449371 entries=18699
[nec][eval] step=25000 mean_return=-19.60 max_return=-19.00
[nec] step=29075 episode=30 return=-19.0 length=1088 epsilon=0.448 loss=0.06383256614208221 entries=29075
[nec] step=39262 episode=40 return=-20.0 length=1089 epsilon=0.254 loss=0.07715859264135361 entries=39262
[nec][eval] step=50000 mean_return=-20.00 max_return=-19.00
[nec] step=50589 episode=50 return=-21.0 length=1205 epsilon=0.050 loss=0.06463365256786346 entries=50589
[nec] step=62406 episode=60 return=-20.0 length=1190 epsilon=0.050 loss=0.08652005344629288 entries=59696
[nec][eval] step=75000 mean_return=-19.80 max_return=-18.00
[nec] step=75218 episode=70 return=-17.0 length=1310 epsilon=0.050 loss=0.10885423421859741 entries=60000
[nec] step=87214 episode=80 return=-19.0 length=1455 epsilon=0.050 loss=0.08459796011447906 entries=60000
[nec][eval] step=100000 mean_return=-18.40 max_return=-16.00
[nec] step=100666 episode=90 return=-20.0 length=1255 epsilon=0.050 loss=0.11030691117048264 entries=60000
[nec] step=112423 episode=100 return=-19.0 length=1182 epsilon=0.050 loss=0.09543904662132263 entries=60000
[nec][eval] step=68762 episode=65 candidate_return=-16.0 mean_return=-20.00 max_return=-18.00
[nec] step=124372 episode=110 return=-20.0 length=1039 epsilon=0.050 loss=0.08007067441940308 entries=60000
[nec][eval] step=125000 mean_return=-19.60 max_return=-19.00
[nec] step=136113 episode=120 return=-20.0 length=1139 epsilon=0.050 loss=0.08480952680110931 entries=60000
[nec] step=148440 episode=130 return=-21.0 length=902 epsilon=0.050 loss=0.13147513568401337 entries=60000
[nec][eval] step=150000 mean_return=-18.80 max_return=-18.00
[nec] step=160431 episode=140 return=-20.0 length=1258 epsilon=0.050 loss=0.09338194131851196 entries=60000
[nec] step=173236 episode=150 return=-21.0 length=1339 epsilon=0.050 loss=0.10975248366594315 entries=60000
[nec][eval] step=175000 mean_return=-18.60 max_return=-17.00
[nec] step=186274 episode=160 return=-17.0 length=1405 epsilon=0.050 loss=0.11705339699983597 entries=60000
[nec] step=199012 episode=170 return=-19.0 length=1384 epsilon=0.050 loss=0.1129375621676445 entries=60000
[nec][eval] step=200000 mean_return=-19.40 max_return=-17.00
[nec] step=211382 episode=180 return=-18.0 length=1288 epsilon=0.050 loss=0.11929203569889069 entries=60000
[nec] step=224601 episode=190 return=-20.0 length=1318 epsilon=0.050 loss=0.10998836159706116 entries=60000
[nec][eval] step=225000 mean_return=-20.00 max_return=-19.00
[nec] step=237856 episode=200 return=-18.0 length=1399 epsilon=0.050 loss=0.09367045760154724 entries=60000
[nec][eval] step=215484 episode=183 candidate_return=-16.0 mean_return=-19.40 max_return=-17.00
[nec] step=249936 episode=210 return=-18.0 length=1104 epsilon=0.050 loss=0.08653336763381958 entries=60000
[nec][eval] step=250000 mean_return=-19.00 max_return=-17.00
[nec] step=263573 episode=220 return=-18.0 length=1299 epsilon=0.050 loss=0.08055534958839417 entries=60000
[nec] step=274555 episode=230 return=-20.0 length=1190 epsilon=0.050 loss=0.10237471759319305 entries=60000
[nec][eval] step=275000 mean_return=-18.40 max_return=-17.00
[nec] step=287253 episode=240 return=-20.0 length=1179 epsilon=0.050 loss=0.09959173202514648 entries=60000
[nec] step=299556 episode=250 return=-19.0 length=1263 epsilon=0.050 loss=0.08688871562480927 entries=60000
[nec][eval] step=300000 mean_return=-19.40 max_return=-18.00
[nec] step=312041 episode=260 return=-20.0 length=1307 epsilon=0.050 loss=0.09029805660247803 entries=60000
[nec] step=324769 episode=270 return=-20.0 length=1120 epsilon=0.050 loss=0.09382081031799316 entries=60000
[nec][eval] step=325000 mean_return=-18.60 max_return=-18.00
[nec] step=337787 episode=280 return=-20.0 length=1059 epsilon=0.050 loss=0.09403002262115479 entries=60000
[nec] step=349807 episode=290 return=-19.0 length=1044 epsilon=0.050 loss=0.08571954816579819 entries=60000
[nec][eval] step=350000 mean_return=-19.80 max_return=-18.00
[nec] step=362311 episode=300 return=-19.0 length=1194 epsilon=0.050 loss=0.08487777411937714 entries=60000
[nec][eval] step=296063 episode=247 candidate_return=-16.0 mean_return=-18.40 max_return=-15.00
[nec][eval] step=375000 mean_return=-20.00 max_return=-19.00
[nec] step=375905 episode=310 return=-20.0 length=1337 epsilon=0.050 loss=0.09263202548027039 entries=60000
[nec] step=388463 episode=320 return=-21.0 length=1183 epsilon=0.050 loss=0.09019842743873596 entries=60000
[nec][eval] step=400000 mean_return=-18.60 max_return=-18.00
[nec] step=401198 episode=330 return=-19.0 length=1364 epsilon=0.050 loss=0.09253332018852234 entries=60000
[nec] step=414303 episode=340 return=-17.0 length=1378 epsilon=0.050 loss=0.11306148767471313 entries=60000
[nec][eval] step=425000 mean_return=-19.60 max_return=-18.00
[nec] step=426813 episode=350 return=-18.0 length=1220 epsilon=0.050 loss=0.09306660294532776 entries=60000
[nec] step=440239 episode=360 return=-19.0 length=1338 epsilon=0.050 loss=0.09666343778371811 entries=60000
[nec][eval] step=450000 mean_return=-19.00 max_return=-18.00
[nec] step=453062 episode=370 return=-18.0 length=1340 epsilon=0.050 loss=0.09371886402368546 entries=60000
[nec] step=466076 episode=380 return=-19.0 length=1290 epsilon=0.050 loss=0.09591901302337646 entries=60000
[nec][eval] step=475000 mean_return=-19.20 max_return=-17.00
[nec] step=479659 episode=390 return=-18.0 length=1325 epsilon=0.050 loss=0.10001493245363235 entries=60000
[nec] step=493472 episode=400 return=-20.0 length=1159 epsilon=0.050 loss=0.06783337146043777 entries=60000
[nec][eval] step=484133 episode=393 candidate_return=-16.0 mean_return=-19.60 max_return=-18.00
[nec][eval] step=500000 mean_return=-19.40 max_return=-18.00
[nec] finished profile=fast mean_eval_return=-18.40 passed=False run_dir=results\rl\nec_ale_pong_20260904_051405_609221
{
  "task": "ale_pong",
  "env_id": "ALE/Pong-v5",
  "profile": "fast",
  "seed": 0,
  "total_timesteps": 500000,
  "configured_total_timesteps": 500000,
  "actual_timesteps": 500000,
  "eval_episodes": 5,
  "success_threshold": 0.0,
  "passed": false,
  "final_eval": {
    "episodes": 5,
    "seed": 10000,
    "mean_return": -18.399999618530273,
    "std_return": 1.3564659357070923,
    "min_return": -20.0,
    "max_return": -16.0,
    "mean_length": 1174.0
  },
  "last_eval": {
    "episodes": 5,
    "seed": 10000,
    "mean_return": -19.399999618530273,
    "std_return": 1.0198038816452026,
    "min_return": -21.0,
    "max_return": -18.0,
    "mean_length": 1305.5999755859375
  },
  "selected_step": 100000,
  "selected_source": "best_eval",
  "training_efficiency": {
    "best_model_step": 100000,
    "best_model_training_fraction": 0.2,
    "first_success_step": null,
    "first_success_training_fraction": null,
    "best_minus_last_return": 1.0,
    "budget_interpretation": "unsolved_or_underfit"
  },
  "early_stopping": {
    "enabled": false,
    "patience": 30,
    "min_delta": 1.0,
    "min_steps": 25000,
    "target_score": 18.0,
    "best_mean_return": -18.399999618530273,
    "evaluations": 24,
    "evaluations_without_improvement": 20,
    "stopped_early": false,
    "stopping_reason": "budget_exhausted",
    "stopping_step": 500000
  },
  "dictionary_entries": 60000,
  "run_dir": "results\\rl\\nec_ale_pong_20260904_051405_609221"
}
Checkpoint: results\rl\nec_ale_pong_20260904_051405_609221\checkpoint.pt
