cases trainable: False
labels trainable: False
cases trainable: False
labels trainable: False
Enforcing normalize_over_cases = True for regression task.
[nnknn-rl] step=29 episode=1 return=29.0 length=29 loss=None cases=0
[nnknn-rl] step=40 episode=2 return=11.0 length=11 loss=None cases=0
[nnknn-rl] step=52 episode=3 return=12.0 length=12 loss=None cases=0
[nnknn-rl] step=72 episode=4 return=20.0 length=20 loss=68.32059478759766 cases=72
[nnknn-rl] step=89 episode=5 return=17.0 length=17 loss=None cases=72
[nnknn-rl] step=201 episode=10 return=18.0 length=18 loss=None cases=135
[nnknn-rl] step=392 episode=20 return=13.0 length=13 loss=6.990417003631592 cases=265
[nnknn-rl] step=592 episode=30 return=12.0 length=12 loss=None cases=340
[nnknn-rl] step=760 episode=40 return=15.0 length=15 loss=12.041793823242188 cases=432
[nnknn-rl] step=974 episode=50 return=17.0 length=17 loss=None cases=489
[nnknn-rl] step=1170 episode=60 return=14.0 length=14 loss=27.853473663330078 cases=499
[nnknn-rl] step=1456 episode=70 return=12.0 length=12 loss=None cases=497
[nnknn-rl] step=1682 episode=80 return=21.0 length=21 loss=25.90484046936035 cases=490
[nnknn-rl] step=1842 episode=90 return=19.0 length=19 loss=None cases=484
[nnknn-rl][critic-holdout] step=2055 episodes=100 mse=22.3208 explained_variance=0.5991
[nnknn-rl] step=2055 episode=100 return=35.0 length=35 loss=37.648834228515625 cases=500
[nnknn-rl][eval] step=2055 mean_return=354.75 max_return=500.00
[nnknn-rl] step=2285 episode=110 return=10.0 length=10 loss=None cases=500
[nnknn-rl] step=2469 episode=120 return=14.0 length=14 loss=16.505756378173828 cases=500
[nnknn-rl] step=2685 episode=130 return=29.0 length=29 loss=None cases=499
[nnknn-rl] step=2864 episode=140 return=22.0 length=22 loss=6.54506254196167 cases=500
[nnknn-rl] step=3050 episode=150 return=13.0 length=13 loss=None cases=489
[nnknn-rl] step=3271 episode=160 return=14.0 length=14 loss=24.0103702545166 cases=499
[nnknn-rl] step=3581 episode=170 return=33.0 length=33 loss=None cases=500
[nnknn-rl] step=3806 episode=180 return=13.0 length=13 loss=8.49376106262207 cases=498
[nnknn-rl] step=4070 episode=190 return=8.0 length=8 loss=None cases=500
[nnknn-rl][critic-holdout] step=4354 episodes=200 mse=15.9738 explained_variance=0.6238
[nnknn-rl] step=4354 episode=200 return=25.0 length=25 loss=14.104523658752441 cases=500
[nnknn-rl][eval] step=4354 mean_return=207.90 max_return=434.00
[nnknn-rl] step=4542 episode=210 return=19.0 length=19 loss=None cases=495
[nnknn-rl] step=4743 episode=220 return=28.0 length=28 loss=11.757477760314941 cases=500
[nnknn-rl] step=4957 episode=230 return=15.0 length=15 loss=None cases=500
[nnknn-rl] step=5232 episode=240 return=32.0 length=32 loss=29.506752014160156 cases=500
[nnknn-rl] step=5520 episode=250 return=18.0 length=18 loss=None cases=500
[nnknn-rl] step=5770 episode=260 return=16.0 length=16 loss=10.761921882629395 cases=500
[nnknn-rl] step=6098 episode=270 return=21.0 length=21 loss=None cases=500
[nnknn-rl] step=6305 episode=280 return=18.0 length=18 loss=22.725435256958008 cases=500
[nnknn-rl] step=6558 episode=290 return=18.0 length=18 loss=None cases=500
[nnknn-rl][critic-holdout] step=6963 episodes=300 mse=52.1579 explained_variance=0.4229
[nnknn-rl] step=6963 episode=300 return=46.0 length=46 loss=81.33557891845703 cases=500
[nnknn-rl][eval] step=6963 mean_return=446.30 max_return=500.00
[nnknn-rl] step=7230 episode=310 return=20.0 length=20 loss=None cases=500
[nnknn-rl] step=7588 episode=320 return=48.0 length=48 loss=77.60575866699219 cases=500
[nnknn-rl] step=7881 episode=330 return=36.0 length=36 loss=None cases=500
[nnknn-rl] step=8141 episode=340 return=25.0 length=25 loss=32.916831970214844 cases=500
[nnknn-rl] step=8401 episode=350 return=18.0 length=18 loss=None cases=500
[nnknn-rl] step=8662 episode=360 return=16.0 length=16 loss=19.997089385986328 cases=500
[nnknn-rl] step=8945 episode=370 return=37.0 length=37 loss=None cases=500
[nnknn-rl] step=9171 episode=380 return=19.0 length=19 loss=18.000946044921875 cases=500
[nnknn-rl] step=9392 episode=390 return=12.0 length=12 loss=None cases=500
[nnknn-rl][critic-holdout] step=9694 episodes=400 mse=144.0724 explained_variance=0.3571
[nnknn-rl] step=9694 episode=400 return=32.0 length=32 loss=42.368980407714844 cases=500
[nnknn-rl][eval] step=9694 mean_return=471.45 max_return=500.00
[nnknn-rl] step=9968 episode=410 return=21.0 length=21 loss=None cases=500
[nnknn-rl] step=10214 episode=420 return=18.0 length=18 loss=13.683821678161621 cases=500
[nnknn-rl] step=10452 episode=430 return=25.0 length=25 loss=None cases=500
[nnknn-rl] step=10751 episode=440 return=33.0 length=33 loss=23.780546188354492 cases=500
[nnknn-rl] step=11115 episode=450 return=53.0 length=53 loss=None cases=500
[nnknn-rl] step=11367 episode=460 return=31.0 length=31 loss=42.464637756347656 cases=500
[nnknn-rl] step=11674 episode=470 return=27.0 length=27 loss=None cases=500
[nnknn-rl] step=12012 episode=480 return=12.0 length=12 loss=59.67747497558594 cases=500
[nnknn-rl] step=12349 episode=490 return=14.0 length=14 loss=None cases=500
[nnknn-rl][critic-holdout] step=12688 episodes=500 mse=174.5668 explained_variance=0.3122
[nnknn-rl] step=12688 episode=500 return=25.0 length=25 loss=73.20872497558594 cases=500
[nnknn-rl][eval] step=12688 mean_return=436.15 max_return=500.00
[nnknn-rl] step=13031 episode=510 return=35.0 length=35 loss=None cases=500
[nnknn-rl] step=13294 episode=520 return=45.0 length=45 loss=37.42823791503906 cases=500
[nnknn-rl] step=13635 episode=530 return=53.0 length=53 loss=None cases=496
[nnknn-rl] step=13941 episode=540 return=39.0 length=39 loss=34.89604949951172 cases=500
[nnknn-rl] step=14267 episode=550 return=12.0 length=12 loss=None cases=500
[nnknn-rl] step=14518 episode=560 return=45.0 length=45 loss=50.231788635253906 cases=500
[nnknn-rl] step=15001 episode=570 return=147.0 length=147 loss=None cases=500
[nnknn-rl] step=15283 episode=580 return=10.0 length=10 loss=26.148513793945312 cases=500
[nnknn-rl] step=15626 episode=590 return=36.0 length=36 loss=None cases=500
[nnknn-rl][critic-holdout] step=16017 episodes=600 mse=43.1175 explained_variance=0.4404
[nnknn-rl] step=16017 episode=600 return=31.0 length=31 loss=29.03757667541504 cases=500
[nnknn-rl][eval] step=16017 mean_return=364.50 max_return=500.00
[nnknn-rl] step=16358 episode=610 return=56.0 length=56 loss=None cases=500
[nnknn-rl] step=16621 episode=620 return=14.0 length=14 loss=49.16128921508789 cases=500
[nnknn-rl] step=16910 episode=630 return=31.0 length=31 loss=None cases=500
[nnknn-rl] step=17362 episode=640 return=68.0 length=68 loss=71.23115539550781 cases=500
[nnknn-rl] step=17761 episode=650 return=35.0 length=35 loss=None cases=500
[nnknn-rl] step=18274 episode=660 return=105.0 length=105 loss=77.69132232666016 cases=500
[nnknn-rl] step=18736 episode=670 return=22.0 length=22 loss=None cases=500
[nnknn-rl] step=19073 episode=680 return=21.0 length=21 loss=51.6602897644043 cases=500
[nnknn-rl] step=19368 episode=690 return=60.0 length=60 loss=None cases=499
[nnknn-rl][critic-holdout] step=19561 episodes=700 mse=233.5667 explained_variance=0.3056
[nnknn-rl] step=19561 episode=700 return=28.0 length=28 loss=26.704492568969727 cases=500
[nnknn-rl][eval] step=19561 mean_return=368.10 max_return=500.00
[nnknn-rl] step=19967 episode=710 return=48.0 length=48 loss=None cases=500
[nnknn-rl] step=20271 episode=720 return=30.0 length=30 loss=54.98198318481445 cases=500
[nnknn-rl] step=20535 episode=730 return=27.0 length=27 loss=None cases=500
[nnknn-rl] step=20912 episode=740 return=37.0 length=37 loss=55.29890060424805 cases=500
[nnknn-rl] step=21498 episode=750 return=64.0 length=64 loss=None cases=500
[nnknn-rl] step=21990 episode=760 return=15.0 length=15 loss=77.59086608886719 cases=500
[nnknn-rl] step=22390 episode=770 return=42.0 length=42 loss=None cases=500
[nnknn-rl] step=22853 episode=780 return=42.0 length=42 loss=52.359798431396484 cases=500
[nnknn-rl] step=23391 episode=790 return=29.0 length=29 loss=None cases=500
[nnknn-rl][critic-holdout] step=23898 episodes=800 mse=156.6110 explained_variance=0.3718
[nnknn-rl] step=23898 episode=800 return=86.0 length=86 loss=85.62545776367188 cases=500
[nnknn-rl][eval] step=23898 mean_return=399.85 max_return=500.00
[nnknn-rl] step=24386 episode=810 return=87.0 length=87 loss=None cases=500
[nnknn-rl] step=24834 episode=820 return=53.0 length=53 loss=56.78188705444336 cases=500
[nnknn-rl] step=25397 episode=830 return=82.0 length=82 loss=None cases=500
[nnknn-rl] step=26056 episode=840 return=184.0 length=184 loss=127.45024871826172 cases=500
[nnknn-rl] step=26660 episode=850 return=81.0 length=81 loss=None cases=500
[nnknn-rl] step=27261 episode=860 return=58.0 length=58 loss=54.44779586791992 cases=500
[nnknn-rl] step=27932 episode=870 return=47.0 length=47 loss=None cases=500
[nnknn-rl] step=28388 episode=880 return=46.0 length=46 loss=45.87480545043945 cases=500
[nnknn-rl] step=28828 episode=890 return=65.0 length=65 loss=None cases=500
[nnknn-rl][critic-holdout] step=29586 episodes=900 mse=381.9540 explained_variance=0.2808
[nnknn-rl] step=29586 episode=900 return=40.0 length=40 loss=86.2981185913086 cases=500
[nnknn-rl][eval] step=29586 mean_return=454.40 max_return=500.00
[nnknn-rl] step=30302 episode=910 return=72.0 length=72 loss=None cases=500
[nnknn-rl] step=31077 episode=920 return=34.0 length=34 loss=95.9336929321289 cases=500
[nnknn-rl] step=31907 episode=930 return=117.0 length=117 loss=None cases=500
[nnknn-rl] step=32947 episode=940 return=121.0 length=121 loss=105.16156768798828 cases=500
[nnknn-rl] step=33714 episode=950 return=41.0 length=41 loss=None cases=489
[nnknn-rl] step=34412 episode=960 return=18.0 length=18 loss=84.67098999023438 cases=484
[nnknn-rl] step=35086 episode=970 return=68.0 length=68 loss=None cases=500
[nnknn-rl] step=35934 episode=980 return=33.0 length=33 loss=89.44485473632812 cases=500
[nnknn-rl] step=36709 episode=990 return=80.0 length=80 loss=None cases=500
[nnknn-rl][critic-holdout] step=37712 episodes=1000 mse=474.7219 explained_variance=0.0240
[nnknn-rl] step=37712 episode=1000 return=49.0 length=49 loss=100.56282043457031 cases=500
[nnknn-rl][eval] step=37712 mean_return=494.55 max_return=500.00
[nnknn-rl] step=38295 episode=1010 return=51.0 length=51 loss=None cases=500
[nnknn-rl] step=39202 episode=1020 return=69.0 length=69 loss=81.76409149169922 cases=464
[nnknn-rl] step=40233 episode=1030 return=116.0 length=116 loss=None cases=500
[nnknn-rl] step=41563 episode=1040 return=100.0 length=100 loss=94.03277587890625 cases=500
[nnknn-rl] step=42984 episode=1050 return=60.0 length=60 loss=None cases=500
[nnknn-rl] step=43815 episode=1060 return=37.0 length=37 loss=113.42539978027344 cases=496
[nnknn-rl] step=45481 episode=1070 return=156.0 length=156 loss=None cases=500
[nnknn-rl] step=47041 episode=1080 return=129.0 length=129 loss=102.67491912841797 cases=500
[nnknn-rl] step=47956 episode=1090 return=47.0 length=47 loss=None cases=500
[nnknn-rl][critic-holdout] step=49619 episodes=1100 mse=1419.1810 explained_variance=0.2058
[nnknn-rl] step=49619 episode=1100 return=73.0 length=73 loss=90.21307373046875 cases=500
[nnknn-rl][eval] step=49619 mean_return=488.05 max_return=500.00
[nnknn-rl] step=51904 episode=1110 return=234.0 length=234 loss=None cases=500
[nnknn-rl] step=53712 episode=1120 return=260.0 length=260 loss=91.76142120361328 cases=500
[nnknn-rl] step=55871 episode=1130 return=205.0 length=205 loss=None cases=500
[nnknn-rl] step=58900 episode=1140 return=305.0 length=305 loss=98.69430541992188 cases=500
[nnknn-rl] step=61989 episode=1150 return=225.0 length=225 loss=None cases=500
[nnknn-rl] step=64700 episode=1160 return=311.0 length=311 loss=93.95655822753906 cases=500
[nnknn-rl] step=67243 episode=1170 return=355.0 length=355 loss=None cases=500
[nnknn-rl] step=70402 episode=1180 return=80.0 length=80 loss=71.11516571044922 cases=500
[nnknn-rl] step=73033 episode=1190 return=224.0 length=224 loss=None cases=500
[nnknn-rl][critic-holdout] step=75599 episodes=1200 mse=1263.5692 explained_variance=0.3811
[nnknn-rl] step=75599 episode=1200 return=244.0 length=244 loss=43.99856185913086 cases=500
[nnknn-rl][eval] step=75599 mean_return=291.80 max_return=500.00
[nnknn-rl] step=78022 episode=1210 return=318.0 length=318 loss=None cases=500
[nnknn-rl] step=80807 episode=1220 return=234.0 length=234 loss=50.18564224243164 cases=500
[nnknn-rl] step=84261 episode=1230 return=318.0 length=318 loss=None cases=500
[nnknn-rl] step=86979 episode=1240 return=500.0 length=500 loss=56.29666519165039 cases=500
[nnknn-rl] step=90036 episode=1250 return=318.0 length=318 loss=None cases=500
[nnknn-rl] step=92572 episode=1260 return=326.0 length=326 loss=56.63929748535156 cases=500
[nnknn-rl] step=95687 episode=1270 return=170.0 length=170 loss=None cases=500
[nnknn-rl] step=98156 episode=1280 return=163.0 length=163 loss=61.542537689208984 cases=500
[nnknn-rl] step=100581 episode=1290 return=185.0 length=185 loss=None cases=500
[nnknn-rl][critic-holdout] step=103407 episodes=1300 mse=1263.5729 explained_variance=0.5017
[nnknn-rl] step=103407 episode=1300 return=116.0 length=116 loss=59.390708923339844 cases=468
[nnknn-rl][eval] step=103407 mean_return=304.30 max_return=500.00
[nnknn-rl] step=106170 episode=1310 return=220.0 length=220 loss=None cases=500
[nnknn-rl] step=109592 episode=1320 return=411.0 length=411 loss=63.89399719238281 cases=500
[nnknn-rl] step=113016 episode=1330 return=500.0 length=500 loss=None cases=500
[nnknn-rl] step=116210 episode=1340 return=245.0 length=245 loss=58.38206481933594 cases=460
[nnknn-rl] step=118976 episode=1350 return=121.0 length=121 loss=None cases=500
[nnknn-rl] step=122087 episode=1360 return=359.0 length=359 loss=39.73312759399414 cases=500
[nnknn-rl] step=125696 episode=1370 return=500.0 length=500 loss=None cases=500
[nnknn-rl] step=128807 episode=1380 return=399.0 length=399 loss=52.90717697143555 cases=500
[nnknn-rl] step=131270 episode=1390 return=212.0 length=212 loss=None cases=500
[nnknn-rl][critic-holdout] step=134188 episodes=1400 mse=1157.3390 explained_variance=0.3805
[nnknn-rl] step=134188 episode=1400 return=249.0 length=249 loss=60.056488037109375 cases=459
[nnknn-rl][eval] step=134188 mean_return=480.55 max_return=500.00
[nnknn-rl] step=137403 episode=1410 return=229.0 length=229 loss=None cases=500
[nnknn-rl] step=140884 episode=1420 return=198.0 length=198 loss=38.82001876831055 cases=500
[nnknn-rl] step=144217 episode=1430 return=500.0 length=500 loss=None cases=500
[nnknn-rl] step=147551 episode=1440 return=500.0 length=500 loss=25.05149269104004 cases=500
[nnknn-rl] finished profile=fast mean_eval_return=494.55 passed=True run_dir=results\rl_capacity_cpu_g234\nnknn_rl_cartpole_20260903_233908_770526
{
  "task": "cartpole",
  "env_id": "CartPole-v1",
  "profile": "fast",
  "seed": 1,
  "total_timesteps": 150000,
  "configured_total_timesteps": 150000,
  "actual_timesteps": 150000,
  "eval_episodes": 20,
  "success_threshold": 475.0,
  "passed": true,
  "algorithm": "nnknn_actor_critic_separate_memory_gae",
  "actor_type": "nnknn",
  "critic_type": "nnknn",
  "architecture": {
    "separate_case_bases": true,
    "shared_nnknn_representation": true,
    "critic_target_shared_case_store": true,
    "actor_case_insertion": "raw_positive_advantage_only"
  },
  "gae": {
    "gamma": 0.99,
    "gae_lambda": 0.95,
    "advantage_clip": 5.0
  },
  "exploration": {
    "mode": "epsilon_mixed_policy",
    "applies_to_actor": true,
    "initial_epsilon": 1.0,
    "final_epsilon": 0.05,
    "fraction": 0.5,
    "final_step_epsilon": 0.05,
    "readiness": {
      "min_case_entries": 32,
      "min_cases_per_action": 8
    }
  },
  "final_eval": {
    "episodes": 20,
    "seed": 10000,
    "mean_return": 494.54998779296875,
    "std_return": 16.980796813964844,
    "min_return": 431.0,
    "max_return": 500.0,
    "mean_length": 494.54998779296875
  },
  "last_eval": {
    "episodes": 20,
    "seed": 10000,
    "mean_return": 477.29998779296875,
    "std_return": 48.94292068481445,
    "min_return": 334.0,
    "max_return": 500.0,
    "mean_length": 477.29998779296875
  },
  "selected_step": 37712,
  "selected_source": "best_eval",
  "training_efficiency": {
    "best_model_step": 37712,
    "best_model_training_fraction": 0.2514133333333333,
    "first_success_step": 37712,
    "first_success_training_fraction": 0.2514133333333333,
    "best_minus_last_return": 17.25,
    "budget_interpretation": "regressed_after_best"
  },
  "early_stopping": {
    "enabled": true,
    "patience": 30,
    "min_delta": 1.0,
    "min_steps": 25000,
    "target_score": 500.0,
    "best_mean_return": 494.54998779296875,
    "evaluations": 14,
    "evaluations_without_improvement": 4,
    "stopped_early": false,
    "stopping_reason": "budget_exhausted",
    "stopping_step": 150000
  },
  "case_entries": 500,
  "critic_case_entries": 500,
  "action_counts": [
    251,
    249
  ],
  "cases_pruned": 35001,
  "cases_replaced": 228986,
  "actor_cases_pruned": 22745,
  "actor_cases_replaced": 102491,
  "critic_cases_pruned": 12256,
  "critic_cases_replaced": 126495,
  "critic_label_updates": 1669,
  "critic_label_update_samples": 10749,
  "partial_rollout_segments": 1,
  "partial_rollout_samples": 203,
  "critic_target_enabled": true,
  "critic_target_value_mode": "ema",
  "critic_target_sync_interval": 4,
  "critic_target_ema_tau": 0.05,
  "critic_target_value_syncs": 91,
  "critic_holdout_evaluations": 14,
  "latest_critic_holdout": {
    "global_step": 134188,
    "completed_episodes": 1400,
    "diagnostic_index": 14,
    "critic_holdout_mse": 1157.3389892578125,
    "critic_holdout_explained_variance": 0.3805205821990967,
    "critic_holdout_value_mean": 45.68241882324219,
    "critic_holdout_target_mean": 73.13639831542969,
    "critic_holdout_samples": 1616,
    "critic_holdout_episodes": 5,
    "critic_holdout_environment_steps": 1616,
    "critic_holdout_mean_episode_return": 323.2,
    "critic_holdout_mean_episode_length": 323.2,
    "critic_holdout_behavior_epsilon": 0.05,
    "critic_holdout_truncated_bootstraps": 1,
    "critic_holdout_target_method": "discounted_monte_carlo_with_truncation_bootstrap",
    "critic_holdout_bootstrap_source": "target_value_model",
    "critic_holdout_seed": 30065
  },
  "run_dir": "results\\rl_capacity_cpu_g234\\nnknn_rl_cartpole_20260903_233908_770526"
}
Checkpoint: results\rl_capacity_cpu_g234\nnknn_rl_cartpole_20260903_233908_770526\checkpoint.pt
