cases trainable: False
labels trainable: False
cases trainable: False
labels trainable: False
Enforcing normalize_over_cases = True for regression task.
[nnknn-rl] step=18 episode=1 return=18.0 length=18 loss=None cases=0
[nnknn-rl] step=32 episode=2 return=14.0 length=14 loss=None cases=0
[nnknn-rl] step=44 episode=3 return=12.0 length=12 loss=None cases=0
[nnknn-rl] step=62 episode=4 return=18.0 length=18 loss=49.50646209716797 cases=62
[nnknn-rl] step=79 episode=5 return=17.0 length=17 loss=None cases=62
[nnknn-rl] step=182 episode=10 return=11.0 length=11 loss=None cases=141
[nnknn-rl] step=390 episode=20 return=12.0 length=12 loss=16.276288986206055 cases=260
[nnknn-rl] step=618 episode=30 return=40.0 length=40 loss=None cases=338
[nnknn-rl] step=790 episode=40 return=12.0 length=12 loss=23.11793327331543 cases=431
[nnknn-rl] step=1020 episode=50 return=10.0 length=10 loss=None cases=485
[nnknn-rl] step=1228 episode=60 return=17.0 length=17 loss=16.528160095214844 cases=478
[nnknn-rl] step=1456 episode=70 return=9.0 length=9 loss=None cases=497
[nnknn-rl] step=1680 episode=80 return=15.0 length=15 loss=14.921592712402344 cases=500
[nnknn-rl] step=1910 episode=90 return=28.0 length=28 loss=None cases=483
[nnknn-rl][critic-holdout] step=2115 episodes=100 mse=27.6793 explained_variance=0.6023
[nnknn-rl] step=2115 episode=100 return=16.0 length=16 loss=11.949239730834961 cases=499
[nnknn-rl][eval] step=2115 mean_return=325.10 max_return=464.00
[nnknn-rl] step=2311 episode=110 return=24.0 length=24 loss=None cases=497
[nnknn-rl] step=2506 episode=120 return=24.0 length=24 loss=18.5371150970459 cases=482
[nnknn-rl] step=2682 episode=130 return=15.0 length=15 loss=None cases=499
[nnknn-rl] step=2891 episode=140 return=11.0 length=11 loss=12.12372875213623 cases=482
[nnknn-rl] step=3149 episode=150 return=21.0 length=21 loss=None cases=500
[nnknn-rl] step=3372 episode=160 return=24.0 length=24 loss=9.504090309143066 cases=499
[nnknn-rl] step=3611 episode=170 return=13.0 length=13 loss=None cases=500
[nnknn-rl] step=3835 episode=180 return=39.0 length=39 loss=25.95142364501953 cases=500
[nnknn-rl] step=4070 episode=190 return=50.0 length=50 loss=None cases=500
[nnknn-rl][critic-holdout] step=4306 episodes=200 mse=20.1014 explained_variance=0.5775
[nnknn-rl] step=4306 episode=200 return=14.0 length=14 loss=53.70021057128906 cases=500
[nnknn-rl][eval] step=4306 mean_return=475.35 max_return=500.00
[nnknn-rl] step=4561 episode=210 return=22.0 length=22 loss=None cases=500
[nnknn-rl] step=4817 episode=220 return=26.0 length=26 loss=26.265213012695312 cases=500
[nnknn-rl] step=5062 episode=230 return=12.0 length=12 loss=None cases=500
[nnknn-rl] step=5357 episode=240 return=12.0 length=12 loss=30.217565536499023 cases=500
[nnknn-rl] step=5620 episode=250 return=37.0 length=37 loss=None cases=500
[nnknn-rl] step=5842 episode=260 return=48.0 length=48 loss=33.450218200683594 cases=500
[nnknn-rl] step=6145 episode=270 return=25.0 length=25 loss=None cases=500
[nnknn-rl] step=6510 episode=280 return=69.0 length=69 loss=51.40461730957031 cases=500
[nnknn-rl] step=6771 episode=290 return=29.0 length=29 loss=None cases=500
[nnknn-rl][critic-holdout] step=7157 episodes=300 mse=68.1661 explained_variance=0.2065
[nnknn-rl] step=7157 episode=300 return=30.0 length=30 loss=69.59931945800781 cases=500
[nnknn-rl][eval] step=7157 mean_return=472.35 max_return=500.00
[nnknn-rl] step=7368 episode=310 return=25.0 length=25 loss=None cases=494
[nnknn-rl] step=7668 episode=320 return=27.0 length=27 loss=38.266780853271484 cases=500
[nnknn-rl] step=7907 episode=330 return=17.0 length=17 loss=None cases=500
[nnknn-rl] step=8146 episode=340 return=26.0 length=26 loss=29.412641525268555 cases=500
[nnknn-rl] step=8469 episode=350 return=30.0 length=30 loss=None cases=500
[nnknn-rl] step=8722 episode=360 return=56.0 length=56 loss=46.79639434814453 cases=500
[nnknn-rl] step=8991 episode=370 return=20.0 length=20 loss=None cases=500
[nnknn-rl] step=9385 episode=380 return=70.0 length=70 loss=69.570068359375 cases=500
[nnknn-rl] step=9672 episode=390 return=29.0 length=29 loss=None cases=500
[nnknn-rl][critic-holdout] step=9924 episodes=400 mse=330.4631 explained_variance=0.2148
[nnknn-rl] step=9924 episode=400 return=33.0 length=33 loss=28.03273582458496 cases=500
[nnknn-rl][eval] step=9924 mean_return=443.90 max_return=500.00
[nnknn-rl] step=10255 episode=410 return=27.0 length=27 loss=None cases=500
[nnknn-rl] step=10563 episode=420 return=40.0 length=40 loss=33.50037384033203 cases=500
[nnknn-rl] step=10929 episode=430 return=20.0 length=20 loss=None cases=500
[nnknn-rl] step=11193 episode=440 return=39.0 length=39 loss=26.356229782104492 cases=500
[nnknn-rl] step=11493 episode=450 return=50.0 length=50 loss=None cases=500
[nnknn-rl] step=11782 episode=460 return=13.0 length=13 loss=20.702190399169922 cases=500
[nnknn-rl] step=12089 episode=470 return=24.0 length=24 loss=None cases=500
[nnknn-rl] step=12363 episode=480 return=44.0 length=44 loss=44.618621826171875 cases=500
[nnknn-rl] step=12656 episode=490 return=14.0 length=14 loss=None cases=500
[nnknn-rl][critic-holdout] step=12979 episodes=500 mse=153.8633 explained_variance=0.4331
[nnknn-rl] step=12979 episode=500 return=19.0 length=19 loss=45.89834213256836 cases=500
[nnknn-rl][eval] step=12979 mean_return=402.90 max_return=468.00
[nnknn-rl] step=13301 episode=510 return=34.0 length=34 loss=None cases=500
[nnknn-rl] step=13614 episode=520 return=37.0 length=37 loss=40.44559097290039 cases=480
[nnknn-rl] step=14122 episode=530 return=86.0 length=86 loss=None cases=500
[nnknn-rl] step=14393 episode=540 return=29.0 length=29 loss=22.150686264038086 cases=500
[nnknn-rl] step=14690 episode=550 return=13.0 length=13 loss=None cases=500
[nnknn-rl] step=14974 episode=560 return=39.0 length=39 loss=26.775968551635742 cases=500
[nnknn-rl] step=15446 episode=570 return=79.0 length=79 loss=None cases=500
[nnknn-rl] step=15798 episode=580 return=37.0 length=37 loss=47.57170104980469 cases=500
[nnknn-rl] step=16079 episode=590 return=20.0 length=20 loss=None cases=475
[nnknn-rl][critic-holdout] step=16515 episodes=600 mse=60.8821 explained_variance=0.3579
[nnknn-rl] step=16515 episode=600 return=45.0 length=45 loss=75.23164367675781 cases=500
[nnknn-rl][eval] step=16515 mean_return=258.50 max_return=359.00
[nnknn-rl] step=16771 episode=610 return=13.0 length=13 loss=None cases=500
[nnknn-rl] step=17084 episode=620 return=26.0 length=26 loss=56.06599426269531 cases=500
[nnknn-rl] step=17527 episode=630 return=69.0 length=69 loss=None cases=500
[nnknn-rl] step=17928 episode=640 return=32.0 length=32 loss=85.04345703125 cases=500
[nnknn-rl] step=18364 episode=650 return=71.0 length=71 loss=None cases=500
[nnknn-rl] step=18684 episode=660 return=50.0 length=50 loss=50.30622863769531 cases=480
[nnknn-rl] step=19077 episode=670 return=28.0 length=28 loss=None cases=500
[nnknn-rl] step=19391 episode=680 return=31.0 length=31 loss=35.53216552734375 cases=500
[nnknn-rl] step=19787 episode=690 return=39.0 length=39 loss=None cases=500
[nnknn-rl][critic-holdout] step=20114 episodes=700 mse=357.5286 explained_variance=0.2070
[nnknn-rl] step=20114 episode=700 return=11.0 length=11 loss=35.66606140136719 cases=500
[nnknn-rl][eval] step=20114 mean_return=408.70 max_return=500.00
[nnknn-rl] step=20424 episode=710 return=11.0 length=11 loss=None cases=500
[nnknn-rl] step=20707 episode=720 return=61.0 length=61 loss=46.01504135131836 cases=500
[nnknn-rl] step=21148 episode=730 return=27.0 length=27 loss=None cases=500
[nnknn-rl] step=21575 episode=740 return=26.0 length=26 loss=90.00408172607422 cases=500
[nnknn-rl] step=22005 episode=750 return=61.0 length=61 loss=None cases=500
[nnknn-rl] step=22465 episode=760 return=43.0 length=43 loss=60.812984466552734 cases=500
[nnknn-rl] step=23044 episode=770 return=51.0 length=51 loss=None cases=500
[nnknn-rl] step=23450 episode=780 return=28.0 length=28 loss=80.64811706542969 cases=500
[nnknn-rl] step=23819 episode=790 return=20.0 length=20 loss=None cases=500
[nnknn-rl][critic-holdout] step=24341 episodes=800 mse=225.1699 explained_variance=0.3039
[nnknn-rl] step=24341 episode=800 return=71.0 length=71 loss=53.98459243774414 cases=500
[nnknn-rl][eval] step=24341 mean_return=490.60 max_return=500.00
[nnknn-rl] step=24912 episode=810 return=114.0 length=114 loss=None cases=500
[nnknn-rl] step=25384 episode=820 return=83.0 length=83 loss=68.31377410888672 cases=500
[nnknn-rl] step=26026 episode=830 return=67.0 length=67 loss=None cases=500
[nnknn-rl] step=26285 episode=840 return=14.0 length=14 loss=34.53715133666992 cases=500
[nnknn-rl] step=26945 episode=850 return=135.0 length=135 loss=None cases=478
[nnknn-rl] step=27506 episode=860 return=36.0 length=36 loss=79.13671875 cases=498
[nnknn-rl] step=28174 episode=870 return=32.0 length=32 loss=None cases=500
[nnknn-rl] step=28609 episode=880 return=10.0 length=10 loss=97.40489196777344 cases=500
[nnknn-rl] step=29320 episode=890 return=85.0 length=85 loss=None cases=500
[nnknn-rl][critic-holdout] step=29826 episodes=900 mse=436.6057 explained_variance=0.2375
[nnknn-rl] step=29826 episode=900 return=69.0 length=69 loss=67.40215301513672 cases=500
[nnknn-rl][eval] step=29826 mean_return=481.10 max_return=500.00
[nnknn-rl] step=30683 episode=910 return=192.0 length=192 loss=None cases=500
[nnknn-rl] step=31580 episode=920 return=79.0 length=79 loss=69.0632095336914 cases=500
[nnknn-rl] step=32282 episode=930 return=43.0 length=43 loss=None cases=473
[nnknn-rl] step=32961 episode=940 return=32.0 length=32 loss=74.18367767333984 cases=500
[nnknn-rl] step=33592 episode=950 return=31.0 length=31 loss=None cases=500
[nnknn-rl] step=34638 episode=960 return=48.0 length=48 loss=67.27459716796875 cases=500
[nnknn-rl] step=35499 episode=970 return=189.0 length=189 loss=None cases=500
[nnknn-rl] step=36458 episode=980 return=88.0 length=88 loss=119.8537826538086 cases=500
[nnknn-rl] step=37345 episode=990 return=139.0 length=139 loss=None cases=500
[nnknn-rl][critic-holdout] step=38922 episodes=1000 mse=859.8215 explained_variance=0.0779
[nnknn-rl] step=38922 episode=1000 return=190.0 length=190 loss=131.22930908203125 cases=500
[nnknn-rl][eval] step=38922 mean_return=457.45 max_return=500.00
[nnknn-rl] step=40192 episode=1010 return=224.0 length=224 loss=None cases=500
[nnknn-rl] step=41651 episode=1020 return=95.0 length=95 loss=102.62122344970703 cases=500
[nnknn-rl] step=43310 episode=1030 return=145.0 length=145 loss=None cases=500
[nnknn-rl] step=45072 episode=1040 return=204.0 length=204 loss=113.27217864990234 cases=500
[nnknn-rl] step=46305 episode=1050 return=30.0 length=30 loss=None cases=500
[nnknn-rl] step=47964 episode=1060 return=174.0 length=174 loss=95.71910858154297 cases=500
[nnknn-rl] step=49476 episode=1070 return=148.0 length=148 loss=None cases=500
[nnknn-rl] step=51176 episode=1080 return=298.0 length=298 loss=104.34811401367188 cases=500
[nnknn-rl] step=53837 episode=1090 return=427.0 length=427 loss=None cases=500
[nnknn-rl][critic-holdout] step=56257 episodes=1100 mse=1603.9349 explained_variance=-0.0084
[nnknn-rl] step=56257 episode=1100 return=349.0 length=349 loss=82.87409210205078 cases=459
[nnknn-rl][eval] step=56257 mean_return=500.00 max_return=500.00
[nnknn-rl][early-stop] step=56257 reason=target_score
[nnknn-rl] finished profile=fast mean_eval_return=500.00 passed=True run_dir=results\rl_capacity_cpu_g234\nnknn_rl_cartpole_20260903_174700_564637
{
  "task": "cartpole",
  "env_id": "CartPole-v1",
  "profile": "fast",
  "seed": 0,
  "total_timesteps": 56257,
  "configured_total_timesteps": 150000,
  "actual_timesteps": 56257,
  "eval_episodes": 20,
  "success_threshold": 475.0,
  "passed": true,
  "algorithm": "nnknn_actor_critic_separate_memory_gae",
  "actor_type": "nnknn",
  "critic_type": "nnknn",
  "architecture": {
    "separate_case_bases": true,
    "shared_nnknn_representation": true,
    "critic_target_shared_case_store": true,
    "actor_case_insertion": "raw_positive_advantage_only"
  },
  "gae": {
    "gamma": 0.99,
    "gae_lambda": 0.95,
    "advantage_clip": 5.0
  },
  "exploration": {
    "mode": "epsilon_mixed_policy",
    "applies_to_actor": true,
    "initial_epsilon": 1.0,
    "final_epsilon": 0.05,
    "fraction": 0.5,
    "final_step_epsilon": 0.28741133333333335,
    "readiness": {
      "min_case_entries": 32,
      "min_cases_per_action": 8
    }
  },
  "final_eval": {
    "episodes": 20,
    "seed": 10000,
    "mean_return": 500.0,
    "std_return": 0.0,
    "min_return": 500.0,
    "max_return": 500.0,
    "mean_length": 500.0
  },
  "last_eval": {
    "episodes": 20,
    "seed": 10000,
    "mean_return": 500.0,
    "std_return": 0.0,
    "min_return": 500.0,
    "max_return": 500.0,
    "mean_length": 500.0
  },
  "selected_step": 56257,
  "selected_source": "final",
  "training_efficiency": {
    "best_model_step": 56257,
    "best_model_training_fraction": 1.0,
    "first_success_step": 4306,
    "first_success_training_fraction": 0.0765415859359724,
    "best_minus_last_return": 0.0,
    "budget_interpretation": "final_is_best_check_for_underfit"
  },
  "early_stopping": {
    "enabled": true,
    "patience": 30,
    "min_delta": 1.0,
    "min_steps": 25000,
    "target_score": 500.0,
    "best_mean_return": 500.0,
    "evaluations": 11,
    "evaluations_without_improvement": 0,
    "stopped_early": true,
    "stopping_reason": "target_score",
    "stopping_step": 56257
  },
  "case_entries": 459,
  "critic_case_entries": 463,
  "action_counts": [
    220,
    239
  ],
  "cases_pruned": 18693,
  "cases_replaced": 75987,
  "actor_cases_pruned": 7885,
  "actor_cases_replaced": 31969,
  "critic_cases_pruned": 10808,
  "critic_cases_replaced": 44018,
  "critic_label_updates": 365,
  "critic_label_update_samples": 968,
  "partial_rollout_segments": 0,
  "partial_rollout_samples": 0,
  "critic_target_enabled": true,
  "critic_target_value_mode": "ema",
  "critic_target_sync_interval": 4,
  "critic_target_ema_tau": 0.05,
  "critic_target_value_syncs": 69,
  "critic_holdout_evaluations": 11,
  "latest_critic_holdout": {
    "global_step": 56257,
    "completed_episodes": 1100,
    "diagnostic_index": 11,
    "critic_holdout_mse": 1603.9349365234375,
    "critic_holdout_explained_variance": -0.008435249328613281,
    "critic_holdout_value_mean": 35.25712203979492,
    "critic_holdout_target_mean": 65.71440887451172,
    "critic_holdout_samples": 1322,
    "critic_holdout_episodes": 5,
    "critic_holdout_environment_steps": 1322,
    "critic_holdout_mean_episode_return": 264.4,
    "critic_holdout_mean_episode_length": 264.4,
    "critic_holdout_behavior_epsilon": 0.28741133333333335,
    "critic_holdout_truncated_bootstraps": 0,
    "critic_holdout_target_method": "discounted_monte_carlo_with_truncation_bootstrap",
    "critic_holdout_bootstrap_source": "target_value_model",
    "critic_holdout_seed": 30050
  },
  "run_dir": "results\\rl_capacity_cpu_g234\\nnknn_rl_cartpole_20260903_174700_564637"
}
Checkpoint: results\rl_capacity_cpu_g234\nnknn_rl_cartpole_20260903_174700_564637\checkpoint.pt
