cases trainable: False
labels trainable: False
cases trainable: False
labels trainable: False
Enforcing normalize_over_cases = True for regression task.
[nnknn-rl] step=18 episode=1 return=18.0 length=18 loss=None cases=0
[nnknn-rl] step=32 episode=2 return=14.0 length=14 loss=None cases=0
[nnknn-rl] step=44 episode=3 return=12.0 length=12 loss=None cases=0
[nnknn-rl] step=62 episode=4 return=18.0 length=18 loss=49.50646209716797 cases=62
[nnknn-rl] step=79 episode=5 return=17.0 length=17 loss=None cases=62
[nnknn-rl] step=182 episode=10 return=11.0 length=11 loss=None cases=100
[nnknn-rl] step=390 episode=20 return=12.0 length=12 loss=23.547740936279297 cases=100
[nnknn-rl] step=618 episode=30 return=40.0 length=40 loss=None cases=100
[nnknn-rl] step=803 episode=40 return=15.0 length=15 loss=37.483726501464844 cases=100
[nnknn-rl] step=1065 episode=50 return=49.0 length=49 loss=None cases=94
[nnknn-rl] step=1294 episode=60 return=18.0 length=18 loss=27.236238479614258 cases=100
[nnknn-rl] step=1495 episode=70 return=24.0 length=24 loss=None cases=100
[nnknn-rl] step=1731 episode=80 return=37.0 length=37 loss=30.463268280029297 cases=100
[nnknn-rl] step=1926 episode=90 return=15.0 length=15 loss=None cases=100
[nnknn-rl][critic-holdout] step=2156 episodes=100 mse=34.3436 explained_variance=0.4821
[nnknn-rl] step=2156 episode=100 return=32.0 length=32 loss=47.85868835449219 cases=100
[nnknn-rl][eval] step=2156 mean_return=184.60 max_return=500.00
[nnknn-rl] step=2342 episode=110 return=9.0 length=9 loss=None cases=100
[nnknn-rl] step=2556 episode=120 return=18.0 length=18 loss=21.03445053100586 cases=100
[nnknn-rl] step=2758 episode=130 return=23.0 length=23 loss=None cases=100
[nnknn-rl] step=2961 episode=140 return=33.0 length=33 loss=33.43140411376953 cases=100
[nnknn-rl] step=3192 episode=150 return=32.0 length=32 loss=None cases=100
[nnknn-rl] step=3402 episode=160 return=13.0 length=13 loss=12.405881881713867 cases=100
[nnknn-rl] step=3695 episode=170 return=31.0 length=31 loss=None cases=98
[nnknn-rl] step=3908 episode=180 return=9.0 length=9 loss=14.735174179077148 cases=100
[nnknn-rl] step=4184 episode=190 return=30.0 length=30 loss=None cases=100
[nnknn-rl][critic-holdout] step=4398 episodes=200 mse=16.4889 explained_variance=0.6277
[nnknn-rl] step=4398 episode=200 return=42.0 length=42 loss=27.181852340698242 cases=100
[nnknn-rl][eval] step=4398 mean_return=292.60 max_return=459.00
[nnknn-rl] step=4627 episode=210 return=14.0 length=14 loss=None cases=100
[nnknn-rl] step=4851 episode=220 return=24.0 length=24 loss=11.137107849121094 cases=100
[nnknn-rl] step=5097 episode=230 return=27.0 length=27 loss=None cases=100
[nnknn-rl] step=5322 episode=240 return=18.0 length=18 loss=12.462475776672363 cases=100
[nnknn-rl] step=5672 episode=250 return=13.0 length=13 loss=None cases=100
[nnknn-rl] step=5906 episode=260 return=45.0 length=45 loss=34.030982971191406 cases=100
[nnknn-rl] step=6236 episode=270 return=37.0 length=37 loss=None cases=100
[nnknn-rl] step=6583 episode=280 return=17.0 length=17 loss=40.837791442871094 cases=100
[nnknn-rl] step=6898 episode=290 return=14.0 length=14 loss=None cases=100
[nnknn-rl][critic-holdout] step=7263 episodes=300 mse=219.5667 explained_variance=0.1661
[nnknn-rl] step=7263 episode=300 return=27.0 length=27 loss=41.37403869628906 cases=100
[nnknn-rl][eval] step=7263 mean_return=371.15 max_return=500.00
[nnknn-rl] step=7446 episode=310 return=10.0 length=10 loss=None cases=100
[nnknn-rl] step=7736 episode=320 return=60.0 length=60 loss=46.25368881225586 cases=100
[nnknn-rl] step=8059 episode=330 return=10.0 length=10 loss=None cases=100
[nnknn-rl] step=8334 episode=340 return=25.0 length=25 loss=70.74269104003906 cases=100
[nnknn-rl] step=8656 episode=350 return=18.0 length=18 loss=None cases=100
[nnknn-rl] step=8871 episode=360 return=12.0 length=12 loss=16.27848243713379 cases=96
[nnknn-rl] step=9178 episode=370 return=25.0 length=25 loss=None cases=100
[nnknn-rl] step=9524 episode=380 return=67.0 length=67 loss=65.15584564208984 cases=100
[nnknn-rl] step=9698 episode=390 return=11.0 length=11 loss=None cases=100
[nnknn-rl][critic-holdout] step=9890 episodes=400 mse=36.9364 explained_variance=0.4695
[nnknn-rl] step=9890 episode=400 return=13.0 length=13 loss=22.095476150512695 cases=100
[nnknn-rl][eval] step=9890 mean_return=125.85 max_return=500.00
[nnknn-rl] step=10223 episode=410 return=24.0 length=24 loss=None cases=100
[nnknn-rl] step=10526 episode=420 return=33.0 length=33 loss=19.865520477294922 cases=100
[nnknn-rl] step=10769 episode=430 return=50.0 length=50 loss=None cases=100
[nnknn-rl] step=11130 episode=440 return=12.0 length=12 loss=23.63859748840332 cases=100
[nnknn-rl] step=11395 episode=450 return=39.0 length=39 loss=None cases=100
[nnknn-rl] step=11634 episode=460 return=19.0 length=19 loss=19.44352912902832 cases=96
[nnknn-rl] step=11819 episode=470 return=14.0 length=14 loss=None cases=100
[nnknn-rl] step=12176 episode=480 return=16.0 length=16 loss=26.277315139770508 cases=100
[nnknn-rl] step=12437 episode=490 return=20.0 length=20 loss=None cases=100
[nnknn-rl][critic-holdout] step=12745 episodes=500 mse=68.4939 explained_variance=0.3905
[nnknn-rl] step=12745 episode=500 return=21.0 length=21 loss=26.510822296142578 cases=98
[nnknn-rl][eval] step=12745 mean_return=286.60 max_return=500.00
[nnknn-rl] step=13139 episode=510 return=23.0 length=23 loss=None cases=92
[nnknn-rl] step=13534 episode=520 return=40.0 length=40 loss=64.27918243408203 cases=100
[nnknn-rl] step=13840 episode=530 return=23.0 length=23 loss=None cases=100
[nnknn-rl] step=14160 episode=540 return=21.0 length=21 loss=33.86936569213867 cases=100
[nnknn-rl] step=14459 episode=550 return=20.0 length=20 loss=None cases=100
[nnknn-rl] step=14743 episode=560 return=9.0 length=9 loss=28.483598709106445 cases=100
[nnknn-rl] step=15172 episode=570 return=49.0 length=49 loss=None cases=100
[nnknn-rl] step=15506 episode=580 return=13.0 length=13 loss=76.55281829833984 cases=100
[nnknn-rl] step=15904 episode=590 return=31.0 length=31 loss=None cases=100
[nnknn-rl][critic-holdout] step=16398 episodes=600 mse=36.8591 explained_variance=0.4441
[nnknn-rl] step=16398 episode=600 return=22.0 length=22 loss=56.43519592285156 cases=100
[nnknn-rl][eval] step=16398 mean_return=489.30 max_return=500.00
[nnknn-rl] step=16707 episode=610 return=13.0 length=13 loss=None cases=100
[nnknn-rl] step=16930 episode=620 return=15.0 length=15 loss=19.611583709716797 cases=100
[nnknn-rl] step=17361 episode=630 return=13.0 length=13 loss=None cases=100
[nnknn-rl] step=17901 episode=640 return=113.0 length=113 loss=94.80032348632812 cases=100
[nnknn-rl] step=18264 episode=650 return=80.0 length=80 loss=None cases=100
[nnknn-rl] step=18686 episode=660 return=50.0 length=50 loss=65.75489807128906 cases=100
[nnknn-rl] step=19088 episode=670 return=54.0 length=54 loss=None cases=100
[nnknn-rl] step=19512 episode=680 return=84.0 length=84 loss=73.908447265625 cases=100
[nnknn-rl] step=19804 episode=690 return=20.0 length=20 loss=None cases=100
[nnknn-rl][critic-holdout] step=20109 episodes=700 mse=312.3479 explained_variance=0.1572
[nnknn-rl] step=20109 episode=700 return=21.0 length=21 loss=26.98625373840332 cases=100
[nnknn-rl][eval] step=20109 mean_return=489.95 max_return=500.00
[nnknn-rl] step=20427 episode=710 return=13.0 length=13 loss=None cases=100
[nnknn-rl] step=20744 episode=720 return=37.0 length=37 loss=50.592811584472656 cases=100
[nnknn-rl] step=21062 episode=730 return=17.0 length=17 loss=None cases=100
[nnknn-rl] step=21611 episode=740 return=25.0 length=25 loss=84.37100982666016 cases=100
[nnknn-rl] step=22110 episode=750 return=32.0 length=32 loss=None cases=100
[nnknn-rl] step=22577 episode=760 return=62.0 length=62 loss=59.54132080078125 cases=99
[nnknn-rl] step=23018 episode=770 return=27.0 length=27 loss=None cases=100
[nnknn-rl] step=23480 episode=780 return=177.0 length=177 loss=113.61405181884766 cases=100
[nnknn-rl] step=23925 episode=790 return=57.0 length=57 loss=None cases=100
[nnknn-rl][critic-holdout] step=24281 episodes=800 mse=110.9989 explained_variance=0.2877
[nnknn-rl] step=24281 episode=800 return=14.0 length=14 loss=32.58224868774414 cases=100
[nnknn-rl][eval] step=24281 mean_return=500.00 max_return=500.00
[nnknn-rl][early-stop] step=24281 reason=target_score
[nnknn-rl] finished profile=fast mean_eval_return=500.00 passed=True run_dir=results\rl_capacity_cpu_g234\nnknn_rl_cartpole_20260903_174700_629413
{
  "task": "cartpole",
  "env_id": "CartPole-v1",
  "profile": "fast",
  "seed": 0,
  "total_timesteps": 24281,
  "configured_total_timesteps": 150000,
  "actual_timesteps": 24281,
  "eval_episodes": 20,
  "success_threshold": 475.0,
  "passed": true,
  "algorithm": "nnknn_actor_critic_separate_memory_gae",
  "actor_type": "nnknn",
  "critic_type": "nnknn",
  "architecture": {
    "separate_case_bases": true,
    "shared_nnknn_representation": true,
    "critic_target_shared_case_store": true,
    "actor_case_insertion": "raw_positive_advantage_only"
  },
  "gae": {
    "gamma": 0.99,
    "gae_lambda": 0.95,
    "advantage_clip": 5.0
  },
  "exploration": {
    "mode": "epsilon_mixed_policy",
    "applies_to_actor": true,
    "initial_epsilon": 1.0,
    "final_epsilon": 0.05,
    "fraction": 0.5,
    "final_step_epsilon": 0.6924406666666667,
    "readiness": {
      "min_case_entries": 32,
      "min_cases_per_action": 8
    }
  },
  "final_eval": {
    "episodes": 20,
    "seed": 10000,
    "mean_return": 500.0,
    "std_return": 0.0,
    "min_return": 500.0,
    "max_return": 500.0,
    "mean_length": 500.0
  },
  "last_eval": {
    "episodes": 20,
    "seed": 10000,
    "mean_return": 500.0,
    "std_return": 0.0,
    "min_return": 500.0,
    "max_return": 500.0,
    "mean_length": 500.0
  },
  "selected_step": 24281,
  "selected_source": "final",
  "training_efficiency": {
    "best_model_step": 24281,
    "best_model_training_fraction": 1.0,
    "first_success_step": 16398,
    "first_success_training_fraction": 0.6753428606729541,
    "best_minus_last_return": 0.0,
    "budget_interpretation": "final_is_best_check_for_underfit"
  },
  "early_stopping": {
    "enabled": true,
    "patience": 30,
    "min_delta": 1.0,
    "min_steps": 25000,
    "target_score": 500.0,
    "best_mean_return": 500.0,
    "evaluations": 8,
    "evaluations_without_improvement": 0,
    "stopped_early": true,
    "stopping_reason": "target_score",
    "stopping_step": 24281
  },
  "case_entries": 100,
  "critic_case_entries": 100,
  "action_counts": [
    51,
    49
  ],
  "cases_pruned": 5814,
  "cases_replaced": 33080,
  "actor_cases_pruned": 3136,
  "actor_cases_replaced": 11664,
  "critic_cases_pruned": 2678,
  "critic_cases_replaced": 21416,
  "critic_label_updates": 56,
  "critic_label_update_samples": 87,
  "partial_rollout_segments": 0,
  "partial_rollout_samples": 0,
  "critic_target_enabled": true,
  "critic_target_value_mode": "ema",
  "critic_target_sync_interval": 4,
  "critic_target_ema_tau": 0.05,
  "critic_target_value_syncs": 51,
  "critic_holdout_evaluations": 8,
  "latest_critic_holdout": {
    "global_step": 24281,
    "completed_episodes": 800,
    "diagnostic_index": 8,
    "critic_holdout_mse": 110.9989242553711,
    "critic_holdout_explained_variance": 0.2876889109611511,
    "critic_holdout_value_mean": 16.696657180786133,
    "critic_holdout_target_mean": 19.328819274902344,
    "critic_holdout_samples": 180,
    "critic_holdout_episodes": 5,
    "critic_holdout_environment_steps": 180,
    "critic_holdout_mean_episode_return": 36.0,
    "critic_holdout_mean_episode_length": 36.0,
    "critic_holdout_behavior_epsilon": 0.6924406666666667,
    "critic_holdout_truncated_bootstraps": 0,
    "critic_holdout_target_method": "discounted_monte_carlo_with_truncation_bootstrap",
    "critic_holdout_bootstrap_source": "target_value_model",
    "critic_holdout_seed": 30035
  },
  "run_dir": "results\\rl_capacity_cpu_g234\\nnknn_rl_cartpole_20260903_174700_629413"
}
Checkpoint: results\rl_capacity_cpu_g234\nnknn_rl_cartpole_20260903_174700_629413\checkpoint.pt
