cases trainable: False
labels trainable: False
cases trainable: False
labels trainable: False
Enforcing normalize_over_cases = True for regression task.
[nnknn-rl] step=11 episode=1 return=11.0 length=11 loss=None cases=0
[nnknn-rl] step=31 episode=2 return=20.0 length=20 loss=None cases=0
[nnknn-rl] step=46 episode=3 return=15.0 length=15 loss=None cases=0
[nnknn-rl] step=60 episode=4 return=14.0 length=14 loss=48.54212951660156 cases=60
[nnknn-rl] step=85 episode=5 return=25.0 length=25 loss=None cases=60
[nnknn-rl] step=216 episode=10 return=15.0 length=15 loss=None cases=100
[nnknn-rl] step=440 episode=20 return=20.0 length=20 loss=22.728240966796875 cases=96
[nnknn-rl] step=670 episode=30 return=12.0 length=12 loss=None cases=96
[nnknn-rl] step=936 episode=40 return=49.0 length=49 loss=51.11909484863281 cases=100
[nnknn-rl] step=1140 episode=50 return=16.0 length=16 loss=None cases=100
[nnknn-rl] step=1342 episode=60 return=37.0 length=37 loss=26.822513580322266 cases=100
[nnknn-rl] step=1541 episode=70 return=26.0 length=26 loss=None cases=100
[nnknn-rl] step=1726 episode=80 return=17.0 length=17 loss=13.984563827514648 cases=100
[nnknn-rl] step=1900 episode=90 return=20.0 length=20 loss=None cases=100
[nnknn-rl][critic-holdout] step=2043 episodes=100 mse=39.6869 explained_variance=0.4567
[nnknn-rl] step=2043 episode=100 return=12.0 length=12 loss=12.642059326171875 cases=100
[nnknn-rl][eval] step=2043 mean_return=79.35 max_return=133.00
[nnknn-rl] step=2281 episode=110 return=39.0 length=39 loss=None cases=100
[nnknn-rl] step=2547 episode=120 return=41.0 length=41 loss=45.13337326049805 cases=100
[nnknn-rl] step=2803 episode=130 return=72.0 length=72 loss=None cases=100
[nnknn-rl] step=3057 episode=140 return=12.0 length=12 loss=20.872278213500977 cases=100
[nnknn-rl] step=3325 episode=150 return=16.0 length=16 loss=None cases=100
[nnknn-rl] step=3590 episode=160 return=35.0 length=35 loss=30.542865753173828 cases=100
[nnknn-rl] step=3860 episode=170 return=21.0 length=21 loss=None cases=100
[nnknn-rl] step=4100 episode=180 return=17.0 length=17 loss=13.36286735534668 cases=100
[nnknn-rl] step=4326 episode=190 return=19.0 length=19 loss=None cases=100
[nnknn-rl][critic-holdout] step=4701 episodes=200 mse=31.1628 explained_variance=0.5023
[nnknn-rl] step=4701 episode=200 return=27.0 length=27 loss=77.47265625 cases=100
[nnknn-rl][eval] step=4701 mean_return=116.45 max_return=178.00
[nnknn-rl] step=4940 episode=210 return=36.0 length=36 loss=None cases=100
[nnknn-rl] step=5146 episode=220 return=15.0 length=15 loss=14.119820594787598 cases=100
[nnknn-rl] step=5278 episode=230 return=16.0 length=16 loss=None cases=100
[nnknn-rl] step=5528 episode=240 return=12.0 length=12 loss=33.759552001953125 cases=100
[nnknn-rl] step=5835 episode=250 return=45.0 length=45 loss=None cases=100
[nnknn-rl] step=6031 episode=260 return=8.0 length=8 loss=20.705894470214844 cases=100
[nnknn-rl] step=6322 episode=270 return=17.0 length=17 loss=None cases=100
[nnknn-rl] step=6594 episode=280 return=15.0 length=15 loss=24.853078842163086 cases=98
[nnknn-rl] step=6819 episode=290 return=20.0 length=20 loss=None cases=100
[nnknn-rl][critic-holdout] step=7100 episodes=300 mse=43.5090 explained_variance=0.4318
[nnknn-rl] step=7100 episode=300 return=28.0 length=28 loss=31.868032455444336 cases=92
[nnknn-rl][eval] step=7100 mean_return=162.00 max_return=226.00
[nnknn-rl] step=7377 episode=310 return=14.0 length=14 loss=None cases=100
[nnknn-rl] step=7702 episode=320 return=21.0 length=21 loss=89.20729064941406 cases=100
[nnknn-rl] step=7970 episode=330 return=37.0 length=37 loss=None cases=97
[nnknn-rl] step=8179 episode=340 return=28.0 length=28 loss=23.12724494934082 cases=100
[nnknn-rl] step=8538 episode=350 return=34.0 length=34 loss=None cases=100
[nnknn-rl] step=8812 episode=360 return=20.0 length=20 loss=20.046228408813477 cases=100
[nnknn-rl] step=9120 episode=370 return=17.0 length=17 loss=None cases=100
[nnknn-rl] step=9435 episode=380 return=94.0 length=94 loss=87.28694152832031 cases=100
[nnknn-rl] step=9630 episode=390 return=24.0 length=24 loss=None cases=100
[nnknn-rl][critic-holdout] step=9902 episodes=400 mse=134.2599 explained_variance=0.3056
[nnknn-rl] step=9902 episode=400 return=15.0 length=15 loss=45.00790023803711 cases=98
[nnknn-rl][eval] step=9902 mean_return=111.60 max_return=174.00
[nnknn-rl] step=10189 episode=410 return=37.0 length=37 loss=None cases=100
[nnknn-rl] step=10418 episode=420 return=18.0 length=18 loss=30.53840446472168 cases=100
[nnknn-rl] step=10641 episode=430 return=34.0 length=34 loss=None cases=100
[nnknn-rl] step=10881 episode=440 return=30.0 length=30 loss=64.39356994628906 cases=100
[nnknn-rl] step=11225 episode=450 return=22.0 length=22 loss=None cases=100
[nnknn-rl] step=11472 episode=460 return=21.0 length=21 loss=21.255353927612305 cases=100
[nnknn-rl] step=11685 episode=470 return=21.0 length=21 loss=None cases=100
[nnknn-rl] step=11924 episode=480 return=14.0 length=14 loss=48.46953582763672 cases=100
[nnknn-rl] step=12143 episode=490 return=22.0 length=22 loss=None cases=100
[nnknn-rl][critic-holdout] step=12411 episodes=500 mse=78.6796 explained_variance=0.3997
[nnknn-rl] step=12411 episode=500 return=29.0 length=29 loss=16.538450241088867 cases=100
[nnknn-rl][eval] step=12411 mean_return=83.10 max_return=136.00
[nnknn-rl] step=12698 episode=510 return=37.0 length=37 loss=None cases=100
[nnknn-rl] step=12934 episode=520 return=47.0 length=47 loss=42.8707389831543 cases=100
[nnknn-rl] step=13237 episode=530 return=11.0 length=11 loss=None cases=100
[nnknn-rl] step=13497 episode=540 return=39.0 length=39 loss=31.621009826660156 cases=100
[nnknn-rl] step=13871 episode=550 return=11.0 length=11 loss=None cases=100
[nnknn-rl] step=14250 episode=560 return=71.0 length=71 loss=59.562217712402344 cases=100
[nnknn-rl] step=14660 episode=570 return=30.0 length=30 loss=None cases=100
[nnknn-rl] step=15071 episode=580 return=11.0 length=11 loss=50.360111236572266 cases=100
[nnknn-rl] step=15281 episode=590 return=19.0 length=19 loss=None cases=100
[nnknn-rl][critic-holdout] step=15691 episodes=600 mse=342.7798 explained_variance=0.0612
[nnknn-rl] step=15691 episode=600 return=27.0 length=27 loss=25.38326072692871 cases=100
[nnknn-rl][eval] step=15691 mean_return=115.05 max_return=207.00
[nnknn-rl] step=15969 episode=610 return=14.0 length=14 loss=None cases=100
[nnknn-rl] step=16238 episode=620 return=18.0 length=18 loss=21.12126350402832 cases=99
[nnknn-rl] step=16616 episode=630 return=15.0 length=15 loss=None cases=99
[nnknn-rl] step=17012 episode=640 return=69.0 length=69 loss=76.38414764404297 cases=100
[nnknn-rl] step=17519 episode=650 return=42.0 length=42 loss=None cases=100
[nnknn-rl] step=17895 episode=660 return=11.0 length=11 loss=105.93367767333984 cases=100
[nnknn-rl] step=18169 episode=670 return=14.0 length=14 loss=None cases=100
[nnknn-rl] step=18402 episode=680 return=17.0 length=17 loss=23.1960391998291 cases=100
[nnknn-rl] step=18861 episode=690 return=34.0 length=34 loss=None cases=100
[nnknn-rl][critic-holdout] step=19255 episodes=700 mse=460.1970 explained_variance=0.1783
[nnknn-rl] step=19255 episode=700 return=42.0 length=42 loss=45.527828216552734 cases=100
[nnknn-rl][eval] step=19255 mean_return=239.45 max_return=452.00
[nnknn-rl] step=19639 episode=710 return=19.0 length=19 loss=None cases=100
[nnknn-rl] step=20067 episode=720 return=15.0 length=15 loss=52.955841064453125 cases=100
[nnknn-rl] step=20411 episode=730 return=33.0 length=33 loss=None cases=100
[nnknn-rl] step=21022 episode=740 return=92.0 length=92 loss=89.2816390991211 cases=100
[nnknn-rl] step=21358 episode=750 return=14.0 length=14 loss=None cases=100
[nnknn-rl] step=21764 episode=760 return=41.0 length=41 loss=44.75701141357422 cases=100
[nnknn-rl] step=22290 episode=770 return=49.0 length=49 loss=None cases=100
[nnknn-rl] step=22721 episode=780 return=63.0 length=63 loss=53.0265007019043 cases=100
[nnknn-rl] step=23150 episode=790 return=40.0 length=40 loss=None cases=100
[nnknn-rl][critic-holdout] step=23427 episodes=800 mse=325.8228 explained_variance=0.0630
[nnknn-rl] step=23427 episode=800 return=24.0 length=24 loss=33.527313232421875 cases=100
[nnknn-rl][eval] step=23427 mean_return=125.90 max_return=177.00
[nnknn-rl] step=23929 episode=810 return=59.0 length=59 loss=None cases=100
[nnknn-rl] step=24328 episode=820 return=39.0 length=39 loss=51.57382583618164 cases=100
[nnknn-rl] step=24709 episode=830 return=31.0 length=31 loss=None cases=100
[nnknn-rl] step=25200 episode=840 return=68.0 length=68 loss=54.281890869140625 cases=100
[nnknn-rl] step=25682 episode=850 return=69.0 length=69 loss=None cases=100
[nnknn-rl] step=26189 episode=860 return=80.0 length=80 loss=65.06930541992188 cases=100
[nnknn-rl] step=26536 episode=870 return=35.0 length=35 loss=None cases=100
[nnknn-rl] step=27185 episode=880 return=56.0 length=56 loss=80.85281372070312 cases=100
[nnknn-rl] step=27648 episode=890 return=76.0 length=76 loss=None cases=100
[nnknn-rl][critic-holdout] step=27986 episodes=900 mse=123.7212 explained_variance=0.3367
[nnknn-rl] step=27986 episode=900 return=13.0 length=13 loss=74.05023193359375 cases=100
[nnknn-rl][eval] step=27986 mean_return=326.80 max_return=445.00
[nnknn-rl] step=28507 episode=910 return=90.0 length=90 loss=None cases=100
[nnknn-rl] step=28973 episode=920 return=107.0 length=107 loss=83.39435577392578 cases=100
[nnknn-rl] step=29434 episode=930 return=25.0 length=25 loss=None cases=100
[nnknn-rl] step=30108 episode=940 return=27.0 length=27 loss=94.22623443603516 cases=100
[nnknn-rl] step=30908 episode=950 return=153.0 length=153 loss=None cases=100
[nnknn-rl] step=31738 episode=960 return=132.0 length=132 loss=104.52783203125 cases=100
[nnknn-rl] step=32669 episode=970 return=106.0 length=106 loss=None cases=100
[nnknn-rl] step=33154 episode=980 return=88.0 length=88 loss=51.44467544555664 cases=100
[nnknn-rl] step=33969 episode=990 return=48.0 length=48 loss=None cases=100
[nnknn-rl][critic-holdout] step=34677 episodes=1000 mse=421.0143 explained_variance=0.0699
[nnknn-rl] step=34677 episode=1000 return=22.0 length=22 loss=98.78965759277344 cases=100
[nnknn-rl][eval] step=34677 mean_return=405.35 max_return=500.00
[nnknn-rl] step=35271 episode=1010 return=72.0 length=72 loss=None cases=100
[nnknn-rl] step=35895 episode=1020 return=17.0 length=17 loss=66.9615707397461 cases=100
[nnknn-rl] step=37025 episode=1030 return=57.0 length=57 loss=None cases=100
[nnknn-rl] step=37871 episode=1040 return=64.0 length=64 loss=97.84866333007812 cases=99
[nnknn-rl] step=38649 episode=1050 return=28.0 length=28 loss=None cases=100
[nnknn-rl] step=39624 episode=1060 return=24.0 length=24 loss=83.4638442993164 cases=98
[nnknn-rl] step=40550 episode=1070 return=122.0 length=122 loss=None cases=100
[nnknn-rl] step=41690 episode=1080 return=148.0 length=148 loss=82.45886993408203 cases=100
[nnknn-rl] step=42691 episode=1090 return=69.0 length=69 loss=None cases=100
[nnknn-rl][critic-holdout] step=43464 episodes=1100 mse=832.6197 explained_variance=0.0920
[nnknn-rl] step=43464 episode=1100 return=45.0 length=45 loss=71.0246353149414 cases=100
[nnknn-rl][eval] step=43464 mean_return=434.50 max_return=500.00
[nnknn-rl] step=45006 episode=1110 return=255.0 length=255 loss=None cases=100
[nnknn-rl] step=46311 episode=1120 return=33.0 length=33 loss=83.75813293457031 cases=100
[nnknn-rl] step=47415 episode=1130 return=101.0 length=101 loss=None cases=100
[nnknn-rl] step=49130 episode=1140 return=171.0 length=171 loss=74.74432373046875 cases=100
[nnknn-rl] step=51082 episode=1150 return=186.0 length=186 loss=None cases=91
[nnknn-rl] step=53174 episode=1160 return=252.0 length=252 loss=102.84053039550781 cases=93
[nnknn-rl] step=55607 episode=1170 return=158.0 length=158 loss=None cases=100
[nnknn-rl] step=57152 episode=1180 return=215.0 length=215 loss=54.232948303222656 cases=100
[nnknn-rl] step=59029 episode=1190 return=166.0 length=166 loss=None cases=100
[nnknn-rl][critic-holdout] step=61643 episodes=1200 mse=2252.1748 explained_variance=0.2047
[nnknn-rl] step=61643 episode=1200 return=436.0 length=436 loss=40.56353759765625 cases=100
[nnknn-rl][eval] step=61643 mean_return=500.00 max_return=500.00
[nnknn-rl][early-stop] step=61643 reason=target_score
[nnknn-rl] finished profile=fast mean_eval_return=500.00 passed=True run_dir=results\rl_capacity_cpu_g234\nnknn_rl_cartpole_20260903_231345_105502
{
  "task": "cartpole",
  "env_id": "CartPole-v1",
  "profile": "fast",
  "seed": 4,
  "total_timesteps": 61643,
  "configured_total_timesteps": 150000,
  "actual_timesteps": 61643,
  "eval_episodes": 20,
  "success_threshold": 475.0,
  "passed": true,
  "algorithm": "nnknn_actor_critic_separate_memory_gae",
  "actor_type": "nnknn",
  "critic_type": "nnknn",
  "architecture": {
    "separate_case_bases": true,
    "shared_nnknn_representation": true,
    "critic_target_shared_case_store": true,
    "actor_case_insertion": "raw_positive_advantage_only"
  },
  "gae": {
    "gamma": 0.99,
    "gae_lambda": 0.95,
    "advantage_clip": 5.0
  },
  "exploration": {
    "mode": "epsilon_mixed_policy",
    "applies_to_actor": true,
    "initial_epsilon": 1.0,
    "final_epsilon": 0.05,
    "fraction": 0.5,
    "final_step_epsilon": 0.2191886666666667,
    "readiness": {
      "min_case_entries": 32,
      "min_cases_per_action": 8
    }
  },
  "final_eval": {
    "episodes": 20,
    "seed": 10000,
    "mean_return": 500.0,
    "std_return": 0.0,
    "min_return": 500.0,
    "max_return": 500.0,
    "mean_length": 500.0
  },
  "last_eval": {
    "episodes": 20,
    "seed": 10000,
    "mean_return": 500.0,
    "std_return": 0.0,
    "min_return": 500.0,
    "max_return": 500.0,
    "mean_length": 500.0
  },
  "selected_step": 61643,
  "selected_source": "final",
  "training_efficiency": {
    "best_model_step": 61643,
    "best_model_training_fraction": 1.0,
    "first_success_step": 61643,
    "first_success_training_fraction": 1.0,
    "best_minus_last_return": 0.0,
    "budget_interpretation": "final_is_best_check_for_underfit"
  },
  "early_stopping": {
    "enabled": true,
    "patience": 30,
    "min_delta": 1.0,
    "min_steps": 25000,
    "target_score": 500.0,
    "best_mean_return": 500.0,
    "evaluations": 12,
    "evaluations_without_improvement": 0,
    "stopped_early": true,
    "stopping_reason": "target_score",
    "stopping_step": 61643
  },
  "case_entries": 100,
  "critic_case_entries": 100,
  "action_counts": [
    55,
    45
  ],
  "cases_pruned": 11961,
  "cases_replaced": 94914,
  "actor_cases_pruned": 8227,
  "actor_cases_replaced": 38188,
  "critic_cases_pruned": 3734,
  "critic_cases_replaced": 56726,
  "critic_label_updates": 374,
  "critic_label_update_samples": 1083,
  "partial_rollout_segments": 0,
  "partial_rollout_samples": 0,
  "critic_target_enabled": true,
  "critic_target_value_mode": "ema",
  "critic_target_sync_interval": 4,
  "critic_target_ema_tau": 0.05,
  "critic_target_value_syncs": 76,
  "critic_holdout_evaluations": 12,
  "latest_critic_holdout": {
    "global_step": 61643,
    "completed_episodes": 1200,
    "diagnostic_index": 12,
    "critic_holdout_mse": 2252.1748046875,
    "critic_holdout_explained_variance": 0.20466899871826172,
    "critic_holdout_value_mean": 30.562992095947266,
    "critic_holdout_target_mean": 71.5382080078125,
    "critic_holdout_samples": 1395,
    "critic_holdout_episodes": 5,
    "critic_holdout_environment_steps": 1395,
    "critic_holdout_mean_episode_return": 279.0,
    "critic_holdout_mean_episode_length": 279.0,
    "critic_holdout_behavior_epsilon": 0.2191886666666667,
    "critic_holdout_truncated_bootstraps": 1,
    "critic_holdout_target_method": "discounted_monte_carlo_with_truncation_bootstrap",
    "critic_holdout_bootstrap_source": "target_value_model",
    "critic_holdout_seed": 30055
  },
  "run_dir": "results\\rl_capacity_cpu_g234\\nnknn_rl_cartpole_20260903_231345_105502"
}
Checkpoint: results\rl_capacity_cpu_g234\nnknn_rl_cartpole_20260903_231345_105502\checkpoint.pt
[16:28:19] DONE seed=4 cap=100 exit=
[16:30:39] DONE seed=4 cap=1000 exit=
