cases trainable: False
labels trainable: False
cases trainable: False
labels trainable: False
Enforcing normalize_over_cases = True for regression task.
[nnknn-rl] step=29 episode=1 return=29.0 length=29 loss=None cases=0
[nnknn-rl] step=40 episode=2 return=11.0 length=11 loss=None cases=0
[nnknn-rl] step=52 episode=3 return=12.0 length=12 loss=None cases=0
[nnknn-rl] step=72 episode=4 return=20.0 length=20 loss=68.32059478759766 cases=72
[nnknn-rl] step=89 episode=5 return=17.0 length=17 loss=None cases=72
[nnknn-rl] step=201 episode=10 return=18.0 length=18 loss=None cases=135
[nnknn-rl] step=392 episode=20 return=13.0 length=13 loss=6.990417003631592 cases=265
[nnknn-rl] step=592 episode=30 return=12.0 length=12 loss=None cases=340
[nnknn-rl] step=760 episode=40 return=15.0 length=15 loss=10.214736938476562 cases=425
[nnknn-rl] step=974 episode=50 return=17.0 length=17 loss=None cases=534
[nnknn-rl] step=1170 episode=60 return=14.0 length=14 loss=26.61284065246582 cases=617
[nnknn-rl] step=1456 episode=70 return=12.0 length=12 loss=None cases=792
[nnknn-rl] step=1682 episode=80 return=21.0 length=21 loss=32.14524459838867 cases=904
[nnknn-rl] step=1842 episode=90 return=19.0 length=19 loss=None cases=944
[nnknn-rl][critic-holdout] step=2055 episodes=100 mse=20.7603 explained_variance=0.6275
[nnknn-rl] step=2055 episode=100 return=35.0 length=35 loss=37.417476654052734 cases=931
[nnknn-rl][eval] step=2055 mean_return=335.00 max_return=500.00
[nnknn-rl] step=2285 episode=110 return=10.0 length=10 loss=None cases=961
[nnknn-rl] step=2447 episode=120 return=11.0 length=11 loss=11.659080505371094 cases=978
[nnknn-rl] step=2682 episode=130 return=31.0 length=31 loss=None cases=988
[nnknn-rl] step=2865 episode=140 return=29.0 length=29 loss=16.13353729248047 cases=994
[nnknn-rl] step=3105 episode=150 return=20.0 length=20 loss=None cases=917
[nnknn-rl] step=3336 episode=160 return=24.0 length=24 loss=7.136940956115723 cases=977
[nnknn-rl] step=3650 episode=170 return=40.0 length=40 loss=None cases=979
[nnknn-rl] step=3833 episode=180 return=13.0 length=13 loss=22.457679748535156 cases=987
[nnknn-rl] step=4067 episode=190 return=36.0 length=36 loss=None cases=1000
[nnknn-rl][critic-holdout] step=4300 episodes=200 mse=18.4287 explained_variance=0.5868
[nnknn-rl] step=4300 episode=200 return=15.0 length=15 loss=17.43341636657715 cases=987
[nnknn-rl][eval] step=4300 mean_return=276.60 max_return=500.00
[nnknn-rl] step=4569 episode=210 return=25.0 length=25 loss=None cases=979
[nnknn-rl] step=4789 episode=220 return=20.0 length=20 loss=15.591047286987305 cases=997
[nnknn-rl] step=5018 episode=230 return=20.0 length=20 loss=None cases=970
[nnknn-rl] step=5303 episode=240 return=10.0 length=10 loss=47.32478332519531 cases=1000
[nnknn-rl] step=5505 episode=250 return=15.0 length=15 loss=None cases=1000
[nnknn-rl] step=5767 episode=260 return=14.0 length=14 loss=56.43980407714844 cases=1000
[nnknn-rl] step=6024 episode=270 return=21.0 length=21 loss=None cases=1000
[nnknn-rl] step=6233 episode=280 return=25.0 length=25 loss=17.245025634765625 cases=1000
[nnknn-rl] step=6491 episode=290 return=11.0 length=11 loss=None cases=1000
[nnknn-rl][critic-holdout] step=6787 episodes=300 mse=38.8975 explained_variance=0.3927
[nnknn-rl] step=6787 episode=300 return=13.0 length=13 loss=22.477928161621094 cases=1000
[nnknn-rl][eval] step=6787 mean_return=353.30 max_return=500.00
[nnknn-rl] step=7021 episode=310 return=18.0 length=18 loss=None cases=1000
[nnknn-rl] step=7246 episode=320 return=15.0 length=15 loss=18.794816970825195 cases=984
[nnknn-rl] step=7491 episode=330 return=70.0 length=70 loss=None cases=1000
[nnknn-rl] step=7768 episode=340 return=17.0 length=17 loss=46.189178466796875 cases=1000
[nnknn-rl] step=8054 episode=350 return=14.0 length=14 loss=None cases=1000
[nnknn-rl] step=8305 episode=360 return=11.0 length=11 loss=52.22795867919922 cases=1000
[nnknn-rl] step=8542 episode=370 return=26.0 length=26 loss=None cases=1000
[nnknn-rl] step=8769 episode=380 return=18.0 length=18 loss=16.736021041870117 cases=1000
[nnknn-rl] step=9177 episode=390 return=33.0 length=33 loss=None cases=1000
[nnknn-rl][critic-holdout] step=9473 episodes=400 mse=156.2633 explained_variance=0.2153
[nnknn-rl] step=9473 episode=400 return=34.0 length=34 loss=28.183063507080078 cases=1000
[nnknn-rl][eval] step=9473 mean_return=400.35 max_return=500.00
[nnknn-rl] step=9821 episode=410 return=39.0 length=39 loss=None cases=1000
[nnknn-rl] step=10101 episode=420 return=44.0 length=44 loss=26.083148956298828 cases=1000
[nnknn-rl] step=10307 episode=430 return=15.0 length=15 loss=None cases=1000
[nnknn-rl] step=10524 episode=440 return=10.0 length=10 loss=29.36932373046875 cases=1000
[nnknn-rl] step=10995 episode=450 return=23.0 length=23 loss=None cases=1000
[nnknn-rl] step=11409 episode=460 return=24.0 length=24 loss=66.35216522216797 cases=1000
[nnknn-rl] step=11763 episode=470 return=17.0 length=17 loss=None cases=1000
[nnknn-rl] step=12082 episode=480 return=26.0 length=26 loss=17.606834411621094 cases=1000
[nnknn-rl] step=12395 episode=490 return=28.0 length=28 loss=None cases=1000
[nnknn-rl][critic-holdout] step=12664 episodes=500 mse=159.1094 explained_variance=0.3390
[nnknn-rl] step=12664 episode=500 return=24.0 length=24 loss=47.42593002319336 cases=1000
[nnknn-rl][eval] step=12664 mean_return=376.10 max_return=500.00
[nnknn-rl] step=12948 episode=510 return=34.0 length=34 loss=None cases=1000
[nnknn-rl] step=13224 episode=520 return=29.0 length=29 loss=47.075927734375 cases=1000
[nnknn-rl] step=13455 episode=530 return=48.0 length=48 loss=None cases=1000
[nnknn-rl] step=13786 episode=540 return=43.0 length=43 loss=69.16000366210938 cases=1000
[nnknn-rl] step=14111 episode=550 return=32.0 length=32 loss=None cases=1000
[nnknn-rl] step=14402 episode=560 return=15.0 length=15 loss=37.72126770019531 cases=1000
[nnknn-rl] step=14733 episode=570 return=50.0 length=50 loss=None cases=1000
[nnknn-rl] step=15032 episode=580 return=33.0 length=33 loss=27.070877075195312 cases=1000
[nnknn-rl] step=15318 episode=590 return=18.0 length=18 loss=None cases=1000
[nnknn-rl][critic-holdout] step=15583 episodes=600 mse=830.3718 explained_variance=0.0022
[nnknn-rl] step=15583 episode=600 return=14.0 length=14 loss=48.070316314697266 cases=1000
[nnknn-rl][eval] step=15583 mean_return=372.80 max_return=500.00
[nnknn-rl] step=15946 episode=610 return=9.0 length=9 loss=None cases=1000
[nnknn-rl] step=16290 episode=620 return=32.0 length=32 loss=20.93031120300293 cases=1000
[nnknn-rl] step=16686 episode=630 return=20.0 length=20 loss=None cases=1000
[nnknn-rl] step=17169 episode=640 return=28.0 length=28 loss=89.4886703491211 cases=1000
[nnknn-rl] step=17510 episode=650 return=18.0 length=18 loss=None cases=1000
[nnknn-rl] step=17826 episode=660 return=28.0 length=28 loss=30.87474250793457 cases=1000
[nnknn-rl] step=18122 episode=670 return=14.0 length=14 loss=None cases=1000
[nnknn-rl] step=18594 episode=680 return=59.0 length=59 loss=78.2048568725586 cases=1000
[nnknn-rl] step=18982 episode=690 return=51.0 length=51 loss=None cases=1000
[nnknn-rl][critic-holdout] step=19339 episodes=700 mse=264.2309 explained_variance=0.2405
[nnknn-rl] step=19339 episode=700 return=82.0 length=82 loss=82.10546875 cases=1000
[nnknn-rl][eval] step=19339 mean_return=431.20 max_return=500.00
[nnknn-rl] step=19520 episode=710 return=14.0 length=14 loss=None cases=1000
[nnknn-rl] step=19825 episode=720 return=19.0 length=19 loss=53.73991012573242 cases=1000
[nnknn-rl] step=20156 episode=730 return=20.0 length=20 loss=None cases=1000
[nnknn-rl] step=20762 episode=740 return=44.0 length=44 loss=79.59288024902344 cases=1000
[nnknn-rl] step=21325 episode=750 return=129.0 length=129 loss=None cases=1000
[nnknn-rl] step=21793 episode=760 return=23.0 length=23 loss=47.64670944213867 cases=1000
[nnknn-rl] step=22295 episode=770 return=16.0 length=16 loss=None cases=1000
[nnknn-rl] step=22647 episode=780 return=11.0 length=11 loss=42.1048698425293 cases=1000
[nnknn-rl] step=23015 episode=790 return=76.0 length=76 loss=None cases=1000
[nnknn-rl][critic-holdout] step=23505 episodes=800 mse=741.7337 explained_variance=0.1464
[nnknn-rl] step=23505 episode=800 return=37.0 length=37 loss=40.15952682495117 cases=1000
[nnknn-rl][eval] step=23505 mean_return=483.30 max_return=500.00
[nnknn-rl] step=23959 episode=810 return=66.0 length=66 loss=None cases=1000
[nnknn-rl] step=24349 episode=820 return=21.0 length=21 loss=75.75169372558594 cases=1000
[nnknn-rl] step=24877 episode=830 return=28.0 length=28 loss=None cases=1000
[nnknn-rl] step=25552 episode=840 return=142.0 length=142 loss=107.54096984863281 cases=1000
[nnknn-rl] step=26190 episode=850 return=41.0 length=41 loss=None cases=1000
[nnknn-rl] step=26860 episode=860 return=33.0 length=33 loss=82.93827056884766 cases=1000
[nnknn-rl] step=27465 episode=870 return=55.0 length=55 loss=None cases=1000
[nnknn-rl] step=27885 episode=880 return=56.0 length=56 loss=60.80368423461914 cases=1000
[nnknn-rl] step=28207 episode=890 return=47.0 length=47 loss=None cases=1000
[nnknn-rl][critic-holdout] step=28701 episodes=900 mse=432.6834 explained_variance=0.1985
[nnknn-rl] step=28701 episode=900 return=33.0 length=33 loss=47.71358871459961 cases=1000
[nnknn-rl][eval] step=28701 mean_return=495.70 max_return=500.00
[nnknn-rl] step=29322 episode=910 return=72.0 length=72 loss=None cases=1000
[nnknn-rl] step=29908 episode=920 return=66.0 length=66 loss=67.08460235595703 cases=1000
[nnknn-rl] step=30582 episode=930 return=91.0 length=91 loss=None cases=1000
[nnknn-rl] step=31400 episode=940 return=55.0 length=55 loss=120.28089904785156 cases=1000
[nnknn-rl] step=32495 episode=950 return=214.0 length=214 loss=None cases=1000
[nnknn-rl] step=32998 episode=960 return=66.0 length=66 loss=55.155391693115234 cases=1000
[nnknn-rl] step=33672 episode=970 return=143.0 length=143 loss=None cases=1000
[nnknn-rl] step=34406 episode=980 return=107.0 length=107 loss=86.55693817138672 cases=1000
[nnknn-rl] step=35210 episode=990 return=21.0 length=21 loss=None cases=1000
[nnknn-rl][critic-holdout] step=36415 episodes=1000 mse=220.9070 explained_variance=0.1908
[nnknn-rl] step=36415 episode=1000 return=65.0 length=65 loss=113.35779571533203 cases=1000
[nnknn-rl][eval] step=36415 mean_return=435.35 max_return=500.00
[nnknn-rl] step=37325 episode=1010 return=101.0 length=101 loss=None cases=1000
[nnknn-rl] step=38015 episode=1020 return=54.0 length=54 loss=97.18235778808594 cases=1000
[nnknn-rl] step=38741 episode=1030 return=92.0 length=92 loss=None cases=1000
[nnknn-rl] step=40001 episode=1040 return=159.0 length=159 loss=103.24364471435547 cases=1000
[nnknn-rl] step=41532 episode=1050 return=70.0 length=70 loss=None cases=1000
[nnknn-rl] step=42950 episode=1060 return=185.0 length=185 loss=103.05371856689453 cases=1000
[nnknn-rl] step=44196 episode=1070 return=266.0 length=266 loss=None cases=1000
[nnknn-rl] step=45417 episode=1080 return=99.0 length=99 loss=106.65050506591797 cases=1000
[nnknn-rl] step=46712 episode=1090 return=155.0 length=155 loss=None cases=1000
[nnknn-rl][critic-holdout] step=48059 episodes=1100 mse=1212.9871 explained_variance=0.1277
[nnknn-rl] step=48059 episode=1100 return=189.0 length=189 loss=116.7041015625 cases=1000
[nnknn-rl][eval] step=48059 mean_return=443.90 max_return=500.00
[nnknn-rl] step=49678 episode=1110 return=22.0 length=22 loss=None cases=1000
[nnknn-rl] step=51948 episode=1120 return=94.0 length=94 loss=110.17385864257812 cases=1000
[nnknn-rl] step=53696 episode=1130 return=244.0 length=244 loss=None cases=1000
[nnknn-rl] step=56308 episode=1140 return=280.0 length=280 loss=106.41361236572266 cases=1000
[nnknn-rl] step=59338 episode=1150 return=119.0 length=119 loss=None cases=1000
[nnknn-rl] step=61700 episode=1160 return=178.0 length=178 loss=88.03186798095703 cases=1000
[nnknn-rl] step=63762 episode=1170 return=219.0 length=219 loss=None cases=1000
[nnknn-rl] step=66214 episode=1180 return=172.0 length=172 loss=102.19054412841797 cases=1000
[nnknn-rl] step=68776 episode=1190 return=248.0 length=248 loss=None cases=1000
[nnknn-rl][critic-holdout] step=72499 episodes=1200 mse=1085.3187 explained_variance=0.4467
[nnknn-rl] step=72499 episode=1200 return=372.0 length=372 loss=64.8431396484375 cases=1000
[nnknn-rl][eval] step=72499 mean_return=356.65 max_return=500.00
[nnknn-rl] step=75480 episode=1210 return=500.0 length=500 loss=None cases=1000
[nnknn-rl] step=78517 episode=1220 return=277.0 length=277 loss=98.28069305419922 cases=927
[nnknn-rl] step=81993 episode=1230 return=373.0 length=373 loss=None cases=1000
[nnknn-rl] step=85820 episode=1240 return=500.0 length=500 loss=54.622676849365234 cases=1000
[nnknn-rl] step=88502 episode=1250 return=310.0 length=310 loss=None cases=905
[nnknn-rl] step=90639 episode=1260 return=156.0 length=156 loss=85.008056640625 cases=1000
[nnknn-rl] step=94443 episode=1270 return=500.0 length=500 loss=None cases=927
[nnknn-rl] step=97348 episode=1280 return=149.0 length=149 loss=52.06881332397461 cases=1000
[nnknn-rl] step=100459 episode=1290 return=369.0 length=369 loss=None cases=935
[nnknn-rl][critic-holdout] step=103121 episodes=1300 mse=798.0151 explained_variance=0.4336
[nnknn-rl] step=103121 episode=1300 return=103.0 length=103 loss=120.63557434082031 cases=1000
[nnknn-rl][eval] step=103121 mean_return=381.55 max_return=500.00
[nnknn-rl] step=105994 episode=1310 return=247.0 length=247 loss=None cases=1000
[nnknn-rl] step=108637 episode=1320 return=100.0 length=100 loss=51.56498336791992 cases=1000
[nnknn-rl] step=110370 episode=1330 return=149.0 length=149 loss=None cases=1000
[nnknn-rl] step=113584 episode=1340 return=500.0 length=500 loss=57.45441436767578 cases=1000
[nnknn-rl] step=117390 episode=1350 return=500.0 length=500 loss=None cases=912
[nnknn-rl] step=120336 episode=1360 return=406.0 length=406 loss=51.84343338012695 cases=1000
[nnknn-rl] step=123458 episode=1370 return=300.0 length=300 loss=None cases=1000
[nnknn-rl] step=126933 episode=1380 return=201.0 length=201 loss=41.33999252319336 cases=919
[nnknn-rl] step=129874 episode=1390 return=257.0 length=257 loss=None cases=1000
[nnknn-rl][critic-holdout] step=133763 episodes=1400 mse=854.6331 explained_variance=0.4376
[nnknn-rl] step=133763 episode=1400 return=500.0 length=500 loss=38.004974365234375 cases=950
[nnknn-rl][eval] step=133763 mean_return=493.00 max_return=500.00
[nnknn-rl] step=137697 episode=1410 return=500.0 length=500 loss=None cases=921
[nnknn-rl] step=141049 episode=1420 return=500.0 length=500 loss=45.82095718383789 cases=913
[nnknn-rl] step=144728 episode=1430 return=403.0 length=403 loss=None cases=1000
[nnknn-rl] step=148722 episode=1440 return=386.0 length=386 loss=45.934974670410156 cases=940
[nnknn-rl] finished profile=fast mean_eval_return=500.00 passed=True run_dir=results\rl_capacity_cpu_g234\nnknn_rl_cartpole_20260903_233908_770526_2
{
  "task": "cartpole",
  "env_id": "CartPole-v1",
  "profile": "fast",
  "seed": 1,
  "total_timesteps": 150000,
  "configured_total_timesteps": 150000,
  "actual_timesteps": 150000,
  "eval_episodes": 20,
  "success_threshold": 475.0,
  "passed": true,
  "algorithm": "nnknn_actor_critic_separate_memory_gae",
  "actor_type": "nnknn",
  "critic_type": "nnknn",
  "architecture": {
    "separate_case_bases": true,
    "shared_nnknn_representation": true,
    "critic_target_shared_case_store": true,
    "actor_case_insertion": "raw_positive_advantage_only"
  },
  "gae": {
    "gamma": 0.99,
    "gae_lambda": 0.95,
    "advantage_clip": 5.0
  },
  "exploration": {
    "mode": "epsilon_mixed_policy",
    "applies_to_actor": true,
    "initial_epsilon": 1.0,
    "final_epsilon": 0.05,
    "fraction": 0.5,
    "final_step_epsilon": 0.05,
    "readiness": {
      "min_case_entries": 32,
      "min_cases_per_action": 8
    }
  },
  "final_eval": {
    "episodes": 20,
    "seed": 10000,
    "mean_return": 500.0,
    "std_return": 0.0,
    "min_return": 500.0,
    "max_return": 500.0,
    "mean_length": 500.0
  },
  "last_eval": {
    "episodes": 20,
    "seed": 10000,
    "mean_return": 500.0,
    "std_return": 0.0,
    "min_return": 500.0,
    "max_return": 500.0,
    "mean_length": 500.0
  },
  "selected_step": 150000,
  "selected_source": "final",
  "training_efficiency": {
    "best_model_step": 150000,
    "best_model_training_fraction": 1.0,
    "first_success_step": 23505,
    "first_success_training_fraction": 0.1567,
    "best_minus_last_return": 0.0,
    "budget_interpretation": "final_is_best_check_for_underfit"
  },
  "early_stopping": {
    "enabled": true,
    "patience": 30,
    "min_delta": 1.0,
    "min_steps": 25000,
    "target_score": 500.0,
    "best_mean_return": 495.70001220703125,
    "evaluations": 14,
    "evaluations_without_improvement": 5,
    "stopped_early": false,
    "stopping_reason": "budget_exhausted",
    "stopping_step": 150000
  },
  "case_entries": 1000,
  "critic_case_entries": 1000,
  "action_counts": [
    529,
    471
  ],
  "cases_pruned": 64948,
  "cases_replaced": 202379,
  "actor_cases_pruned": 29155,
  "actor_cases_replaced": 92116,
  "critic_cases_pruned": 35793,
  "critic_cases_replaced": 110263,
  "critic_label_updates": 1084,
  "critic_label_update_samples": 2944,
  "partial_rollout_segments": 1,
  "partial_rollout_samples": 278,
  "critic_target_enabled": true,
  "critic_target_value_mode": "ema",
  "critic_target_sync_interval": 4,
  "critic_target_ema_tau": 0.05,
  "critic_target_value_syncs": 91,
  "critic_holdout_evaluations": 14,
  "latest_critic_holdout": {
    "global_step": 133763,
    "completed_episodes": 1400,
    "diagnostic_index": 14,
    "critic_holdout_mse": 854.6331176757812,
    "critic_holdout_explained_variance": 0.4375668168067932,
    "critic_holdout_value_mean": 57.42285919189453,
    "critic_holdout_target_mean": 81.0811767578125,
    "critic_holdout_samples": 1819,
    "critic_holdout_episodes": 5,
    "critic_holdout_environment_steps": 1819,
    "critic_holdout_mean_episode_return": 363.8,
    "critic_holdout_mean_episode_length": 363.8,
    "critic_holdout_behavior_epsilon": 0.05,
    "critic_holdout_truncated_bootstraps": 2,
    "critic_holdout_target_method": "discounted_monte_carlo_with_truncation_bootstrap",
    "critic_holdout_bootstrap_source": "target_value_model",
    "critic_holdout_seed": 30065
  },
  "run_dir": "results\\rl_capacity_cpu_g234\\nnknn_rl_cartpole_20260903_233908_770526_2"
}
Checkpoint: results\rl_capacity_cpu_g234\nnknn_rl_cartpole_20260903_233908_770526_2\checkpoint.pt
