cases trainable: False
labels trainable: False
cases trainable: False
labels trainable: False
Enforcing normalize_over_cases = True for regression task.
[nnknn-rl] step=15 episode=1 return=15.0 length=15 loss=None cases=0
[nnknn-rl] step=33 episode=2 return=18.0 length=18 loss=None cases=0
[nnknn-rl] step=74 episode=3 return=41.0 length=41 loss=None cases=0
[nnknn-rl] step=96 episode=4 return=22.0 length=22 loss=92.37677001953125 cases=96
[nnknn-rl] step=118 episode=5 return=22.0 length=22 loss=None cases=96
[nnknn-rl] step=224 episode=10 return=11.0 length=11 loss=None cases=163
[nnknn-rl] step=392 episode=20 return=10.0 length=10 loss=12.77871322631836 cases=231
[nnknn-rl] step=591 episode=30 return=23.0 length=23 loss=None cases=313
[nnknn-rl] step=748 episode=40 return=14.0 length=14 loss=6.360926151275635 cases=383
[nnknn-rl] step=975 episode=50 return=14.0 length=14 loss=None cases=478
[nnknn-rl] step=1188 episode=60 return=20.0 length=20 loss=27.962617874145508 cases=494
[nnknn-rl] step=1399 episode=70 return=21.0 length=21 loss=None cases=487
[nnknn-rl] step=1634 episode=80 return=25.0 length=25 loss=40.241668701171875 cases=483
[nnknn-rl] step=1837 episode=90 return=10.0 length=10 loss=None cases=483
[nnknn-rl][critic-holdout] step=2080 episodes=100 mse=41.1415 explained_variance=0.3692
[nnknn-rl] step=2080 episode=100 return=12.0 length=12 loss=40.12614440917969 cases=473
[nnknn-rl][eval] step=2080 mean_return=291.50 max_return=500.00
[nnknn-rl] step=2320 episode=110 return=23.0 length=23 loss=None cases=498
[nnknn-rl] step=2565 episode=120 return=16.0 length=16 loss=25.222118377685547 cases=497
[nnknn-rl] step=2835 episode=130 return=18.0 length=18 loss=None cases=500
[nnknn-rl] step=3083 episode=140 return=42.0 length=42 loss=40.37786102294922 cases=500
[nnknn-rl] step=3336 episode=150 return=45.0 length=45 loss=None cases=500
[nnknn-rl] step=3539 episode=160 return=13.0 length=13 loss=18.541845321655273 cases=491
[nnknn-rl] step=3868 episode=170 return=14.0 length=14 loss=None cases=500
[nnknn-rl] step=4083 episode=180 return=20.0 length=20 loss=8.94906997680664 cases=500
[nnknn-rl] step=4290 episode=190 return=18.0 length=18 loss=None cases=500
[nnknn-rl][critic-holdout] step=4467 episodes=200 mse=25.9598 explained_variance=0.5517
[nnknn-rl] step=4467 episode=200 return=19.0 length=19 loss=21.86419105529785 cases=500
[nnknn-rl][eval] step=4467 mean_return=481.70 max_return=500.00
[nnknn-rl] step=4833 episode=210 return=64.0 length=64 loss=None cases=500
[nnknn-rl] step=5049 episode=220 return=32.0 length=32 loss=15.525228500366211 cases=500
[nnknn-rl] step=5278 episode=230 return=35.0 length=35 loss=None cases=500
[nnknn-rl] step=5508 episode=240 return=18.0 length=18 loss=32.00956344604492 cases=500
[nnknn-rl] step=5741 episode=250 return=25.0 length=25 loss=None cases=500
[nnknn-rl] step=5961 episode=260 return=18.0 length=18 loss=19.50101661682129 cases=500
[nnknn-rl] step=6209 episode=270 return=16.0 length=16 loss=None cases=500
[nnknn-rl] step=6435 episode=280 return=15.0 length=15 loss=10.0399808883667 cases=500
[nnknn-rl] step=6661 episode=290 return=25.0 length=25 loss=None cases=500
[nnknn-rl][critic-holdout] step=6921 episodes=300 mse=40.5683 explained_variance=0.4955
[nnknn-rl] step=6921 episode=300 return=13.0 length=13 loss=23.511810302734375 cases=500
[nnknn-rl][eval] step=6921 mean_return=500.00 max_return=500.00
[nnknn-rl][early-stop] step=6921 reason=target_score
[nnknn-rl] finished profile=fast mean_eval_return=500.00 passed=True run_dir=results\rl_capacity_cpu_g234\nnknn_rl_cartpole_20260903_222221_386597
{
  "task": "cartpole",
  "env_id": "CartPole-v1",
  "profile": "fast",
  "seed": 3,
  "total_timesteps": 6921,
  "configured_total_timesteps": 150000,
  "actual_timesteps": 6921,
  "eval_episodes": 20,
  "success_threshold": 475.0,
  "passed": true,
  "algorithm": "nnknn_actor_critic_separate_memory_gae",
  "actor_type": "nnknn",
  "critic_type": "nnknn",
  "architecture": {
    "separate_case_bases": true,
    "shared_nnknn_representation": true,
    "critic_target_shared_case_store": true,
    "actor_case_insertion": "raw_positive_advantage_only"
  },
  "gae": {
    "gamma": 0.99,
    "gae_lambda": 0.95,
    "advantage_clip": 5.0
  },
  "exploration": {
    "mode": "epsilon_mixed_policy",
    "applies_to_actor": true,
    "initial_epsilon": 1.0,
    "final_epsilon": 0.05,
    "fraction": 0.5,
    "final_step_epsilon": 0.912334,
    "readiness": {
      "min_case_entries": 32,
      "min_cases_per_action": 8
    }
  },
  "final_eval": {
    "episodes": 20,
    "seed": 10000,
    "mean_return": 500.0,
    "std_return": 0.0,
    "min_return": 500.0,
    "max_return": 500.0,
    "mean_length": 500.0
  },
  "last_eval": {
    "episodes": 20,
    "seed": 10000,
    "mean_return": 500.0,
    "std_return": 0.0,
    "min_return": 500.0,
    "max_return": 500.0,
    "mean_length": 500.0
  },
  "selected_step": 6921,
  "selected_source": "final",
  "training_efficiency": {
    "best_model_step": 6921,
    "best_model_training_fraction": 1.0,
    "first_success_step": 4467,
    "first_success_training_fraction": 0.6454269614217598,
    "best_minus_last_return": 0.0,
    "budget_interpretation": "final_is_best_check_for_underfit"
  },
  "early_stopping": {
    "enabled": true,
    "patience": 30,
    "min_delta": 1.0,
    "min_steps": 25000,
    "target_score": 500.0,
    "best_mean_return": 500.0,
    "evaluations": 3,
    "evaluations_without_improvement": 0,
    "stopped_early": true,
    "stopping_reason": "target_score",
    "stopping_step": 6921
  },
  "case_entries": 500,
  "critic_case_entries": 500,
  "action_counts": [
    255,
    245
  ],
  "cases_pruned": 4875,
  "cases_replaced": 4674,
  "actor_cases_pruned": 2068,
  "actor_cases_replaced": 1060,
  "critic_cases_pruned": 2807,
  "critic_cases_replaced": 3614,
  "critic_label_updates": 0,
  "critic_label_update_samples": 0,
  "partial_rollout_segments": 0,
  "partial_rollout_samples": 0,
  "critic_target_enabled": true,
  "critic_target_value_mode": "ema",
  "critic_target_sync_interval": 4,
  "critic_target_ema_tau": 0.05,
  "critic_target_value_syncs": 19,
  "critic_holdout_evaluations": 3,
  "latest_critic_holdout": {
    "global_step": 6921,
    "completed_episodes": 300,
    "diagnostic_index": 3,
    "critic_holdout_mse": 40.56826400756836,
    "critic_holdout_explained_variance": 0.4955289959907532,
    "critic_holdout_value_mean": 12.170469284057617,
    "critic_holdout_target_mean": 14.198371887207031,
    "critic_holdout_samples": 134,
    "critic_holdout_episodes": 5,
    "critic_holdout_environment_steps": 134,
    "critic_holdout_mean_episode_return": 26.8,
    "critic_holdout_mean_episode_length": 26.8,
    "critic_holdout_behavior_epsilon": 0.912334,
    "critic_holdout_truncated_bootstraps": 0,
    "critic_holdout_target_method": "discounted_monte_carlo_with_truncation_bootstrap",
    "critic_holdout_bootstrap_source": "target_value_model",
    "critic_holdout_seed": 30010
  },
  "run_dir": "results\\rl_capacity_cpu_g234\\nnknn_rl_cartpole_20260903_222221_386597"
}
Checkpoint: results\rl_capacity_cpu_g234\nnknn_rl_cartpole_20260903_222221_386597\checkpoint.pt
