cases trainable: False
labels trainable: False
cases trainable: False
labels trainable: False
Enforcing normalize_over_cases = True for regression task.
[nnknn-rl] step=18 episode=1 return=18.0 length=18 loss=None cases=0
[nnknn-rl] step=32 episode=2 return=14.0 length=14 loss=None cases=0
[nnknn-rl] step=44 episode=3 return=12.0 length=12 loss=None cases=0
[nnknn-rl] step=62 episode=4 return=18.0 length=18 loss=49.50646209716797 cases=62
[nnknn-rl] step=79 episode=5 return=17.0 length=17 loss=None cases=62
[nnknn-rl] step=182 episode=10 return=11.0 length=11 loss=None cases=141
[nnknn-rl] step=390 episode=20 return=12.0 length=12 loss=16.276288986206055 cases=260
[nnknn-rl] step=618 episode=30 return=40.0 length=40 loss=None cases=338
[nnknn-rl] step=790 episode=40 return=12.0 length=12 loss=23.461505889892578 cases=440
[nnknn-rl] step=1020 episode=50 return=10.0 length=10 loss=None cases=543
[nnknn-rl] step=1228 episode=60 return=17.0 length=17 loss=16.790803909301758 cases=618
[nnknn-rl] step=1456 episode=70 return=9.0 length=9 loss=None cases=734
[nnknn-rl] step=1680 episode=80 return=15.0 length=15 loss=9.577424049377441 cases=846
[nnknn-rl] step=1885 episode=90 return=13.0 length=13 loss=None cases=943
[nnknn-rl][critic-holdout] step=2115 episodes=100 mse=33.5407 explained_variance=0.4803
[nnknn-rl] step=2115 episode=100 return=16.0 length=16 loss=18.911109924316406 cases=1003
[nnknn-rl][eval] step=2115 mean_return=218.55 max_return=392.00
[nnknn-rl] step=2311 episode=110 return=24.0 length=24 loss=None cases=1065
[nnknn-rl] step=2506 episode=120 return=24.0 length=24 loss=17.15155601501465 cases=1163
[nnknn-rl] step=2682 episode=130 return=15.0 length=15 loss=None cases=1225
[nnknn-rl] step=2989 episode=140 return=20.0 length=20 loss=82.37722778320312 cases=1435
[nnknn-rl] step=3213 episode=150 return=16.0 length=16 loss=None cases=1453
[nnknn-rl] step=3386 episode=160 return=15.0 length=15 loss=14.767385482788086 cases=1523
[nnknn-rl] step=3703 episode=170 return=35.0 length=35 loss=None cases=1706
[nnknn-rl] step=3974 episode=180 return=41.0 length=41 loss=24.83527946472168 cases=1859
[nnknn-rl] step=4233 episode=190 return=37.0 length=37 loss=None cases=1862
[nnknn-rl][critic-holdout] step=4442 episodes=200 mse=17.8262 explained_variance=0.7219
[nnknn-rl] step=4442 episode=200 return=20.0 length=20 loss=19.881418228149414 cases=1989
[nnknn-rl][eval] step=4442 mean_return=152.70 max_return=500.00
[nnknn-rl] step=4690 episode=210 return=44.0 length=44 loss=None cases=1982
[nnknn-rl] step=4998 episode=220 return=58.0 length=58 loss=57.440399169921875 cases=1998
[nnknn-rl] step=5289 episode=230 return=12.0 length=12 loss=None cases=1937
[nnknn-rl] step=5535 episode=240 return=38.0 length=38 loss=29.88686752319336 cases=1982
[nnknn-rl] step=5760 episode=250 return=18.0 length=18 loss=None cases=1954
[nnknn-rl] step=6021 episode=260 return=15.0 length=15 loss=11.844344139099121 cases=1826
[nnknn-rl] step=6240 episode=270 return=16.0 length=16 loss=None cases=1903
[nnknn-rl] step=6429 episode=280 return=41.0 length=41 loss=47.821903228759766 cases=1977
[nnknn-rl] step=6691 episode=290 return=23.0 length=23 loss=None cases=1990
[nnknn-rl][critic-holdout] step=6953 episodes=300 mse=26.1273 explained_variance=0.5901
[nnknn-rl] step=6953 episode=300 return=17.0 length=17 loss=14.103755950927734 cases=1957
[nnknn-rl][eval] step=6953 mean_return=329.25 max_return=500.00
[nnknn-rl] step=7225 episode=310 return=26.0 length=26 loss=None cases=1950
[nnknn-rl] step=7450 episode=320 return=12.0 length=12 loss=50.49090576171875 cases=1969
[nnknn-rl] step=7757 episode=330 return=13.0 length=13 loss=None cases=1950
[nnknn-rl] step=8001 episode=340 return=13.0 length=13 loss=24.05471420288086 cases=1966
[nnknn-rl] step=8271 episode=350 return=36.0 length=36 loss=None cases=1962
[nnknn-rl] step=8553 episode=360 return=17.0 length=17 loss=21.746047973632812 cases=1995
[nnknn-rl] step=8785 episode=370 return=25.0 length=25 loss=None cases=2000
[nnknn-rl] step=9025 episode=380 return=11.0 length=11 loss=20.167160034179688 cases=2000
[nnknn-rl] step=9294 episode=390 return=36.0 length=36 loss=None cases=2000
[nnknn-rl][critic-holdout] step=9518 episodes=400 mse=317.9993 explained_variance=0.2460
[nnknn-rl] step=9518 episode=400 return=30.0 length=30 loss=23.435184478759766 cases=2000
[nnknn-rl][eval] step=9518 mean_return=425.30 max_return=500.00
[nnknn-rl] step=9801 episode=410 return=11.0 length=11 loss=None cases=1989
[nnknn-rl] step=10171 episode=420 return=27.0 length=27 loss=62.692230224609375 cases=2000
[nnknn-rl] step=10573 episode=430 return=20.0 length=20 loss=None cases=2000
[nnknn-rl] step=10912 episode=440 return=18.0 length=18 loss=43.47971725463867 cases=2000
[nnknn-rl] step=11190 episode=450 return=21.0 length=21 loss=None cases=2000
[nnknn-rl] step=11448 episode=460 return=23.0 length=23 loss=40.26308822631836 cases=2000
[nnknn-rl] step=11687 episode=470 return=66.0 length=66 loss=None cases=2000
[nnknn-rl] step=12059 episode=480 return=42.0 length=42 loss=62.78548812866211 cases=2000
[nnknn-rl] step=12313 episode=490 return=57.0 length=57 loss=None cases=1994
[nnknn-rl][critic-holdout] step=12610 episodes=500 mse=95.9196 explained_variance=0.4073
[nnknn-rl] step=12610 episode=500 return=20.0 length=20 loss=34.297176361083984 cases=2000
[nnknn-rl][eval] step=12610 mean_return=358.95 max_return=500.00
[nnknn-rl] step=12971 episode=510 return=53.0 length=53 loss=None cases=2000
[nnknn-rl] step=13180 episode=520 return=45.0 length=45 loss=28.605058670043945 cases=2000
[nnknn-rl] step=13604 episode=530 return=21.0 length=21 loss=None cases=2000
[nnknn-rl] step=13960 episode=540 return=73.0 length=73 loss=58.64134979248047 cases=2000
[nnknn-rl] step=14330 episode=550 return=11.0 length=11 loss=None cases=2000
[nnknn-rl] step=14636 episode=560 return=35.0 length=35 loss=55.6528434753418 cases=2000
[nnknn-rl] step=15069 episode=570 return=64.0 length=64 loss=None cases=2000
[nnknn-rl] step=15485 episode=580 return=82.0 length=82 loss=66.55735778808594 cases=2000
[nnknn-rl] step=15960 episode=590 return=38.0 length=38 loss=None cases=2000
[nnknn-rl][critic-holdout] step=16418 episodes=600 mse=78.4770 explained_variance=0.3964
[nnknn-rl] step=16418 episode=600 return=38.0 length=38 loss=71.5456314086914 cases=2000
[nnknn-rl][eval] step=16418 mean_return=428.85 max_return=500.00
[nnknn-rl] step=16722 episode=610 return=15.0 length=15 loss=None cases=2000
[nnknn-rl] step=17055 episode=620 return=63.0 length=63 loss=52.90484619140625 cases=2000
[nnknn-rl] step=17408 episode=630 return=26.0 length=26 loss=None cases=2000
[nnknn-rl] step=17718 episode=640 return=21.0 length=21 loss=27.255996704101562 cases=2000
[nnknn-rl] step=18148 episode=650 return=73.0 length=73 loss=None cases=2000
[nnknn-rl] step=18558 episode=660 return=14.0 length=14 loss=47.11008834838867 cases=1999
[nnknn-rl] step=18938 episode=670 return=23.0 length=23 loss=None cases=2000
[nnknn-rl] step=19198 episode=680 return=15.0 length=15 loss=32.37290954589844 cases=2000
[nnknn-rl] step=19592 episode=690 return=31.0 length=31 loss=None cases=2000
[nnknn-rl][critic-holdout] step=20077 episodes=700 mse=309.5554 explained_variance=0.1816
[nnknn-rl] step=20077 episode=700 return=68.0 length=68 loss=100.92869567871094 cases=2000
[nnknn-rl][eval] step=20077 mean_return=415.60 max_return=500.00
[nnknn-rl] step=20426 episode=710 return=12.0 length=12 loss=None cases=2000
[nnknn-rl] step=20718 episode=720 return=13.0 length=13 loss=56.65821838378906 cases=2000
[nnknn-rl] step=21208 episode=730 return=60.0 length=60 loss=None cases=2000
[nnknn-rl] step=21678 episode=740 return=114.0 length=114 loss=93.14713287353516 cases=2000
[nnknn-rl] step=22122 episode=750 return=12.0 length=12 loss=None cases=2000
[nnknn-rl] step=22609 episode=760 return=31.0 length=31 loss=62.399131774902344 cases=2000
[nnknn-rl] step=23188 episode=770 return=26.0 length=26 loss=None cases=2000
[nnknn-rl] step=23727 episode=780 return=52.0 length=52 loss=64.5892562866211 cases=2000
[nnknn-rl] step=24199 episode=790 return=38.0 length=38 loss=None cases=2000
[nnknn-rl][critic-holdout] step=24717 episodes=800 mse=115.4855 explained_variance=0.3657
[nnknn-rl] step=24717 episode=800 return=39.0 length=39 loss=69.86274719238281 cases=2000
[nnknn-rl][eval] step=24717 mean_return=416.95 max_return=500.00
[nnknn-rl] step=25217 episode=810 return=15.0 length=15 loss=None cases=2000
[nnknn-rl] step=25738 episode=820 return=128.0 length=128 loss=89.50504302978516 cases=2000
[nnknn-rl] step=26415 episode=830 return=127.0 length=127 loss=None cases=2000
[nnknn-rl] step=26993 episode=840 return=73.0 length=73 loss=73.06041717529297 cases=2000
[nnknn-rl] step=27501 episode=850 return=40.0 length=40 loss=None cases=2000
[nnknn-rl] step=28287 episode=860 return=27.0 length=27 loss=108.47606658935547 cases=2000
[nnknn-rl] step=28740 episode=870 return=39.0 length=39 loss=None cases=2000
[nnknn-rl] step=29254 episode=880 return=21.0 length=21 loss=80.68926239013672 cases=2000
[nnknn-rl] step=29685 episode=890 return=79.0 length=79 loss=None cases=2000
[nnknn-rl][critic-holdout] step=30470 episodes=900 mse=344.0775 explained_variance=0.1863
[nnknn-rl] step=30470 episode=900 return=21.0 length=21 loss=93.29720306396484 cases=2000
[nnknn-rl][eval] step=30470 mean_return=445.50 max_return=500.00
[nnknn-rl] step=31181 episode=910 return=34.0 length=34 loss=None cases=2000
[nnknn-rl] step=32000 episode=920 return=109.0 length=109 loss=106.41109466552734 cases=2000
[nnknn-rl] step=32770 episode=930 return=45.0 length=45 loss=None cases=2000
[nnknn-rl] step=33590 episode=940 return=130.0 length=130 loss=115.14324951171875 cases=2000
[nnknn-rl] step=34693 episode=950 return=55.0 length=55 loss=None cases=2000
[nnknn-rl] step=35506 episode=960 return=63.0 length=63 loss=98.9154052734375 cases=2000
[nnknn-rl] step=36404 episode=970 return=39.0 length=39 loss=None cases=2000
[nnknn-rl] step=37441 episode=980 return=111.0 length=111 loss=106.51422119140625 cases=2000
[nnknn-rl] step=38443 episode=990 return=65.0 length=65 loss=None cases=2000
[nnknn-rl][critic-holdout] step=39616 episodes=1000 mse=1050.0240 explained_variance=0.0871
[nnknn-rl] step=39616 episode=1000 return=113.0 length=113 loss=111.5173568725586 cases=2000
[nnknn-rl][eval] step=39616 mean_return=433.60 max_return=500.00
[nnknn-rl] step=40959 episode=1010 return=63.0 length=63 loss=None cases=2000
[nnknn-rl] step=42063 episode=1020 return=135.0 length=135 loss=127.01612854003906 cases=2000
[nnknn-rl] step=43263 episode=1030 return=99.0 length=99 loss=None cases=2000
[nnknn-rl] step=44772 episode=1040 return=39.0 length=39 loss=110.88272857666016 cases=2000
[nnknn-rl] step=45914 episode=1050 return=66.0 length=66 loss=None cases=2000
[nnknn-rl] step=48106 episode=1060 return=175.0 length=175 loss=118.2344970703125 cases=2000
[nnknn-rl] step=49402 episode=1070 return=81.0 length=81 loss=None cases=2000
[nnknn-rl] step=51635 episode=1080 return=87.0 length=87 loss=140.44813537597656 cases=2000
[nnknn-rl] step=53548 episode=1090 return=291.0 length=291 loss=None cases=2000
[nnknn-rl][critic-holdout] step=55771 episodes=1100 mse=933.4281 explained_variance=0.2038
[nnknn-rl] step=55771 episode=1100 return=96.0 length=96 loss=111.20198822021484 cases=2000
[nnknn-rl][eval] step=55771 mean_return=413.95 max_return=500.00
[nnknn-rl] step=57960 episode=1110 return=371.0 length=371 loss=None cases=2000
[nnknn-rl] step=60334 episode=1120 return=178.0 length=178 loss=90.72964477539062 cases=2000
[nnknn-rl] step=62512 episode=1130 return=200.0 length=200 loss=None cases=2000
[nnknn-rl] step=65137 episode=1140 return=230.0 length=230 loss=78.52426147460938 cases=1825
[nnknn-rl] step=67021 episode=1150 return=111.0 length=111 loss=None cases=2000
[nnknn-rl] step=69293 episode=1160 return=156.0 length=156 loss=98.19151306152344 cases=2000
[nnknn-rl] step=71803 episode=1170 return=307.0 length=307 loss=None cases=2000
[nnknn-rl] step=75039 episode=1180 return=500.0 length=500 loss=89.0481185913086 cases=1823
[nnknn-rl] step=78025 episode=1190 return=305.0 length=305 loss=None cases=2000
[nnknn-rl][critic-holdout] step=81080 episodes=1200 mse=1279.3618 explained_variance=0.1563
[nnknn-rl] step=81080 episode=1200 return=243.0 length=243 loss=86.65744018554688 cases=1846
[nnknn-rl][eval] step=81080 mean_return=452.70 max_return=500.00
[nnknn-rl] step=84861 episode=1210 return=257.0 length=257 loss=None cases=2000
[nnknn-rl] step=87785 episode=1220 return=251.0 length=251 loss=93.37996673583984 cases=1865
[nnknn-rl] step=90565 episode=1230 return=335.0 length=335 loss=None cases=2000
[nnknn-rl] step=93893 episode=1240 return=368.0 length=368 loss=71.70753479003906 cases=2000
[nnknn-rl] step=96850 episode=1250 return=247.0 length=247 loss=None cases=1818
[nnknn-rl] step=99649 episode=1260 return=259.0 length=259 loss=97.02249908447266 cases=2000
[nnknn-rl] step=102970 episode=1270 return=407.0 length=407 loss=None cases=2000
[nnknn-rl] step=105847 episode=1280 return=252.0 length=252 loss=80.01368713378906 cases=2000
[nnknn-rl] step=109098 episode=1290 return=285.0 length=285 loss=None cases=2000
[nnknn-rl][critic-holdout] step=111896 episodes=1300 mse=525.8453 explained_variance=0.2951
[nnknn-rl] step=111896 episode=1300 return=246.0 length=246 loss=126.58305358886719 cases=1891
[nnknn-rl][eval] step=111896 mean_return=406.80 max_return=494.00
[nnknn-rl] step=115143 episode=1310 return=440.0 length=440 loss=None cases=1822
[nnknn-rl] step=118406 episode=1320 return=257.0 length=257 loss=114.46089935302734 cases=2000
[nnknn-rl] step=122377 episode=1330 return=347.0 length=347 loss=None cases=2000
[nnknn-rl] step=125865 episode=1340 return=243.0 length=243 loss=79.09061431884766 cases=2000
[nnknn-rl] step=129599 episode=1350 return=500.0 length=500 loss=None cases=1844
[nnknn-rl] step=133575 episode=1360 return=500.0 length=500 loss=47.81081008911133 cases=2000
[nnknn-rl] step=137117 episode=1370 return=229.0 length=229 loss=None cases=2000
[nnknn-rl] step=140642 episode=1380 return=243.0 length=243 loss=102.51300048828125 cases=1892
[nnknn-rl] step=144155 episode=1390 return=324.0 length=324 loss=None cases=1893
[nnknn-rl][critic-holdout] step=148451 episodes=1400 mse=692.6519 explained_variance=0.1563
[nnknn-rl] step=148451 episode=1400 return=432.0 length=432 loss=32.25200271606445 cases=1874
[nnknn-rl][eval] step=148451 mean_return=500.00 max_return=500.00
[nnknn-rl][early-stop] step=148451 reason=target_score
[nnknn-rl] finished profile=fast mean_eval_return=500.00 passed=True run_dir=results\rl_capacity_cpu_g234\nnknn_rl_cartpole_20260903_174700_627395
{
  "task": "cartpole",
  "env_id": "CartPole-v1",
  "profile": "fast",
  "seed": 0,
  "total_timesteps": 148451,
  "configured_total_timesteps": 150000,
  "actual_timesteps": 148451,
  "eval_episodes": 20,
  "success_threshold": 475.0,
  "passed": true,
  "algorithm": "nnknn_actor_critic_separate_memory_gae",
  "actor_type": "nnknn",
  "critic_type": "nnknn",
  "architecture": {
    "separate_case_bases": true,
    "shared_nnknn_representation": true,
    "critic_target_shared_case_store": true,
    "actor_case_insertion": "raw_positive_advantage_only"
  },
  "gae": {
    "gamma": 0.99,
    "gae_lambda": 0.95,
    "advantage_clip": 5.0
  },
  "exploration": {
    "mode": "epsilon_mixed_policy",
    "applies_to_actor": true,
    "initial_epsilon": 1.0,
    "final_epsilon": 0.05,
    "fraction": 0.5,
    "final_step_epsilon": 0.05,
    "readiness": {
      "min_case_entries": 32,
      "min_cases_per_action": 8
    }
  },
  "final_eval": {
    "episodes": 20,
    "seed": 10000,
    "mean_return": 500.0,
    "std_return": 0.0,
    "min_return": 500.0,
    "max_return": 500.0,
    "mean_length": 500.0
  },
  "last_eval": {
    "episodes": 20,
    "seed": 10000,
    "mean_return": 500.0,
    "std_return": 0.0,
    "min_return": 500.0,
    "max_return": 500.0,
    "mean_length": 500.0
  },
  "selected_step": 148451,
  "selected_source": "final",
  "training_efficiency": {
    "best_model_step": 148451,
    "best_model_training_fraction": 1.0,
    "first_success_step": 148451,
    "first_success_training_fraction": 1.0,
    "best_minus_last_return": 0.0,
    "budget_interpretation": "final_is_best_check_for_underfit"
  },
  "early_stopping": {
    "enabled": true,
    "patience": 30,
    "min_delta": 1.0,
    "min_steps": 25000,
    "target_score": 500.0,
    "best_mean_return": 500.0,
    "evaluations": 14,
    "evaluations_without_improvement": 0,
    "stopped_early": true,
    "stopping_reason": "target_score",
    "stopping_step": 148451
  },
  "case_entries": 1874,
  "critic_case_entries": 2000,
  "action_counts": [
    999,
    875
  ],
  "cases_pruned": 94919,
  "cases_replaced": 164621,
  "actor_cases_pruned": 39820,
  "actor_cases_replaced": 76544,
  "critic_cases_pruned": 55099,
  "critic_cases_replaced": 88077,
  "critic_label_updates": 1065,
  "critic_label_update_samples": 3275,
  "partial_rollout_segments": 0,
  "partial_rollout_samples": 0,
  "critic_target_enabled": true,
  "critic_target_value_mode": "ema",
  "critic_target_sync_interval": 4,
  "critic_target_ema_tau": 0.05,
  "critic_target_value_syncs": 88,
  "critic_holdout_evaluations": 14,
  "latest_critic_holdout": {
    "global_step": 148451,
    "completed_episodes": 1400,
    "diagnostic_index": 14,
    "critic_holdout_mse": 692.65185546875,
    "critic_holdout_explained_variance": 0.15627604722976685,
    "critic_holdout_value_mean": 66.8333969116211,
    "critic_holdout_target_mean": 85.59173583984375,
    "critic_holdout_samples": 1887,
    "critic_holdout_episodes": 5,
    "critic_holdout_environment_steps": 1887,
    "critic_holdout_mean_episode_return": 377.4,
    "critic_holdout_mean_episode_length": 377.4,
    "critic_holdout_behavior_epsilon": 0.05,
    "critic_holdout_truncated_bootstraps": 3,
    "critic_holdout_target_method": "discounted_monte_carlo_with_truncation_bootstrap",
    "critic_holdout_bootstrap_source": "target_value_model",
    "critic_holdout_seed": 30065
  },
  "run_dir": "results\\rl_capacity_cpu_g234\\nnknn_rl_cartpole_20260903_174700_627395"
}
Checkpoint: results\rl_capacity_cpu_g234\nnknn_rl_cartpole_20260903_174700_627395\checkpoint.pt
