[dqn] step=977 episode=1 return=-21.0 length=977 epsilon=0.981 loss=None
[dqn] step=1759 episode=2 return=-21.0 length=782 epsilon=0.967 loss=None
[dqn] step=2620 episode=3 return=-20.0 length=861 epsilon=0.950 loss=None
[dqn] step=3544 episode=4 return=-21.0 length=924 epsilon=0.933 loss=None
[dqn] step=4430 episode=5 return=-21.0 length=886 epsilon=0.916 loss=None
[dqn] step=8802 episode=10 return=-21.0 length=878 epsilon=0.833 loss=None
[dqn] step=17892 episode=20 return=-21.0 length=785 epsilon=0.660 loss=None
[dqn][eval] step=25000 mean_return=-21.00 max_return=-21.00
[dqn] step=26574 episode=30 return=-21.0 length=824 epsilon=0.495 loss=0.000723169359844178
[dqn] step=35804 episode=40 return=-20.0 length=946 epsilon=0.320 loss=0.0010505093960091472
[dqn] step=45238 episode=50 return=-20.0 length=842 epsilon=0.140 loss=0.0031978401821106672
[dqn][eval] step=50000 mean_return=-20.60 max_return=-20.00
[dqn] step=54675 episode=60 return=-19.0 length=997 epsilon=0.050 loss=0.002571619115769863
[dqn] step=66501 episode=70 return=-19.0 length=1061 epsilon=0.050 loss=0.003795723430812359
[dqn][eval] step=75000 mean_return=-19.60 max_return=-19.00
[dqn] step=79380 episode=80 return=-19.0 length=1291 epsilon=0.050 loss=0.006203290540724993
[dqn] step=95059 episode=90 return=-21.0 length=1339 epsilon=0.050 loss=0.0022759148851037025
[dqn][eval] step=100000 mean_return=-19.00 max_return=-18.00
[dqn] step=113581 episode=100 return=-12.0 length=2340 epsilon=0.050 loss=0.0032372507266700268
[dqn][eval] step=125000 mean_return=-12.20 max_return=-9.00
[dqn] step=135081 episode=110 return=-19.0 length=1218 epsilon=0.050 loss=0.004037170205265284
[dqn][eval] step=150000 mean_return=-16.80 max_return=-9.00
[dqn] step=156770 episode=120 return=-12.0 length=2816 epsilon=0.050 loss=0.0021763306576758623
[dqn][eval] step=175000 mean_return=-14.20 max_return=-13.00
[dqn] step=181394 episode=130 return=-15.0 length=2207 epsilon=0.050 loss=0.0016617599176242948
[dqn][eval] step=200000 mean_return=-12.60 max_return=-9.00
[dqn] step=205112 episode=140 return=-11.0 length=2792 epsilon=0.050 loss=0.003738655708730221
[dqn][eval] step=225000 mean_return=-10.20 max_return=-1.00
[dqn] step=227058 episode=150 return=-11.0 length=2788 epsilon=0.050 loss=0.005344546865671873
[dqn][eval] step=250000 mean_return=-12.80 max_return=-10.00
[dqn] step=251132 episode=160 return=-7.0 length=2935 epsilon=0.050 loss=0.004424302373081446
[dqn][eval] step=275000 mean_return=-12.00 max_return=-10.00
[dqn] step=280451 episode=170 return=-8.0 length=3007 epsilon=0.050 loss=0.0029950060416013002
[dqn][eval] step=300000 mean_return=-13.80 max_return=-10.00
[dqn] step=308292 episode=180 return=-3.0 length=3822 epsilon=0.050 loss=0.003762162057682872
[dqn][eval] step=325000 mean_return=-13.60 max_return=-4.00
[dqn] step=334882 episode=190 return=-13.0 length=2573 epsilon=0.050 loss=0.003778369165956974
[dqn][eval] step=350000 mean_return=-10.20 max_return=-7.00
[dqn] step=365254 episode=200 return=-14.0 length=2691 epsilon=0.050 loss=0.0030139759182929993
[dqn][eval] step=375000 mean_return=-9.20 max_return=-6.00
[dqn] step=393433 episode=210 return=-14.0 length=2540 epsilon=0.050 loss=0.002453162334859371
[dqn][eval] step=400000 mean_return=-6.80 max_return=-3.00
[dqn][eval] step=425000 mean_return=-10.80 max_return=-5.00
[dqn] step=425370 episode=220 return=-13.0 length=2440 epsilon=0.050 loss=0.0018753065960481763
[dqn][eval] step=450000 mean_return=-8.00 max_return=-6.00
[dqn] step=457799 episode=230 return=-4.0 length=3866 epsilon=0.050 loss=0.002363834297284484
[dqn][eval] step=475000 mean_return=-7.00 max_return=-2.00
[dqn] step=491387 episode=240 return=-2.0 length=4429 epsilon=0.050 loss=0.0018824405269697309
[dqn][eval] step=500000 mean_return=-7.40 max_return=-5.00
[dqn] finished profile=fast mean_eval_return=-6.80 passed=False run_dir=results\rl_ale_g234\dqn_ale_pong_20260905_112500_325601
{
  "task": "ale_pong",
  "env_id": "ALE/Pong-v5",
  "profile": "fast",
  "seed": 0,
  "total_timesteps": 500000,
  "configured_total_timesteps": 500000,
  "actual_timesteps": 500000,
  "eval_episodes": 5,
  "success_threshold": 0.0,
  "passed": false,
  "final_eval": {
    "episodes": 5,
    "seed": 10000,
    "mean_return": -6.800000190734863,
    "std_return": 3.370459794998169,
    "min_return": -11.0,
    "max_return": -3.0,
    "mean_length": 3616.199951171875
  },
  "last_eval": {
    "episodes": 5,
    "seed": 10000,
    "mean_return": -7.400000095367432,
    "std_return": 1.9595917463302612,
    "min_return": -9.0,
    "max_return": -5.0,
    "mean_length": 3472.39990234375
  },
  "selected_step": 400000,
  "selected_source": "best_eval",
  "training_efficiency": {
    "best_model_step": 400000,
    "best_model_training_fraction": 0.8,
    "first_success_step": null,
    "first_success_training_fraction": null,
    "best_minus_last_return": 0.5999999046325684,
    "budget_interpretation": "unsolved_or_underfit"
  },
  "early_stopping": {
    "enabled": false,
    "patience": 30,
    "min_delta": 1.0,
    "min_steps": 25000,
    "target_score": 18.0,
    "best_mean_return": -6.800000190734863,
    "evaluations": 20,
    "evaluations_without_improvement": 4,
    "stopped_early": false,
    "stopping_reason": "budget_exhausted",
    "stopping_step": 500000
  },
  "run_dir": "results\\rl_ale_g234\\dqn_ale_pong_20260905_112500_325601"
}
Checkpoint: results\rl_ale_g234\dqn_ale_pong_20260905_112500_325601\checkpoint.pt
