[ppo] step=1062 episode=1 return=-20.0 length=1062 lr=3.00e-04 entropy=None
[ppo] step=1945 episode=2 return=-21.0 length=883 lr=3.00e-04 entropy=None
[ppo] step=2807 episode=3 return=-20.0 length=862 lr=2.99e-04 entropy=1.7815
[ppo] step=3653 episode=4 return=-21.0 length=846 lr=2.99e-04 entropy=1.7815
[ppo] step=4539 episode=5 return=-21.0 length=886 lr=2.98e-04 entropy=1.7778
[ppo] step=9071 episode=10 return=-21.0 length=848 lr=2.95e-04 entropy=1.7706
[ppo] step=18577 episode=20 return=-21.0 length=965 lr=2.89e-04 entropy=1.7873
[ppo][eval] step=25000 mean_return=-21.00 max_return=-21.00
[ppo] step=27345 episode=30 return=-19.0 length=968 lr=2.84e-04 entropy=1.7617
[ppo] step=36231 episode=40 return=-20.0 length=906 lr=2.79e-04 entropy=1.7197
[ppo] step=45088 episode=50 return=-21.0 length=904 lr=2.73e-04 entropy=1.7324
[ppo][eval] step=50000 mean_return=-21.00 max_return=-21.00
[ppo] step=54720 episode=60 return=-20.0 length=927 lr=2.68e-04 entropy=1.73
[ppo] step=64110 episode=70 return=-21.0 length=912 lr=2.62e-04 entropy=1.6572
[ppo] step=72910 episode=80 return=-20.0 length=954 lr=2.57e-04 entropy=1.6857
[ppo][eval] step=75000 mean_return=-21.00 max_return=-21.00
[ppo] step=82260 episode=90 return=-20.0 length=882 lr=2.51e-04 entropy=1.7254
[ppo] step=91471 episode=100 return=-20.0 length=943 lr=2.46e-04 entropy=1.6967
[ppo][eval] step=100000 mean_return=-21.00 max_return=-21.00
[ppo] step=100536 episode=110 return=-21.0 length=876 lr=2.40e-04 entropy=1.6174
[ppo] step=110075 episode=120 return=-20.0 length=892 lr=2.35e-04 entropy=1.5883
[ppo] step=119150 episode=130 return=-20.0 length=887 lr=2.29e-04 entropy=1.5687
[ppo][eval] step=125000 mean_return=-21.00 max_return=-21.00
[ppo] step=127760 episode=140 return=-19.0 length=959 lr=2.24e-04 entropy=1.6147
[ppo] step=136341 episode=150 return=-21.0 length=880 lr=2.19e-04 entropy=1.5998
[ppo] step=145446 episode=160 return=-20.0 length=1034 lr=2.13e-04 entropy=1.5437
[ppo][eval] step=150000 mean_return=-21.00 max_return=-21.00
[ppo] step=153903 episode=170 return=-20.0 length=901 lr=2.08e-04 entropy=1.5966
[ppo] step=163569 episode=180 return=-21.0 length=848 lr=2.03e-04 entropy=1.5897
[ppo] step=172751 episode=190 return=-20.0 length=1081 lr=1.97e-04 entropy=1.5538
[ppo][eval] step=175000 mean_return=-21.00 max_return=-21.00
[ppo] step=181437 episode=200 return=-21.0 length=928 lr=1.92e-04 entropy=1.58
[ppo] step=191104 episode=210 return=-18.0 length=1110 lr=1.86e-04 entropy=1.5414
[ppo] step=199546 episode=220 return=-21.0 length=817 lr=1.81e-04 entropy=1.5348
[ppo][eval] step=200000 mean_return=-21.00 max_return=-21.00
[ppo] step=208518 episode=230 return=-21.0 length=882 lr=1.76e-04 entropy=1.5476
[ppo] step=217798 episode=240 return=-20.0 length=960 lr=1.70e-04 entropy=1.5971
[ppo][eval] step=225000 mean_return=-21.00 max_return=-21.00
[ppo] step=227167 episode=250 return=-20.0 length=897 lr=1.65e-04 entropy=1.6149
[ppo] step=236389 episode=260 return=-21.0 length=1087 lr=1.59e-04 entropy=1.4548
[ppo] step=245112 episode=270 return=-21.0 length=902 lr=1.54e-04 entropy=1.3342
[ppo][eval] step=250000 mean_return=-21.00 max_return=-21.00
[ppo] step=254326 episode=280 return=-19.0 length=959 lr=1.48e-04 entropy=1.3742
[ppo] step=263860 episode=290 return=-21.0 length=880 lr=1.43e-04 entropy=1.2681
[ppo] step=273072 episode=300 return=-21.0 length=792 lr=1.37e-04 entropy=1.2444
[ppo][eval] step=275000 mean_return=-21.00 max_return=-21.00
[ppo] step=281995 episode=310 return=-19.0 length=1053 lr=1.32e-04 entropy=1.099
[ppo] step=291809 episode=320 return=-19.0 length=1074 lr=1.26e-04 entropy=1.0313
[ppo][eval] step=300000 mean_return=-21.00 max_return=-21.00
[ppo] step=300778 episode=330 return=-20.0 length=979 lr=1.21e-04 entropy=1.0252
[ppo] step=310600 episode=340 return=-21.0 length=818 lr=1.14e-04 entropy=1.1025
[ppo] step=319688 episode=350 return=-20.0 length=945 lr=1.08e-04 entropy=1.206
[ppo][eval] step=325000 mean_return=-21.00 max_return=-21.00
[ppo] step=328996 episode=360 return=-20.0 length=980 lr=1.03e-04 entropy=1.1351
[ppo] step=339401 episode=370 return=-19.0 length=1203 lr=9.72e-05 entropy=1.1939
[ppo] step=348541 episode=380 return=-20.0 length=909 lr=9.11e-05 entropy=1.1708
[ppo][eval] step=350000 mean_return=-21.00 max_return=-21.00
[ppo] step=357939 episode=390 return=-21.0 length=1150 lr=8.62e-05 entropy=1.2007
[ppo] step=367151 episode=400 return=-20.0 length=913 lr=8.00e-05 entropy=1.2191
[ppo][eval] step=375000 mean_return=-21.00 max_return=-21.00
[ppo] step=377298 episode=410 return=-17.0 length=1247 lr=7.39e-05 entropy=1.1776
[ppo] step=386810 episode=420 return=-20.0 length=1049 lr=6.90e-05 entropy=1.1983
[ppo] step=396458 episode=430 return=-20.0 length=981 lr=6.28e-05 entropy=1.1605
[ppo][eval] step=400000 mean_return=-21.00 max_return=-21.00
[ppo] step=405601 episode=440 return=-21.0 length=1005 lr=5.67e-05 entropy=1.1818
[ppo] step=414133 episode=450 return=-20.0 length=945 lr=5.18e-05 entropy=1.1823
[ppo] step=423974 episode=460 return=-20.0 length=976 lr=4.56e-05 entropy=1.3355
[ppo][eval] step=425000 mean_return=-21.00 max_return=-21.00
[ppo] step=433507 episode=470 return=-20.0 length=985 lr=4.07e-05 entropy=1.2853
[ppo] step=442303 episode=480 return=-20.0 length=839 lr=3.58e-05 entropy=1.3167
[ppo][eval] step=450000 mean_return=-21.00 max_return=-21.00
[ppo] step=451204 episode=490 return=-21.0 length=780 lr=2.97e-05 entropy=1.2509
[ppo] step=462089 episode=500 return=-21.0 length=1080 lr=2.35e-05 entropy=1.2657
[ppo] step=471914 episode=510 return=-21.0 length=942 lr=1.74e-05 entropy=1.3311
[ppo][eval] step=475000 mean_return=-21.00 max_return=-21.00
[ppo] step=480940 episode=520 return=-21.0 length=843 lr=1.25e-05 entropy=1.3113
[ppo] step=490642 episode=530 return=-19.0 length=1003 lr=6.32e-06 entropy=1.2599
[ppo] step=499662 episode=540 return=-21.0 length=779 lr=1.40e-06 entropy=1.2051
[ppo][eval] step=500000 mean_return=-21.00 max_return=-21.00
[ppo] finished profile=fast mean_eval_return=-21.00 passed=False run_dir=results\rl_ale_g234\ppo_ale_pong_20260905_020216_791264
{
  "task": "ale_pong",
  "env_id": "ALE/Pong-v5",
  "algorithm": "ppo_clipped_surrogate_gae",
  "profile": "fast",
  "seed": 0,
  "total_timesteps": 500000,
  "configured_total_timesteps": 500000,
  "actual_timesteps": 500000,
  "updates": 245,
  "rollout_length": 2048,
  "action_kind": "discrete",
  "eval_episodes": 5,
  "success_threshold": 0.0,
  "passed": false,
  "final_eval": {
    "episodes": 5,
    "seed": 10000,
    "mean_return": -21.0,
    "std_return": 0.0,
    "min_return": -21.0,
    "max_return": -21.0,
    "mean_length": 760.2000122070312
  },
  "last_eval": {
    "episodes": 5,
    "seed": 10000,
    "mean_return": -21.0,
    "std_return": 0.0,
    "min_return": -21.0,
    "max_return": -21.0,
    "mean_length": 760.2000122070312
  },
  "selected_step": 500000,
  "selected_source": "final",
  "training_efficiency": {
    "best_model_step": 500000,
    "best_model_training_fraction": 1.0,
    "first_success_step": null,
    "first_success_training_fraction": null,
    "best_minus_last_return": 0.0,
    "budget_interpretation": "unsolved_or_underfit"
  },
  "early_stopping": {
    "enabled": false,
    "patience": 30,
    "min_delta": 1.0,
    "min_steps": 25000,
    "target_score": 18.0,
    "best_mean_return": -21.0,
    "evaluations": 20,
    "evaluations_without_improvement": 19,
    "stopped_early": false,
    "stopping_reason": "budget_exhausted",
    "stopping_step": 500000
  },
  "run_dir": "results\\rl_ale_g234\\ppo_ale_pong_20260905_020216_791264"
}
Checkpoint: results\rl_ale_g234\ppo_ale_pong_20260905_020216_791264\checkpoint.pt
