[dqn] step=979 episode=1 return=-20.0 length=979 epsilon=0.981 loss=None
[dqn] step=1893 episode=2 return=-19.0 length=914 epsilon=0.964 loss=None
[dqn] step=2740 episode=3 return=-21.0 length=847 epsilon=0.948 loss=None
[dqn] step=3810 episode=4 return=-20.0 length=1070 epsilon=0.928 loss=None
[dqn] step=4709 episode=5 return=-20.0 length=899 epsilon=0.911 loss=None
[dqn] step=9186 episode=10 return=-21.0 length=855 epsilon=0.825 loss=None
[dqn] step=18290 episode=20 return=-21.0 length=760 epsilon=0.653 loss=None
[dqn][eval] step=25000 mean_return=-21.00 max_return=-21.00
[dqn] step=27251 episode=30 return=-21.0 length=825 epsilon=0.482 loss=0.0075268191285431385
[dqn] step=36327 episode=40 return=-21.0 length=842 epsilon=0.310 loss=0.004525503143668175
[dqn] step=44947 episode=50 return=-21.0 length=869 epsilon=0.146 loss=0.00117101997602731
[dqn][eval] step=50000 mean_return=-20.80 max_return=-20.00
[dqn] step=54053 episode=60 return=-20.0 length=957 epsilon=0.050 loss=0.0022417723666876554
[dqn] step=63161 episode=70 return=-21.0 length=787 epsilon=0.050 loss=0.0020118681713938713
[dqn] step=73654 episode=80 return=-18.0 length=1117 epsilon=0.050 loss=0.005429952871054411
[dqn][eval] step=75000 mean_return=-19.00 max_return=-16.00
[dqn] step=85962 episode=90 return=-19.0 length=1316 epsilon=0.050 loss=0.001455117715522647
[dqn] step=98716 episode=100 return=-17.0 length=1366 epsilon=0.050 loss=0.0020755550358444452
[dqn][eval] step=100000 mean_return=-16.40 max_return=-13.00
[dqn] step=113197 episode=110 return=-18.0 length=1542 epsilon=0.050 loss=0.003907078877091408
[dqn][eval] step=125000 mean_return=-16.00 max_return=-14.00
[dqn] step=127931 episode=120 return=-19.0 length=1501 epsilon=0.050 loss=0.0032218024134635925
[dqn] step=143661 episode=130 return=-15.0 length=1647 epsilon=0.050 loss=0.0021035324316471815
[dqn][eval] step=150000 mean_return=-15.20 max_return=-11.00
[dqn] step=161039 episode=140 return=-12.0 length=2013 epsilon=0.050 loss=0.003061968367546797
[dqn][eval] step=175000 mean_return=-12.40 max_return=-10.00
[dqn] step=179626 episode=150 return=-12.0 length=2067 epsilon=0.050 loss=0.00469164177775383
[dqn][eval] step=200000 mean_return=-13.40 max_return=-10.00
[dqn] step=200506 episode=160 return=-15.0 length=2152 epsilon=0.050 loss=0.002473508007824421
[dqn] step=219415 episode=170 return=-14.0 length=2061 epsilon=0.050 loss=0.004014341626316309
[dqn][eval] step=225000 mean_return=-16.60 max_return=-14.00
[dqn] step=240302 episode=180 return=-18.0 length=1900 epsilon=0.050 loss=0.003863321151584387
[dqn][eval] step=250000 mean_return=-12.80 max_return=-9.00
[dqn] step=266405 episode=190 return=-13.0 length=2628 epsilon=0.050 loss=0.00223355065099895
[dqn][eval] step=275000 mean_return=-5.80 max_return=3.00
[dqn] step=298260 episode=200 return=-3.0 length=3128 epsilon=0.050 loss=0.0034843026660382748
[dqn][eval] step=300000 mean_return=-2.60 max_return=4.00
[dqn][eval] step=325000 mean_return=-8.40 max_return=-3.00
[dqn] step=325592 episode=210 return=-2.0 length=3334 epsilon=0.050 loss=0.004129133187234402
[dqn][eval] step=350000 mean_return=-4.60 max_return=-1.00
[dqn] step=354372 episode=220 return=-1.0 length=3294 epsilon=0.050 loss=0.00414201570674777
[dqn][eval] step=375000 mean_return=-0.40 max_return=6.00
[dqn] step=384437 episode=230 return=-5.0 length=2996 epsilon=0.050 loss=0.00357350567355752
[dqn][eval] step=400000 mean_return=-5.60 max_return=5.00
[dqn] step=414398 episode=240 return=-8.0 length=3280 epsilon=0.050 loss=0.0036477711983025074
[dqn][eval] step=425000 mean_return=6.20 max_return=14.00
[dqn] step=445228 episode=250 return=-9.0 length=2558 epsilon=0.050 loss=0.001967361429706216
[dqn][eval] step=450000 mean_return=-2.60 max_return=3.00
[dqn] step=473943 episode=260 return=7.0 length=2967 epsilon=0.050 loss=0.0033966810442507267
[dqn][eval] step=475000 mean_return=-0.40 max_return=6.00
[dqn][eval] step=500000 mean_return=2.40 max_return=13.00
[dqn] finished profile=fast mean_eval_return=6.20 passed=True run_dir=results\rl_ale_g234\dqn_ale_pong_20260905_173215_886434
{
  "task": "ale_pong",
  "env_id": "ALE/Pong-v5",
  "profile": "fast",
  "seed": 4,
  "total_timesteps": 500000,
  "configured_total_timesteps": 500000,
  "actual_timesteps": 500000,
  "eval_episodes": 5,
  "success_threshold": 0.0,
  "passed": true,
  "final_eval": {
    "episodes": 5,
    "seed": 10000,
    "mean_return": 6.199999809265137,
    "std_return": 6.400000095367432,
    "min_return": -4.0,
    "max_return": 14.0,
    "mean_length": 3225.800048828125
  },
  "last_eval": {
    "episodes": 5,
    "seed": 10000,
    "mean_return": 2.4000000953674316,
    "std_return": 6.248199939727783,
    "min_return": -6.0,
    "max_return": 13.0,
    "mean_length": 3417.800048828125
  },
  "selected_step": 425000,
  "selected_source": "best_eval",
  "training_efficiency": {
    "best_model_step": 425000,
    "best_model_training_fraction": 0.85,
    "first_success_step": 425000,
    "first_success_training_fraction": 0.85,
    "best_minus_last_return": 3.799999713897705,
    "budget_interpretation": "regressed_after_best"
  },
  "early_stopping": {
    "enabled": false,
    "patience": 30,
    "min_delta": 1.0,
    "min_steps": 25000,
    "target_score": 18.0,
    "best_mean_return": 6.199999809265137,
    "evaluations": 20,
    "evaluations_without_improvement": 3,
    "stopped_early": false,
    "stopping_reason": "budget_exhausted",
    "stopping_step": 500000
  },
  "run_dir": "results\\rl_ale_g234\\dqn_ale_pong_20260905_173215_886434"
}
Checkpoint: results\rl_ale_g234\dqn_ale_pong_20260905_173215_886434\checkpoint.pt
[13:16:16] DONE dqn seed=4 exit=
[13:16:16] ALE CAMPAIGN COMPLETE
