[10:02:35] banked: 
[10:02:35] in flight, kept: ppo_0 ppo_1
[10:02:35] queued 4, max concurrency 2 (counting the 2 already in flight)
[14:22:17] banked: 
[14:22:17] in flight, kept: ppo_0 ppo_1
[14:22:17] queued 4, max concurrency 4 (counting the 2 already in flight)
[14:27:12] banked: 
[14:27:12] in flight, kept: ppo_0 ppo_1
[14:27:12] queued 4, max concurrency 2 (counting the 2 already in flight)
[18:22:03] banked: 
[18:22:03] in flight, kept: ppo_1 ppo_2
[18:22:03] queued 4, max concurrency 2 (counting the 2 already in flight)
[10:23:07] banked: ppo_clipped_surrogate_gae_0 ppo_clipped_surrogate_gae_1 ppo_clipped_surrogate_gae_2
[10:23:07] in flight, kept: dqn_0 dqn_1
[10:23:07] queued 4, max concurrency 2 (counting the 2 already in flight)
[10:25:24] banked: ppo_0 ppo_2
[10:25:24] in flight, kept: dqn_0 dqn_1
[10:25:24] queued 2, max concurrency 2 (counting the 2 already in flight)
[10:28:23] banked: ppo_0 ppo_2
[10:28:23] in flight, kept: dqn_0 dqn_1
[10:28:23] queued 2, max concurrency 4 (counting the 2 already in flight)
[10:32:12] banked: ppo_0 ppo_2
[10:32:12] in flight, kept: dqn_0 dqn_1 dqn_2 ppo_1
[10:32:12] queued 4, max concurrency 8 (counting the 4 already in flight)
