cases trainable: False
labels trainable: False
cases trainable: False
labels trainable: False
Enforcing normalize_over_cases = True for regression task.
[nnknn-rl] step=11 episode=1 return=11.0 length=11 loss=None cases=0
[nnknn-rl] step=31 episode=2 return=20.0 length=20 loss=None cases=0
[nnknn-rl] step=46 episode=3 return=15.0 length=15 loss=None cases=0
[nnknn-rl] step=60 episode=4 return=14.0 length=14 loss=48.54212951660156 cases=60
[nnknn-rl] step=85 episode=5 return=25.0 length=25 loss=None cases=60
[nnknn-rl] step=216 episode=10 return=15.0 length=15 loss=None cases=158
[nnknn-rl] step=451 episode=20 return=53.0 length=53 loss=58.701255798339844 cases=247
[nnknn-rl] step=625 episode=30 return=15.0 length=15 loss=None cases=248
[nnknn-rl] step=864 episode=40 return=30.0 length=30 loss=20.27420997619629 cases=248
[nnknn-rl] step=1113 episode=50 return=19.0 length=19 loss=None cases=248
[nnknn-rl] step=1363 episode=60 return=14.0 length=14 loss=13.362568855285645 cases=248
[nnknn-rl] step=1593 episode=70 return=38.0 length=38 loss=None cases=249
[nnknn-rl] step=1855 episode=80 return=11.0 length=11 loss=36.54312515258789 cases=250
[nnknn-rl] step=2026 episode=90 return=41.0 length=41 loss=None cases=246
[nnknn-rl][critic-holdout] step=2292 episodes=100 mse=32.3846 explained_variance=0.4974
[nnknn-rl] step=2292 episode=100 return=16.0 length=16 loss=20.846820831298828 cases=250
[nnknn-rl][eval] step=2292 mean_return=434.65 max_return=500.00
[nnknn-rl] step=2533 episode=110 return=11.0 length=11 loss=None cases=250
[nnknn-rl] step=2759 episode=120 return=28.0 length=28 loss=28.22615623474121 cases=250
[nnknn-rl] step=2984 episode=130 return=14.0 length=14 loss=None cases=250
[nnknn-rl] step=3285 episode=140 return=19.0 length=19 loss=50.74516677856445 cases=250
[nnknn-rl] step=3485 episode=150 return=17.0 length=17 loss=None cases=250
[nnknn-rl] step=3809 episode=160 return=35.0 length=35 loss=71.93569946289062 cases=250
[nnknn-rl] step=4063 episode=170 return=15.0 length=15 loss=None cases=250
[nnknn-rl] step=4305 episode=180 return=10.0 length=10 loss=22.87977409362793 cases=250
[nnknn-rl] step=4612 episode=190 return=24.0 length=24 loss=None cases=250
[nnknn-rl][critic-holdout] step=4804 episodes=200 mse=23.0064 explained_variance=0.5925
[nnknn-rl] step=4804 episode=200 return=13.0 length=13 loss=15.959637641906738 cases=250
[nnknn-rl][eval] step=4804 mean_return=424.10 max_return=500.00
[nnknn-rl] step=5052 episode=210 return=73.0 length=73 loss=None cases=250
[nnknn-rl] step=5241 episode=220 return=15.0 length=15 loss=21.5437068939209 cases=250
[nnknn-rl] step=5493 episode=230 return=23.0 length=23 loss=None cases=250
[nnknn-rl] step=5765 episode=240 return=19.0 length=19 loss=43.6328125 cases=250
[nnknn-rl] step=6000 episode=250 return=14.0 length=14 loss=None cases=250
[nnknn-rl] step=6287 episode=260 return=19.0 length=19 loss=33.71531295776367 cases=250
[nnknn-rl] step=6536 episode=270 return=14.0 length=14 loss=None cases=250
[nnknn-rl] step=6830 episode=280 return=21.0 length=21 loss=74.9173812866211 cases=250
[nnknn-rl] step=7058 episode=290 return=28.0 length=28 loss=None cases=250
[nnknn-rl][critic-holdout] step=7415 episodes=300 mse=52.9411 explained_variance=0.3920
[nnknn-rl] step=7415 episode=300 return=38.0 length=38 loss=35.437774658203125 cases=250
[nnknn-rl][eval] step=7415 mean_return=488.60 max_return=500.00
[nnknn-rl] step=7680 episode=310 return=18.0 length=18 loss=None cases=250
[nnknn-rl] step=8043 episode=320 return=113.0 length=113 loss=103.87133026123047 cases=250
[nnknn-rl] step=8432 episode=330 return=44.0 length=44 loss=None cases=250
[nnknn-rl] step=8789 episode=340 return=36.0 length=36 loss=73.97612762451172 cases=250
[nnknn-rl] step=9076 episode=350 return=42.0 length=42 loss=None cases=250
[nnknn-rl] step=9336 episode=360 return=16.0 length=16 loss=25.71334457397461 cases=250
[nnknn-rl] step=9630 episode=370 return=24.0 length=24 loss=None cases=250
[nnknn-rl] step=9874 episode=380 return=13.0 length=13 loss=32.1680908203125 cases=250
[nnknn-rl] step=10178 episode=390 return=53.0 length=53 loss=None cases=250
[nnknn-rl][critic-holdout] step=10508 episodes=400 mse=235.8547 explained_variance=0.3176
[nnknn-rl] step=10508 episode=400 return=33.0 length=33 loss=77.90028381347656 cases=250
[nnknn-rl][eval] step=10508 mean_return=436.20 max_return=500.00
[nnknn-rl] step=10814 episode=410 return=11.0 length=11 loss=None cases=250
[nnknn-rl] step=11166 episode=420 return=46.0 length=46 loss=32.016361236572266 cases=250
[nnknn-rl] step=11398 episode=430 return=18.0 length=18 loss=None cases=250
[nnknn-rl] step=11688 episode=440 return=27.0 length=27 loss=15.247918128967285 cases=250
[nnknn-rl] step=11966 episode=450 return=39.0 length=39 loss=None cases=250
[nnknn-rl] step=12277 episode=460 return=18.0 length=18 loss=51.21259307861328 cases=250
[nnknn-rl] step=12563 episode=470 return=14.0 length=14 loss=None cases=250
[nnknn-rl] step=12880 episode=480 return=28.0 length=28 loss=45.20317077636719 cases=250
[nnknn-rl] step=13322 episode=490 return=62.0 length=62 loss=None cases=250
[nnknn-rl][critic-holdout] step=13718 episodes=500 mse=33.6647 explained_variance=0.5328
[nnknn-rl] step=13718 episode=500 return=101.0 length=101 loss=98.15819549560547 cases=250
[nnknn-rl][eval] step=13718 mean_return=320.25 max_return=500.00
[nnknn-rl] step=14134 episode=510 return=44.0 length=44 loss=None cases=250
[nnknn-rl] step=14510 episode=520 return=66.0 length=66 loss=60.83037567138672 cases=250
[nnknn-rl] step=14898 episode=530 return=26.0 length=26 loss=None cases=250
[nnknn-rl] step=15157 episode=540 return=16.0 length=16 loss=43.82659149169922 cases=248
[nnknn-rl] step=15398 episode=550 return=16.0 length=16 loss=None cases=246
[nnknn-rl] step=15667 episode=560 return=51.0 length=51 loss=65.71906280517578 cases=250
[nnknn-rl] step=15945 episode=570 return=18.0 length=18 loss=None cases=250
[nnknn-rl] step=16349 episode=580 return=47.0 length=47 loss=40.72374725341797 cases=250
[nnknn-rl] step=16738 episode=590 return=79.0 length=79 loss=None cases=250
[nnknn-rl][critic-holdout] step=17033 episodes=600 mse=117.3713 explained_variance=0.2375
[nnknn-rl] step=17033 episode=600 return=15.0 length=15 loss=34.6154899597168 cases=250
[nnknn-rl][eval] step=17033 mean_return=484.40 max_return=500.00
[nnknn-rl] step=17339 episode=610 return=13.0 length=13 loss=None cases=250
[nnknn-rl] step=17639 episode=620 return=27.0 length=27 loss=28.585037231445312 cases=250
[nnknn-rl] step=18125 episode=630 return=18.0 length=18 loss=None cases=250
[nnknn-rl] step=18484 episode=640 return=16.0 length=16 loss=24.044151306152344 cases=238
[nnknn-rl] step=18917 episode=650 return=45.0 length=45 loss=None cases=250
[nnknn-rl] step=19283 episode=660 return=66.0 length=66 loss=84.91638946533203 cases=250
[nnknn-rl] step=19775 episode=670 return=19.0 length=19 loss=None cases=250
[nnknn-rl] step=20180 episode=680 return=67.0 length=67 loss=56.10038757324219 cases=250
[nnknn-rl] step=20795 episode=690 return=35.0 length=35 loss=None cases=250
[nnknn-rl][critic-holdout] step=21258 episodes=700 mse=405.1242 explained_variance=0.0815
[nnknn-rl] step=21258 episode=700 return=53.0 length=53 loss=81.87467193603516 cases=250
[nnknn-rl][eval] step=21258 mean_return=484.65 max_return=500.00
[nnknn-rl] step=21592 episode=710 return=13.0 length=13 loss=None cases=250
[nnknn-rl] step=22032 episode=720 return=100.0 length=100 loss=83.66657257080078 cases=250
[nnknn-rl] step=22516 episode=730 return=12.0 length=12 loss=None cases=250
[nnknn-rl] step=23094 episode=740 return=95.0 length=95 loss=68.00237274169922 cases=250
[nnknn-rl] step=23673 episode=750 return=69.0 length=69 loss=None cases=250
[nnknn-rl] step=24225 episode=760 return=19.0 length=19 loss=96.84928131103516 cases=250
[nnknn-rl] step=24803 episode=770 return=143.0 length=143 loss=None cases=250
[nnknn-rl] step=25270 episode=780 return=17.0 length=17 loss=56.10123062133789 cases=250
[nnknn-rl] step=25865 episode=790 return=83.0 length=83 loss=None cases=250
[nnknn-rl][critic-holdout] step=26428 episodes=800 mse=340.8783 explained_variance=0.2650
[nnknn-rl] step=26428 episode=800 return=39.0 length=39 loss=56.6170539855957 cases=250
[nnknn-rl][eval] step=26428 mean_return=453.15 max_return=500.00
[nnknn-rl] step=27112 episode=810 return=78.0 length=78 loss=None cases=250
[nnknn-rl] step=27536 episode=820 return=16.0 length=16 loss=66.70893096923828 cases=250
[nnknn-rl] step=28017 episode=830 return=140.0 length=140 loss=None cases=250
[nnknn-rl] step=28555 episode=840 return=47.0 length=47 loss=107.29987335205078 cases=250
[nnknn-rl] step=29117 episode=850 return=88.0 length=88 loss=None cases=250
[nnknn-rl] step=29629 episode=860 return=27.0 length=27 loss=80.78278350830078 cases=250
[nnknn-rl] step=30260 episode=870 return=63.0 length=63 loss=None cases=250
[nnknn-rl] step=31032 episode=880 return=69.0 length=69 loss=60.855995178222656 cases=250
[nnknn-rl] step=31872 episode=890 return=92.0 length=92 loss=None cases=250
[nnknn-rl][critic-holdout] step=32541 episodes=900 mse=962.2505 explained_variance=0.1013
[nnknn-rl] step=32541 episode=900 return=81.0 length=81 loss=90.36563110351562 cases=250
[nnknn-rl][eval] step=32541 mean_return=480.15 max_return=500.00
[nnknn-rl] step=33429 episode=910 return=83.0 length=83 loss=None cases=250
[nnknn-rl] step=34264 episode=920 return=130.0 length=130 loss=91.977294921875 cases=250
[nnknn-rl] step=35078 episode=930 return=50.0 length=50 loss=None cases=250
[nnknn-rl] step=36056 episode=940 return=96.0 length=96 loss=80.24165344238281 cases=250
[nnknn-rl] step=37056 episode=950 return=33.0 length=33 loss=None cases=250
[nnknn-rl] step=38110 episode=960 return=262.0 length=262 loss=105.30579376220703 cases=250
[nnknn-rl] step=38914 episode=970 return=77.0 length=77 loss=None cases=250
[nnknn-rl] step=39861 episode=980 return=130.0 length=130 loss=87.8974838256836 cases=250
[nnknn-rl] step=40638 episode=990 return=112.0 length=112 loss=None cases=250
[nnknn-rl][critic-holdout] step=41612 episodes=1000 mse=539.0439 explained_variance=0.1576
[nnknn-rl] step=41612 episode=1000 return=168.0 length=168 loss=102.63343048095703 cases=250
[nnknn-rl][eval] step=41612 mean_return=482.45 max_return=500.00
[nnknn-rl] step=42608 episode=1010 return=57.0 length=57 loss=None cases=250
[nnknn-rl] step=43470 episode=1020 return=51.0 length=51 loss=96.13375854492188 cases=250
[nnknn-rl] step=44717 episode=1030 return=104.0 length=104 loss=None cases=250
[nnknn-rl] step=45873 episode=1040 return=48.0 length=48 loss=71.93934631347656 cases=248
[nnknn-rl] step=46963 episode=1050 return=160.0 length=160 loss=None cases=250
[nnknn-rl] step=48301 episode=1060 return=213.0 length=213 loss=97.65058135986328 cases=250
[nnknn-rl] step=50138 episode=1070 return=176.0 length=176 loss=None cases=250
[nnknn-rl] step=52187 episode=1080 return=171.0 length=171 loss=102.61865234375 cases=250
[nnknn-rl] step=54668 episode=1090 return=288.0 length=288 loss=None cases=250
[nnknn-rl][critic-holdout] step=57690 episodes=1100 mse=1852.0326 explained_variance=0.1390
[nnknn-rl] step=57690 episode=1100 return=500.0 length=500 loss=80.67173767089844 cases=250
[nnknn-rl][eval] step=57690 mean_return=484.85 max_return=500.00
[nnknn-rl] step=59501 episode=1110 return=124.0 length=124 loss=None cases=229
[nnknn-rl] step=62136 episode=1120 return=310.0 length=310 loss=70.2274398803711 cases=250
[nnknn-rl] step=65355 episode=1130 return=262.0 length=262 loss=None cases=250
[nnknn-rl] step=68101 episode=1140 return=480.0 length=480 loss=71.39665985107422 cases=250
[nnknn-rl] step=71211 episode=1150 return=203.0 length=203 loss=None cases=250
[nnknn-rl] step=74378 episode=1160 return=369.0 length=369 loss=82.09268188476562 cases=250
[nnknn-rl] step=77496 episode=1170 return=500.0 length=500 loss=None cases=227
[nnknn-rl] step=81035 episode=1180 return=329.0 length=329 loss=52.77217102050781 cases=250
[nnknn-rl] step=84667 episode=1190 return=248.0 length=248 loss=None cases=250
[nnknn-rl][critic-holdout] step=88987 episodes=1200 mse=2021.8630 explained_variance=0.2395
[nnknn-rl] step=88987 episode=1200 return=500.0 length=500 loss=44.07664489746094 cases=250
[nnknn-rl][eval] step=88987 mean_return=492.85 max_return=500.00
[nnknn-rl] step=91230 episode=1210 return=167.0 length=167 loss=None cases=250
[nnknn-rl] step=94699 episode=1220 return=415.0 length=415 loss=52.14191818237305 cases=250
[nnknn-rl] step=99177 episode=1230 return=481.0 length=481 loss=None cases=235
[nnknn-rl] step=102862 episode=1240 return=500.0 length=500 loss=66.49876403808594 cases=250
[nnknn-rl] step=106587 episode=1250 return=500.0 length=500 loss=None cases=250
[nnknn-rl] step=110101 episode=1260 return=323.0 length=323 loss=54.062007904052734 cases=250
[nnknn-rl] step=113264 episode=1270 return=340.0 length=340 loss=None cases=250
[nnknn-rl] step=115940 episode=1280 return=186.0 length=186 loss=46.89567947387695 cases=250
[nnknn-rl] step=119087 episode=1290 return=383.0 length=383 loss=None cases=234
[nnknn-rl][critic-holdout] step=123022 episodes=1300 mse=1415.0037 explained_variance=0.3179
[nnknn-rl] step=123022 episode=1300 return=349.0 length=349 loss=48.189334869384766 cases=250
[nnknn-rl][eval] step=123022 mean_return=500.00 max_return=500.00
[nnknn-rl][early-stop] step=123022 reason=target_score
[nnknn-rl] finished profile=fast mean_eval_return=500.00 passed=True run_dir=results\rl_capacity_cpu_g234\nnknn_rl_cartpole_20260905_162134_011719
{
  "task": "cartpole",
  "env_id": "CartPole-v1",
  "profile": "fast",
  "seed": 4,
  "total_timesteps": 123022,
  "configured_total_timesteps": 150000,
  "actual_timesteps": 123022,
  "eval_episodes": 20,
  "success_threshold": 475.0,
  "passed": true,
  "algorithm": "nnknn_actor_critic_separate_memory_gae",
  "actor_type": "nnknn",
  "critic_type": "nnknn",
  "architecture": {
    "separate_case_bases": true,
    "shared_nnknn_representation": true,
    "critic_target_shared_case_store": true,
    "actor_case_insertion": "raw_positive_advantage_only"
  },
  "gae": {
    "gamma": 0.99,
    "gae_lambda": 0.95,
    "advantage_clip": 5.0
  },
  "exploration": {
    "mode": "epsilon_mixed_policy",
    "applies_to_actor": true,
    "initial_epsilon": 1.0,
    "final_epsilon": 0.05,
    "fraction": 0.5,
    "final_step_epsilon": 0.05,
    "readiness": {
      "min_case_entries": 32,
      "min_cases_per_action": 8
    }
  },
  "final_eval": {
    "episodes": 20,
    "seed": 10000,
    "mean_return": 500.0,
    "std_return": 0.0,
    "min_return": 500.0,
    "max_return": 500.0,
    "mean_length": 500.0
  },
  "last_eval": {
    "episodes": 20,
    "seed": 10000,
    "mean_return": 500.0,
    "std_return": 0.0,
    "min_return": 500.0,
    "max_return": 500.0,
    "mean_length": 500.0
  },
  "selected_step": 123022,
  "selected_source": "final",
  "training_efficiency": {
    "best_model_step": 123022,
    "best_model_training_fraction": 1.0,
    "first_success_step": 7415,
    "first_success_training_fraction": 0.060273772170831234,
    "best_minus_last_return": 0.0,
    "budget_interpretation": "final_is_best_check_for_underfit"
  },
  "early_stopping": {
    "enabled": true,
    "patience": 30,
    "min_delta": 1.0,
    "min_steps": 25000,
    "target_score": 500.0,
    "best_mean_return": 500.0,
    "evaluations": 13,
    "evaluations_without_improvement": 0,
    "stopped_early": true,
    "stopping_reason": "target_score",
    "stopping_step": 123022
  },
  "case_entries": 250,
  "critic_case_entries": 250,
  "action_counts": [
    117,
    133
  ],
  "cases_pruned": 27278,
  "cases_replaced": 186827,
  "actor_cases_pruned": 17871,
  "actor_cases_replaced": 85141,
  "critic_cases_pruned": 9407,
  "critic_cases_replaced": 101686,
  "critic_label_updates": 780,
  "critic_label_update_samples": 11679,
  "partial_rollout_segments": 0,
  "partial_rollout_samples": 0,
  "critic_target_enabled": true,
  "critic_target_value_mode": "ema",
  "critic_target_sync_interval": 4,
  "critic_target_ema_tau": 0.05,
  "critic_target_value_syncs": 82,
  "critic_holdout_evaluations": 13,
  "latest_critic_holdout": {
    "global_step": 123022,
    "completed_episodes": 1300,
    "diagnostic_index": 13,
    "critic_holdout_mse": 1415.003662109375,
    "critic_holdout_explained_variance": 0.3178936839103699,
    "critic_holdout_value_mean": 47.24239730834961,
    "critic_holdout_target_mean": 79.4536361694336,
    "critic_holdout_samples": 1950,
    "critic_holdout_episodes": 5,
    "critic_holdout_environment_steps": 1950,
    "critic_holdout_mean_episode_return": 390.0,
    "critic_holdout_mean_episode_length": 390.0,
    "critic_holdout_behavior_epsilon": 0.05,
    "critic_holdout_truncated_bootstraps": 2,
    "critic_holdout_target_method": "discounted_monte_carlo_with_truncation_bootstrap",
    "critic_holdout_bootstrap_source": "target_value_model",
    "critic_holdout_seed": 30060
  },
  "run_dir": "results\\rl_capacity_cpu_g234\\nnknn_rl_cartpole_20260905_162134_011719"
}
Checkpoint: results\rl_capacity_cpu_g234\nnknn_rl_cartpole_20260905_162134_011719\checkpoint.pt
