cases trainable: False
labels trainable: False
cases trainable: False
labels trainable: False
Enforcing normalize_over_cases = True for regression task.
[nnknn-rl] step=29 episode=1 return=29.0 length=29 loss=None cases=0
[nnknn-rl] step=40 episode=2 return=11.0 length=11 loss=None cases=0
[nnknn-rl] step=52 episode=3 return=12.0 length=12 loss=None cases=0
[nnknn-rl] step=72 episode=4 return=20.0 length=20 loss=68.32059478759766 cases=72
[nnknn-rl] step=89 episode=5 return=17.0 length=17 loss=None cases=72
[nnknn-rl] step=201 episode=10 return=18.0 length=18 loss=None cases=135
[nnknn-rl] step=392 episode=20 return=13.0 length=13 loss=5.182391166687012 cases=241
[nnknn-rl] step=592 episode=30 return=12.0 length=12 loss=None cases=243
[nnknn-rl] step=761 episode=40 return=10.0 length=10 loss=7.370001316070557 cases=249
[nnknn-rl] step=950 episode=50 return=14.0 length=14 loss=None cases=240
[nnknn-rl] step=1161 episode=60 return=32.0 length=32 loss=25.720956802368164 cases=244
[nnknn-rl] step=1439 episode=70 return=18.0 length=18 loss=None cases=250
[nnknn-rl] step=1687 episode=80 return=27.0 length=27 loss=20.698688507080078 cases=250
[nnknn-rl] step=1884 episode=90 return=13.0 length=13 loss=None cases=241
[nnknn-rl][critic-holdout] step=2105 episodes=100 mse=35.8032 explained_variance=0.4486
[nnknn-rl] step=2105 episode=100 return=9.0 length=9 loss=17.203886032104492 cases=247
[nnknn-rl][eval] step=2105 mean_return=253.65 max_return=500.00
[nnknn-rl] step=2305 episode=110 return=16.0 length=16 loss=None cases=245
[nnknn-rl] step=2519 episode=120 return=20.0 length=20 loss=11.236831665039062 cases=250
[nnknn-rl] step=2732 episode=130 return=17.0 length=17 loss=None cases=250
[nnknn-rl] step=3025 episode=140 return=11.0 length=11 loss=54.6871337890625 cases=250
[nnknn-rl] step=3229 episode=150 return=32.0 length=32 loss=None cases=250
[nnknn-rl] step=3482 episode=160 return=24.0 length=24 loss=17.363773345947266 cases=250
[nnknn-rl] step=3664 episode=170 return=12.0 length=12 loss=None cases=247
[nnknn-rl] step=3904 episode=180 return=39.0 length=39 loss=24.169309616088867 cases=250
[nnknn-rl] step=4103 episode=190 return=19.0 length=19 loss=None cases=250
[nnknn-rl][critic-holdout] step=4327 episodes=200 mse=26.1989 explained_variance=0.5475
[nnknn-rl] step=4327 episode=200 return=13.0 length=13 loss=11.857784271240234 cases=250
[nnknn-rl][eval] step=4327 mean_return=352.45 max_return=500.00
[nnknn-rl] step=4568 episode=210 return=16.0 length=16 loss=None cases=250
[nnknn-rl] step=4878 episode=220 return=18.0 length=18 loss=44.61467361450195 cases=250
[nnknn-rl] step=5115 episode=230 return=27.0 length=27 loss=None cases=250
[nnknn-rl] step=5375 episode=240 return=23.0 length=23 loss=14.386565208435059 cases=250
[nnknn-rl] step=5640 episode=250 return=48.0 length=48 loss=None cases=250
[nnknn-rl] step=5856 episode=260 return=58.0 length=58 loss=52.78493118286133 cases=250
[nnknn-rl] step=6141 episode=270 return=40.0 length=40 loss=None cases=250
[nnknn-rl] step=6385 episode=280 return=30.0 length=30 loss=28.936203002929688 cases=250
[nnknn-rl] step=6643 episode=290 return=12.0 length=12 loss=None cases=250
[nnknn-rl][critic-holdout] step=6882 episodes=300 mse=64.2450 explained_variance=0.3369
[nnknn-rl] step=6882 episode=300 return=11.0 length=11 loss=50.2649040222168 cases=250
[nnknn-rl][eval] step=6882 mean_return=499.20 max_return=500.00
[nnknn-rl] step=7122 episode=310 return=16.0 length=16 loss=None cases=250
[nnknn-rl] step=7356 episode=320 return=24.0 length=24 loss=20.960538864135742 cases=250
[nnknn-rl] step=7628 episode=330 return=31.0 length=31 loss=None cases=250
[nnknn-rl] step=8014 episode=340 return=48.0 length=48 loss=113.2526626586914 cases=250
[nnknn-rl] step=8284 episode=350 return=40.0 length=40 loss=None cases=250
[nnknn-rl] step=8550 episode=360 return=58.0 length=58 loss=57.75790786743164 cases=250
[nnknn-rl] step=8843 episode=370 return=71.0 length=71 loss=None cases=250
[nnknn-rl] step=9172 episode=380 return=18.0 length=18 loss=63.18134689331055 cases=250
[nnknn-rl] step=9509 episode=390 return=29.0 length=29 loss=None cases=250
[nnknn-rl][critic-holdout] step=9778 episodes=400 mse=283.9706 explained_variance=0.2108
[nnknn-rl] step=9778 episode=400 return=31.0 length=31 loss=31.274070739746094 cases=250
[nnknn-rl][eval] step=9778 mean_return=495.90 max_return=500.00
[nnknn-rl] step=10108 episode=410 return=52.0 length=52 loss=None cases=250
[nnknn-rl] step=10339 episode=420 return=20.0 length=20 loss=24.083581924438477 cases=250
[nnknn-rl] step=10590 episode=430 return=25.0 length=25 loss=None cases=250
[nnknn-rl] step=10973 episode=440 return=48.0 length=48 loss=67.66739654541016 cases=250
[nnknn-rl] step=11290 episode=450 return=33.0 length=33 loss=None cases=248
[nnknn-rl] step=11564 episode=460 return=34.0 length=34 loss=26.046051025390625 cases=250
[nnknn-rl] step=11867 episode=470 return=39.0 length=39 loss=None cases=250
[nnknn-rl] step=12185 episode=480 return=54.0 length=54 loss=39.39069366455078 cases=250
[nnknn-rl] step=12429 episode=490 return=15.0 length=15 loss=None cases=250
[nnknn-rl][critic-holdout] step=12700 episodes=500 mse=111.5976 explained_variance=0.4034
[nnknn-rl] step=12700 episode=500 return=16.0 length=16 loss=15.041502952575684 cases=250
[nnknn-rl][eval] step=12700 mean_return=500.00 max_return=500.00
[nnknn-rl][early-stop] step=12700 reason=target_score
[nnknn-rl] finished profile=fast mean_eval_return=500.00 passed=True run_dir=results\rl_capacity_cpu_g234\nnknn_rl_cartpole_20260905_161354_158924
{
  "task": "cartpole",
  "env_id": "CartPole-v1",
  "profile": "fast",
  "seed": 1,
  "total_timesteps": 12700,
  "configured_total_timesteps": 150000,
  "actual_timesteps": 12700,
  "eval_episodes": 20,
  "success_threshold": 475.0,
  "passed": true,
  "algorithm": "nnknn_actor_critic_separate_memory_gae",
  "actor_type": "nnknn",
  "critic_type": "nnknn",
  "architecture": {
    "separate_case_bases": true,
    "shared_nnknn_representation": true,
    "critic_target_shared_case_store": true,
    "actor_case_insertion": "raw_positive_advantage_only"
  },
  "gae": {
    "gamma": 0.99,
    "gae_lambda": 0.95,
    "advantage_clip": 5.0
  },
  "exploration": {
    "mode": "epsilon_mixed_policy",
    "applies_to_actor": true,
    "initial_epsilon": 1.0,
    "final_epsilon": 0.05,
    "fraction": 0.5,
    "final_step_epsilon": 0.8391333333333333,
    "readiness": {
      "min_case_entries": 32,
      "min_cases_per_action": 8
    }
  },
  "final_eval": {
    "episodes": 20,
    "seed": 10000,
    "mean_return": 500.0,
    "std_return": 0.0,
    "min_return": 500.0,
    "max_return": 500.0,
    "mean_length": 500.0
  },
  "last_eval": {
    "episodes": 20,
    "seed": 10000,
    "mean_return": 500.0,
    "std_return": 0.0,
    "min_return": 500.0,
    "max_return": 500.0,
    "mean_length": 500.0
  },
  "selected_step": 12700,
  "selected_source": "final",
  "training_efficiency": {
    "best_model_step": 12700,
    "best_model_training_fraction": 1.0,
    "first_success_step": 6882,
    "first_success_training_fraction": 0.5418897637795276,
    "best_minus_last_return": 0.0,
    "budget_interpretation": "final_is_best_check_for_underfit"
  },
  "early_stopping": {
    "enabled": true,
    "patience": 30,
    "min_delta": 1.0,
    "min_steps": 25000,
    "target_score": 500.0,
    "best_mean_return": 499.20001220703125,
    "evaluations": 5,
    "evaluations_without_improvement": 0,
    "stopped_early": true,
    "stopping_reason": "target_score",
    "stopping_step": 12700
  },
  "case_entries": 250,
  "critic_case_entries": 250,
  "action_counts": [
    125,
    125
  ],
  "cases_pruned": 5525,
  "cases_replaced": 13848,
  "actor_cases_pruned": 2487,
  "actor_cases_replaced": 4449,
  "critic_cases_pruned": 3038,
  "critic_cases_replaced": 9399,
  "critic_label_updates": 8,
  "critic_label_update_samples": 13,
  "partial_rollout_segments": 0,
  "partial_rollout_samples": 0,
  "critic_target_enabled": true,
  "critic_target_value_mode": "ema",
  "critic_target_sync_interval": 4,
  "critic_target_ema_tau": 0.05,
  "critic_target_value_syncs": 32,
  "critic_holdout_evaluations": 5,
  "latest_critic_holdout": {
    "global_step": 12700,
    "completed_episodes": 500,
    "diagnostic_index": 5,
    "critic_holdout_mse": 111.59757232666016,
    "critic_holdout_explained_variance": 0.4034162163734436,
    "critic_holdout_value_mean": 13.94076156616211,
    "critic_holdout_target_mean": 18.45670509338379,
    "critic_holdout_samples": 159,
    "critic_holdout_episodes": 5,
    "critic_holdout_environment_steps": 159,
    "critic_holdout_mean_episode_return": 31.8,
    "critic_holdout_mean_episode_length": 31.8,
    "critic_holdout_behavior_epsilon": 0.8391333333333333,
    "critic_holdout_truncated_bootstraps": 0,
    "critic_holdout_target_method": "discounted_monte_carlo_with_truncation_bootstrap",
    "critic_holdout_bootstrap_source": "target_value_model",
    "critic_holdout_seed": 30020
  },
  "run_dir": "results\\rl_capacity_cpu_g234\\nnknn_rl_cartpole_20260905_161354_158924"
}
Checkpoint: results\rl_capacity_cpu_g234\nnknn_rl_cartpole_20260905_161354_158924\checkpoint.pt
