cases trainable: False
labels trainable: False
cases trainable: False
labels trainable: False
Enforcing normalize_over_cases = True for regression task.
[nnknn-rl] step=14 episode=1 return=14.0 length=14 loss=None cases=0
[nnknn-rl] step=102 episode=2 return=88.0 length=88 loss=None cases=0
[nnknn-rl] step=132 episode=3 return=30.0 length=30 loss=None cases=0
[nnknn-rl] step=169 episode=4 return=37.0 length=37 loss=156.03953552246094 cases=169
[nnknn-rl] step=184 episode=5 return=15.0 length=15 loss=None cases=169
[nnknn-rl] step=267 episode=10 return=16.0 length=16 loss=None cases=192
[nnknn-rl] step=516 episode=20 return=16.0 length=16 loss=21.390411376953125 cases=249
[nnknn-rl] step=787 episode=30 return=30.0 length=30 loss=None cases=250
[nnknn-rl] step=1086 episode=40 return=11.0 length=11 loss=38.36452865600586 cases=238
[nnknn-rl] step=1269 episode=50 return=10.0 length=10 loss=None cases=247
[nnknn-rl] step=1452 episode=60 return=15.0 length=15 loss=21.33598518371582 cases=241
[nnknn-rl] step=1658 episode=70 return=15.0 length=15 loss=None cases=248
[nnknn-rl] step=1855 episode=80 return=30.0 length=30 loss=15.998589515686035 cases=249
[nnknn-rl] step=2022 episode=90 return=13.0 length=13 loss=None cases=250
[nnknn-rl][critic-holdout] step=2238 episodes=100 mse=30.5608 explained_variance=0.5390
[nnknn-rl] step=2238 episode=100 return=18.0 length=18 loss=28.258798599243164 cases=250
[nnknn-rl][eval] step=2238 mean_return=398.25 max_return=500.00
[nnknn-rl] step=2500 episode=110 return=29.0 length=29 loss=None cases=250
[nnknn-rl] step=2720 episode=120 return=13.0 length=13 loss=14.141825675964355 cases=243
[nnknn-rl] step=2950 episode=130 return=38.0 length=38 loss=None cases=250
[nnknn-rl] step=3196 episode=140 return=13.0 length=13 loss=31.186681747436523 cases=250
[nnknn-rl] step=3422 episode=150 return=20.0 length=20 loss=None cases=250
[nnknn-rl] step=3628 episode=160 return=18.0 length=18 loss=6.131877899169922 cases=250
[nnknn-rl] step=3851 episode=170 return=22.0 length=22 loss=None cases=250
[nnknn-rl] step=4127 episode=180 return=13.0 length=13 loss=32.54056167602539 cases=250
[nnknn-rl] step=4369 episode=190 return=39.0 length=39 loss=None cases=250
[nnknn-rl][critic-holdout] step=4568 episodes=200 mse=14.7041 explained_variance=0.6996
[nnknn-rl] step=4568 episode=200 return=16.0 length=16 loss=31.146333694458008 cases=250
[nnknn-rl][eval] step=4568 mean_return=361.25 max_return=500.00
[nnknn-rl] step=4896 episode=210 return=30.0 length=30 loss=None cases=250
[nnknn-rl] step=5190 episode=220 return=28.0 length=28 loss=50.604190826416016 cases=250
[nnknn-rl] step=5398 episode=230 return=15.0 length=15 loss=None cases=250
[nnknn-rl] step=5724 episode=240 return=50.0 length=50 loss=34.82909393310547 cases=250
[nnknn-rl] step=5925 episode=250 return=28.0 length=28 loss=None cases=250
[nnknn-rl] step=6140 episode=260 return=30.0 length=30 loss=29.336286544799805 cases=250
[nnknn-rl] step=6433 episode=270 return=69.0 length=69 loss=None cases=250
[nnknn-rl] step=6709 episode=280 return=44.0 length=44 loss=24.960107803344727 cases=250
[nnknn-rl] step=7012 episode=290 return=26.0 length=26 loss=None cases=250
[nnknn-rl][critic-holdout] step=7229 episodes=300 mse=162.6472 explained_variance=0.2619
[nnknn-rl] step=7229 episode=300 return=31.0 length=31 loss=25.0050048828125 cases=250
[nnknn-rl][eval] step=7229 mean_return=449.70 max_return=500.00
[nnknn-rl] step=7493 episode=310 return=11.0 length=11 loss=None cases=250
[nnknn-rl] step=7752 episode=320 return=20.0 length=20 loss=41.42341613769531 cases=250
[nnknn-rl] step=8042 episode=330 return=20.0 length=20 loss=None cases=250
[nnknn-rl] step=8310 episode=340 return=50.0 length=50 loss=32.67084884643555 cases=250
[nnknn-rl] step=8671 episode=350 return=34.0 length=34 loss=None cases=250
[nnknn-rl] step=9017 episode=360 return=11.0 length=11 loss=84.99794006347656 cases=250
[nnknn-rl] step=9361 episode=370 return=14.0 length=14 loss=None cases=250
[nnknn-rl] step=9638 episode=380 return=19.0 length=19 loss=24.711748123168945 cases=250
[nnknn-rl] step=9860 episode=390 return=19.0 length=19 loss=None cases=250
[nnknn-rl][critic-holdout] step=10152 episodes=400 mse=536.4305 explained_variance=0.2272
[nnknn-rl] step=10152 episode=400 return=38.0 length=38 loss=25.26512336730957 cases=240
[nnknn-rl][eval] step=10152 mean_return=456.95 max_return=500.00
[nnknn-rl] step=10398 episode=410 return=13.0 length=13 loss=None cases=250
[nnknn-rl] step=10670 episode=420 return=16.0 length=16 loss=28.00470733642578 cases=250
[nnknn-rl] step=10869 episode=430 return=12.0 length=12 loss=None cases=250
[nnknn-rl] step=11215 episode=440 return=70.0 length=70 loss=45.054012298583984 cases=250
[nnknn-rl] step=11529 episode=450 return=12.0 length=12 loss=None cases=250
[nnknn-rl] step=11801 episode=460 return=60.0 length=60 loss=49.019290924072266 cases=250
[nnknn-rl] step=12050 episode=470 return=24.0 length=24 loss=None cases=250
[nnknn-rl] step=12300 episode=480 return=31.0 length=31 loss=31.091550827026367 cases=250
[nnknn-rl] step=12530 episode=490 return=13.0 length=13 loss=None cases=250
[nnknn-rl][critic-holdout] step=12810 episodes=500 mse=62.8171 explained_variance=0.4691
[nnknn-rl] step=12810 episode=500 return=18.0 length=18 loss=14.02598762512207 cases=250
[nnknn-rl][eval] step=12810 mean_return=355.00 max_return=500.00
[nnknn-rl] step=13016 episode=510 return=16.0 length=16 loss=None cases=250
[nnknn-rl] step=13281 episode=520 return=39.0 length=39 loss=37.050445556640625 cases=250
[nnknn-rl] step=13646 episode=530 return=13.0 length=13 loss=None cases=250
[nnknn-rl] step=14006 episode=540 return=55.0 length=55 loss=41.3262939453125 cases=250
[nnknn-rl] step=14263 episode=550 return=30.0 length=30 loss=None cases=250
[nnknn-rl] step=14518 episode=560 return=38.0 length=38 loss=18.863309860229492 cases=250
[nnknn-rl] step=14891 episode=570 return=42.0 length=42 loss=None cases=250
[nnknn-rl] step=15110 episode=580 return=38.0 length=38 loss=37.31746292114258 cases=250
[nnknn-rl] step=15351 episode=590 return=22.0 length=22 loss=None cases=242
[nnknn-rl][critic-holdout] step=15662 episodes=600 mse=31.7118 explained_variance=0.5193
[nnknn-rl] step=15662 episode=600 return=42.0 length=42 loss=56.443782806396484 cases=249
[nnknn-rl][eval] step=15662 mean_return=396.50 max_return=500.00
[nnknn-rl] step=15964 episode=610 return=14.0 length=14 loss=None cases=250
[nnknn-rl] step=16423 episode=620 return=77.0 length=77 loss=56.427154541015625 cases=250
[nnknn-rl] step=16681 episode=630 return=26.0 length=26 loss=None cases=250
[nnknn-rl] step=17165 episode=640 return=14.0 length=14 loss=37.36003112792969 cases=250
[nnknn-rl] step=17499 episode=650 return=16.0 length=16 loss=None cases=250
[nnknn-rl] step=17849 episode=660 return=97.0 length=97 loss=75.8498306274414 cases=250
[nnknn-rl] step=18323 episode=670 return=55.0 length=55 loss=None cases=243
[nnknn-rl] step=18575 episode=680 return=12.0 length=12 loss=26.233774185180664 cases=247
[nnknn-rl] step=18954 episode=690 return=104.0 length=104 loss=None cases=250
[nnknn-rl][critic-holdout] step=19338 episodes=700 mse=137.7871 explained_variance=0.3040
[nnknn-rl] step=19338 episode=700 return=33.0 length=33 loss=28.67974090576172 cases=250
[nnknn-rl][eval] step=19338 mean_return=382.95 max_return=500.00
[nnknn-rl] step=19964 episode=710 return=82.0 length=82 loss=None cases=250
[nnknn-rl] step=20512 episode=720 return=42.0 length=42 loss=103.82740020751953 cases=250
[nnknn-rl] step=21102 episode=730 return=81.0 length=81 loss=None cases=250
[nnknn-rl] step=21717 episode=740 return=57.0 length=57 loss=60.311153411865234 cases=250
[nnknn-rl] step=22161 episode=750 return=64.0 length=64 loss=None cases=250
[nnknn-rl] step=22718 episode=760 return=82.0 length=82 loss=82.61792755126953 cases=250
[nnknn-rl] step=23031 episode=770 return=51.0 length=51 loss=None cases=250
[nnknn-rl] step=23637 episode=780 return=53.0 length=53 loss=70.59695434570312 cases=250
[nnknn-rl] step=24252 episode=790 return=86.0 length=86 loss=None cases=250
[nnknn-rl][critic-holdout] step=24772 episodes=800 mse=698.5465 explained_variance=0.1175
[nnknn-rl] step=24772 episode=800 return=22.0 length=22 loss=45.87385940551758 cases=250
[nnknn-rl][eval] step=24772 mean_return=367.25 max_return=500.00
[nnknn-rl] step=25411 episode=810 return=47.0 length=47 loss=None cases=250
[nnknn-rl] step=26083 episode=820 return=62.0 length=62 loss=71.81814575195312 cases=250
[nnknn-rl] step=26543 episode=830 return=29.0 length=29 loss=None cases=250
[nnknn-rl] step=26994 episode=840 return=25.0 length=25 loss=81.04146575927734 cases=250
[nnknn-rl] step=27764 episode=850 return=46.0 length=46 loss=None cases=243
[nnknn-rl] step=28204 episode=860 return=30.0 length=30 loss=73.71318817138672 cases=250
[nnknn-rl] step=28935 episode=870 return=114.0 length=114 loss=None cases=250
[nnknn-rl] step=29716 episode=880 return=108.0 length=108 loss=95.25675201416016 cases=250
[nnknn-rl] step=30291 episode=890 return=86.0 length=86 loss=None cases=235
[nnknn-rl][critic-holdout] step=30935 episodes=900 mse=380.9875 explained_variance=0.2537
[nnknn-rl] step=30935 episode=900 return=18.0 length=18 loss=90.05879211425781 cases=249
[nnknn-rl][eval] step=30935 mean_return=451.00 max_return=500.00
[nnknn-rl] step=31823 episode=910 return=28.0 length=28 loss=None cases=250
[nnknn-rl] step=32404 episode=920 return=43.0 length=43 loss=79.63340759277344 cases=250
[nnknn-rl] step=33248 episode=930 return=59.0 length=59 loss=None cases=250
[nnknn-rl] step=33959 episode=940 return=131.0 length=131 loss=89.86512756347656 cases=250
[nnknn-rl] step=34780 episode=950 return=61.0 length=61 loss=None cases=249
[nnknn-rl] step=35816 episode=960 return=33.0 length=33 loss=87.87586975097656 cases=250
[nnknn-rl] step=36682 episode=970 return=28.0 length=28 loss=None cases=250
[nnknn-rl] step=37269 episode=980 return=31.0 length=31 loss=73.57413482666016 cases=250
[nnknn-rl] step=38276 episode=990 return=51.0 length=51 loss=None cases=250
[nnknn-rl][critic-holdout] step=39488 episodes=1000 mse=831.5305 explained_variance=0.1649
[nnknn-rl] step=39488 episode=1000 return=305.0 length=305 loss=122.43846130371094 cases=250
[nnknn-rl][eval] step=39488 mean_return=469.95 max_return=500.00
[nnknn-rl] step=40907 episode=1010 return=102.0 length=102 loss=None cases=250
[nnknn-rl] step=41789 episode=1020 return=135.0 length=135 loss=88.83318328857422 cases=243
[nnknn-rl] step=43259 episode=1030 return=134.0 length=134 loss=None cases=250
[nnknn-rl] step=44381 episode=1040 return=81.0 length=81 loss=63.111446380615234 cases=250
[nnknn-rl] step=45799 episode=1050 return=171.0 length=171 loss=None cases=227
[nnknn-rl] step=47040 episode=1060 return=245.0 length=245 loss=79.9993896484375 cases=232
[nnknn-rl] step=48102 episode=1070 return=79.0 length=79 loss=None cases=250
[nnknn-rl] step=49405 episode=1080 return=196.0 length=196 loss=90.82516479492188 cases=250
[nnknn-rl] step=51185 episode=1090 return=493.0 length=493 loss=None cases=250
[nnknn-rl][critic-holdout] step=53066 episodes=1100 mse=1237.2456 explained_variance=0.2234
[nnknn-rl] step=53066 episode=1100 return=54.0 length=54 loss=83.2486572265625 cases=227
[nnknn-rl][eval] step=53066 mean_return=491.35 max_return=500.00
[nnknn-rl] step=55052 episode=1110 return=392.0 length=392 loss=None cases=250
[nnknn-rl] step=57120 episode=1120 return=247.0 length=247 loss=72.45890808105469 cases=250
[nnknn-rl] step=59553 episode=1130 return=109.0 length=109 loss=None cases=250
[nnknn-rl] step=62520 episode=1140 return=352.0 length=352 loss=52.20655822753906 cases=250
[nnknn-rl] step=64539 episode=1150 return=167.0 length=167 loss=None cases=250
[nnknn-rl] step=67185 episode=1160 return=216.0 length=216 loss=70.12439727783203 cases=233
[nnknn-rl] step=70421 episode=1170 return=257.0 length=257 loss=None cases=250
[nnknn-rl] step=74345 episode=1180 return=492.0 length=492 loss=48.50122833251953 cases=250
[nnknn-rl] step=78235 episode=1190 return=322.0 length=322 loss=None cases=250
[nnknn-rl][critic-holdout] step=81237 episodes=1200 mse=2129.1589 explained_variance=0.3489
[nnknn-rl] step=81237 episode=1200 return=252.0 length=252 loss=41.318336486816406 cases=250
[nnknn-rl][eval] step=81237 mean_return=498.60 max_return=500.00
[nnknn-rl] step=84605 episode=1210 return=189.0 length=189 loss=None cases=250
[nnknn-rl] step=88504 episode=1220 return=308.0 length=308 loss=58.467750549316406 cases=230
[nnknn-rl] step=92246 episode=1230 return=241.0 length=241 loss=None cases=250
[nnknn-rl] step=95769 episode=1240 return=304.0 length=304 loss=57.80123519897461 cases=227
[nnknn-rl] step=98658 episode=1250 return=201.0 length=201 loss=None cases=230
[nnknn-rl] step=101701 episode=1260 return=300.0 length=300 loss=49.44770431518555 cases=250
[nnknn-rl] step=105145 episode=1270 return=500.0 length=500 loss=None cases=250
[nnknn-rl] step=108861 episode=1280 return=482.0 length=482 loss=32.3300666809082 cases=250
[nnknn-rl] step=111963 episode=1290 return=188.0 length=188 loss=None cases=250
[nnknn-rl][critic-holdout] step=115584 episodes=1300 mse=1564.7671 explained_variance=0.4669
[nnknn-rl] step=115584 episode=1300 return=125.0 length=125 loss=40.183406829833984 cases=250
[nnknn-rl][eval] step=115584 mean_return=492.70 max_return=500.00
[nnknn-rl] step=119013 episode=1310 return=220.0 length=220 loss=None cases=250
[nnknn-rl] step=122236 episode=1320 return=379.0 length=379 loss=32.43373489379883 cases=229
[nnknn-rl] step=125000 episode=1330 return=409.0 length=409 loss=None cases=250
[nnknn-rl] step=127533 episode=1340 return=100.0 length=100 loss=37.632225036621094 cases=250
[nnknn-rl] step=130979 episode=1350 return=309.0 length=309 loss=None cases=250
[nnknn-rl] step=133583 episode=1360 return=500.0 length=500 loss=30.439804077148438 cases=250
[nnknn-rl] step=136533 episode=1370 return=150.0 length=150 loss=None cases=250
[nnknn-rl] step=139745 episode=1380 return=339.0 length=339 loss=31.347484588623047 cases=250
[nnknn-rl] step=142896 episode=1390 return=419.0 length=419 loss=None cases=250
[nnknn-rl][critic-holdout] step=145654 episodes=1400 mse=957.4883 explained_variance=0.3879
[nnknn-rl] step=145654 episode=1400 return=131.0 length=131 loss=45.57789993286133 cases=229
[nnknn-rl][eval] step=145654 mean_return=288.60 max_return=500.00
[nnknn-rl] step=147824 episode=1410 return=363.0 length=363 loss=None cases=250
[nnknn-rl] finished profile=fast mean_eval_return=498.60 passed=True run_dir=results\rl_capacity_cpu_g234\nnknn_rl_cartpole_20260905_161843_489134
{
  "task": "cartpole",
  "env_id": "CartPole-v1",
  "profile": "fast",
  "seed": 2,
  "total_timesteps": 150000,
  "configured_total_timesteps": 150000,
  "actual_timesteps": 150000,
  "eval_episodes": 20,
  "success_threshold": 475.0,
  "passed": true,
  "algorithm": "nnknn_actor_critic_separate_memory_gae",
  "actor_type": "nnknn",
  "critic_type": "nnknn",
  "architecture": {
    "separate_case_bases": true,
    "shared_nnknn_representation": true,
    "critic_target_shared_case_store": true,
    "actor_case_insertion": "raw_positive_advantage_only"
  },
  "gae": {
    "gamma": 0.99,
    "gae_lambda": 0.95,
    "advantage_clip": 5.0
  },
  "exploration": {
    "mode": "epsilon_mixed_policy",
    "applies_to_actor": true,
    "initial_epsilon": 1.0,
    "final_epsilon": 0.05,
    "fraction": 0.5,
    "final_step_epsilon": 0.05,
    "readiness": {
      "min_case_entries": 32,
      "min_cases_per_action": 8
    }
  },
  "final_eval": {
    "episodes": 20,
    "seed": 10000,
    "mean_return": 498.6000061035156,
    "std_return": 6.1024580001831055,
    "min_return": 472.0,
    "max_return": 500.0,
    "mean_length": 498.6000061035156
  },
  "last_eval": {
    "episodes": 20,
    "seed": 10000,
    "mean_return": 419.6000061035156,
    "std_return": 87.92747497558594,
    "min_return": 219.0,
    "max_return": 500.0,
    "mean_length": 419.6000061035156
  },
  "selected_step": 81237,
  "selected_source": "best_eval",
  "training_efficiency": {
    "best_model_step": 81237,
    "best_model_training_fraction": 0.54158,
    "first_success_step": 53066,
    "first_success_training_fraction": 0.35377333333333333,
    "best_minus_last_return": 79.0,
    "budget_interpretation": "regressed_after_best"
  },
  "early_stopping": {
    "enabled": true,
    "patience": 30,
    "min_delta": 1.0,
    "min_steps": 25000,
    "target_score": 500.0,
    "best_mean_return": 498.6000061035156,
    "evaluations": 14,
    "evaluations_without_improvement": 2,
    "stopped_early": false,
    "stopping_reason": "budget_exhausted",
    "stopping_step": 150000
  },
  "case_entries": 250,
  "critic_case_entries": 250,
  "action_counts": [
    130,
    120
  ],
  "cases_pruned": 39368,
  "cases_replaced": 227828,
  "actor_cases_pruned": 30036,
  "actor_cases_replaced": 97879,
  "critic_cases_pruned": 9332,
  "critic_cases_replaced": 129949,
  "critic_label_updates": 1100,
  "critic_label_update_samples": 10469,
  "partial_rollout_segments": 1,
  "partial_rollout_samples": 306,
  "critic_target_enabled": true,
  "critic_target_value_mode": "ema",
  "critic_target_sync_interval": 4,
  "critic_target_ema_tau": 0.05,
  "critic_target_value_syncs": 89,
  "critic_holdout_evaluations": 14,
  "latest_critic_holdout": {
    "global_step": 145654,
    "completed_episodes": 1400,
    "diagnostic_index": 14,
    "critic_holdout_mse": 957.48828125,
    "critic_holdout_explained_variance": 0.38794076442718506,
    "critic_holdout_value_mean": 45.236331939697266,
    "critic_holdout_target_mean": 68.02173614501953,
    "critic_holdout_samples": 1261,
    "critic_holdout_episodes": 5,
    "critic_holdout_environment_steps": 1261,
    "critic_holdout_mean_episode_return": 252.2,
    "critic_holdout_mean_episode_length": 252.2,
    "critic_holdout_behavior_epsilon": 0.05,
    "critic_holdout_truncated_bootstraps": 1,
    "critic_holdout_target_method": "discounted_monte_carlo_with_truncation_bootstrap",
    "critic_holdout_bootstrap_source": "target_value_model",
    "critic_holdout_seed": 30065
  },
  "run_dir": "results\\rl_capacity_cpu_g234\\nnknn_rl_cartpole_20260905_161843_489134"
}
Checkpoint: results\rl_capacity_cpu_g234\nnknn_rl_cartpole_20260905_161843_489134\checkpoint.pt
