cases trainable: False
labels trainable: False
cases trainable: False
labels trainable: False
Enforcing normalize_over_cases = True for regression task.
[nnknn-rl] step=18 episode=1 return=18.0 length=18 loss=None cases=0
[nnknn-rl] step=32 episode=2 return=14.0 length=14 loss=None cases=0
[nnknn-rl] step=44 episode=3 return=12.0 length=12 loss=None cases=0
[nnknn-rl] step=62 episode=4 return=18.0 length=18 loss=49.50646209716797 cases=62
[nnknn-rl] step=79 episode=5 return=17.0 length=17 loss=None cases=62
[nnknn-rl] step=182 episode=10 return=11.0 length=11 loss=None cases=141
[nnknn-rl] step=390 episode=20 return=12.0 length=12 loss=17.583980560302734 cases=245
[nnknn-rl] step=618 episode=30 return=40.0 length=40 loss=None cases=246
[nnknn-rl] step=788 episode=40 return=19.0 length=19 loss=13.416729927062988 cases=245
[nnknn-rl] step=1020 episode=50 return=10.0 length=10 loss=None cases=241
[nnknn-rl] step=1238 episode=60 return=26.0 length=26 loss=35.669742584228516 cases=250
[nnknn-rl] step=1458 episode=70 return=10.0 length=10 loss=None cases=247
[nnknn-rl] step=1656 episode=80 return=29.0 length=29 loss=28.887998580932617 cases=250
[nnknn-rl] step=1842 episode=90 return=27.0 length=27 loss=None cases=247
[nnknn-rl][critic-holdout] step=2073 episodes=100 mse=30.2102 explained_variance=0.5503
[nnknn-rl] step=2073 episode=100 return=29.0 length=29 loss=58.96053695678711 cases=250
[nnknn-rl][eval] step=2073 mean_return=437.50 max_return=500.00
[nnknn-rl] step=2262 episode=110 return=21.0 length=21 loss=None cases=241
[nnknn-rl] step=2419 episode=120 return=14.0 length=14 loss=12.034688949584961 cases=245
[nnknn-rl] step=2657 episode=130 return=27.0 length=27 loss=None cases=250
[nnknn-rl] step=2875 episode=140 return=10.0 length=10 loss=15.125561714172363 cases=241
[nnknn-rl] step=3117 episode=150 return=23.0 length=23 loss=None cases=250
[nnknn-rl] step=3336 episode=160 return=22.0 length=22 loss=11.099244117736816 cases=250
[nnknn-rl] step=3596 episode=170 return=15.0 length=15 loss=None cases=250
[nnknn-rl] step=3847 episode=180 return=17.0 length=17 loss=10.978828430175781 cases=250
[nnknn-rl] step=4095 episode=190 return=22.0 length=22 loss=None cases=250
[nnknn-rl][critic-holdout] step=4328 episodes=200 mse=16.9187 explained_variance=0.6442
[nnknn-rl] step=4328 episode=200 return=11.0 length=11 loss=33.80738830566406 cases=250
[nnknn-rl][eval] step=4328 mean_return=233.80 max_return=349.00
[nnknn-rl] step=4595 episode=210 return=53.0 length=53 loss=None cases=250
[nnknn-rl] step=4859 episode=220 return=11.0 length=11 loss=23.65984344482422 cases=250
[nnknn-rl] step=5092 episode=230 return=17.0 length=17 loss=None cases=250
[nnknn-rl] step=5356 episode=240 return=17.0 length=17 loss=34.437381744384766 cases=250
[nnknn-rl] step=5672 episode=250 return=13.0 length=13 loss=None cases=250
[nnknn-rl] step=5895 episode=260 return=36.0 length=36 loss=50.51583480834961 cases=250
[nnknn-rl] step=6145 episode=270 return=15.0 length=15 loss=None cases=250
[nnknn-rl] step=6391 episode=280 return=24.0 length=24 loss=9.947396278381348 cases=250
[nnknn-rl] step=6694 episode=290 return=34.0 length=34 loss=None cases=250
[nnknn-rl][critic-holdout] step=7114 episodes=300 mse=177.6783 explained_variance=0.2147
[nnknn-rl] step=7114 episode=300 return=36.0 length=36 loss=38.89871597290039 cases=250
[nnknn-rl][eval] step=7114 mean_return=445.30 max_return=500.00
[nnknn-rl] step=7444 episode=310 return=15.0 length=15 loss=None cases=250
[nnknn-rl] step=7782 episode=320 return=34.0 length=34 loss=37.221778869628906 cases=250
[nnknn-rl] step=8071 episode=330 return=13.0 length=13 loss=None cases=250
[nnknn-rl] step=8334 episode=340 return=25.0 length=25 loss=34.25315856933594 cases=250
[nnknn-rl] step=8663 episode=350 return=22.0 length=22 loss=None cases=250
[nnknn-rl] step=8879 episode=360 return=26.0 length=26 loss=10.70984172821045 cases=250
[nnknn-rl] step=9113 episode=370 return=45.0 length=45 loss=None cases=250
[nnknn-rl] step=9497 episode=380 return=12.0 length=12 loss=21.72062873840332 cases=250
[nnknn-rl] step=9801 episode=390 return=78.0 length=78 loss=None cases=250
[nnknn-rl][critic-holdout] step=10043 episodes=400 mse=444.0776 explained_variance=0.2043
[nnknn-rl] step=10043 episode=400 return=12.0 length=12 loss=31.272380828857422 cases=250
[nnknn-rl][eval] step=10043 mean_return=387.00 max_return=500.00
[nnknn-rl] step=10375 episode=410 return=42.0 length=42 loss=None cases=250
[nnknn-rl] step=10601 episode=420 return=15.0 length=15 loss=21.493608474731445 cases=250
[nnknn-rl] step=10926 episode=430 return=14.0 length=14 loss=None cases=250
[nnknn-rl] step=11265 episode=440 return=13.0 length=13 loss=66.92062377929688 cases=250
[nnknn-rl] step=11568 episode=450 return=16.0 length=16 loss=None cases=250
[nnknn-rl] step=11805 episode=460 return=20.0 length=20 loss=19.30352210998535 cases=247
[nnknn-rl] step=12111 episode=470 return=24.0 length=24 loss=None cases=250
[nnknn-rl] step=12429 episode=480 return=73.0 length=73 loss=46.5111198425293 cases=250
[nnknn-rl] step=12738 episode=490 return=20.0 length=20 loss=None cases=250
[nnknn-rl][critic-holdout] step=13072 episodes=500 mse=66.7033 explained_variance=0.3943
[nnknn-rl] step=13072 episode=500 return=28.0 length=28 loss=29.762659072875977 cases=250
[nnknn-rl][eval] step=13072 mean_return=348.30 max_return=500.00
[nnknn-rl] step=13569 episode=510 return=49.0 length=49 loss=None cases=240
[nnknn-rl] step=13999 episode=520 return=109.0 length=109 loss=86.34510803222656 cases=250
[nnknn-rl] step=14390 episode=530 return=61.0 length=61 loss=None cases=250
[nnknn-rl] step=14748 episode=540 return=57.0 length=57 loss=42.05690383911133 cases=250
[nnknn-rl] step=15169 episode=550 return=30.0 length=30 loss=None cases=250
[nnknn-rl] step=15579 episode=560 return=57.0 length=57 loss=44.43720245361328 cases=250
[nnknn-rl] step=15981 episode=570 return=29.0 length=29 loss=None cases=250
[nnknn-rl] step=16373 episode=580 return=18.0 length=18 loss=61.013492584228516 cases=250
[nnknn-rl] step=16722 episode=590 return=14.0 length=14 loss=None cases=250
[nnknn-rl][critic-holdout] step=17090 episodes=600 mse=58.2455 explained_variance=0.4562
[nnknn-rl] step=17090 episode=600 return=33.0 length=33 loss=50.751651763916016 cases=250
[nnknn-rl][eval] step=17090 mean_return=317.50 max_return=500.00
[nnknn-rl] step=17422 episode=610 return=16.0 length=16 loss=None cases=250
[nnknn-rl] step=17729 episode=620 return=21.0 length=21 loss=28.974140167236328 cases=250
[nnknn-rl] step=18150 episode=630 return=13.0 length=13 loss=None cases=250
[nnknn-rl] step=18613 episode=640 return=54.0 length=54 loss=53.11907958984375 cases=250
[nnknn-rl] step=19055 episode=650 return=50.0 length=50 loss=None cases=250
[nnknn-rl] step=19429 episode=660 return=40.0 length=40 loss=74.55886840820312 cases=250
[nnknn-rl] step=19796 episode=670 return=88.0 length=88 loss=None cases=250
[nnknn-rl] step=20157 episode=680 return=25.0 length=25 loss=55.03871154785156 cases=250
[nnknn-rl] step=20428 episode=690 return=12.0 length=12 loss=None cases=250
[nnknn-rl][critic-holdout] step=20900 episodes=700 mse=162.2388 explained_variance=0.2826
[nnknn-rl] step=20900 episode=700 return=65.0 length=65 loss=66.67537689208984 cases=249
[nnknn-rl][eval] step=20900 mean_return=351.00 max_return=500.00
[nnknn-rl] step=21290 episode=710 return=47.0 length=47 loss=None cases=250
[nnknn-rl] step=21753 episode=720 return=32.0 length=32 loss=82.02391815185547 cases=250
[nnknn-rl] step=22001 episode=730 return=13.0 length=13 loss=None cases=250
[nnknn-rl] step=22521 episode=740 return=48.0 length=48 loss=67.09673309326172 cases=250
[nnknn-rl] step=23031 episode=750 return=42.0 length=42 loss=None cases=250
[nnknn-rl] step=23420 episode=760 return=39.0 length=39 loss=73.96823120117188 cases=248
[nnknn-rl] step=23922 episode=770 return=101.0 length=101 loss=None cases=239
[nnknn-rl] step=24545 episode=780 return=103.0 length=103 loss=89.64439392089844 cases=250
[nnknn-rl] step=25201 episode=790 return=119.0 length=119 loss=None cases=250
[nnknn-rl][critic-holdout] step=25546 episodes=800 mse=771.0884 explained_variance=0.1063
[nnknn-rl] step=25546 episode=800 return=34.0 length=34 loss=57.211387634277344 cases=250
[nnknn-rl][eval] step=25546 mean_return=421.70 max_return=500.00
[nnknn-rl] step=26103 episode=810 return=78.0 length=78 loss=None cases=250
[nnknn-rl] step=26558 episode=820 return=55.0 length=55 loss=45.53744125366211 cases=250
[nnknn-rl] step=27089 episode=830 return=21.0 length=21 loss=None cases=250
[nnknn-rl] step=27579 episode=840 return=76.0 length=76 loss=59.85662841796875 cases=250
[nnknn-rl] step=28230 episode=850 return=92.0 length=92 loss=None cases=250
[nnknn-rl] step=28611 episode=860 return=14.0 length=14 loss=96.75289916992188 cases=250
[nnknn-rl] step=29111 episode=870 return=103.0 length=103 loss=None cases=250
[nnknn-rl] step=29740 episode=880 return=57.0 length=57 loss=56.47935485839844 cases=250
[nnknn-rl] step=30488 episode=890 return=36.0 length=36 loss=None cases=250
[nnknn-rl][critic-holdout] step=31064 episodes=900 mse=365.3263 explained_variance=0.2776
[nnknn-rl] step=31064 episode=900 return=137.0 length=137 loss=102.46070861816406 cases=250
[nnknn-rl][eval] step=31064 mean_return=458.20 max_return=500.00
[nnknn-rl] step=32047 episode=910 return=82.0 length=82 loss=None cases=250
[nnknn-rl] step=32774 episode=920 return=16.0 length=16 loss=93.51244354248047 cases=250
[nnknn-rl] step=33815 episode=930 return=174.0 length=174 loss=None cases=250
[nnknn-rl] step=34678 episode=940 return=124.0 length=124 loss=73.43135833740234 cases=250
[nnknn-rl] step=35405 episode=950 return=92.0 length=92 loss=None cases=250
[nnknn-rl] step=35819 episode=960 return=78.0 length=78 loss=80.77059173583984 cases=245
[nnknn-rl] step=36499 episode=970 return=63.0 length=63 loss=None cases=250
[nnknn-rl] step=37533 episode=980 return=79.0 length=79 loss=76.67247772216797 cases=250
[nnknn-rl] step=38637 episode=990 return=125.0 length=125 loss=None cases=250
[nnknn-rl][critic-holdout] step=39579 episodes=1000 mse=659.1612 explained_variance=0.0994
[nnknn-rl] step=39579 episode=1000 return=78.0 length=78 loss=93.05669403076172 cases=250
[nnknn-rl][eval] step=39579 mean_return=456.45 max_return=500.00
[nnknn-rl] step=40704 episode=1010 return=92.0 length=92 loss=None cases=250
[nnknn-rl] step=41844 episode=1020 return=22.0 length=22 loss=108.1651611328125 cases=250
[nnknn-rl] step=43163 episode=1030 return=105.0 length=105 loss=None cases=250
[nnknn-rl] step=44691 episode=1040 return=147.0 length=147 loss=85.31857299804688 cases=239
[nnknn-rl] step=45708 episode=1050 return=22.0 length=22 loss=None cases=250
[nnknn-rl] step=47221 episode=1060 return=193.0 length=193 loss=89.76165771484375 cases=230
[nnknn-rl] step=49404 episode=1070 return=324.0 length=324 loss=None cases=250
[nnknn-rl] step=50815 episode=1080 return=96.0 length=96 loss=72.25204467773438 cases=250
[nnknn-rl] step=52458 episode=1090 return=51.0 length=51 loss=None cases=250
[nnknn-rl][critic-holdout] step=54309 episodes=1100 mse=810.0537 explained_variance=0.2235
[nnknn-rl] step=54309 episode=1100 return=143.0 length=143 loss=71.50991821289062 cases=250
[nnknn-rl][eval] step=54309 mean_return=369.25 max_return=500.00
[nnknn-rl] step=55985 episode=1110 return=81.0 length=81 loss=None cases=250
[nnknn-rl] step=57972 episode=1120 return=114.0 length=114 loss=70.76656341552734 cases=250
[nnknn-rl] step=59967 episode=1130 return=173.0 length=173 loss=None cases=250
[nnknn-rl] step=62379 episode=1140 return=239.0 length=239 loss=69.3471450805664 cases=250
[nnknn-rl] step=64745 episode=1150 return=170.0 length=170 loss=None cases=250
[nnknn-rl] step=68178 episode=1160 return=387.0 length=387 loss=69.80911254882812 cases=250
[nnknn-rl] step=71128 episode=1170 return=164.0 length=164 loss=None cases=250
[nnknn-rl] step=73673 episode=1180 return=166.0 length=166 loss=47.6161994934082 cases=227
[nnknn-rl] step=76383 episode=1190 return=187.0 length=187 loss=None cases=232
[nnknn-rl][critic-holdout] step=79443 episodes=1200 mse=1960.2645 explained_variance=0.1403
[nnknn-rl] step=79443 episode=1200 return=136.0 length=136 loss=67.04519653320312 cases=250
[nnknn-rl][eval] step=79443 mean_return=500.00 max_return=500.00
[nnknn-rl][early-stop] step=79443 reason=target_score
[nnknn-rl] finished profile=fast mean_eval_return=500.00 passed=True run_dir=results\rl_capacity_cpu_g234\nnknn_rl_cartpole_20260905_161354_159930
{
  "task": "cartpole",
  "env_id": "CartPole-v1",
  "profile": "fast",
  "seed": 0,
  "total_timesteps": 79443,
  "configured_total_timesteps": 150000,
  "actual_timesteps": 79443,
  "eval_episodes": 20,
  "success_threshold": 475.0,
  "passed": true,
  "algorithm": "nnknn_actor_critic_separate_memory_gae",
  "actor_type": "nnknn",
  "critic_type": "nnknn",
  "architecture": {
    "separate_case_bases": true,
    "shared_nnknn_representation": true,
    "critic_target_shared_case_store": true,
    "actor_case_insertion": "raw_positive_advantage_only"
  },
  "gae": {
    "gamma": 0.99,
    "gae_lambda": 0.95,
    "advantage_clip": 5.0
  },
  "exploration": {
    "mode": "epsilon_mixed_policy",
    "applies_to_actor": true,
    "initial_epsilon": 1.0,
    "final_epsilon": 0.05,
    "fraction": 0.5,
    "final_step_epsilon": 0.05,
    "readiness": {
      "min_case_entries": 32,
      "min_cases_per_action": 8
    }
  },
  "final_eval": {
    "episodes": 20,
    "seed": 10000,
    "mean_return": 500.0,
    "std_return": 0.0,
    "min_return": 500.0,
    "max_return": 500.0,
    "mean_length": 500.0
  },
  "last_eval": {
    "episodes": 20,
    "seed": 10000,
    "mean_return": 500.0,
    "std_return": 0.0,
    "min_return": 500.0,
    "max_return": 500.0,
    "mean_length": 500.0
  },
  "selected_step": 79443,
  "selected_source": "final",
  "training_efficiency": {
    "best_model_step": 79443,
    "best_model_training_fraction": 1.0,
    "first_success_step": 79443,
    "first_success_training_fraction": 1.0,
    "best_minus_last_return": 0.0,
    "budget_interpretation": "final_is_best_check_for_underfit"
  },
  "early_stopping": {
    "enabled": true,
    "patience": 30,
    "min_delta": 1.0,
    "min_steps": 25000,
    "target_score": 500.0,
    "best_mean_return": 500.0,
    "evaluations": 12,
    "evaluations_without_improvement": 0,
    "stopped_early": true,
    "stopping_reason": "target_score",
    "stopping_step": 79443
  },
  "case_entries": 250,
  "critic_case_entries": 250,
  "action_counts": [
    121,
    129
  ],
  "cases_pruned": 19778,
  "cases_replaced": 118531,
  "actor_cases_pruned": 13097,
  "actor_cases_replaced": 48716,
  "critic_cases_pruned": 6681,
  "critic_cases_replaced": 69815,
  "critic_label_updates": 527,
  "critic_label_update_samples": 2697,
  "partial_rollout_segments": 0,
  "partial_rollout_samples": 0,
  "critic_target_enabled": true,
  "critic_target_value_mode": "ema",
  "critic_target_sync_interval": 4,
  "critic_target_ema_tau": 0.05,
  "critic_target_value_syncs": 76,
  "critic_holdout_evaluations": 12,
  "latest_critic_holdout": {
    "global_step": 79443,
    "completed_episodes": 1200,
    "diagnostic_index": 12,
    "critic_holdout_mse": 1960.2645263671875,
    "critic_holdout_explained_variance": 0.14034444093704224,
    "critic_holdout_value_mean": 39.62405014038086,
    "critic_holdout_target_mean": 77.70661926269531,
    "critic_holdout_samples": 1667,
    "critic_holdout_episodes": 5,
    "critic_holdout_environment_steps": 1667,
    "critic_holdout_mean_episode_return": 333.4,
    "critic_holdout_mean_episode_length": 333.4,
    "critic_holdout_behavior_epsilon": 0.05,
    "critic_holdout_truncated_bootstraps": 2,
    "critic_holdout_target_method": "discounted_monte_carlo_with_truncation_bootstrap",
    "critic_holdout_bootstrap_source": "target_value_model",
    "critic_holdout_seed": 30055
  },
  "run_dir": "results\\rl_capacity_cpu_g234\\nnknn_rl_cartpole_20260905_161354_159930"
}
Checkpoint: results\rl_capacity_cpu_g234\nnknn_rl_cartpole_20260905_161354_159930\checkpoint.pt
