cases trainable: False
labels trainable: False
cases trainable: False
labels trainable: False
Enforcing normalize_over_cases = True for regression task.
[nnknn-rl] step=18 episode=1 return=18.0 length=18 loss=None cases=0
[nnknn-rl] step=32 episode=2 return=14.0 length=14 loss=None cases=0
[nnknn-rl] step=44 episode=3 return=12.0 length=12 loss=None cases=0
[nnknn-rl] step=62 episode=4 return=18.0 length=18 loss=49.50646209716797 cases=62
[nnknn-rl] step=79 episode=5 return=17.0 length=17 loss=None cases=62
[nnknn-rl] step=182 episode=10 return=11.0 length=11 loss=None cases=141
[nnknn-rl] step=390 episode=20 return=12.0 length=12 loss=16.276288986206055 cases=260
[nnknn-rl] step=618 episode=30 return=40.0 length=40 loss=None cases=338
[nnknn-rl] step=790 episode=40 return=12.0 length=12 loss=23.461505889892578 cases=440
[nnknn-rl] step=1020 episode=50 return=10.0 length=10 loss=None cases=543
[nnknn-rl] step=1228 episode=60 return=17.0 length=17 loss=16.790803909301758 cases=618
[nnknn-rl] step=1456 episode=70 return=9.0 length=9 loss=None cases=734
[nnknn-rl] step=1680 episode=80 return=15.0 length=15 loss=9.598916053771973 cases=846
[nnknn-rl] step=1885 episode=90 return=13.0 length=13 loss=None cases=936
[nnknn-rl][critic-holdout] step=2115 episodes=100 mse=31.7894 explained_variance=0.5102
[nnknn-rl] step=2115 episode=100 return=16.0 length=16 loss=17.367855072021484 cases=987
[nnknn-rl][eval] step=2115 mean_return=215.55 max_return=309.00
[nnknn-rl] step=2311 episode=110 return=24.0 length=24 loss=None cases=1047
[nnknn-rl] step=2506 episode=120 return=24.0 length=24 loss=14.285533905029297 cases=1152
[nnknn-rl] step=2682 episode=130 return=15.0 length=15 loss=None cases=1213
[nnknn-rl] step=2989 episode=140 return=20.0 length=20 loss=85.5445785522461 cases=1427
[nnknn-rl] step=3213 episode=150 return=16.0 length=16 loss=None cases=1449
[nnknn-rl] step=3386 episode=160 return=15.0 length=15 loss=13.576512336730957 cases=1443
[nnknn-rl] step=3703 episode=170 return=35.0 length=35 loss=None cases=1481
[nnknn-rl] step=3974 episode=180 return=41.0 length=41 loss=25.60896110534668 cases=1484
[nnknn-rl] step=4185 episode=190 return=15.0 length=15 loss=None cases=1396
[nnknn-rl][critic-holdout] step=4480 episodes=200 mse=15.6378 explained_variance=0.7311
[nnknn-rl] step=4480 episode=200 return=18.0 length=18 loss=48.76509475708008 cases=1440
[nnknn-rl][eval] step=4480 mean_return=452.00 max_return=500.00
[nnknn-rl] step=4665 episode=210 return=15.0 length=15 loss=None cases=1428
[nnknn-rl] step=4876 episode=220 return=24.0 length=24 loss=22.764379501342773 cases=1444
[nnknn-rl] step=5165 episode=230 return=27.0 length=27 loss=None cases=1379
[nnknn-rl] step=5420 episode=240 return=36.0 length=36 loss=43.99755096435547 cases=1467
[nnknn-rl] step=5659 episode=250 return=20.0 length=20 loss=None cases=1498
[nnknn-rl] step=5954 episode=260 return=43.0 length=43 loss=43.71263122558594 cases=1469
[nnknn-rl] step=6145 episode=270 return=15.0 length=15 loss=None cases=1488
[nnknn-rl] step=6402 episode=280 return=67.0 length=67 loss=55.652679443359375 cases=1472
[nnknn-rl] step=6743 episode=290 return=20.0 length=20 loss=None cases=1500
[nnknn-rl][critic-holdout] step=7095 episodes=300 mse=92.7157 explained_variance=0.2742
[nnknn-rl] step=7095 episode=300 return=79.0 length=79 loss=66.76604461669922 cases=1500
[nnknn-rl][eval] step=7095 mean_return=426.60 max_return=500.00
[nnknn-rl] step=7466 episode=310 return=17.0 length=17 loss=None cases=1500
[nnknn-rl] step=7719 episode=320 return=28.0 length=28 loss=18.42475128173828 cases=1500
[nnknn-rl] step=7970 episode=330 return=16.0 length=16 loss=None cases=1500
[nnknn-rl] step=8243 episode=340 return=18.0 length=18 loss=37.82461929321289 cases=1500
[nnknn-rl] step=8554 episode=350 return=16.0 length=16 loss=None cases=1500
[nnknn-rl] step=8804 episode=360 return=23.0 length=23 loss=18.082233428955078 cases=1494
[nnknn-rl] step=9109 episode=370 return=50.0 length=50 loss=None cases=1500
[nnknn-rl] step=9413 episode=380 return=72.0 length=72 loss=48.63454055786133 cases=1500
[nnknn-rl] step=9690 episode=390 return=13.0 length=13 loss=None cases=1500
[nnknn-rl][critic-holdout] step=10047 episodes=400 mse=682.6136 explained_variance=0.1680
[nnknn-rl] step=10047 episode=400 return=17.0 length=17 loss=25.582765579223633 cases=1500
[nnknn-rl][eval] step=10047 mean_return=481.00 max_return=500.00
[nnknn-rl] step=10368 episode=410 return=19.0 length=19 loss=None cases=1500
[nnknn-rl] step=10544 episode=420 return=17.0 length=17 loss=26.503511428833008 cases=1496
[nnknn-rl] step=10852 episode=430 return=23.0 length=23 loss=None cases=1500
[nnknn-rl] step=11247 episode=440 return=30.0 length=30 loss=29.30174446105957 cases=1500
[nnknn-rl] step=11554 episode=450 return=16.0 length=16 loss=None cases=1500
[nnknn-rl] step=11782 episode=460 return=13.0 length=13 loss=31.66246795654297 cases=1500
[nnknn-rl] step=12118 episode=470 return=15.0 length=15 loss=None cases=1500
[nnknn-rl] step=12427 episode=480 return=43.0 length=43 loss=76.70787811279297 cases=1500
[nnknn-rl] step=12786 episode=490 return=39.0 length=39 loss=None cases=1500
[nnknn-rl][critic-holdout] step=13144 episodes=500 mse=60.5977 explained_variance=0.4521
[nnknn-rl] step=13144 episode=500 return=48.0 length=48 loss=25.14539909362793 cases=1500
[nnknn-rl][eval] step=13144 mean_return=454.25 max_return=500.00
[nnknn-rl] step=13468 episode=510 return=16.0 length=16 loss=None cases=1500
[nnknn-rl] step=13801 episode=520 return=29.0 length=29 loss=31.70094871520996 cases=1500
[nnknn-rl] step=14207 episode=530 return=25.0 length=25 loss=None cases=1500
[nnknn-rl] step=14529 episode=540 return=32.0 length=32 loss=23.825836181640625 cases=1500
[nnknn-rl] step=14982 episode=550 return=38.0 length=38 loss=None cases=1500
[nnknn-rl] step=15364 episode=560 return=20.0 length=20 loss=24.398542404174805 cases=1500
[nnknn-rl] step=15767 episode=570 return=39.0 length=39 loss=None cases=1500
[nnknn-rl] step=16040 episode=580 return=19.0 length=19 loss=31.873035430908203 cases=1500
[nnknn-rl] step=16419 episode=590 return=39.0 length=39 loss=None cases=1500
[nnknn-rl][critic-holdout] step=16708 episodes=600 mse=54.2344 explained_variance=0.3015
[nnknn-rl] step=16708 episode=600 return=14.0 length=14 loss=42.52125930786133 cases=1500
[nnknn-rl][eval] step=16708 mean_return=356.10 max_return=500.00
[nnknn-rl] step=17082 episode=610 return=21.0 length=21 loss=None cases=1500
[nnknn-rl] step=17518 episode=620 return=90.0 length=90 loss=108.5142593383789 cases=1500
[nnknn-rl] step=17870 episode=630 return=92.0 length=92 loss=None cases=1500
[nnknn-rl] step=18338 episode=640 return=96.0 length=96 loss=88.03604125976562 cases=1500
[nnknn-rl] step=18693 episode=650 return=24.0 length=24 loss=None cases=1500
[nnknn-rl] step=19020 episode=660 return=17.0 length=17 loss=58.225406646728516 cases=1500
[nnknn-rl] step=19349 episode=670 return=17.0 length=17 loss=None cases=1500
[nnknn-rl] step=19807 episode=680 return=9.0 length=9 loss=74.17987823486328 cases=1500
[nnknn-rl] step=20161 episode=690 return=29.0 length=29 loss=None cases=1500
[nnknn-rl][critic-holdout] step=20475 episodes=700 mse=368.7840 explained_variance=0.1458
[nnknn-rl] step=20475 episode=700 return=49.0 length=49 loss=52.821739196777344 cases=1500
[nnknn-rl][eval] step=20475 mean_return=405.95 max_return=500.00
[nnknn-rl] step=20828 episode=710 return=57.0 length=57 loss=None cases=1500
[nnknn-rl] step=21227 episode=720 return=86.0 length=86 loss=99.172119140625 cases=1500
[nnknn-rl] step=21779 episode=730 return=29.0 length=29 loss=None cases=1500
[nnknn-rl] step=22188 episode=740 return=34.0 length=34 loss=120.73368072509766 cases=1500
[nnknn-rl] step=22807 episode=750 return=42.0 length=42 loss=None cases=1500
[nnknn-rl] step=23227 episode=760 return=35.0 length=35 loss=75.66474914550781 cases=1500
[nnknn-rl] step=23656 episode=770 return=45.0 length=45 loss=None cases=1500
[nnknn-rl] step=24163 episode=780 return=88.0 length=88 loss=75.59379577636719 cases=1500
[nnknn-rl] step=24660 episode=790 return=91.0 length=91 loss=None cases=1500
[nnknn-rl][critic-holdout] step=25055 episodes=800 mse=152.2091 explained_variance=0.3243
[nnknn-rl] step=25055 episode=800 return=67.0 length=67 loss=71.63065338134766 cases=1500
[nnknn-rl][eval] step=25055 mean_return=446.00 max_return=500.00
[nnknn-rl] step=25612 episode=810 return=35.0 length=35 loss=None cases=1500
[nnknn-rl] step=26202 episode=820 return=14.0 length=14 loss=126.14203643798828 cases=1500
[nnknn-rl] step=26693 episode=830 return=115.0 length=115 loss=None cases=1500
[nnknn-rl] step=27119 episode=840 return=15.0 length=15 loss=49.740623474121094 cases=1500
[nnknn-rl] step=27936 episode=850 return=173.0 length=173 loss=None cases=1500
[nnknn-rl] step=28522 episode=860 return=92.0 length=92 loss=90.490478515625 cases=1500
[nnknn-rl] step=29065 episode=870 return=170.0 length=170 loss=None cases=1500
[nnknn-rl] step=29611 episode=880 return=21.0 length=21 loss=70.6258544921875 cases=1500
[nnknn-rl] step=30472 episode=890 return=84.0 length=84 loss=None cases=1500
[nnknn-rl][critic-holdout] step=31176 episodes=900 mse=512.0030 explained_variance=0.0963
[nnknn-rl] step=31176 episode=900 return=28.0 length=28 loss=114.70758819580078 cases=1500
[nnknn-rl][eval] step=31176 mean_return=444.60 max_return=500.00
[nnknn-rl] step=31930 episode=910 return=17.0 length=17 loss=None cases=1500
[nnknn-rl] step=32766 episode=920 return=27.0 length=27 loss=106.20076751708984 cases=1500
[nnknn-rl] step=33593 episode=930 return=69.0 length=69 loss=None cases=1500
[nnknn-rl] step=34558 episode=940 return=18.0 length=18 loss=114.84735870361328 cases=1500
[nnknn-rl] step=35305 episode=950 return=186.0 length=186 loss=None cases=1500
[nnknn-rl] step=35956 episode=960 return=50.0 length=50 loss=107.25675964355469 cases=1475
[nnknn-rl] step=37057 episode=970 return=239.0 length=239 loss=None cases=1500
[nnknn-rl] step=38213 episode=980 return=139.0 length=139 loss=133.53280639648438 cases=1500
[nnknn-rl] step=39358 episode=990 return=156.0 length=156 loss=None cases=1500
[nnknn-rl][critic-holdout] step=40594 episodes=1000 mse=827.5642 explained_variance=0.0087
[nnknn-rl] step=40594 episode=1000 return=240.0 length=240 loss=111.81532287597656 cases=1500
[nnknn-rl][eval] step=40594 mean_return=370.15 max_return=500.00
[nnknn-rl] step=42065 episode=1010 return=65.0 length=65 loss=None cases=1500
[nnknn-rl] step=43855 episode=1020 return=48.0 length=48 loss=120.30120849609375 cases=1500
[nnknn-rl] step=44967 episode=1030 return=95.0 length=95 loss=None cases=1500
[nnknn-rl] step=46421 episode=1040 return=115.0 length=115 loss=107.07647705078125 cases=1377
[nnknn-rl] step=48163 episode=1050 return=111.0 length=111 loss=None cases=1500
[nnknn-rl] step=50574 episode=1060 return=370.0 length=370 loss=107.83960723876953 cases=1500
[nnknn-rl] step=52702 episode=1070 return=291.0 length=291 loss=None cases=1369
[nnknn-rl] step=54769 episode=1080 return=178.0 length=178 loss=88.89590454101562 cases=1500
[nnknn-rl] step=56930 episode=1090 return=285.0 length=285 loss=None cases=1500
[nnknn-rl][critic-holdout] step=59172 episodes=1100 mse=917.9496 explained_variance=0.1155
[nnknn-rl] step=59172 episode=1100 return=225.0 length=225 loss=74.48529815673828 cases=1500
[nnknn-rl][eval] step=59172 mean_return=393.70 max_return=500.00
[nnknn-rl] step=61188 episode=1110 return=155.0 length=155 loss=None cases=1500
[nnknn-rl] step=64389 episode=1120 return=296.0 length=296 loss=90.7100830078125 cases=1500
[nnknn-rl] step=67218 episode=1130 return=260.0 length=260 loss=None cases=1394
[nnknn-rl] step=69934 episode=1140 return=322.0 length=322 loss=133.82135009765625 cases=1500
[nnknn-rl] step=72308 episode=1150 return=185.0 length=185 loss=None cases=1500
[nnknn-rl] step=74406 episode=1160 return=223.0 length=223 loss=136.24972534179688 cases=1500
[nnknn-rl] step=77015 episode=1170 return=231.0 length=231 loss=None cases=1500
[nnknn-rl] step=79406 episode=1180 return=226.0 length=226 loss=85.4054946899414 cases=1500
[nnknn-rl] step=81957 episode=1190 return=274.0 length=274 loss=None cases=1500
[nnknn-rl][critic-holdout] step=84890 episodes=1200 mse=806.3590 explained_variance=0.2311
[nnknn-rl] step=84890 episode=1200 return=229.0 length=229 loss=85.88661193847656 cases=1500
[nnknn-rl][eval] step=84890 mean_return=376.55 max_return=500.00
[nnknn-rl] step=87954 episode=1210 return=325.0 length=325 loss=None cases=1500
[nnknn-rl] step=91605 episode=1220 return=377.0 length=377 loss=74.17866516113281 cases=1500
[nnknn-rl] step=94800 episode=1230 return=243.0 length=243 loss=None cases=1372
[nnknn-rl] step=98449 episode=1240 return=269.0 length=269 loss=77.94384765625 cases=1500
[nnknn-rl] step=102109 episode=1250 return=406.0 length=406 loss=None cases=1358
[nnknn-rl] step=105605 episode=1260 return=479.0 length=479 loss=109.33441925048828 cases=1500
[nnknn-rl] step=108771 episode=1270 return=269.0 length=269 loss=None cases=1500
[nnknn-rl] step=111639 episode=1280 return=212.0 length=212 loss=69.02479553222656 cases=1500
[nnknn-rl] step=113988 episode=1290 return=244.0 length=244 loss=None cases=1500
[nnknn-rl][critic-holdout] step=116985 episodes=1300 mse=544.2984 explained_variance=0.3040
[nnknn-rl] step=116985 episode=1300 return=258.0 length=258 loss=86.77084350585938 cases=1500
[nnknn-rl][eval] step=116985 mean_return=365.50 max_return=500.00
[nnknn-rl] step=119903 episode=1310 return=406.0 length=406 loss=None cases=1407
[nnknn-rl] step=122651 episode=1320 return=265.0 length=265 loss=77.34649658203125 cases=1500
[nnknn-rl] step=124865 episode=1330 return=196.0 length=196 loss=None cases=1500
[nnknn-rl] step=127103 episode=1340 return=159.0 length=159 loss=99.13968658447266 cases=1500
[nnknn-rl] step=129453 episode=1350 return=199.0 length=199 loss=None cases=1500
[nnknn-rl] step=132553 episode=1360 return=272.0 length=272 loss=48.291343688964844 cases=1500
[nnknn-rl] step=135702 episode=1370 return=215.0 length=215 loss=None cases=1500
[nnknn-rl] step=139075 episode=1380 return=289.0 length=289 loss=55.69228744506836 cases=1500
[nnknn-rl] step=142198 episode=1390 return=360.0 length=360 loss=None cases=1500
[nnknn-rl][critic-holdout] step=145550 episodes=1400 mse=501.2405 explained_variance=0.2536
[nnknn-rl] step=145550 episode=1400 return=226.0 length=226 loss=116.90679168701172 cases=1500
[nnknn-rl][eval] step=145550 mean_return=354.40 max_return=451.00
[nnknn-rl] step=148598 episode=1410 return=340.0 length=340 loss=None cases=1500
[nnknn-rl] finished profile=fast mean_eval_return=481.00 passed=True run_dir=results\rl_capacity_cpu_g234\nnknn_rl_cartpole_20260905_161354_159427
{
  "task": "cartpole",
  "env_id": "CartPole-v1",
  "profile": "fast",
  "seed": 0,
  "total_timesteps": 150000,
  "configured_total_timesteps": 150000,
  "actual_timesteps": 150000,
  "eval_episodes": 20,
  "success_threshold": 475.0,
  "passed": true,
  "algorithm": "nnknn_actor_critic_separate_memory_gae",
  "actor_type": "nnknn",
  "critic_type": "nnknn",
  "architecture": {
    "separate_case_bases": true,
    "shared_nnknn_representation": true,
    "critic_target_shared_case_store": true,
    "actor_case_insertion": "raw_positive_advantage_only"
  },
  "gae": {
    "gamma": 0.99,
    "gae_lambda": 0.95,
    "advantage_clip": 5.0
  },
  "exploration": {
    "mode": "epsilon_mixed_policy",
    "applies_to_actor": true,
    "initial_epsilon": 1.0,
    "final_epsilon": 0.05,
    "fraction": 0.5,
    "final_step_epsilon": 0.05,
    "readiness": {
      "min_case_entries": 32,
      "min_cases_per_action": 8
    }
  },
  "final_eval": {
    "episodes": 20,
    "seed": 10000,
    "mean_return": 481.0,
    "std_return": 48.438621520996094,
    "min_return": 298.0,
    "max_return": 500.0,
    "mean_length": 481.0
  },
  "last_eval": {
    "episodes": 20,
    "seed": 10000,
    "mean_return": 321.04998779296875,
    "std_return": 33.90202713012695,
    "min_return": 267.0,
    "max_return": 406.0,
    "mean_length": 321.04998779296875
  },
  "selected_step": 10047,
  "selected_source": "best_eval",
  "training_efficiency": {
    "best_model_step": 10047,
    "best_model_training_fraction": 0.06698,
    "first_success_step": 10047,
    "first_success_training_fraction": 0.06698,
    "best_minus_last_return": 159.95001220703125,
    "budget_interpretation": "regressed_after_best"
  },
  "early_stopping": {
    "enabled": true,
    "patience": 30,
    "min_delta": 1.0,
    "min_steps": 25000,
    "target_score": 500.0,
    "best_mean_return": 481.0,
    "evaluations": 14,
    "evaluations_without_improvement": 7,
    "stopped_early": false,
    "stopping_reason": "budget_exhausted",
    "stopping_step": 150000
  },
  "case_entries": 1500,
  "critic_case_entries": 1500,
  "action_counts": [
    745,
    755
  ],
  "cases_pruned": 77500,
  "cases_replaced": 185443,
  "actor_cases_pruned": 34059,
  "actor_cases_replaced": 83597,
  "critic_cases_pruned": 43441,
  "critic_cases_replaced": 101846,
  "critic_label_updates": 1280,
  "critic_label_update_samples": 3213,
  "partial_rollout_segments": 1,
  "partial_rollout_samples": 101,
  "critic_target_enabled": true,
  "critic_target_value_mode": "ema",
  "critic_target_sync_interval": 4,
  "critic_target_ema_tau": 0.05,
  "critic_target_value_syncs": 89,
  "critic_holdout_evaluations": 14,
  "latest_critic_holdout": {
    "global_step": 145550,
    "completed_episodes": 1400,
    "diagnostic_index": 14,
    "critic_holdout_mse": 501.2405090332031,
    "critic_holdout_explained_variance": 0.2535626292228699,
    "critic_holdout_value_mean": 60.872108459472656,
    "critic_holdout_target_mean": 62.5269660949707,
    "critic_holdout_samples": 1164,
    "critic_holdout_episodes": 5,
    "critic_holdout_environment_steps": 1164,
    "critic_holdout_mean_episode_return": 232.8,
    "critic_holdout_mean_episode_length": 232.8,
    "critic_holdout_behavior_epsilon": 0.05,
    "critic_holdout_truncated_bootstraps": 0,
    "critic_holdout_target_method": "discounted_monte_carlo_with_truncation_bootstrap",
    "critic_holdout_bootstrap_source": "target_value_model",
    "critic_holdout_seed": 30065
  },
  "run_dir": "results\\rl_capacity_cpu_g234\\nnknn_rl_cartpole_20260905_161354_159427"
}
Checkpoint: results\rl_capacity_cpu_g234\nnknn_rl_cartpole_20260905_161354_159427\checkpoint.pt
