cases trainable: False
labels trainable: False
cases trainable: False
labels trainable: False
Enforcing normalize_over_cases = True for regression task.
[nnknn-rl] step=11 episode=1 return=11.0 length=11 loss=None cases=0
[nnknn-rl] step=31 episode=2 return=20.0 length=20 loss=None cases=0
[nnknn-rl] step=46 episode=3 return=15.0 length=15 loss=None cases=0
[nnknn-rl] step=60 episode=4 return=14.0 length=14 loss=48.54212951660156 cases=60
[nnknn-rl] step=85 episode=5 return=25.0 length=25 loss=None cases=60
[nnknn-rl] step=216 episode=10 return=15.0 length=15 loss=None cases=158
[nnknn-rl] step=451 episode=20 return=53.0 length=53 loss=52.63358688354492 cases=298
[nnknn-rl] step=644 episode=30 return=19.0 length=19 loss=None cases=351
[nnknn-rl] step=949 episode=40 return=20.0 length=20 loss=40.79128646850586 cases=561
[nnknn-rl] step=1237 episode=50 return=33.0 length=33 loss=None cases=668
[nnknn-rl] step=1473 episode=60 return=16.0 length=16 loss=30.169523239135742 cases=783
[nnknn-rl] step=1763 episode=70 return=27.0 length=27 loss=None cases=932
[nnknn-rl] step=1946 episode=80 return=12.0 length=12 loss=20.347373962402344 cases=1003
[nnknn-rl] step=2117 episode=90 return=17.0 length=17 loss=None cases=992
[nnknn-rl][critic-holdout] step=2313 episodes=100 mse=35.0489 explained_variance=0.4524
[nnknn-rl] step=2313 episode=100 return=16.0 length=16 loss=12.008124351501465 cases=1069
[nnknn-rl][eval] step=2313 mean_return=271.30 max_return=500.00
[nnknn-rl] step=2530 episode=110 return=14.0 length=14 loss=None cases=1153
[nnknn-rl] step=2825 episode=120 return=37.0 length=37 loss=26.524675369262695 cases=1359
[nnknn-rl] step=3068 episode=130 return=13.0 length=13 loss=None cases=1383
[nnknn-rl] step=3279 episode=140 return=14.0 length=14 loss=18.869163513183594 cases=1432
[nnknn-rl] step=3485 episode=150 return=17.0 length=17 loss=None cases=1431
[nnknn-rl] step=3774 episode=160 return=19.0 length=19 loss=73.77297973632812 cases=1453
[nnknn-rl] step=4047 episode=170 return=47.0 length=47 loss=None cases=1471
[nnknn-rl] step=4375 episode=180 return=11.0 length=11 loss=31.841970443725586 cases=1450
[nnknn-rl] step=4583 episode=190 return=28.0 length=28 loss=None cases=1446
[nnknn-rl][critic-holdout] step=4786 episodes=200 mse=26.1585 explained_variance=0.4846
[nnknn-rl] step=4786 episode=200 return=10.0 length=10 loss=33.3256721496582 cases=1469
[nnknn-rl][eval] step=4786 mean_return=436.90 max_return=500.00
[nnknn-rl] step=4996 episode=210 return=19.0 length=19 loss=None cases=1462
[nnknn-rl] step=5306 episode=220 return=14.0 length=14 loss=37.84897232055664 cases=1444
[nnknn-rl] step=5582 episode=230 return=30.0 length=30 loss=None cases=1493
[nnknn-rl] step=5856 episode=240 return=91.0 length=91 loss=90.76577758789062 cases=1456
[nnknn-rl] step=6077 episode=250 return=41.0 length=41 loss=None cases=1414
[nnknn-rl] step=6423 episode=260 return=17.0 length=17 loss=71.29823303222656 cases=1500
[nnknn-rl] step=6658 episode=270 return=10.0 length=10 loss=None cases=1500
[nnknn-rl] step=6895 episode=280 return=16.0 length=16 loss=16.01513671875 cases=1471
[nnknn-rl] step=7173 episode=290 return=13.0 length=13 loss=None cases=1500
[nnknn-rl][critic-holdout] step=7426 episodes=300 mse=50.4048 explained_variance=0.1886
[nnknn-rl] step=7426 episode=300 return=16.0 length=16 loss=23.1153507232666 cases=1500
[nnknn-rl][eval] step=7426 mean_return=394.30 max_return=500.00
[nnknn-rl] step=7705 episode=310 return=24.0 length=24 loss=None cases=1500
[nnknn-rl] step=7975 episode=320 return=26.0 length=26 loss=27.87839698791504 cases=1500
[nnknn-rl] step=8186 episode=330 return=32.0 length=32 loss=None cases=1499
[nnknn-rl] step=8541 episode=340 return=11.0 length=11 loss=45.323883056640625 cases=1500
[nnknn-rl] step=8811 episode=350 return=20.0 length=20 loss=None cases=1500
[nnknn-rl] step=9126 episode=360 return=49.0 length=49 loss=31.707054138183594 cases=1500
[nnknn-rl] step=9442 episode=370 return=49.0 length=49 loss=None cases=1500
[nnknn-rl] step=9719 episode=380 return=9.0 length=9 loss=28.356184005737305 cases=1500
[nnknn-rl] step=10057 episode=390 return=36.0 length=36 loss=None cases=1500
[nnknn-rl][critic-holdout] step=10270 episodes=400 mse=166.6894 explained_variance=0.1996
[nnknn-rl] step=10270 episode=400 return=16.0 length=16 loss=21.089723587036133 cases=1486
[nnknn-rl][eval] step=10270 mean_return=330.00 max_return=500.00
[nnknn-rl] step=10511 episode=410 return=58.0 length=58 loss=None cases=1487
[nnknn-rl] step=10746 episode=420 return=28.0 length=28 loss=14.447575569152832 cases=1500
[nnknn-rl] step=11148 episode=430 return=55.0 length=55 loss=None cases=1500
[nnknn-rl] step=11477 episode=440 return=80.0 length=80 loss=77.55852508544922 cases=1500
[nnknn-rl] step=11795 episode=450 return=12.0 length=12 loss=None cases=1500
[nnknn-rl] step=12139 episode=460 return=17.0 length=17 loss=47.653892517089844 cases=1500
[nnknn-rl] step=12472 episode=470 return=30.0 length=30 loss=None cases=1500
[nnknn-rl] step=12844 episode=480 return=26.0 length=26 loss=77.1851806640625 cases=1500
[nnknn-rl] step=13194 episode=490 return=30.0 length=30 loss=None cases=1500
[nnknn-rl][critic-holdout] step=13525 episodes=500 mse=29.3388 explained_variance=0.5002
[nnknn-rl] step=13525 episode=500 return=10.0 length=10 loss=125.61507415771484 cases=1500
[nnknn-rl][eval] step=13525 mean_return=329.25 max_return=500.00
[nnknn-rl] step=13871 episode=510 return=11.0 length=11 loss=None cases=1500
[nnknn-rl] step=14377 episode=520 return=14.0 length=14 loss=51.906593322753906 cases=1500
[nnknn-rl] step=14782 episode=530 return=34.0 length=34 loss=None cases=1500
[nnknn-rl] step=15209 episode=540 return=138.0 length=138 loss=104.7644271850586 cases=1500
[nnknn-rl] step=15569 episode=550 return=33.0 length=33 loss=None cases=1500
[nnknn-rl] step=15931 episode=560 return=47.0 length=47 loss=39.94736862182617 cases=1500
[nnknn-rl] step=16221 episode=570 return=19.0 length=19 loss=None cases=1489
[nnknn-rl] step=16603 episode=580 return=25.0 length=25 loss=62.94682312011719 cases=1500
[nnknn-rl] step=17019 episode=590 return=48.0 length=48 loss=None cases=1500
[nnknn-rl][critic-holdout] step=17420 episodes=600 mse=52.8762 explained_variance=0.4463
[nnknn-rl] step=17420 episode=600 return=54.0 length=54 loss=75.06629180908203 cases=1500
[nnknn-rl][eval] step=17420 mean_return=415.90 max_return=500.00
[nnknn-rl] step=17749 episode=610 return=74.0 length=74 loss=None cases=1500
[nnknn-rl] step=18114 episode=620 return=37.0 length=37 loss=41.96458435058594 cases=1500
[nnknn-rl] step=18402 episode=630 return=14.0 length=14 loss=None cases=1500
[nnknn-rl] step=18778 episode=640 return=29.0 length=29 loss=45.14768981933594 cases=1500
[nnknn-rl] step=19319 episode=650 return=102.0 length=102 loss=None cases=1500
[nnknn-rl] step=19694 episode=660 return=13.0 length=13 loss=99.55729675292969 cases=1500
[nnknn-rl] step=20101 episode=670 return=10.0 length=10 loss=None cases=1500
[nnknn-rl] step=20478 episode=680 return=88.0 length=88 loss=82.4493637084961 cases=1500
[nnknn-rl] step=20867 episode=690 return=14.0 length=14 loss=None cases=1500
[nnknn-rl][critic-holdout] step=21336 episodes=700 mse=191.5301 explained_variance=0.3359
[nnknn-rl] step=21336 episode=700 return=50.0 length=50 loss=65.76238250732422 cases=1500
[nnknn-rl][eval] step=21336 mean_return=442.70 max_return=500.00
[nnknn-rl] step=21645 episode=710 return=19.0 length=19 loss=None cases=1500
[nnknn-rl] step=22106 episode=720 return=73.0 length=73 loss=89.40020751953125 cases=1500
[nnknn-rl] step=22449 episode=730 return=59.0 length=59 loss=None cases=1500
[nnknn-rl] step=22883 episode=740 return=27.0 length=27 loss=97.33028411865234 cases=1500
[nnknn-rl] step=23350 episode=750 return=49.0 length=49 loss=None cases=1500
[nnknn-rl] step=23816 episode=760 return=26.0 length=26 loss=52.48402786254883 cases=1500
[nnknn-rl] step=24354 episode=770 return=27.0 length=27 loss=None cases=1500
[nnknn-rl] step=24888 episode=780 return=63.0 length=63 loss=86.61078643798828 cases=1500
[nnknn-rl] step=25379 episode=790 return=32.0 length=32 loss=None cases=1500
[nnknn-rl][critic-holdout] step=25861 episodes=800 mse=110.0683 explained_variance=0.2239
[nnknn-rl] step=25861 episode=800 return=35.0 length=35 loss=45.02484893798828 cases=1500
[nnknn-rl][eval] step=25861 mean_return=486.95 max_return=500.00
[nnknn-rl] step=26461 episode=810 return=140.0 length=140 loss=None cases=1500
[nnknn-rl] step=27103 episode=820 return=86.0 length=86 loss=109.48531341552734 cases=1500
[nnknn-rl] step=27639 episode=830 return=21.0 length=21 loss=None cases=1500
[nnknn-rl] step=28015 episode=840 return=41.0 length=41 loss=94.3304214477539 cases=1500
[nnknn-rl] step=28768 episode=850 return=98.0 length=98 loss=None cases=1500
[nnknn-rl] step=29371 episode=860 return=40.0 length=40 loss=109.0364990234375 cases=1500
[nnknn-rl] step=29945 episode=870 return=50.0 length=50 loss=None cases=1500
[nnknn-rl] step=30721 episode=880 return=77.0 length=77 loss=83.52472686767578 cases=1500
[nnknn-rl] step=31615 episode=890 return=169.0 length=169 loss=None cases=1500
[nnknn-rl][critic-holdout] step=32261 episodes=900 mse=677.7697 explained_variance=0.1528
[nnknn-rl] step=32261 episode=900 return=32.0 length=32 loss=99.35099792480469 cases=1500
[nnknn-rl][eval] step=32261 mean_return=475.80 max_return=500.00
[nnknn-rl] step=33027 episode=910 return=135.0 length=135 loss=None cases=1500
[nnknn-rl] step=34314 episode=920 return=168.0 length=168 loss=130.056396484375 cases=1500
[nnknn-rl] step=34984 episode=930 return=9.0 length=9 loss=None cases=1500
[nnknn-rl] step=35812 episode=940 return=74.0 length=74 loss=90.96295928955078 cases=1500
[nnknn-rl] step=36900 episode=950 return=71.0 length=71 loss=None cases=1500
[nnknn-rl] step=37809 episode=960 return=70.0 length=70 loss=87.16835021972656 cases=1500
[nnknn-rl] step=38547 episode=970 return=14.0 length=14 loss=None cases=1500
[nnknn-rl] step=39550 episode=980 return=58.0 length=58 loss=119.8232421875 cases=1500
[nnknn-rl] step=40832 episode=990 return=40.0 length=40 loss=None cases=1500
[nnknn-rl][critic-holdout] step=42347 episodes=1000 mse=361.4068 explained_variance=0.3022
[nnknn-rl] step=42347 episode=1000 return=170.0 length=170 loss=108.28378295898438 cases=1500
[nnknn-rl][eval] step=42347 mean_return=465.25 max_return=500.00
[nnknn-rl] step=43600 episode=1010 return=131.0 length=131 loss=None cases=1420
[nnknn-rl] step=44449 episode=1020 return=112.0 length=112 loss=115.46124267578125 cases=1500
[nnknn-rl] step=45716 episode=1030 return=14.0 length=14 loss=None cases=1500
[nnknn-rl] step=47137 episode=1040 return=101.0 length=101 loss=84.56231689453125 cases=1500
[nnknn-rl] step=48510 episode=1050 return=100.0 length=100 loss=None cases=1500
[nnknn-rl] step=50550 episode=1060 return=149.0 length=149 loss=114.47012329101562 cases=1369
[nnknn-rl] step=52206 episode=1070 return=122.0 length=122 loss=None cases=1500
[nnknn-rl] step=53965 episode=1080 return=115.0 length=115 loss=111.06570434570312 cases=1500
[nnknn-rl] step=55678 episode=1090 return=205.0 length=205 loss=None cases=1500
[nnknn-rl][critic-holdout] step=57509 episodes=1100 mse=1197.7498 explained_variance=0.2618
[nnknn-rl] step=57509 episode=1100 return=239.0 length=239 loss=107.12417602539062 cases=1500
[nnknn-rl][eval] step=57509 mean_return=461.90 max_return=500.00
[nnknn-rl] step=59114 episode=1110 return=132.0 length=132 loss=None cases=1500
[nnknn-rl] step=61386 episode=1120 return=248.0 length=248 loss=73.48128509521484 cases=1500
[nnknn-rl] step=63910 episode=1130 return=128.0 length=128 loss=None cases=1365
[nnknn-rl] step=66925 episode=1140 return=300.0 length=300 loss=88.09294128417969 cases=1425
[nnknn-rl] step=70152 episode=1150 return=336.0 length=336 loss=None cases=1405
[nnknn-rl] step=73105 episode=1160 return=416.0 length=416 loss=78.22403717041016 cases=1388
[nnknn-rl] step=76717 episode=1170 return=247.0 length=247 loss=None cases=1500
[nnknn-rl] step=79341 episode=1180 return=290.0 length=290 loss=116.29935455322266 cases=1500
[nnknn-rl] step=82132 episode=1190 return=241.0 length=241 loss=None cases=1500
[nnknn-rl][critic-holdout] step=85813 episodes=1200 mse=725.1942 explained_variance=0.4309
[nnknn-rl] step=85813 episode=1200 return=254.0 length=254 loss=64.17406463623047 cases=1407
[nnknn-rl][eval] step=85813 mean_return=435.75 max_return=500.00
[nnknn-rl] step=88798 episode=1210 return=409.0 length=409 loss=None cases=1418
[nnknn-rl] step=92306 episode=1220 return=500.0 length=500 loss=67.8171615600586 cases=1500
[nnknn-rl] step=95670 episode=1230 return=303.0 length=303 loss=None cases=1364
[nnknn-rl] step=99677 episode=1240 return=413.0 length=413 loss=105.31210327148438 cases=1356
[nnknn-rl] step=103076 episode=1250 return=221.0 length=221 loss=None cases=1500
[nnknn-rl] step=106390 episode=1260 return=439.0 length=439 loss=71.24592590332031 cases=1500
[nnknn-rl] step=109859 episode=1270 return=418.0 length=418 loss=None cases=1500
[nnknn-rl] step=113989 episode=1280 return=460.0 length=460 loss=93.24191284179688 cases=1500
[nnknn-rl] step=118071 episode=1290 return=336.0 length=336 loss=None cases=1500
[nnknn-rl][critic-holdout] step=121684 episodes=1300 mse=862.4673 explained_variance=-0.0158
[nnknn-rl] step=121684 episode=1300 return=304.0 length=304 loss=63.87717056274414 cases=1365
[nnknn-rl][eval] step=121684 mean_return=480.75 max_return=500.00
[nnknn-rl] step=125857 episode=1310 return=319.0 length=319 loss=None cases=1500
[nnknn-rl] step=129199 episode=1320 return=221.0 length=221 loss=91.41390991210938 cases=1420
[nnknn-rl] step=133164 episode=1330 return=496.0 length=496 loss=None cases=1401
[nnknn-rl] step=137442 episode=1340 return=500.0 length=500 loss=44.65218734741211 cases=1500
[nnknn-rl] step=140553 episode=1350 return=286.0 length=286 loss=None cases=1392
[nnknn-rl] step=144036 episode=1360 return=348.0 length=348 loss=69.7176513671875 cases=1415
[nnknn-rl] step=147087 episode=1370 return=326.0 length=326 loss=None cases=1500
[nnknn-rl] step=149890 episode=1380 return=274.0 length=274 loss=82.02334594726562 cases=1381
[nnknn-rl] finished profile=fast mean_eval_return=486.95 passed=True run_dir=results\rl_capacity_cpu_g234\nnknn_rl_cartpole_20260905_162134_098498
{
  "task": "cartpole",
  "env_id": "CartPole-v1",
  "profile": "fast",
  "seed": 4,
  "total_timesteps": 150000,
  "configured_total_timesteps": 150000,
  "actual_timesteps": 150000,
  "eval_episodes": 20,
  "success_threshold": 475.0,
  "passed": true,
  "algorithm": "nnknn_actor_critic_separate_memory_gae",
  "actor_type": "nnknn",
  "critic_type": "nnknn",
  "architecture": {
    "separate_case_bases": true,
    "shared_nnknn_representation": true,
    "critic_target_shared_case_store": true,
    "actor_case_insertion": "raw_positive_advantage_only"
  },
  "gae": {
    "gamma": 0.99,
    "gae_lambda": 0.95,
    "advantage_clip": 5.0
  },
  "exploration": {
    "mode": "epsilon_mixed_policy",
    "applies_to_actor": true,
    "initial_epsilon": 1.0,
    "final_epsilon": 0.05,
    "fraction": 0.5,
    "final_step_epsilon": 0.05,
    "readiness": {
      "min_case_entries": 32,
      "min_cases_per_action": 8
    }
  },
  "final_eval": {
    "episodes": 20,
    "seed": 10000,
    "mean_return": 486.95001220703125,
    "std_return": 35.686798095703125,
    "min_return": 364.0,
    "max_return": 500.0,
    "mean_length": 486.95001220703125
  },
  "last_eval": {
    "episodes": 20,
    "seed": 10000,
    "mean_return": 470.3999938964844,
    "std_return": 34.46360397338867,
    "min_return": 394.0,
    "max_return": 500.0,
    "mean_length": 470.3999938964844
  },
  "selected_step": 25861,
  "selected_source": "best_eval",
  "training_efficiency": {
    "best_model_step": 25861,
    "best_model_training_fraction": 0.17240666666666668,
    "first_success_step": 25861,
    "first_success_training_fraction": 0.17240666666666668,
    "best_minus_last_return": 16.550018310546875,
    "budget_interpretation": "regressed_after_best"
  },
  "early_stopping": {
    "enabled": true,
    "patience": 30,
    "min_delta": 1.0,
    "min_steps": 25000,
    "target_score": 500.0,
    "best_mean_return": 486.95001220703125,
    "evaluations": 13,
    "evaluations_without_improvement": 5,
    "stopped_early": false,
    "stopping_reason": "budget_exhausted",
    "stopping_step": 150000
  },
  "case_entries": 1500,
  "critic_case_entries": 1500,
  "action_counts": [
    763,
    737
  ],
  "cases_pruned": 84169,
  "cases_replaced": 180162,
  "actor_cases_pruned": 38999,
  "actor_cases_replaced": 80635,
  "critic_cases_pruned": 45170,
  "critic_cases_replaced": 99527,
  "critic_label_updates": 809,
  "critic_label_update_samples": 3803,
  "partial_rollout_segments": 1,
  "partial_rollout_samples": 110,
  "critic_target_enabled": true,
  "critic_target_value_mode": "ema",
  "critic_target_sync_interval": 4,
  "critic_target_ema_tau": 0.05,
  "critic_target_value_syncs": 87,
  "critic_holdout_evaluations": 13,
  "latest_critic_holdout": {
    "global_step": 121684,
    "completed_episodes": 1300,
    "diagnostic_index": 13,
    "critic_holdout_mse": 862.4673461914062,
    "critic_holdout_explained_variance": -0.01575148105621338,
    "critic_holdout_value_mean": 60.29819869995117,
    "critic_holdout_target_mean": 75.60649108886719,
    "critic_holdout_samples": 1662,
    "critic_holdout_episodes": 5,
    "critic_holdout_environment_steps": 1662,
    "critic_holdout_mean_episode_return": 332.4,
    "critic_holdout_mean_episode_length": 332.4,
    "critic_holdout_behavior_epsilon": 0.05,
    "critic_holdout_truncated_bootstraps": 1,
    "critic_holdout_target_method": "discounted_monte_carlo_with_truncation_bootstrap",
    "critic_holdout_bootstrap_source": "target_value_model",
    "critic_holdout_seed": 30060
  },
  "run_dir": "results\\rl_capacity_cpu_g234\\nnknn_rl_cartpole_20260905_162134_098498"
}
Checkpoint: results\rl_capacity_cpu_g234\nnknn_rl_cartpole_20260905_162134_098498\checkpoint.pt
[15:15:32] DONE cap=1500 seed=4 exit=
[15:15:32] CAPACITY EXTENSION COMPLETE
